Microchip MPLAB XC8 Compiler V1.37 ()

Linker command line:

-W-3 --edf=C:\Program Files (x86)\Microchip\xc8\v1.37\dat\en_msgs.txt -cs \
  -h+dist/default/production\SS.X.production.sym \
  --cmf=dist/default/production\SS.X.production.cmf -z -Q18F45K22 \
  -oC:\Users\richc\AppData\Local\Temp\s3ks.2 \
  -Mdist/default/production/SS.X.production.map -E1 -ver=XC8 \
  -ASTACK=04CEh-05ffh -pstack=STACK -ACODE=00h-07FFFh -ACONST=00h-07FFFh \
  -ASMALLCONST=0600h-06FFhx122 -AMEDIUMCONST=0600h-07FFFh -ACOMRAM=01h-05Fh \
  -AABS1=00h-05FFh -ABIGRAM=01h-05FFh -ARAM=060h-0FFh,0100h-01FFhx5 \
  -ABANK0=060h-0FFh -ABANK1=0100h-01FFh -ABANK2=0200h-02FFh \
  -ABANK3=0300h-03FFh -ABANK4=0400h-04FFh -ABANK5=0500h-05FFh \
  -ASFR=0F38h-0F5Fh,0F60h-0FFFh \
  -preset_vec=00h,intcode=08h,intcodelo,powerup,init,end_init \
  -pramtop=0600h -psmallconst=SMALLCONST -pmediumconst=MEDIUMCONST \
  -pconst=CONST -AFARRAM=00h-00h -ACONFIG=0300000h-030000Dh -pconfig=CONFIG \
  -AIDLOC=0200000h-0200007h -pidloc=IDLOC -AEEDATA=0F00000h-0F000FFh \
  -peeprom_data=EEDATA \
  -prdata=COMRAM,nvrram=COMRAM,nvbit=COMRAM,rbss=COMRAM,rbit=COMRAM \
  -pfarbss=FARRAM,fardata=FARRAM,nvFARRAM=FARRAM \
  -pintsave_regs=BIGRAM,bigbss=BIGRAM,bigdata=BIGRAM -pbss=RAM \
  -pidata=CODE,irdata=CODE,ibigdata=CODE,ifardata=CODE -prparam=COMRAM \
  C:\Users\richc\AppData\Local\Temp\s3ks.obj \
  dist/default/production\SS.X.production.obj 

Object code version is 3.11

Machine type is 18F45K22

Call graph: (short form)




                Name                               Link     Load   Length Selector   Space Scale
C:\Users\richc\AppData\Local\Temp\s3ks.obj
                end_init                             A0       A0        4        4       0
                reset_vec                             0        0        4        0       0
                idloc                            200000   200000        8   200000       0
                config                           300000   300000        E   300000       0
dist/default/production\SS.X.production.obj
                intcode                               8        8       98        4       0
                temp                                 45       45        1        1       1
                text45                             16C2     16C2       2A        4       0
                text44                              C82      C82      11A        4       0
                text43                             176A     176A       1E        4       0
                text42                             11AA     11AA       92        4       0
                text41                             17FC     17FC       16        4       0
                text40                             15B4     15B4       32        4       0
                text39                             1788     1788       1A        4       0
                text37                             1826     1826       12        4       0
                text36                              E8E      E8E       DC        4       0
                text35                             1812     1812       14        4       0
                text34                             1642     1642       2C        4       0
                text33                             174C     174C       1E        4       0
                text32                             1544     1544       3C        4       0
                text31                             123C     123C       84        4       0
                text30                             1454     1454       58        4       0
                text29                             13FC     13FC       58        4       0
                text28                             17A2     17A2       18        4       0
                text27                             1864     1864        4        4       0
                text26                             172E     172E       1E        4       0
                text25                             14AC     14AC       4E        4       0
                text24                             14FA     14FA       4A        4       0
                text23                             17E6     17E6       16        4       0
                text22                             17D0     17D0       16        4       0
                text21                             1698     1698       2A        4       0
                text20                             1118     1118       92        4       0
                text19                             1856     1856        E        4       0
                text18                              D9C      D9C       F2        4       0
                text17                             1042     1042       D6        4       0
                text16                              8C2      8C2      15C        4       0
                text15                             16EC     16EC       24        4       0
                text14                             1848     1848        E        4       0
                text13                              B68      B68      11A        4       0
                text12                             15E6     15E6       30        4       0
                text11                               A4       A4      6AA        4       0
                text10                             1580     1580       34        4       0
                text9                              17BA     17BA       16        4       0
                text8                              166E     166E       2A        4       0
                text7                               74E      74E      174        4       0
                text6                              1710     1710       1E        4       0
                text5                              12C0     12C0       6C        4       0
                text4                               F6A      F6A       D8        4       0
                text3                               A1E      A1E      14A        4       0
                text2                              1394     1394       68        4       0
                text1                              1838     1838       10        4       0
                text0                              1616     1616       2C        4       0
                cstackCOMRAM                          1        1       25        1       1
                cstackBANK0                          83       83       1B       60       1
                bssBANK4                            400      400       CE      400       1
                bssBANK3                            300      300       CE      300       1
                bssBANK2                            200      200       C8      200       1
                bssBANK1                            100      100       CE      100       1
                bssBANK0                             60       60       23       60       1
                dataCOMRAM                           44       44        1        1       1
                bssCOMRAM                            26       26       1E        1       1
                cinit                              132C     132C       68        4       0
                idataCOMRAM                        1868     1868        1        4       0

TOTAL           Name                               Link     Load   Length     Space
        CLASS   STACK          

        CLASS   CODE           
                end_init                             A0       A0        4         0
                intcode                               8        8       98         0
                reset_vec                             0        0        4         0
                text45                             16C2     16C2       2A         0
                text44                              C82      C82      11A         0
                text43                             176A     176A       1E         0
                text42                             11AA     11AA       92         0
                text41                             17FC     17FC       16         0
                text40                             15B4     15B4       32         0
                text39                             1788     1788       1A         0
                text37                             1826     1826       12         0
                text36                              E8E      E8E       DC         0
                text35                             1812     1812       14         0
                text34                             1642     1642       2C         0
                text33                             174C     174C       1E         0
                text32                             1544     1544       3C         0
                text31                             123C     123C       84         0
                text30                             1454     1454       58         0
                text29                             13FC     13FC       58         0
                text28                             17A2     17A2       18         0
                text27                             1864     1864        4         0
                text26                             172E     172E       1E         0
                text25                             14AC     14AC       4E         0
                text24                             14FA     14FA       4A         0
                text23                             17E6     17E6       16         0
                text22                             17D0     17D0       16         0
                text21                             1698     1698       2A         0
                text20                             1118     1118       92         0
                text19                             1856     1856        E         0
                text18                              D9C      D9C       F2         0
                text17                             1042     1042       D6         0
                text16                              8C2      8C2      15C         0
                text15                             16EC     16EC       24         0
                text14                             1848     1848        E         0
                text13                              B68      B68      11A         0
                text12                             15E6     15E6       30         0
                text11                               A4       A4      6AA         0
                text10                             1580     1580       34         0
                text9                              17BA     17BA       16         0
                text8                              166E     166E       2A         0
                text7                               74E      74E      174         0
                text6                              1710     1710       1E         0
                text5                              12C0     12C0       6C         0
                text4                               F6A      F6A       D8         0
                text3                               A1E      A1E      14A         0
                text2                              1394     1394       68         0
                text1                              1838     1838       10         0
                text0                              1616     1616       2C         0
                cinit                              132C     132C       68         0
                idataCOMRAM                        1868     1868        1         0

        CLASS   CONST          

        CLASS   SMALLCONST     

        CLASS   MEDIUMCONST    

        CLASS   COMRAM         
                temp                                 45       45        1         1
                cstackCOMRAM                          1        1       25         1
                dataCOMRAM                           44       44        1         1
                bssCOMRAM                            26       26       1E         1

        CLASS   ABS1           

        CLASS   BIGRAM         

        CLASS   RAM            

        CLASS   BANK0          
                cstackBANK0                          83       83       1B         1
                bssBANK0                             60       60       23         1

        CLASS   BANK1          
                bssBANK1                            100      100       CE         1

        CLASS   BANK2          
                bssBANK2                            200      200       C8         1

        CLASS   BANK3          
                bssBANK3                            300      300       CE         1

        CLASS   BANK4          
                bssBANK4                            400      400       CE         1

        CLASS   BANK5          

        CLASS   SFR            

        CLASS   FARRAM         

        CLASS   CONFIG         
                config                           300000   300000        E         0

        CLASS   IDLOC          
                idloc                            200000   200000        8         0

        CLASS   EEDATA         



SEGMENTS        Name                           Load    Length   Top    Selector   Space  Class

                reset_vec                      000000  000004  000004         0       0  CODE    
                cstackCOMRAM                   000001  000045  000046         1       1  COMRAM  
                intcode                        000008  001861  001869         4       0  CODE    
                bssBANK0                       000060  00003E  00009E        60       1  BANK0   
                bssBANK1                       000100  0000CE  0001CE       100       1  BANK1   
                bssBANK2                       000200  0000C8  0002C8       200       1  BANK2   
                bssBANK3                       000300  0000CE  0003CE       300       1  BANK3   
                bssBANK4                       000400  0000CE  0004CE       400       1  BANK4   
                idloc                          200000  000008  200008    200000       0  IDLOC   
                config                         300000  00000E  30000E    300000       0  CONFIG  


UNUSED ADDRESS RANGES

        Name                Unused          Largest block    Delta
        BANK0            00009E-0000FF               62
        BANK1            0001CE-0001FF               32
        BANK2            0002C8-0002FF               38
        BANK3            0003CE-0003FF               32
        BANK4            0004CE-0004FF               32
        BANK5            000500-0005FF              100
        BIGRAM           000046-00005F               1A
                         00009E-0000FF               62
                         0001CE-0001FF               32
                         0002C8-0002FF               38
                         0003CE-0003FF               32
                         0004CE-0005FF              132
        CODE             000004-000007                4
                         001869-007FFF             6797
        COMRAM           000046-00005F               1A
        CONST            000004-000007                4
                         001869-007FFF             6797
        EEDATA           F00000-F000FF              100
        MEDIUMCONST      001869-007FFF             6797
        RAM              00009E-0000FF               62
                         0001CE-0001FF               32
                         0002C8-0002FF               38
                         0003CE-0003FF               32
                         0004CE-0005FF               32
        SFR              000F38-000FFF               28
        SMALLCONST       001869-007FFF              100
        STACK            0004CE-0005FF              132

                                  Symbol Table

?_FastTransfer_buffer_modulo_inc         cstackCOMRAM 00001B
?_GetTime                                cstackCOMRAM 00001B
?_Receive_available                      cstackCOMRAM 00001D
?_UART_buff_modulo_inc                   cstackCOMRAM 00001B
?_UART_buff_size                         cstackCOMRAM 00001B
?___awdiv                                cstackCOMRAM 00001B
?i2_UART_buff_modulo_inc                 cstackCOMRAM 000001
?i2_UART_buff_size                       cstackCOMRAM 000001
CRC8@crc                                 cstackCOMRAM 000021
CRC8@data                                cstackCOMRAM 00001B
CRC8@extract                             cstackCOMRAM 00001F
CRC8@len                                 cstackCOMRAM 00001D
CRC8@sum                                 cstackCOMRAM 00001E
CRC8@tempI                               cstackCOMRAM 000020
CRCcheck@SentCRC                         cstackBANK0  000085
CRCcheck@arrayHolder                     cstackBANK0  000087
CRCcheck@calculatedCRC                   cstackBANK0  000086
CRCcheck@rt                              cstackBANK0  00008A
Delay@wait                               cstackCOMRAM 00001B
Delay@x                                  cstackCOMRAM 00001E
EUSART1_Receive_ISR@data                 cstackCOMRAM 00000C
FastTransfer_buffer_flush@_this          cstackBANK0  000083
FastTransfer_buffer_flush@clearBuffer    cstackBANK0  000085
FastTransfer_buffer_modulo_inc@modulus   cstackCOMRAM 00001D
FastTransfer_buffer_modulo_inc@my_value  cstackCOMRAM 00001F
FastTransfer_buffer_modulo_inc@value     cstackCOMRAM 00001B
FastTransfer_buffer_put@_this            cstackCOMRAM 000021
FastTransfer_buffer_put@towhat           cstackCOMRAM 000024
FastTransfer_buffer_put@towhere          cstackCOMRAM 000023
GetFaults@num                            cstackCOMRAM 00001B
Send_put@_data                           cstackBANK0  000083
ToSend@what                              cstackBANK0  000085
ToSend@where                             cstackBANK0  000087
UART_buff_get@_this                      cstackCOMRAM 000021
UART_buff_get@c                          cstackCOMRAM 000025
UART_buff_init@_this                     cstackCOMRAM 000023
UART_buff_modulo_inc@modulus             cstackCOMRAM 00001D
UART_buff_modulo_inc@my_value            cstackCOMRAM 00001F
UART_buff_modulo_inc@value               cstackCOMRAM 00001B
UART_buff_peek@_this                     cstackCOMRAM 00001B
UART_buff_put@_this                      cstackCOMRAM 000021
UART_buff_put@c                          cstackCOMRAM 000023
UART_buff_size@_this                     cstackCOMRAM 00001B
_AKNAKsend                               bssCOMRAM    00003A
_ANSELA                                  (abs)        000F38
_ANSELC                                  (abs)        000F3A
_ANSELD                                  (abs)        000F3B
_BAUD1CON                                (abs)        000FB8
_ByteHigh                                bssCOMRAM    00003B
_ByteLow                                 bssCOMRAM    00003C
_CRC8                                    text24       0014FA
_CRCcheck                                text16       0008C2
_ComStart                                text29       0013FC
_Delay                                   text10       001580
_EUSART1_Initialize                      text32       001544
_EUSART1_Receive_ISR                     text43       00176A
_EUSART1_Transmit_ISR                    text40       0015B4
_FastTransfer_buffer_flush               text5        0012C0
_FastTransfer_buffer_modulo_inc          text8        00166E
_FastTransfer_buffer_put                 text7        00074E
_GetFaults                               text9        0017BA
_GetTime                                 text37       001826
_INTCONbits                              (abs)        000FF2
_INTERRUPT_Initialize                    text28       0017A2
_INTERRUPT_InterruptManager              intcode      000008
_IPR1bits                                (abs)        000F9F
_IPR2bits                                (abs)        000FA2
_LATAbits                                (abs)        000F89
_LATDbits                                (abs)        000F8C
_OSCCON                                  (abs)        000FD3
_OSCCON2                                 (abs)        000FD2
_OSCTUNE                                 (abs)        000F9B
_PIE1bits                                (abs)        000F9D
_PIR1bits                                (abs)        000F9E
_PORTAbits                               (abs)        000F80
_PORTCbits                               (abs)        000F82
_PORTDbits                               (abs)        000F83
_RC1STA                                  (abs)        000FAB
_RC1STAbits                              (abs)        000FAB
_RCONbits                                (abs)        000FD0
_RCREG1                                  (abs)        000FAE
_ReadFaults                              text36       000E8E
_Receive_available                       text22       0017D0
_Receive_get                             text19       001856
_Receive_peek                            text14       001848
_SPBRG1                                  (abs)        000FAF
_SPBRGH1                                 (abs)        000FB0
_Send_put                                text12       0015E6
_SetTime                                 text35       001812
_Start                                   text25       0014AC
_T0CON                                   (abs)        000FD5
_T0CONbits                               (abs)        000FD5
_TMR0H                                   (abs)        000FD7
_TMR0L                                   (abs)        000FD6
_TMR0_ISR                                text39       001788
_TMR0_Initialize                         text26       00172E
_TMR0_StartTimer                         text27       001864
_TRISAbits                               (abs)        000F92
_TRISCbits                               (abs)        000F94
_TRISDbits                               (abs)        000F95
_TX1STA                                  (abs)        000FAC
_TXREG1                                  (abs)        000FAD
_ToSend                                  text6        001710
_Transmit_stall                          dataCOMRAM   000044
_UART_buff_get                           text20       001118
_UART_buff_init                          text33       00174C
_UART_buff_modulo_inc                    text21       001698
_UART_buff_peek                          text15       0016EC
_UART_buff_put                           text13       000B68
_UART_buff_size                          text23       0017E6
__CFG_BOREN$SBORDIS                      (abs)        000000
__CFG_BORV$190                           (abs)        000000
__CFG_CCP2MX$PORTC1                      (abs)        000000
__CFG_CCP3MX$PORTB5                      (abs)        000000
__CFG_CP0$OFF                            (abs)        000000
__CFG_CP1$OFF                            (abs)        000000
__CFG_CP2$OFF                            (abs)        000000
__CFG_CP3$OFF                            (abs)        000000
__CFG_CPB$OFF                            (abs)        000000
__CFG_CPD$OFF                            (abs)        000000
__CFG_DEBUG$OFF                          (abs)        000000
__CFG_EBTR0$OFF                          (abs)        000000
__CFG_EBTR1$OFF                          (abs)        000000
__CFG_EBTR2$OFF                          (abs)        000000
__CFG_EBTR3$OFF                          (abs)        000000
__CFG_EBTRB$OFF                          (abs)        000000
__CFG_FCMEN$OFF                          (abs)        000000
__CFG_FOSC$INTIO67                       (abs)        000000
__CFG_HFOFST$ON                          (abs)        000000
__CFG_IESO$OFF                           (abs)        000000
__CFG_LVP$OFF                            (abs)        000000
__CFG_MCLRE$EXTMCLR                      (abs)        000000
__CFG_P2BMX$PORTD2                       (abs)        000000
__CFG_PBADEN$ON                          (abs)        000000
__CFG_PLLCFG$OFF                         (abs)        000000
__CFG_PRICLKEN$OFF                       (abs)        000000
__CFG_PWRTEN$OFF                         (abs)        000000
__CFG_STVREN$ON                          (abs)        000000
__CFG_T3CMX$PORTC0                       (abs)        000000
__CFG_WDTEN$OFF                          (abs)        000000
__CFG_WDTPS$32768                        (abs)        000000
__CFG_WRT0$OFF                           (abs)        000000
__CFG_WRT1$OFF                           (abs)        000000
__CFG_WRT2$OFF                           (abs)        000000
__CFG_WRT3$OFF                           (abs)        000000
__CFG_WRTB$OFF                           (abs)        000000
__CFG_WRTC$OFF                           (abs)        000000
__CFG_WRTD$OFF                           (abs)        000000
__CFG_XINST$OFF                          (abs)        000000
__HRAM                                   (abs)        000000
__Habs1                                  abs1         000000
__Hbank0                                 bank0        000000
__Hbank1                                 bank1        000000
__Hbank2                                 bank2        000000
__Hbank3                                 bank3        000000
__Hbank4                                 bank4        000000
__Hbank5                                 bank5        000000
__Hbigbss                                bigbss       000000
__Hbigdata                               bigdata      000000
__Hbigram                                bigram       000000
__Hbss                                   bss          000000
__HbssBANK0                              bssBANK0     000000
__HbssBANK1                              bssBANK1     000000
__HbssBANK2                              bssBANK2     000000
__HbssBANK3                              bssBANK3     000000
__HbssBANK4                              bssBANK4     000000
__HbssCOMRAM                             bssCOMRAM    000000
__Hcinit                                 cinit        000000
__Hclrtext                               clrtext      000000
__Hcomram                                comram       000000
__Hconfig                                config       30000E
__Hconst                                 const        000000
__HcstackBANK0                           cstackBANK0  000000
__HcstackCOMRAM                          cstackCOMRAM 000000
__Hdata                                  data         000000
__HdataCOMRAM                            dataCOMRAM   000000
__Heeprom_data                           eeprom_data  000000
__Hend_init                              end_init     0000A4
__Hfarbss                                farbss       000000
__Hfardata                               fardata      000000
__Hibigdata                              ibigdata     000000
__Hidata                                 idata        000000
__HidataCOMRAM                           idataCOMRAM  000000
__Hidloc                                 idloc        200008
__Hifardata                              ifardata     000000
__Hinit                                  init         0000A0
__Hintcode                               intcode      0000A0
__Hintcode_body                          intcode_body 000000
__Hintcodelo                             intcodelo    0000A0
__Hintentry                              intentry     000000
__Hintret                                intret       000000
__Hintsave_regs                          intsave_regs 000000
__Hirdata                                irdata       000000
__Hmediumconst                           mediumconst  000000
__HnvFARRAM                              nvFARRAM     000000
__Hnvbit                                 nvbit        000000
__Hnvrram                                nvrram       000000
__Hparam                                 rparam       000000
__Hpowerup                               powerup      0000A0
__Hram                                   ram          000000
__Hramtop                                ramtop       000600
__Hrbit                                  rbit         000000
__Hrbss                                  rbss         000000
__Hrdata                                 rdata        000000
__Hreset_vec                             reset_vec    000004
__Hrparam                                rparam       000000
__Hsfr                                   sfr          000000
__Hsmallconst                            smallconst   000000
__Hspace_0                               (abs)        30000E
__Hspace_1                               (abs)        0004CE
__Hspace_2                               (abs)        000000
__Hstack                                 stack        000000
__Hstruct                                struct       000000
__Htemp                                  temp         000046
__Htext                                  text         000000
__Htext0                                 text0        000000
__Htext1                                 text1        000000
__Htext10                                text10       000000
__Htext11                                text11       000000
__Htext12                                text12       000000
__Htext13                                text13       000000
__Htext14                                text14       000000
__Htext15                                text15       000000
__Htext16                                text16       000000
__Htext17                                text17       000000
__Htext18                                text18       000000
__Htext19                                text19       000000
__Htext2                                 text2        000000
__Htext20                                text20       000000
__Htext21                                text21       000000
__Htext22                                text22       000000
__Htext23                                text23       000000
__Htext24                                text24       000000
__Htext25                                text25       000000
__Htext26                                text26       000000
__Htext27                                text27       000000
__Htext28                                text28       000000
__Htext29                                text29       000000
__Htext3                                 text3        000000
__Htext30                                text30       000000
__Htext31                                text31       000000
__Htext32                                text32       000000
__Htext33                                text33       000000
__Htext34                                text34       000000
__Htext35                                text35       000000
__Htext36                                text36       000000
__Htext37                                text37       000000
__Htext39                                text39       000000
__Htext4                                 text4        000000
__Htext40                                text40       000000
__Htext41                                text41       000000
__Htext42                                text42       000000
__Htext43                                text43       000000
__Htext44                                text44       000000
__Htext45                                text45       000000
__Htext46                                text46       000000
__Htext5                                 text5        000000
__Htext6                                 text6        000000
__Htext7                                 text7        000000
__Htext8                                 text8        000000
__Htext9                                 text9        000000
__LRAM                                   (abs)        000001
__Labs1                                  abs1         000000
__Lbank0                                 bank0        000000
__Lbank1                                 bank1        000000
__Lbank2                                 bank2        000000
__Lbank3                                 bank3        000000
__Lbank4                                 bank4        000000
__Lbank5                                 bank5        000000
__Lbigbss                                bigbss       000000
__Lbigdata                               bigdata      000000
__Lbigram                                bigram       000000
__Lbss                                   bss          000000
__LbssBANK0                              bssBANK0     000000
__LbssBANK1                              bssBANK1     000000
__LbssBANK2                              bssBANK2     000000
__LbssBANK3                              bssBANK3     000000
__LbssBANK4                              bssBANK4     000000
__LbssCOMRAM                             bssCOMRAM    000000
__Lcinit                                 cinit        000000
__Lclrtext                               clrtext      000000
__Lcomram                                comram       000000
__Lconfig                                config       300000
__Lconst                                 const        000000
__LcstackBANK0                           cstackBANK0  000000
__LcstackCOMRAM                          cstackCOMRAM 000000
__Ldata                                  data         000000
__LdataCOMRAM                            dataCOMRAM   000000
__Leeprom_data                           eeprom_data  000000
__Lend_init                              end_init     0000A0
__Lfarbss                                farbss       000000
__Lfardata                               fardata      000000
__Libigdata                              ibigdata     000000
__Lidata                                 idata        000000
__LidataCOMRAM                           idataCOMRAM  000000
__Lidloc                                 idloc        200000
__Lifardata                              ifardata     000000
__Linit                                  init         0000A0
__Lintcode                               intcode      000008
__Lintcode_body                          intcode_body 000000
__Lintcodelo                             intcodelo    0000A0
__Lintentry                              intentry     000000
__Lintret                                intret       000000
__Lintsave_regs                          intsave_regs 000000
__Lirdata                                irdata       000000
__Lmediumconst                           mediumconst  000000
__LnvFARRAM                              nvFARRAM     000000
__Lnvbit                                 nvbit        000000
__Lnvrram                                nvrram       000000
__Lparam                                 rparam       000000
__Lpowerup                               powerup      0000A0
__Lram                                   ram          000000
__Lramtop                                ramtop       000600
__Lrbit                                  rbit         000000
__Lrbss                                  rbss         000000
__Lrdata                                 rdata        000000
__Lreset_vec                             reset_vec    000000
__Lrparam                                rparam       000000
__Lsfr                                   sfr          000000
__Lsmallconst                            smallconst   000000
__Lspace_0                               (abs)        000000
__Lspace_1                               (abs)        000000
__Lspace_2                               (abs)        000000
__Lstack                                 stack        000000
__Lstruct                                struct       000000
__Ltemp                                  temp         000045
__Ltext                                  text         000000
__Ltext0                                 text0        000000
__Ltext1                                 text1        000000
__Ltext10                                text10       000000
__Ltext11                                text11       000000
__Ltext12                                text12       000000
__Ltext13                                text13       000000
__Ltext14                                text14       000000
__Ltext15                                text15       000000
__Ltext16                                text16       000000
__Ltext17                                text17       000000
__Ltext18                                text18       000000
__Ltext19                                text19       000000
__Ltext2                                 text2        000000
__Ltext20                                text20       000000
__Ltext21                                text21       000000
__Ltext22                                text22       000000
__Ltext23                                text23       000000
__Ltext24                                text24       000000
__Ltext25                                text25       000000
__Ltext26                                text26       000000
__Ltext27                                text27       000000
__Ltext28                                text28       000000
__Ltext29                                text29       000000
__Ltext3                                 text3        000000
__Ltext30                                text30       000000
__Ltext31                                text31       000000
__Ltext32                                text32       000000
__Ltext33                                text33       000000
__Ltext34                                text34       000000
__Ltext35                                text35       000000
__Ltext36                                text36       000000
__Ltext37                                text37       000000
__Ltext39                                text39       000000
__Ltext4                                 text4        000000
__Ltext40                                text40       000000
__Ltext41                                text41       000000
__Ltext42                                text42       000000
__Ltext43                                text43       000000
__Ltext44                                text44       000000
__Ltext45                                text45       000000
__Ltext46                                text46       000000
__Ltext5                                 text5        000000
__Ltext6                                 text6        000000
__Ltext7                                 text7        000000
__Ltext8                                 text8        000000
__Ltext9                                 text9        000000
__S0                                     (abs)        30000E
__S1                                     (abs)        0004CE
__S2                                     (abs)        000000
___awdiv                                 text31       00123C
___awdiv@counter                         cstackCOMRAM 00001F
___awdiv@dividend                        cstackCOMRAM 00001B
___awdiv@divisor                         cstackCOMRAM 00001D
___awdiv@quotient                        cstackCOMRAM 000021
___awdiv@sign                            cstackCOMRAM 000020
___inthi_sp                              stack        000000
___intlo_sp                              stack        000000
___param_bank                            (abs)        000010
___rparam_used                           (abs)        000001
___sp                                    stack        000000
__accesstop                              (abs)        000060
__activetblptr                           (abs)        000002
__end_of_CRC8                            text24       001544
__end_of_CRCcheck                        text16       000A1E
__end_of_ComStart                        text29       001454
__end_of_Delay                           text10       0015B4
__end_of_EUSART1_Initialize              text32       001580
__end_of_EUSART1_Receive_ISR             text43       001788
__end_of_EUSART1_Transmit_ISR            text40       0015E6
__end_of_FastTransfer_buffer_flush       text5        00132C
__end_of_FastTransfer_buffer_modulo_inc  text8        001698
__end_of_FastTransfer_buffer_put         text7        0008C2
__end_of_GetFaults                       text9        0017D0
__end_of_GetTime                         text37       001838
__end_of_INTERRUPT_Initialize            text28       0017BA
__end_of_INTERRUPT_InterruptManager      intcode      0000A0
__end_of_ReadFaults                      text36       000F6A
__end_of_Receive_available               text22       0017E6
__end_of_Receive_get                     text19       001864
__end_of_Receive_peek                    text14       001856
__end_of_Send_put                        text12       001616
__end_of_SetTime                         text35       001826
__end_of_Start                           text25       0014FA
__end_of_TMR0_ISR                        text39       0017A2
__end_of_TMR0_Initialize                 text26       00174C
__end_of_TMR0_StartTimer                 text27       001868
__end_of_ToSend                          text6        00172E
__end_of_UART_buff_get                   text20       0011AA
__end_of_UART_buff_init                  text33       00176A
__end_of_UART_buff_modulo_inc            text21       0016C2
__end_of_UART_buff_peek                  text15       001710
__end_of_UART_buff_put                   text13       000C82
__end_of_UART_buff_size                  text23       0017FC
__end_of___awdiv                         text31       0012C0
__end_of__initialization                 cinit        001386
__end_of_begin                           text30       0014AC
__end_of_crcBufS_get                     text18       000E8E
__end_of_crcBufS_put                     text4        001042
__end_of_crcBufS_status_put              text17       001118
__end_of_main                            text0        001642
__end_of_memset                          text34       00166E
__end_of_receiveData                     text11       00074E
__end_of_respondECU                      text2        0013FC
__end_of_sendData                        text3        000B68
__end_of_updateComms                     text1        001848
__end_ofi2_UART_buff_get                 text42       00123C
__end_ofi2_UART_buff_modulo_inc          text45       0016EC
__end_ofi2_UART_buff_put                 text44       000D9C
__end_ofi2_UART_buff_size                text41       001812
__initialization                         cinit        00132C
__mediumconst                            mediumconst  000000
__pbssBANK0                              bssBANK0     000060
__pbssBANK1                              bssBANK1     000100
__pbssBANK2                              bssBANK2     000200
__pbssBANK3                              bssBANK3     000300
__pbssBANK4                              bssBANK4     000400
__pbssCOMRAM                             bssCOMRAM    000026
__pcinit                                 cinit        00132C
__pcstackBANK0                           cstackBANK0  000083
__pcstackCOMRAM                          cstackCOMRAM 000001
__pdataCOMRAM                            dataCOMRAM   000044
__pidataCOMRAM                           idataCOMRAM  001868
__pintcode                               intcode      000008
__ptext0                                 text0        001616
__ptext1                                 text1        001838
__ptext10                                text10       001580
__ptext11                                text11       0000A4
__ptext12                                text12       0015E6
__ptext13                                text13       000B68
__ptext14                                text14       001848
__ptext15                                text15       0016EC
__ptext16                                text16       0008C2
__ptext17                                text17       001042
__ptext18                                text18       000D9C
__ptext19                                text19       001856
__ptext2                                 text2        001394
__ptext20                                text20       001118
__ptext21                                text21       001698
__ptext22                                text22       0017D0
__ptext23                                text23       0017E6
__ptext24                                text24       0014FA
__ptext25                                text25       0014AC
__ptext26                                text26       00172E
__ptext27                                text27       001864
__ptext28                                text28       0017A2
__ptext29                                text29       0013FC
__ptext3                                 text3        000A1E
__ptext30                                text30       001454
__ptext31                                text31       00123C
__ptext32                                text32       001544
__ptext33                                text33       00174C
__ptext34                                text34       001642
__ptext35                                text35       001812
__ptext36                                text36       000E8E
__ptext37                                text37       001826
__ptext39                                text39       001788
__ptext4                                 text4        000F6A
__ptext40                                text40       0015B4
__ptext41                                text41       0017FC
__ptext42                                text42       0011AA
__ptext43                                text43       00176A
__ptext44                                text44       000C82
__ptext45                                text45       0016C2
__ptext46                                text46       000000
__ptext5                                 text5        0012C0
__ptext6                                 text6        001710
__ptext7                                 text7        00074E
__ptext8                                 text8        00166E
__ptext9                                 text9        0017BA
__ramtop                                 ramtop       000600
__size_of_CRC8                           (abs)        000000
__size_of_CRCcheck                       (abs)        000000
__size_of_ComStart                       (abs)        000000
__size_of_Delay                          (abs)        000000
__size_of_EUSART1_Initialize             (abs)        000000
__size_of_EUSART1_Receive_ISR            (abs)        000000
__size_of_EUSART1_Transmit_ISR           (abs)        000000
__size_of_FastTransfer_buffer_flush      (abs)        000000
__size_of_FastTransfer_buffer_modulo_inc (abs)        000000
__size_of_FastTransfer_buffer_put        (abs)        000000
__size_of_GetFaults                      (abs)        000000
__size_of_GetTime                        (abs)        000000
__size_of_INTERRUPT_Initialize           (abs)        000000
__size_of_INTERRUPT_InterruptManager     (abs)        000000
__size_of_ReadFaults                     (abs)        000000
__size_of_Receive_available              (abs)        000000
__size_of_Receive_get                    (abs)        000000
__size_of_Receive_peek                   (abs)        000000
__size_of_Send_put                       (abs)        000000
__size_of_SetTime                        (abs)        000000
__size_of_Start                          (abs)        000000
__size_of_TMR0_ISR                       (abs)        000000
__size_of_TMR0_Initialize                (abs)        000000
__size_of_TMR0_StartTimer                (abs)        000000
__size_of_ToSend                         (abs)        000000
__size_of_UART_buff_get                  (abs)        000000
__size_of_UART_buff_init                 (abs)        000000
__size_of_UART_buff_modulo_inc           (abs)        000000
__size_of_UART_buff_peek                 (abs)        000000
__size_of_UART_buff_put                  (abs)        000000
__size_of_UART_buff_size                 (abs)        000000
__size_of___awdiv                        (abs)        000000
__size_of_begin                          (abs)        000000
__size_of_crcBufS_get                    (abs)        000000
__size_of_crcBufS_put                    (abs)        000000
__size_of_crcBufS_status_put             (abs)        000000
__size_of_main                           (abs)        000000
__size_of_memset                         (abs)        000000
__size_of_receiveData                    (abs)        000000
__size_of_respondECU                     (abs)        000000
__size_of_sendData                       (abs)        000000
__size_of_updateComms                    (abs)        000000
__size_ofi2_UART_buff_get                (abs)        000000
__size_ofi2_UART_buff_modulo_inc         (abs)        000000
__size_ofi2_UART_buff_put                (abs)        000000
__size_ofi2_UART_buff_size               (abs)        000000
__smallconst                             smallconst   000000
_addressErrorCounter                     bssBANK0     000064
_alignErrorCounter                       bssCOMRAM    000026
_begin                                   text30       001454
_calc_CS                                 bssCOMRAM    00003D
_crcBufS_get                             text18       000D9C
_crcBufS_put                             text4        000F6A
_crcBufS_status_put                      text17       001042
_crcErrorCounter                         bssCOMRAM    000028
_crc_buffer                              bssBANK0     000068
_dataAdressErrorCounter                  bssBANK0     000066
_group                                   bssCOMRAM    00002A
_input_buffer                            bssBANK3     000300
_main                                    text0        001616
_maxDataAddress                          bssCOMRAM    00003E
_memset                                  text34       001642
_moduleAddress                           bssCOMRAM    00003F
_output_buffer                           bssBANK4     000400
_receiveArray                            bssBANK0     000079
_receiveArrayAddress                     bssCOMRAM    00002C
_receiveData                             text11       0000A4
_respondECU                              text2        001394
_returnAddress                           bssCOMRAM    000040
_ring_buffer                             bssBANK1     000100
_rx_address                              bssCOMRAM    000041
_rx_array_inx                            bssCOMRAM    000042
_rx_buffer                               bssBANK2     000200
_rx_len                                  bssCOMRAM    000043
_sendData                                text3        000A1E
_sendStructAddress                       bssCOMRAM    00002E
_serial_available                        bssCOMRAM    000030
_serial_peek                             bssCOMRAM    000032
_serial_read                             bssCOMRAM    000034
_serial_write                            bssCOMRAM    000036
_time                                    bssBANK0     000060
_timer0ReloadVal16bit                    bssCOMRAM    000038
_updateComms                             text1        001838
begin@error                              cstackBANK0  000087
begin@givenAddress                       cstackBANK0  000086
begin@maxSize                            cstackBANK0  000085
begin@ptr                                cstackBANK0  000083
begin@stuffavailable                     cstackBANK0  00008C
begin@stuffpeek                          cstackBANK0  00008E
begin@stufftoreceive                     cstackBANK0  00008A
begin@stufftosend                        cstackBANK0  000088
btemp                                    temp         000045
crcBufS_get@_this                        cstackCOMRAM 00001B
crcBufS_get@space                        cstackCOMRAM 00001E
crcBufS_get@time                         cstackCOMRAM 00001D
crcBufS_get@wantedTime                   cstackBANK0  000083
crcBufS_put@_this                        cstackCOMRAM 00001B
crcBufS_put@address                      cstackCOMRAM 00001D
crcBufS_put@oldCRC                       cstackCOMRAM 00001E
crcBufS_put@status                       cstackCOMRAM 00001F
crcBufS_status_put@_this                 cstackCOMRAM 00001B
crcBufS_status_put@status                cstackCOMRAM 00001E
crcBufS_status_put@time                  cstackCOMRAM 00001D
crcBufS_status_put@wantedTime            cstackCOMRAM 000023
end_of_initialization                    cinit        001386
i2UART_buff_get@_this                    cstackCOMRAM 000007
i2UART_buff_get@c                        cstackCOMRAM 00000B
i2UART_buff_modulo_inc@modulus           cstackCOMRAM 000003
i2UART_buff_modulo_inc@my_value          cstackCOMRAM 000005
i2UART_buff_modulo_inc@value             cstackCOMRAM 000001
i2UART_buff_put@_this                    cstackCOMRAM 000007
i2UART_buff_put@c                        cstackCOMRAM 000009
i2UART_buff_size@_this                   cstackCOMRAM 000001
i2_UART_buff_get                         text42       0011AA
i2_UART_buff_modulo_inc                  text45       0016C2
i2_UART_buff_put                         text44       000C82
i2_UART_buff_size                        text41       0017FC
int$flags                                temp         000045
intlevel0                                text         000000
intlevel1                                text         000000
intlevel2                                text         000000
intlevel3                                text         000000
memset@c                                 cstackCOMRAM 00001D
memset@n                                 cstackCOMRAM 00001F
memset@p                                 cstackCOMRAM 000021
memset@p1                                cstackCOMRAM 00001B
receiveData@crcHolder                    cstackBANK0  000098
receiveData@crcHolder_330                cstackBANK0  000099
receiveData@holder                       cstackBANK0  000092
receiveData@holder_329                   cstackBANK0  000095
receiveData@r                            cstackBANK0  00009C
receiveData@u                            cstackBANK0  00009A
sendData@CS                              cstackBANK0  000089
sendData@i                               cstackBANK0  00008A
sendData@whereToSend                     cstackBANK0  000088
stackhi                                  (abs)        0005FF
stacklo                                  (abs)        0004CE
start                                    init         0000A0
start_initialization                     cinit        00132C


FUNCTION INFORMATION:

 *************** function _main *****************
 Defined at:
		line 23 in file "Main.c"
 Parameters:    Size  Location     Type
		None
 Auto vars:     Size  Location     Type
		None
 Return value:  Size  Location     Type
                  1    wreg      void 
 Registers used:
		wreg, fsr2l, fsr2h, status,2, status,0, pclat, tosl, prodl, prodh, cstack
 Tracked objects:
		On entry : 
		On exit  : 
		Unchanged: 
 Data sizes:     COMRAM   BANK0   BANK1   BANK2   BANK3   BANK4   BANK5
      Params:         0       0       0       0       0       0       0
      Locals:         0       0       0       0       0       0       0
      Temps:          0       0       0       0       0       0       0
      Totals:         0       0       0       0       0       0       0
Total ram usage:        0 bytes
 Hardware stack levels required when called:   10
 This function calls:
		_GetTime
		_ReadFaults
		_SetTime
		_Start
		_updateComms
 This function is called by:
		Startup code after reset
 This function uses a non-reentrant model


 *************** function _updateComms *****************
 Defined at:
		line 17 in file "Communications.c"
 Parameters:    Size  Location     Type
		None
 Auto vars:     Size  Location     Type
		None
 Return value:  Size  Location     Type
                  1    wreg      void 
 Registers used:
		wreg, fsr2l, fsr2h, status,2, status,0, pclat, tosl, prodl, prodh, cstack
 Tracked objects:
		On entry : 
		On exit  : 
		Unchanged: 
 Data sizes:     COMRAM   BANK0   BANK1   BANK2   BANK3   BANK4   BANK5
      Params:         0       0       0       0       0       0       0
      Locals:         0       0       0       0       0       0       0
      Temps:          0       0       0       0       0       0       0
      Totals:         0       0       0       0       0       0       0
Total ram usage:        0 bytes
 Hardware stack levels used:    1
 Hardware stack levels required when called:    9
 This function calls:
		_receiveData
		_respondECU
 This function is called by:
		_main
 This function uses a non-reentrant model


 *************** function _respondECU *****************
 Defined at:
		line 23 in file "Communications.c"
 Parameters:    Size  Location     Type
		None
 Auto vars:     Size  Location     Type
		None
 Return value:  Size  Location     Type
                  1    wreg      void 
 Registers used:
		wreg, fsr2l, fsr2h, status,2, status,0, pclat, tosl, cstack
 Tracked objects:
		On entry : 
		On exit  : 
		Unchanged: 
 Data sizes:     COMRAM   BANK0   BANK1   BANK2   BANK3   BANK4   BANK5
      Params:         0       0       0       0       0       0       0
      Locals:         0       0       0       0       0       0       0
      Temps:          0       1       0       0       0       0       0
      Totals:         0       1       0       0       0       0       0
Total ram usage:        1 bytes
 Hardware stack levels used:    1
 Hardware stack levels required when called:    8
 This function calls:
		_Delay
		_GetFaults
		_ToSend
		_sendData
 This function is called by:
		_updateComms
 This function uses a non-reentrant model


 *************** function _sendData *****************
 Defined at:
		line 108 in file "FastTransfer.c"
 Parameters:    Size  Location     Type
  whereToSend     1    wreg     unsigned char 
 Auto vars:     Size  Location     Type
  whereToSend     1    5[BANK0 ] unsigned char 
  i               2    7[BANK0 ] int 
  CS              1    6[BANK0 ] unsigned char 
 Return value:  Size  Location     Type
                  1    wreg      void 
 Registers used:
		wreg, fsr2l, fsr2h, status,2, status,0, pclat, tosl, cstack
 Tracked objects:
		On entry : 
		On exit  : 
		Unchanged: 
 Data sizes:     COMRAM   BANK0   BANK1   BANK2   BANK3   BANK4   BANK5
      Params:         0       0       0       0       0       0       0
      Locals:         0       4       0       0       0       0       0
      Temps:          0       1       0       0       0       0       0
      Totals:         0       5       0       0       0       0       0
Total ram usage:        5 bytes
 Hardware stack levels used:    1
 Hardware stack levels required when called:    7
 This function calls:
		Absolute function
		_CRC8
		_FastTransfer_buffer_flush
		_Send_put
		_crcBufS_put
 This function is called by:
		_respondECU
 This function uses a non-reentrant model


 *************** function _crcBufS_put *****************
 Defined at:
		line 377 in file "FastTransfer.c"
 Parameters:    Size  Location     Type
  _this           2   26[COMRAM] PTR struct crcBufS
		 -> crc_buffer(17), 
  address         1   28[COMRAM] unsigned char 
  oldCRC          1   29[COMRAM] unsigned char 
  status          1   30[COMRAM] unsigned char 
 Auto vars:     Size  Location     Type
		None
 Return value:  Size  Location     Type
                  1    wreg      void 
 Registers used:
		wreg, fsr2l, fsr2h, status,2, status,0
 Tracked objects:
		On entry : 
		On exit  : 
		Unchanged: 
 Data sizes:     COMRAM   BANK0   BANK1   BANK2   BANK3   BANK4   BANK5
      Params:         5       0       0       0       0       0       0
      Locals:         0       0       0       0       0       0       0
      Temps:          2       0       0       0       0       0       0
      Totals:         7       0       0       0       0       0       0
Total ram usage:        7 bytes
 Hardware stack levels used:    1
 Hardware stack levels required when called:    4
 This function calls:
		Nothing
 This function is called by:
		_sendData
 This function uses a non-reentrant model


 *************** function _FastTransfer_buffer_flush *****************
 Defined at:
		line 317 in file "FastTransfer.c"
 Parameters:    Size  Location     Type
  _this           2    0[BANK0 ] PTR struct ringBufS
		 -> ring_buffer(206), 
  clearBuffer     2    2[BANK0 ] const int 
 Auto vars:     Size  Location     Type
		None
 Return value:  Size  Location     Type
                  1    wreg      void 
 Registers used:
		wreg, fsr2l, fsr2h, status,2, status,0, cstack
 Tracked objects:
		On entry : 
		On exit  : 
		Unchanged: 
 Data sizes:     COMRAM   BANK0   BANK1   BANK2   BANK3   BANK4   BANK5
      Params:         0       4       0       0       0       0       0
      Locals:         0       0       0       0       0       0       0
      Temps:          0       0       0       0       0       0       0
      Totals:         0       4       0       0       0       0       0
Total ram usage:        4 bytes
 Hardware stack levels used:    1
 Hardware stack levels required when called:    5
 This function calls:
		_memset
 This function is called by:
		_sendData
 This function uses a non-reentrant model


 *************** function _ToSend *****************
 Defined at:
		line 272 in file "FastTransfer.c"
 Parameters:    Size  Location     Type
  where           1    wreg     unsigned char 
  what            2    2[BANK0 ] unsigned int 
 Auto vars:     Size  Location     Type
  where           1    4[BANK0 ] unsigned char 
 Return value:  Size  Location     Type
                  1    wreg      void 
 Registers used:
		wreg, fsr2l, fsr2h, status,2, status,0, cstack
 Tracked objects:
		On entry : 
		On exit  : 
		Unchanged: 
 Data sizes:     COMRAM   BANK0   BANK1   BANK2   BANK3   BANK4   BANK5
      Params:         0       2       0       0       0       0       0
      Locals:         0       1       0       0       0       0       0
      Temps:          0       0       0       0       0       0       0
      Totals:         0       3       0       0       0       0       0
Total ram usage:        3 bytes
 Hardware stack levels used:    1
 Hardware stack levels required when called:    6
 This function calls:
		_FastTransfer_buffer_put
 This function is called by:
		_respondECU
 This function uses a non-reentrant model


 *************** function _FastTransfer_buffer_put *****************
 Defined at:
		line 279 in file "FastTransfer.c"
 Parameters:    Size  Location     Type
  _this           2   32[COMRAM] PTR struct ringBufS
		 -> ring_buffer(206), 
  towhere         1   34[COMRAM] unsigned char 
  towhat          2   35[COMRAM] unsigned int 
 Auto vars:     Size  Location     Type
		None
 Return value:  Size  Location     Type
                  1    wreg      void 
 Registers used:
		wreg, fsr2l, fsr2h, status,2, status,0, cstack
 Tracked objects:
		On entry : 
		On exit  : 
		Unchanged: 
 Data sizes:     COMRAM   BANK0   BANK1   BANK2   BANK3   BANK4   BANK5
      Params:         5       0       0       0       0       0       0
      Locals:         0       0       0       0       0       0       0
      Temps:          0       2       0       0       0       0       0
      Totals:         5       2       0       0       0       0       0
Total ram usage:        7 bytes
 Hardware stack levels used:    1
 Hardware stack levels required when called:    5
 This function calls:
		_FastTransfer_buffer_modulo_inc
 This function is called by:
		_ToSend
 This function uses a non-reentrant model


 *************** function _FastTransfer_buffer_modulo_inc *****************
 Defined at:
		line 329 in file "FastTransfer.c"
 Parameters:    Size  Location     Type
  value           2   26[COMRAM] const unsigned int 
  modulus         2   28[COMRAM] const unsigned int 
 Auto vars:     Size  Location     Type
  my_value        2   30[COMRAM] unsigned int 
 Return value:  Size  Location     Type
                  2   26[COMRAM] unsigned int 
 Registers used:
		wreg, status,2, status,0
 Tracked objects:
		On entry : 
		On exit  : 
		Unchanged: 
 Data sizes:     COMRAM   BANK0   BANK1   BANK2   BANK3   BANK4   BANK5
      Params:         4       0       0       0       0       0       0
      Locals:         2       0       0       0       0       0       0
      Temps:          0       0       0       0       0       0       0
      Totals:         6       0       0       0       0       0       0
Total ram usage:        6 bytes
 Hardware stack levels used:    1
 Hardware stack levels required when called:    4
 This function calls:
		Nothing
 This function is called by:
		_FastTransfer_buffer_put
		_FastTransfer_buffer_get
 This function uses a non-reentrant model


 *************** function _GetFaults *****************
 Defined at:
		line 34 in file "Function.c"
 Parameters:    Size  Location     Type
  num             1    wreg     unsigned char 
 Auto vars:     Size  Location     Type
  num             1   26[COMRAM] unsigned char 
 Return value:  Size  Location     Type
                  1    wreg      unsigned char 
 Registers used:
		wreg, status,2, status,0
 Tracked objects:
		On entry : 
		On exit  : 
		Unchanged: 
 Data sizes:     COMRAM   BANK0   BANK1   BANK2   BANK3   BANK4   BANK5
      Params:         0       0       0       0       0       0       0
      Locals:         1       0       0       0       0       0       0
      Temps:          0       0       0       0       0       0       0
      Totals:         1       0       0       0       0       0       0
Total ram usage:        1 bytes
 Hardware stack levels used:    1
 Hardware stack levels required when called:    4
 This function calls:
		Nothing
 This function is called by:
		_respondECU
 This function uses a non-reentrant model


 *************** function _Delay *****************
 Defined at:
		line 198 in file "Function.c"
 Parameters:    Size  Location     Type
  wait            2   26[COMRAM] int 
 Auto vars:     Size  Location     Type
  x               2   29[COMRAM] int 
 Return value:  Size  Location     Type
                  1    wreg      void 
 Registers used:
		wreg, status,2, status,0
 Tracked objects:
		On entry : 
		On exit  : 
		Unchanged: 
 Data sizes:     COMRAM   BANK0   BANK1   BANK2   BANK3   BANK4   BANK5
      Params:         2       0       0       0       0       0       0
      Locals:         2       0       0       0       0       0       0
      Temps:          1       0       0       0       0       0       0
      Totals:         5       0       0       0       0       0       0
Total ram usage:        5 bytes
 Hardware stack levels used:    1
 Hardware stack levels required when called:    4
 This function calls:
		Nothing
 This function is called by:
		_respondECU
 This function uses a non-reentrant model


 *************** function _receiveData *****************
 Defined at:
		line 137 in file "FastTransfer.c"
 Parameters:    Size  Location     Type
		None
 Auto vars:     Size  Location     Type
  holder          3   18[BANK0 ] unsigned char [3]
  crcHolder       1   22[BANK0 ] unsigned char 
  holder          3   15[BANK0 ] unsigned char [3]
  crcHolder       1   21[BANK0 ] unsigned char 
  u               2   23[BANK0 ] int 
  r               2   25[BANK0 ] int 
 Return value:  Size  Location     Type
                  1    wreg      unsigned char 
 Registers used:
		wreg, fsr2l, fsr2h, status,2, status,0, pclat, tosl, prodl, prodh, cstack
 Tracked objects:
		On entry : 
		On exit  : 
		Unchanged: 
 Data sizes:     COMRAM   BANK0   BANK1   BANK2   BANK3   BANK4   BANK5
      Params:         0       0       0       0       0       0       0
      Locals:         0      12       0       0       0       0       0
      Temps:          0       6       0       0       0       0       0
      Totals:         0      18       0       0       0       0       0
Total ram usage:       18 bytes
 Hardware stack levels used:    1
 Hardware stack levels required when called:    8
 This function calls:
		Absolute function
		_CRC8
		_CRCcheck
		_Receive_available
		_Receive_get
		_Receive_peek
		_Send_put
 This function is called by:
		_updateComms
 This function uses a non-reentrant model


 *************** function _Send_put *****************
 Defined at:
		line 130 in file "UART.c"
 Parameters:    Size  Location     Type
  _data           1    wreg     unsigned char 
 Auto vars:     Size  Location     Type
  _data           1    0[BANK0 ] unsigned char 
 Return value:  Size  Location     Type
                  1    wreg      void 
 Registers used:
		wreg, fsr2l, fsr2h, status,2, status,0, cstack
 Tracked objects:
		On entry : 
		On exit  : 
		Unchanged: 
 Data sizes:     COMRAM   BANK0   BANK1   BANK2   BANK3   BANK4   BANK5
      Params:         0       0       0       0       0       0       0
      Locals:         0       1       0       0       0       0       0
      Temps:          0       0       0       0       0       0       0
      Totals:         0       1       0       0       0       0       0
Total ram usage:        1 bytes
 Hardware stack levels used:    1
 Hardware stack levels required when called:    6
 This function calls:
		_UART_buff_get
		_UART_buff_put
 This function is called by:
		_ComStart
		_putch
		_sendData
		_receiveData
 This function uses a non-reentrant model


 *************** function _UART_buff_put *****************
 Defined at:
		line 68 in file "UART.c"
 Parameters:    Size  Location     Type
  _this           2   32[COMRAM] PTR struct UART_ring_buf
		 -> output_buffer(206), input_buffer(206), 
  c               1   34[COMRAM] const unsigned char 
 Auto vars:     Size  Location     Type
		None
 Return value:  Size  Location     Type
                  1    wreg      void 
 Registers used:
		wreg, fsr2l, fsr2h, status,2, status,0, cstack
 Tracked objects:
		On entry : 
		On exit  : 
		Unchanged: 
 Data sizes:     COMRAM   BANK0   BANK1   BANK2   BANK3   BANK4   BANK5
      Params:         3       0       0       0       0       0       0
      Locals:         0       0       0       0       0       0       0
      Temps:          2       0       0       0       0       0       0
      Totals:         5       0       0       0       0       0       0
Total ram usage:        5 bytes
 Hardware stack levels used:    1
 Hardware stack levels required when called:    5
 This function calls:
		_UART_buff_modulo_inc
 This function is called by:
		_Send_put
 This function uses a non-reentrant model


 *************** function _Receive_peek *****************
 Defined at:
		line 118 in file "UART.c"
 Parameters:    Size  Location     Type
		None
 Auto vars:     Size  Location     Type
		None
 Return value:  Size  Location     Type
                  1    wreg      unsigned char 
 Registers used:
		wreg, fsr2l, fsr2h, status,2, status,0, cstack
 Tracked objects:
		On entry : 
		On exit  : 
		Unchanged: 
 Data sizes:     COMRAM   BANK0   BANK1   BANK2   BANK3   BANK4   BANK5
      Params:         0       0       0       0       0       0       0
      Locals:         0       0       0       0       0       0       0
      Temps:          0       0       0       0       0       0       0
      Totals:         0       0       0       0       0       0       0
Total ram usage:        0 bytes
 Hardware stack levels used:    1
 Hardware stack levels required when called:    5
 This function calls:
		_UART_buff_peek
 This function is called by:
		_ComStart
		_receiveData
 This function uses a non-reentrant model


 *************** function _UART_buff_peek *****************
 Defined at:
		line 114 in file "UART.c"
 Parameters:    Size  Location     Type
  _this           2   26[COMRAM] PTR struct UART_ring_buf
		 -> input_buffer(206), 
 Auto vars:     Size  Location     Type
		None
 Return value:  Size  Location     Type
                  1    wreg      unsigned char 
 Registers used:
		wreg, fsr2l, fsr2h, status,2, status,0
 Tracked objects:
		On entry : 
		On exit  : 
		Unchanged: 
 Data sizes:     COMRAM   BANK0   BANK1   BANK2   BANK3   BANK4   BANK5
      Params:         2       0       0       0       0       0       0
      Locals:         0       0       0       0       0       0       0
      Temps:          2       0       0       0       0       0       0
      Totals:         4       0       0       0       0       0       0
Total ram usage:        4 bytes
 Hardware stack levels used:    1
 Hardware stack levels required when called:    4
 This function calls:
		Nothing
 This function is called by:
		_Receive_peek
 This function uses a non-reentrant model


 *************** function _CRCcheck *****************
 Defined at:
		line 429 in file "FastTransfer.c"
 Parameters:    Size  Location     Type
		None
 Auto vars:     Size  Location     Type
  rt              2    7[BANK0 ] int 
  arrayHolder     3    4[BANK0 ] unsigned char [3]
  calculatedCR    1    3[BANK0 ] unsigned char 
  SentCRC         1    2[BANK0 ] unsigned char 
 Return value:  Size  Location     Type
                  1    wreg      void 
 Registers used:
		wreg, fsr2l, fsr2h, status,2, status,0, pclat, tosl, prodl, prodh, cstack
 Tracked objects:
		On entry : 
		On exit  : 
		Unchanged: 
 Data sizes:     COMRAM   BANK0   BANK1   BANK2   BANK3   BANK4   BANK5
      Params:         0       0       0       0       0       0       0
      Locals:         0       7       0       0       0       0       0
      Temps:          0       0       0       0       0       0       0
      Totals:         0       7       0       0       0       0       0
Total ram usage:        7 bytes
 Hardware stack levels used:    1
 Hardware stack levels required when called:    7
 This function calls:
		Absolute function
		_CRC8
		_Receive_available
		_Receive_get
		_crcBufS_get
		_crcBufS_status_put
 This function is called by:
		_receiveData
 This function uses a non-reentrant model


 *************** function _crcBufS_status_put *****************
 Defined at:
		line 392 in file "FastTransfer.c"
 Parameters:    Size  Location     Type
  _this           2   26[COMRAM] PTR struct crcBufS
		 -> crc_buffer(17), 
  time            1   28[COMRAM] unsigned char 
  status          1   29[COMRAM] unsigned char 
 Auto vars:     Size  Location     Type
  wantedTime      2   34[COMRAM] int 
 Return value:  Size  Location     Type
                  1    wreg      void 
 Registers used:
		wreg, fsr2l, fsr2h, status,2, status,0, prodl, prodh
 Tracked objects:
		On entry : 
		On exit  : 
		Unchanged: 
 Data sizes:     COMRAM   BANK0   BANK1   BANK2   BANK3   BANK4   BANK5
      Params:         4       0       0       0       0       0       0
      Locals:         2       0       0       0       0       0       0
      Temps:          4       0       0       0       0       0       0
      Totals:        10       0       0       0       0       0       0
Total ram usage:       10 bytes
 Hardware stack levels used:    1
 Hardware stack levels required when called:    4
 This function calls:
		Nothing
 This function is called by:
		_CRCcheck
 This function uses a non-reentrant model


 *************** function _crcBufS_get *****************
 Defined at:
		line 409 in file "FastTransfer.c"
 Parameters:    Size  Location     Type
  _this           2   26[COMRAM] PTR struct crcBufS
		 -> crc_buffer(17), 
  time            1   28[COMRAM] unsigned char 
  space           1   29[COMRAM] unsigned char 
 Auto vars:     Size  Location     Type
  wantedTime      2    0[BANK0 ] int 
 Return value:  Size  Location     Type
                  1    wreg      unsigned char 
 Registers used:
		wreg, fsr2l, fsr2h, status,2, status,0, prodl, prodh
 Tracked objects:
		On entry : 
		On exit  : 
		Unchanged: 
 Data sizes:     COMRAM   BANK0   BANK1   BANK2   BANK3   BANK4   BANK5
      Params:         4       0       0       0       0       0       0
      Locals:         0       2       0       0       0       0       0
      Temps:          6       0       0       0       0       0       0
      Totals:        10       2       0       0       0       0       0
Total ram usage:       12 bytes
 Hardware stack levels used:    1
 Hardware stack levels required when called:    4
 This function calls:
		Nothing
 This function is called by:
		_CRCcheck
		_AKNAK
 This function uses a non-reentrant model


 *************** function _Receive_get *****************
 Defined at:
		line 126 in file "UART.c"
 Parameters:    Size  Location     Type
		None
 Auto vars:     Size  Location     Type
		None
 Return value:  Size  Location     Type
                  1    wreg      unsigned char 
 Registers used:
		wreg, fsr2l, fsr2h, status,2, status,0, cstack
 Tracked objects:
		On entry : 
		On exit  : 
		Unchanged: 
 Data sizes:     COMRAM   BANK0   BANK1   BANK2   BANK3   BANK4   BANK5
      Params:         0       0       0       0       0       0       0
      Locals:         0       0       0       0       0       0       0
      Temps:          0       0       0       0       0       0       0
      Totals:         0       0       0       0       0       0       0
Total ram usage:        0 bytes
 Hardware stack levels used:    1
 Hardware stack levels required when called:    6
 This function calls:
		_UART_buff_get
 This function is called by:
		_ComStart
		_getch
		_CRCcheck
		_receiveData
 This function uses a non-reentrant model


 *************** function _UART_buff_get *****************
 Defined at:
		line 81 in file "UART.c"
 Parameters:    Size  Location     Type
  _this           2   32[COMRAM] PTR struct UART_ring_buf
		 -> output_buffer(206), input_buffer(206), 
 Auto vars:     Size  Location     Type
  c               1   36[COMRAM] unsigned char 
 Return value:  Size  Location     Type
                  1    wreg      unsigned char 
 Registers used:
		wreg, fsr2l, fsr2h, status,2, status,0, cstack
 Tracked objects:
		On entry : 
		On exit  : 
		Unchanged: 
 Data sizes:     COMRAM   BANK0   BANK1   BANK2   BANK3   BANK4   BANK5
      Params:         2       0       0       0       0       0       0
[...]
Total ram usage:       13 bytes
 Hardware stack levels used:    1
 Hardware stack levels required when called:    5
 This function calls:
		___awdiv
 This function is called by:
		_ComStart
 This function uses a non-reentrant model


 *************** function ___awdiv *****************
 Defined at:
		line 8 in file "C:\Program Files (x86)\Microchip\xc8\v1.37\sources\common\awdiv.c"
 Parameters:    Size  Location     Type
  dividend        2   26[COMRAM] int 
  divisor         2   28[COMRAM] int 
 Auto vars:     Size  Location     Type
  quotient        2   32[COMRAM] int 
  sign            1   31[COMRAM] unsigned char 
  counter         1   30[COMRAM] unsigned char 
 Return value:  Size  Location     Type
                  2   26[COMRAM] int 
 Registers used:
		wreg, status,2, status,0
 Tracked objects:
		On entry : 
		On exit  : 
		Unchanged: 
 Data sizes:     COMRAM   BANK0   BANK1   BANK2   BANK3   BANK4   BANK5
      Params:         4       0       0       0       0       0       0
      Locals:         4       0       0       0       0       0       0
      Temps:          0       0       0       0       0       0       0
      Totals:         8       0       0       0       0       0       0
Total ram usage:        8 bytes
 Hardware stack levels used:    1
 Hardware stack levels required when called:    4
 This function calls:
		Nothing
 This function is called by:
		_begin
 This function uses a non-reentrant model


 *************** function _EUSART1_Initialize *****************
 Defined at:
		line 21 in file "UART.c"
 Parameters:    Size  Location     Type
		None
 Auto vars:     Size  Location     Type
		None
 Return value:  Size  Location     Type
                  1    wreg      void 
 Registers used:
		wreg, fsr2l, fsr2h, status,2, status,0, cstack
 Tracked objects:
		On entry : 
		On exit  : 
		Unchanged: 
 Data sizes:     COMRAM   BANK0   BANK1   BANK2   BANK3   BANK4   BANK5
      Params:         0       0       0       0       0       0       0
      Locals:         0       0       0       0       0       0       0
      Temps:          0       0       0       0       0       0       0
      Totals:         0       0       0       0       0       0       0
Total ram usage:        0 bytes
 Hardware stack levels used:    1
 Hardware stack levels required when called:    6
 This function calls:
		_UART_buff_init
 This function is called by:
		_ComStart
 This function uses a non-reentrant model


 *************** function _UART_buff_init *****************
 Defined at:
		line 56 in file "UART.c"
 Parameters:    Size  Location     Type
  _this           2   34[COMRAM] PTR struct UART_ring_buf
		 -> output_buffer(206), input_buffer(206), 
 Auto vars:     Size  Location     Type
		None
 Return value:  Size  Location     Type
                  1    wreg      void 
 Registers used:
		wreg, fsr2l, fsr2h, status,2, status,0, cstack
 Tracked objects:
		On entry : 
		On exit  : 
		Unchanged: 
 Data sizes:     COMRAM   BANK0   BANK1   BANK2   BANK3   BANK4   BANK5
      Params:         2       0       0       0       0       0       0
      Locals:         0       0       0       0       0       0       0
      Temps:          0       0       0       0       0       0       0
      Totals:         2       0       0       0       0       0       0
Total ram usage:        2 bytes
 Hardware stack levels used:    1
 Hardware stack levels required when called:    5
 This function calls:
		_memset
 This function is called by:
		_EUSART1_Initialize
 This function uses a non-reentrant model


 *************** function _memset *****************
 Defined at:
		line 8 in file "C:\Program Files (x86)\Microchip\xc8\v1.37\sources\common\memset.c"
 Parameters:    Size  Location     Type
  p1              2   26[COMRAM] PTR void 
		 -> output_buffer(206), input_buffer(206), ring_buffer(206), 
  c               2   28[COMRAM] int 
  n               2   30[COMRAM] unsigned int 
 Auto vars:     Size  Location     Type
  p               2   32[COMRAM] PTR unsigned char 
		 -> output_buffer(206), input_buffer(206), ring_buffer(206), 
 Return value:  Size  Location     Type
                  2   26[COMRAM] PTR void 
 Registers used:
		wreg, fsr2l, fsr2h, status,2, status,0
 Tracked objects:
		On entry : 
		On exit  : 
		Unchanged: 
 Data sizes:     COMRAM   BANK0   BANK1   BANK2   BANK3   BANK4   BANK5
      Params:         6       0       0       0       0       0       0
      Locals:         2       0       0       0       0       0       0
      Temps:          0       0       0       0       0       0       0
      Totals:         8       0       0       0       0       0       0
Total ram usage:        8 bytes
 Hardware stack levels used:    1
 Hardware stack levels required when called:    4
 This function calls:
		Nothing
 This function is called by:
		_FastTransfer_buffer_flush
		_UART_buff_init
		_UART_buff_flush
 This function uses a non-reentrant model


 *************** function _SetTime *****************
 Defined at:
		line 98 in file "tmr0.c"
 Parameters:    Size  Location     Type
		None
 Auto vars:     Size  Location     Type
		None
 Return value:  Size  Location     Type
                  1    wreg      void 
 Registers used:
		wreg, status,2
 Tracked objects:
		On entry : 
		On exit  : 
		Unchanged: 
 Data sizes:     COMRAM   BANK0   BANK1   BANK2   BANK3   BANK4   BANK5
      Params:         0       0       0       0       0       0       0
      Locals:         0       0       0       0       0       0       0
      Temps:          0       0       0       0       0       0       0
      Totals:         0       0       0       0       0       0       0
Total ram usage:        0 bytes
 Hardware stack levels used:    1
 Hardware stack levels required when called:    4
 This function calls:
		Nothing
 This function is called by:
		_main
 This function uses a non-reentrant model


 *************** function _ReadFaults *****************
 Defined at:
		line 9 in file "Function.c"
 Parameters:    Size  Location     Type
		None
 Auto vars:     Size  Location     Type
		None
 Return value:  Size  Location     Type
                  1    wreg      void 
 Registers used:
		wreg, status,2, status,0
 Tracked objects:
		On entry : 
		On exit  : 
		Unchanged: 
 Data sizes:     COMRAM   BANK0   BANK1   BANK2   BANK3   BANK4   BANK5
      Params:         0       0       0       0       0       0       0
      Locals:         0       0       0       0       0       0       0
      Temps:          1       0       0       0       0       0       0
      Totals:         1       0       0       0       0       0       0
Total ram usage:        1 bytes
 Hardware stack levels used:    1
 Hardware stack levels required when called:    4
 This function calls:
		Nothing
 This function is called by:
		_main
 This function uses a non-reentrant model


 *************** function _GetTime *****************
 Defined at:
		line 94 in file "tmr0.c"
 Parameters:    Size  Location     Type
		None
 Auto vars:     Size  Location     Type
		None
 Return value:  Size  Location     Type
                  4   26[COMRAM] long 
 Registers used:
		None
 Tracked objects:
		On entry : 
		On exit  : 
		Unchanged: 
 Data sizes:     COMRAM   BANK0   BANK1   BANK2   BANK3   BANK4   BANK5
      Params:         4       0       0       0       0       0       0
      Locals:         0       0       0       0       0       0       0
      Temps:          0       0       0       0       0       0       0
      Totals:         4       0       0       0       0       0       0
Total ram usage:        4 bytes
 Hardware stack levels used:    1
 Hardware stack levels required when called:    4
 This function calls:
		Nothing
 This function is called by:
		_main
 This function uses a non-reentrant model


 *************** function _INTERRUPT_InterruptManager *****************
 Defined at:
		line 177 in file "Function.c"
 Parameters:    Size  Location     Type
		None
 Auto vars:     Size  Location     Type
		None
 Return value:  Size  Location     Type
                  1    wreg      void 
 Registers used:
		wreg, fsr2l, fsr2h, status,2, status,0, cstack
 Tracked objects:
		On entry : 
		On exit  : 
		Unchanged: 
 Data sizes:     COMRAM   BANK0   BANK1   BANK2   BANK3   BANK4   BANK5
      Params:         0       0       0       0       0       0       0
      Locals:         0       0       0       0       0       0       0
      Temps:         14       0       0       0       0       0       0
      Totals:        14       0       0       0       0       0       0
Total ram usage:       14 bytes
 Hardware stack levels used:    1
 Hardware stack levels required when called:    3
 This function calls:
		_EUSART1_Receive_ISR
		_EUSART1_Transmit_ISR
		_TMR0_ISR
 This function is called by:
		Interrupt level 2
 This function uses a non-reentrant model


 *************** function _TMR0_ISR *****************
 Defined at:
		line 82 in file "tmr0.c"
 Parameters:    Size  Location     Type
		None
 Auto vars:     Size  Location     Type
		None
 Return value:  Size  Location     Type
                  1    wreg      void 
 Registers used:
		wreg, status,2, status,0
 Tracked objects:
		On entry : 
		On exit  : 
		Unchanged: 
 Data sizes:     COMRAM   BANK0   BANK1   BANK2   BANK3   BANK4   BANK5
      Params:         0       0       0       0       0       0       0
      Locals:         0       0       0       0       0       0       0
      Temps:          0       0       0       0       0       0       0
      Totals:         0       0       0       0       0       0       0
Total ram usage:        0 bytes
 Hardware stack levels used:    1
 This function calls:
		Nothing
 This function is called by:
		_INTERRUPT_InterruptManager
 This function uses a non-reentrant model


 *************** function _EUSART1_Transmit_ISR *****************
 Defined at:
		line 150 in file "UART.c"
 Parameters:    Size  Location     Type
		None
 Auto vars:     Size  Location     Type
		None
 Return value:  Size  Location     Type
                  1    wreg      void 
 Registers used:
		wreg, fsr2l, fsr2h, status,2, status,0, cstack
 Tracked objects:
		On entry : 
		On exit  : 
		Unchanged: 
 Data sizes:     COMRAM   BANK0   BANK1   BANK2   BANK3   BANK4   BANK5
      Params:         0       0       0       0       0       0       0
      Locals:         0       0       0       0       0       0       0
      Temps:          0       0       0       0       0       0       0
      Totals:         0       0       0       0       0       0       0
Total ram usage:        0 bytes
 Hardware stack levels used:    1
 Hardware stack levels required when called:    2
 This function calls:
		i2_UART_buff_get
		i2_UART_buff_size
 This function is called by:
		_INTERRUPT_InterruptManager
 This function uses a non-reentrant model


 *************** function i2_UART_buff_size *****************
 Defined at:
		line 102 in file "UART.c"
 Parameters:    Size  Location     Type
  _this           2    0[COMRAM] PTR struct UART_ring_buf
		 -> output_buffer(206), input_buffer(206), 
 Auto vars:     Size  Location     Type
		None
 Return value:  Size  Location     Type
                  2    0[COMRAM] int 
 Registers used:
		wreg, fsr2l, fsr2h, status,2, status,0
 Tracked objects:
		On entry : 
		On exit  : 
		Unchanged: 
 Data sizes:     COMRAM   BANK0   BANK1   BANK2   BANK3   BANK4   BANK5
      Params:         2       0       0       0       0       0       0
      Locals:         0       0       0       0       0       0       0
      Temps:          0       0       0       0       0       0       0
      Totals:         2       0       0       0       0       0       0
Total ram usage:        2 bytes
 Hardware stack levels used:    1
 This function calls:
		Nothing
 This function is called by:
		_EUSART1_Transmit_ISR
 This function uses a non-reentrant model


 *************** function i2_UART_buff_get *****************
 Defined at:
		line 81 in file "UART.c"
 Parameters:    Size  Location     Type
  _this           2    6[COMRAM] PTR struct UART_ring_buf
		 -> output_buffer(206), input_buffer(206), 
 Auto vars:     Size  Location     Type
  UART_buff_ge    1   10[COMRAM] unsigned char 
 Return value:  Size  Location     Type
                  1    wreg      unsigned char 
 Registers used:
		wreg, fsr2l, fsr2h, status,2, status,0, cstack
 Tracked objects:
		On entry : 
		On exit  : 
		Unchanged: 
 Data sizes:     COMRAM   BANK0   BANK1   BANK2   BANK3   BANK4   BANK5
      Params:         2       0       0       0       0       0       0
      Locals:         1       0       0       0       0       0       0
      Temps:          2       0       0       0       0       0       0
      Totals:         5       0       0       0       0       0       0
Total ram usage:        5 bytes
 Hardware stack levels used:    1
 Hardware stack levels required when called:    1
 This function calls:
		i2_UART_buff_modulo_inc
 This function is called by:
		_EUSART1_Transmit_ISR
 This function uses a non-reentrant model


 *************** function _EUSART1_Receive_ISR *****************
 Defined at:
		line 139 in file "UART.c"
 Parameters:    Size  Location     Type
		None
 Auto vars:     Size  Location     Type
  data            1   11[COMRAM] unsigned char 
 Return value:  Size  Location     Type
                  1    wreg      void 
 Registers used:
		wreg, fsr2l, fsr2h, status,2, status,0, cstack
 Tracked objects:
		On entry : 
		On exit  : 
		Unchanged: 
 Data sizes:     COMRAM   BANK0   BANK1   BANK2   BANK3   BANK4   BANK5
      Params:         0       0       0       0       0       0       0
      Locals:         1       0       0       0       0       0       0
      Temps:          0       0       0       0       0       0       0
      Totals:         1       0       0       0       0       0       0
Total ram usage:        1 bytes
 Hardware stack levels used:    1
 Hardware stack levels required when called:    2
 This function calls:
		i2_UART_buff_put
 This function is called by:
		_INTERRUPT_InterruptManager
 This function uses a non-reentrant model


 *************** function i2_UART_buff_put *****************
 Defined at:
		line 68 in file "UART.c"
 Parameters:    Size  Location     Type
  _this           2    6[COMRAM] PTR struct UART_ring_buf
		 -> output_buffer(206), input_buffer(206), 
  c               1    8[COMRAM] const unsigned char 
 Auto vars:     Size  Location     Type
		None
 Return value:  Size  Location     Type
                  1    wreg      void 
 Registers used:
		wreg, fsr2l, fsr2h, status,2, status,0, cstack
 Tracked objects:
		On entry : 
		On exit  : 
		Unchanged: 
 Data sizes:     COMRAM   BANK0   BANK1   BANK2   BANK3   BANK4   BANK5
      Params:         3       0       0       0       0       0       0
      Locals:         0       0       0       0       0       0       0
      Temps:          2       0       0       0       0       0       0
      Totals:         5       0       0       0       0       0       0
Total ram usage:        5 bytes
 Hardware stack levels used:    1
 Hardware stack levels required when called:    1
 This function calls:
		i2_UART_buff_modulo_inc
 This function is called by:
		_EUSART1_Receive_ISR
 This function uses a non-reentrant model


 *************** function i2_UART_buff_modulo_inc *****************
 Defined at:
		line 106 in file "UART.c"
 Parameters:    Size  Location     Type
  value           2    0[COMRAM] const unsigned int 
  modulus         2    2[COMRAM] const unsigned int 
 Auto vars:     Size  Location     Type
  UART_buff_mo    2    4[COMRAM] unsigned int 
 Return value:  Size  Location     Type
                  2    0[COMRAM] unsigned int 
 Registers used:
		wreg, status,2, status,0
 Tracked objects:
		On entry : 
		On exit  : 
		Unchanged: 
 Data sizes:     COMRAM   BANK0   BANK1   BANK2   BANK3   BANK4   BANK5
      Params:         4       0       0       0       0       0       0
      Locals:         2       0       0       0       0       0       0
      Temps:          0       0       0       0       0       0       0
      Totals:         6       0       0       0       0       0       0
Total ram usage:        6 bytes
 Hardware stack levels used:    1
 This function calls:
		Nothing
 This function is called by:
		i2_UART_buff_put
		i2_UART_buff_get
 This function uses a non-reentrant model



MODULE INFORMATION

Module		Function		Class		Link	Load	Size
C:\Program Files (x86)\Microchip\xc8\v1.37\sources\common\memset.c
		_memset        		CODE           	1642	0000	45

C:\Program Files (x86)\Microchip\xc8\v1.37\sources\common\memset.c estimated size: 45

FastTransfer.c
		_FastTransfer_buffer_put		CODE           	074E	0000	373
		_CRC8          		CODE           	14FA	0000	75
		_receiveData   		CODE           	00A4	0000	1707
		_begin         		CODE           	1454	0000	89
		_sendData      		CODE           	0A1E	0000	331
		_CRCcheck      		CODE           	08C2	0000	349
		_FastTransfer_buffer_modulo_inc		CODE           	166E	0000	43
		_crcBufS_status_put		CODE           	1042	0000	215
		_crcBufS_get   		CODE           	0D9C	0000	243
		_crcBufS_put   		CODE           	0F6A	0000	217
		_FastTransfer_buffer_flush		CODE           	12C0	0000	109
		_ToSend        		CODE           	1710	0000	31

FastTransfer.c estimated size: 3782

UART.c
		_EUSART1_Initialize		CODE           	1544	0000	61
		_Receive_get   		CODE           	1856	0000	15
		_Receive_peek  		CODE           	1848	0000	15
		_UART_buff_modulo_inc		CODE           	1698	0000	43
		_Receive_available		CODE           	17D0	0000	23
		_EUSART1_Receive_ISR		CODE           	176A	0000	31
		_UART_buff_get 		CODE           	1118	0000	147
		_UART_buff_put 		CODE           	0B68	0000	283
		_Send_put      		CODE           	15E6	0000	49
		_EUSART1_Transmit_ISR		CODE           	15B4	0000	51
		_UART_buff_peek		CODE           	16EC	0000	37
		_UART_buff_size		CODE           	17E6	0000	23
		_UART_buff_init		CODE           	174C	0000	31

UART.c estimated size: 809

Communications.c
		_updateComms   		CODE           	1838	0000	17
		_ComStart      		CODE           	13FC	0000	89
		_respondECU    		CODE           	1394	0000	105

Communications.c estimated size: 211

C:\Program Files (x86)\Microchip\xc8\v1.37\sources\common\awdiv.c
		___awdiv       		CODE           	123C	0000	133

C:\Program Files (x86)\Microchip\xc8\v1.37\sources\common\awdiv.c estimated size: 133

tmr0.c
		_GetTime       		CODE           	1826	0000	19
		_SetTime       		CODE           	1812	0000	21
		_TMR0_StartTimer		CODE           	1864	0000	5
		_TMR0_ISR      		CODE           	1788	0000	27
		_TMR0_Initialize		CODE           	172E	0000	31

tmr0.c estimated size: 103

Main.c
		_main          		CODE           	1616	0000	45

Main.c estimated size: 45

shared
		i2_UART_buff_modulo_inc		CODE           	16C2	0000	43
		i2_UART_buff_size		CODE           	17FC	0000	23
		__initialization		CODE           	132C	0000	91
		i2_UART_buff_get		CODE           	11AA	0000	147
		i2_UART_buff_put		CODE           	0C82	0000	283

shared estimated size: 587

Function.c
		_GetFaults     		CODE           	17BA	0000	23
		_INTERRUPT_Initialize		CODE           	17A2	0000	25
		_Start         		CODE           	14AC	0000	79
		_INTERRUPT_InterruptManager		CODE           	0008	0000	153
		_Delay         		CODE           	1580	0000	53
		_ReadFaults    		CODE           	0E8E	0000	221

Function.c estimated size: 554

