Microchip MPLAB XC8 Compiler V1.33 ()

Linker command line:

--edf=C:\Program Files (x86)\Microchip\xc8\v1.33\dat\en_msgs.txt -cs \
  -h+dist/default/production\TSS.X.production.sym \
  --cmf=dist/default/production\TSS.X.production.cmf -z -w9 --norlf \
  -Q18F45K22 -Mdist/default/production/TSS.X.production.map -E1 -ver=XC8 \
  -ACODE=00h-07FFFh -ACONST=00h-07FFFh -ASMALLCONST=0600h-06FFhx122 \
  -AMEDIUMCONST=0600h-07FFFh -ACOMRAM=01h-05Fh -AABS1=00h-05FFh \
  -ABIGRAM=01h-05FFh -ARAM=060h-0FFh,0100h-01FFhx5 -ABANK0=060h-0FFh \
  -ABANK1=0100h-01FFh -ABANK2=0200h-02FFh -ABANK3=0300h-03FFh \
  -ABANK4=0400h-04FFh -ABANK5=0500h-05FFh -ASFR=0F38h-0F5Fh,0F60h-0FFFh \
  -preset_vec=00h,intcode,intcodelo,powerup,init,end_init -pramtop=0600h \
  -psmallconst=SMALLCONST -pmediumconst=MEDIUMCONST -pconst=CONST \
  -AFARRAM=00h-00h -ACONFIG=0300000h-030000Dh -pconfig=CONFIG \
  -AIDLOC=0200000h-0200007h -pidloc=IDLOC -AEEDATA=0F00000h-0F000FFh \
  -peeprom_data=EEDATA \
  -prdata=COMRAM,nvrram=COMRAM,nvbit=COMRAM,rbss=COMRAM,rbit=COMRAM \
  -pfarbss=FARRAM,fardata=FARRAM,nvFARRAM=FARRAM \
  -pintsave_regs=BIGRAM,bigbss=BIGRAM,bigdata=BIGRAM -pbss=RAM \
  -pidata=CODE,irdata=CODE,ibigdata=CODE,ifardata=CODE \
  C:\Users\Rick\AppData\Local\Temp\sbfk.obj \
  dist/default/production\TSS.X.production.obj 

Object code version is 3.11

Machine type is 18F45K22

Call graph: (short form)




                Name                               Link     Load   Length Selector   Space Scale
C:\Users\Rick\AppData\Local\Temp\sbfk.obj
                end_init                             D0       D0        4        0       0
dist/default/production\TSS.X.production.obj
                intcode                               0        0       D0        0       0
                text49                             6FA6     6FA6        4     37D3       0
                text48                             6F9C     6F9C        2     37CE       0
                text47                             7004     7004       18     3802       0
                text46                             6F9E     6F9E        2     37CF       0
                text45                             701C     701C       18     380E       0
                text44                             7154     7154       30     38AA       0
                text43                             71B4     71B4       34     38DA       0
                text42                             6FA0     6FA0        2     37D0       0
                text41                             7034     7034       18     381A       0
                text40                             72FC     72FC       3E     397E       0
                text39                             7DAA     7DAA      256     3ED5       0
                text38                             6FA2     6FA2        2     37D1       0
                text37                             6FB2     6FB2        8     37D9       0
                text35                             704C     704C       18     3826       0
                text34                             7064     7064       18     3832       0
                text33                             707C     707C       18     383E       0
                text32                             71E8     71E8       34     38F4       0
                text31                             7250     7250       36     3928       0
                text30                             6FDA     6FDA       14     37ED       0
                text29                             6FBA     6FBA        E     37DD       0
                text28                             737A     737A       44     39BD       0
                text27                             6FAA     6FAA        4     37D5       0
                text26                             7094     7094       20     384A       0
                text25                             6FAE     6FAE        4     37D7       0
                text24                             6FEE     6FEE       16     37F7       0
                text23                             70D4     70D4       2A     386A       0
                text22                             7184     7184       30     38C2       0
                text21                             744A     744A       52     3A25       0
                text20                             749C     749C       58     3A4E       0
                text19                             6FA4     6FA4        2     37D2       0
                text18                             6FC8     6FC8       12     37E4       0
                text17                             75BE     75BE       6E     3ADF       0
                text16                             7402     7402       48     3A01       0
                text15                             7902     7902       EA     3C81       0
                text14                             7824     7824       DE     3C12       0
                text13                             76AE     76AE       A0     3B57       0
                text12                             7B5C     7B5C      24E     3DAE       0
                text11                             721C     721C       34     390E       0
                text10                             70FE     70FE       2A     387F       0
                text9                              79EC     79EC      170     3CF6       0
                text8                              70B4     70B4       20     385A       0
                text7                              7556     7556       68     3AAB       0
                text6                              7128     7128       2C     3894       0
                text5                              74F4     74F4       62     3A7A       0
                text4                              774E     774E       D6     3BA7       0
                text3                              762C     762C       82     3B16       0
                text2                              73BE     73BE       44     39DF       0
                text1                              72C0     72C0       3C     3960       0
                text0                              733A     733A       40     399D       0
                cstackCOMRAM                          1        1       24        1       1
                cstackBANK0                          E1       E1       13       60       1
                bssBANK2                            200      200       C8      200       1
                bssBANK1                            100      100       CE      100       1
                bssBANK0                             60       60       81       60       1
                bssCOMRAM                            25       25       1D        1       1
                cinit                              7286     7286       3A     3943       0
                nvCOMRAM                             42       42        A        1       1

TOTAL           Name                               Link     Load   Length     Space
        CLASS   CODE           
                end_init                             D0       D0        4         0
                intcode                               0        0       D0         0
                text49                             6FA6     6FA6        4         0
                text48                             6F9C     6F9C        2         0
                text47                             7004     7004       18         0
                text46                             6F9E     6F9E        2         0
                text45                             701C     701C       18         0
                text44                             7154     7154       30         0
                text43                             71B4     71B4       34         0
                text42                             6FA0     6FA0        2         0
                text41                             7034     7034       18         0
                text40                             72FC     72FC       3E         0
                text39                             7DAA     7DAA      256         0
                text38                             6FA2     6FA2        2         0
                text37                             6FB2     6FB2        8         0
                text35                             704C     704C       18         0
                text34                             7064     7064       18         0
                text33                             707C     707C       18         0
                text32                             71E8     71E8       34         0
                text31                             7250     7250       36         0
                text30                             6FDA     6FDA       14         0
                text29                             6FBA     6FBA        E         0
                text28                             737A     737A       44         0
                text27                             6FAA     6FAA        4         0
                text26                             7094     7094       20         0
                text25                             6FAE     6FAE        4         0
                text24                             6FEE     6FEE       16         0
                text23                             70D4     70D4       2A         0
                text22                             7184     7184       30         0
                text21                             744A     744A       52         0
                text20                             749C     749C       58         0
                text19                             6FA4     6FA4        2         0
                text18                             6FC8     6FC8       12         0
                text17                             75BE     75BE       6E         0
                text16                             7402     7402       48         0
                text15                             7902     7902       EA         0
                text14                             7824     7824       DE         0
                text13                             76AE     76AE       A0         0
                text12                             7B5C     7B5C      24E         0
                text11                             721C     721C       34         0
                text10                             70FE     70FE       2A         0
                text9                              79EC     79EC      170         0
                text8                              70B4     70B4       20         0
                text7                              7556     7556       68         0
                text6                              7128     7128       2C         0
                text5                              74F4     74F4       62         0
                text4                              774E     774E       D6         0
                text3                              762C     762C       82         0
                text2                              73BE     73BE       44         0
                text1                              72C0     72C0       3C         0
                text0                              733A     733A       40         0
                cinit                              7286     7286       3A         0

        CLASS   CONST          

        CLASS   SMALLCONST     

        CLASS   MEDIUMCONST    

        CLASS   COMRAM         
                cstackCOMRAM                          1        1       24         1
                bssCOMRAM                            25       25       1D         1
                nvCOMRAM                             42       42        A         1

        CLASS   ABS1           

        CLASS   BIGRAM         

        CLASS   RAM            

        CLASS   BANK0          
                cstackBANK0                          E1       E1       13         1
                bssBANK0                             60       60       81         1

        CLASS   BANK1          
                bssBANK1                            100      100       CE         1

        CLASS   BANK2          
                bssBANK2                            200      200       C8         1

        CLASS   BANK3          

        CLASS   BANK4          

        CLASS   BANK5          

        CLASS   SFR            

        CLASS   FARRAM         

        CLASS   CONFIG         

        CLASS   IDLOC          

        CLASS   EEDATA         

        CLASS   STACK          



SEGMENTS        Name                           Load    Length   Top    Selector   Space  Class

                reset_vec                      000000  0000D4  0000D4         0       0  CODE    
                cstackCOMRAM                   000001  00004B  00004C         1       1  COMRAM  
                bssBANK0                       000060  000094  0000F4        60       1  BANK0   
                bssBANK1                       000100  0000CE  0001CE       100       1  BANK1   
                bssBANK2                       000200  0000C8  0002C8       200       1  BANK2   
                text48                         006F9C  000002  006F9E      37CE       0  CODE    
                text46                         006F9E  000002  006FA0      37CF       0  CODE    
                text42                         006FA0  000002  006FA2      37D0       0  CODE    
                text38                         006FA2  000002  006FA4      37D1       0  CODE    
                text19                         006FA4  000002  006FA6      37D2       0  CODE    
                text49                         006FA6  000004  006FAA      37D3       0  CODE    
                text27                         006FAA  000004  006FAE      37D5       0  CODE    
                text25                         006FAE  000004  006FB2      37D7       0  CODE    
                text37                         006FB2  000008  006FBA      37D9       0  CODE    
                text29                         006FBA  00000E  006FC8      37DD       0  CODE    
                text18                         006FC8  000012  006FDA      37E4       0  CODE    
                text30                         006FDA  000014  006FEE      37ED       0  CODE    
                text24                         006FEE  000016  007004      37F7       0  CODE    
                text47                         007004  000018  00701C      3802       0  CODE    
                text45                         00701C  000018  007034      380E       0  CODE    
                text41                         007034  000018  00704C      381A       0  CODE    
                text35                         00704C  000018  007064      3826       0  CODE    
                text34                         007064  000018  00707C      3832       0  CODE    
                text33                         00707C  000018  007094      383E       0  CODE    
                text26                         007094  000020  0070B4      384A       0  CODE    
                text8                          0070B4  000020  0070D4      385A       0  CODE    
                text23                         0070D4  00002A  0070FE      386A       0  CODE    
                text10                         0070FE  00002A  007128      387F       0  CODE    
                text6                          007128  00002C  007154      3894       0  CODE    
                text44                         007154  000030  007184      38AA       0  CODE    
                text22                         007184  000030  0071B4      38C2       0  CODE    
                text43                         0071B4  000034  0071E8      38DA       0  CODE    
                text32                         0071E8  000034  00721C      38F4       0  CODE    
                text11                         00721C  000034  007250      390E       0  CODE    
                text31                         007250  000036  007286      3928       0  CODE    
                cinit                          007286  00003A  0072C0      3943       0  CODE    
                text1                          0072C0  00003C  0072FC      3960       0  CODE    
                text40                         0072FC  00003E  00733A      397E       0  CODE    
                text0                          00733A  000040  00737A      399D       0  CODE    
                text28                         00737A  000044  0073BE      39BD       0  CODE    
                text2                          0073BE  000044  007402      39DF       0  CODE    
                text16                         007402  000048  00744A      3A01       0  CODE    
                text21                         00744A  000052  00749C      3A25       0  CODE    
                text20                         00749C  000058  0074F4      3A4E       0  CODE    
                text5                          0074F4  000062  007556      3A7A       0  CODE    
                text7                          007556  000068  0075BE      3AAB       0  CODE    
                text17                         0075BE  00006E  00762C      3ADF       0  CODE    
                text3                          00762C  000082  0076AE      3B16       0  CODE    
                text13                         0076AE  0000A0  00774E      3B57       0  CODE    
                text4                          00774E  0000D6  007824      3BA7       0  CODE    
                text14                         007824  0000DE  007902      3C12       0  CODE    
                text15                         007902  0000EA  0079EC      3C81       0  CODE    
                text9                          0079EC  000170  007B5C      3CF6       0  CODE    
                text12                         007B5C  00024E  007DAA      3DAE       0  CODE    
                text39                         007DAA  000256  008000      3ED5       0  CODE    


UNUSED ADDRESS RANGES

        Name                Unused          Largest block    Delta
        BANK0            00F4-00FF              C
        BANK1            01CE-01FF             32
        BANK2            02C8-02FF             38
        BANK3            0300-03FF            100
        BANK4            0400-04FF            100
        BANK5            0500-05FF            100
        BIGRAM           004C-005F             14
                         00F4-00FF              C
                         01CE-01FF             32
                         02C8-05FF            338
        CODE             00D4-6F9B           6EC8
        COMRAM           004C-005F             14
        CONFIG           300000-30000D              E
        CONST            00D4-6F9B           6EC8
        EEDATA           F00000-F000FF            100
        IDLOC            200000-200007              8
        MEDIUMCONST      0600-6F9B           699C
        RAM              00F4-00FF              C
                         01CE-01FF             32
                         02C8-05FF            100
        SFR              0F38-0FFF             28
        SMALLCONST       0600-6F9B            100

                                  Symbol Table

_GetButtonState                                           
_INTERRUPT_InterruptManager              intcode      0000
_SetLEDOut                                                
__CFG_BOREN$SBORDIS                      (abs)        0000
__CFG_BORV$190                           (abs)        0000
__CFG_CCP2MX$PORTC1                      (abs)        0000
__CFG_CCP3MX$PORTB5                      (abs)        0000
__CFG_CP0$OFF                            (abs)        0000
__CFG_CP1$OFF                            (abs)        0000
__CFG_CP2$OFF                            (abs)        0000
__CFG_CP3$OFF                            (abs)        0000
__CFG_CPB$OFF                            (abs)        0000
__CFG_CPD$OFF                            (abs)        0000
__CFG_DEBUG$OFF                          (abs)        0000
__CFG_EBTR0$OFF                          (abs)        0000
__CFG_EBTR1$OFF                          (abs)        0000
__CFG_EBTR2$OFF                          (abs)        0000
__CFG_EBTR3$OFF                          (abs)        0000
__CFG_EBTRB$OFF                          (abs)        0000
__CFG_FCMEN$OFF                          (abs)        0000
__CFG_FOSC$INTIO67                       (abs)        0000
__CFG_HFOFST$ON                          (abs)        0000
__CFG_IESO$OFF                           (abs)        0000
__CFG_LVP$OFF                            (abs)        0000
__CFG_MCLRE$EXTMCLR                      (abs)        0000
__CFG_P2BMX$PORTD2                       (abs)        0000
__CFG_PBADEN$ON                          (abs)        0000
__CFG_PLLCFG$OFF                         (abs)        0000
__CFG_PRICLKEN$OFF                       (abs)        0000
__CFG_PWRTEN$OFF                         (abs)        0000
__CFG_STVREN$ON                          (abs)        0000
__CFG_T3CMX$PORTC0                       (abs)        0000
__CFG_WDTEN$OFF                          (abs)        0000
__CFG_WDTPS$32768                        (abs)        0000
__CFG_WRT0$OFF                           (abs)        0000
__CFG_WRT1$OFF                           (abs)        0000
__CFG_WRT2$OFF                           (abs)        0000
__CFG_WRT3$OFF                           (abs)        0000
__CFG_WRTB$OFF                           (abs)        0000
__CFG_WRTC$OFF                           (abs)        0000
__CFG_WRTD$OFF                           (abs)        0000
__CFG_XINST$OFF                          (abs)        0000
__HRAM                                   (abs)        0000
__Habs1                                  abs1         0000
__Hbank0                                 bank0        0000
__Hbank1                                 bank1        0000
__Hbank2                                 bank2        0000
__Hbank3                                 bank3        0000
__Hbank4                                 bank4        0000
__Hbank5                                 bank5        0000
__Hbigbss                                bigbss       0000
__Hbigdata                               bigdata      0000
__Hbigram                                bigram       0000
__Hbss                                   bss          0000
__HbssBANK0                              bssBANK0     0000
__HbssBANK1                              bssBANK1     0000
__HbssBANK2                              bssBANK2     0000
__HbssCOMRAM                             bssCOMRAM    0000
__Hcinit                                 cinit        0000
__Hclrtext                               clrtext      0000
__Hcomram                                comram       0000
__Hconfig                                config       0000
__Hconst                                 const        0000
__HcstackBANK0                           cstackBANK0  0000
__HcstackCOMRAM                          cstackCOMRAM 0000
__Hdata                                  data         0000
__Heeprom_data                           eeprom_data  0000
__Hfarbss                                farbss       0000
__Hfardata                               fardata      0000
__Hibigdata                              ibigdata     0000
__Hidata                                 idata        0000
__Hidloc                                 idloc        0000
__Hifardata                              ifardata     0000
__Hintcode_body                          intcode_body 0000
__Hintentry                              intentry     0000
__Hintret                                intret       0000
__Hintsave_regs                          intsave_regs 0000
__Hirdata                                irdata       0000
__Hmediumconst                           mediumconst  0000
__HnvCOMRAM                              nvCOMRAM     0000
__HnvFARRAM                              nvFARRAM     0000
__Hnvbit                                 nvbit        0000
__Hnvrram                                nvrram       0000
__Hparam                                 rparam       0000
__Hram                                   ram          0000
__Hrbit                                  rbit         0000
__Hrbss                                  rbss         0000
__Hrdata                                 rdata        0000
__Hreset_vec                             reset_vec    0000
__Hrparam                                rparam       0000
__Hsfr                                   sfr          0000
__Hsmallconst                            smallconst   0000
__Hspace_2                               (abs)        0000
__Hstack                                 stack        0000
__Hstruct                                struct       0000
__Htemp                                  temp         0000
__Htext                                  text         0000
__Htext0                                 text0        0000
__Htext1                                 text1        0000
__Htext10                                text10       0000
__Htext11                                text11       0000
__Htext12                                text12       0000
__Htext13                                text13       0000
__Htext14                                text14       0000
__Htext15                                text15       0000
__Htext16                                text16       0000
__Htext17                                text17       0000
__Htext18                                text18       0000
__Htext19                                text19       0000
__Htext2                                 text2        0000
__Htext20                                text20       0000
__Htext21                                text21       0000
__Htext22                                text22       0000
__Htext23                                text23       0000
__Htext24                                text24       0000
__Htext25                                text25       0000
__Htext26                                text26       0000
__Htext27                                text27       0000
__Htext28                                text28       0000
__Htext29                                text29       0000
__Htext3                                 text3        0000
__Htext30                                text30       0000
__Htext31                                text31       0000
__Htext32                                text32       0000
__Htext33                                text33       0000
__Htext34                                text34       0000
__Htext35                                text35       0000
__Htext37                                text37       0000
__Htext38                                text38       0000
__Htext39                                text39       0000
__Htext4                                 text4        0000
__Htext40                                text40       0000
__Htext41                                text41       0000
__Htext42                                text42       0000
__Htext43                                text43       0000
__Htext44                                text44       0000
__Htext45                                text45       0000
__Htext46                                text46       0000
__Htext47                                text47       0000
__Htext48                                text48       0000
__Htext49                                text49       0000
__Htext5                                 text5        0000
__Htext6                                 text6        0000
__Htext7                                 text7        0000
__Htext8                                 text8        0000
__Htext9                                 text9        0000
__Labs1                                  abs1         0000
__Lbank0                                 bank0        0000
__Lbank1                                 bank1        0000
__Lbank2                                 bank2        0000
__Lbank3                                 bank3        0000
__Lbank4                                 bank4        0000
__Lbank5                                 bank5        0000
__Lbigbss                                bigbss       0000
__Lbigdata                               bigdata      0000
__Lbigram                                bigram       0000
__Lbss                                   bss          0000
__LbssBANK0                              bssBANK0     0000
__LbssBANK1                              bssBANK1     0000
__LbssBANK2                              bssBANK2     0000
__LbssCOMRAM                             bssCOMRAM    0000
__Lcinit                                 cinit        0000
__Lclrtext                               clrtext      0000
__Lcomram                                comram       0000
__Lconfig                                config       0000
__Lconst                                 const        0000
__LcstackBANK0                           cstackBANK0  0000
__LcstackCOMRAM                          cstackCOMRAM 0000
__Ldata                                  data         0000
__Leeprom_data                           eeprom_data  0000
__Lfarbss                                farbss       0000
__Lfardata                               fardata      0000
__Libigdata                              ibigdata     0000
__Lidata                                 idata        0000
__Lidloc                                 idloc        0000
__Lifardata                              ifardata     0000
__Lintcode                               intcode      0000
__Lintcode_body                          intcode_body 0000
__Lintentry                              intentry     0000
__Lintret                                intret       0000
__Lintsave_regs                          intsave_regs 0000
__Lirdata                                irdata       0000
__Lmediumconst                           mediumconst  0000
__LnvCOMRAM                              nvCOMRAM     0000
__LnvFARRAM                              nvFARRAM     0000
__Lnvbit                                 nvbit        0000
__Lnvrram                                nvrram       0000
__Lparam                                 rparam       0000
__Lram                                   ram          0000
__Lrbit                                  rbit         0000
__Lrbss                                  rbss         0000
__Lrdata                                 rdata        0000
__Lreset_vec                             reset_vec    0000
__Lrparam                                rparam       0000
__Lsfr                                   sfr          0000
__Lsmallconst                            smallconst   0000
__Lspace_0                               (abs)        0000
__Lspace_1                               (abs)        0000
__Lspace_2                               (abs)        0000
__Lstack                                 stack        0000
__Lstruct                                struct       0000
__Ltemp                                  temp         0000
__Ltext                                  text         0000
__Ltext0                                 text0        0000
__Ltext1                                 text1        0000
__Ltext10                                text10       0000
__Ltext11                                text11       0000
__Ltext12                                text12       0000
__Ltext13                                text13       0000
__Ltext14                                text14       0000
__Ltext15                                text15       0000
__Ltext16                                text16       0000
__Ltext17                                text17       0000
__Ltext18                                text18       0000
__Ltext19                                text19       0000
__Ltext2                                 text2        0000
__Ltext20                                text20       0000
__Ltext21                                text21       0000
__Ltext22                                text22       0000
__Ltext23                                text23       0000
__Ltext24                                text24       0000
__Ltext25                                text25       0000
__Ltext26                                text26       0000
__Ltext27                                text27       0000
__Ltext28                                text28       0000
__Ltext29                                text29       0000
__Ltext3                                 text3        0000
__Ltext30                                text30       0000
__Ltext31                                text31       0000
__Ltext32                                text32       0000
__Ltext33                                text33       0000
__Ltext34                                text34       0000
__Ltext35                                text35       0000
__Ltext37                                text37       0000
__Ltext38                                text38       0000
__Ltext39                                text39       0000
__Ltext4                                 text4        0000
__Ltext40                                text40       0000
__Ltext41                                text41       0000
__Ltext42                                text42       0000
__Ltext43                                text43       0000
__Ltext44                                text44       0000
__Ltext45                                text45       0000
__Ltext46                                text46       0000
__Ltext47                                text47       0000
__Ltext48                                text48       0000
__Ltext49                                text49       0000
__Ltext5                                 text5        0000
__Ltext6                                 text6        0000
__Ltext7                                 text7        0000
__Ltext8                                 text8        0000
__Ltext9                                 text9        0000
___inthi_sp                              stack        0000
___intlo_sp                              stack        0000
___sp                                    stack        0000
__mediumconst                            mediumconst  0000
__pintcode                               intcode      0000
__size_of_ADC_GetConversion              (abs)        0000
__size_of_ADC_ISR                        (abs)        0000
__size_of_ADC_Initialize                 (abs)        0000
__size_of_CRC8                           (abs)        0000
__size_of_CRCcheck                       (abs)        0000
__size_of_Delay                          (abs)        0000
__size_of_ECCP1_CallBack                 (abs)        0000
__size_of_ECCP1_CaptureISR               (abs)        0000
__size_of_ECCP1_Initialize               (abs)        0000
__size_of_ECCP2_CallBack                 (abs)        0000
__size_of_ECCP2_CaptureISR               (abs)        0000
__size_of_ECCP2_Initialize               (abs)        0000
__size_of_EUSART1_Initialize             (abs)        0000
__size_of_EUSART1_Receive_ISR            (abs)        0000
__size_of_EUSART1_Transmit_ISR           (abs)        0000
__size_of_FastTransfer_buffer_flush      (abs)        0000
__size_of_FastTransfer_buffer_modulo_inc (abs)        0000
__size_of_FastTransfer_buffer_put        (abs)        0000
__size_of_I2C1_BusCollisionISR           (abs)        0000
__size_of_I2C1_FunctionComplete          (abs)        0000
__size_of_I2C1_ISR                       (abs)        0000
__size_of_I2C1_Initialize                (abs)        0000
__size_of_I2C1_Stop                      (abs)        0000
__size_of_INTERRUPT_Initialize           (abs)        0000
__size_of_INTERRUPT_InterruptManager     (abs)        0000
__size_of_OSCILLATOR_Initialize          (abs)        0000
__size_of_PIN_MANAGER_Initialize         (abs)        0000
__size_of_SYSTEM_Initialize              (abs)        0000
__size_of_TBbarGraphs                    (abs)        0000
__size_of_TMR1_Initialize                (abs)        0000
__size_of_TMR1_StartTimer                (abs)        0000
__size_of_TMR2_CallBack                  (abs)        0000
__size_of_TMR2_ISR                       (abs)        0000
__size_of_TMR2_Initialize                (abs)        0000
__size_of_TMR2_StartTimer                (abs)        0000
__size_of_TempCalc                       (abs)        0000
__size_of_TempGet                        (abs)        0000
__size_of_ToSend                         (abs)        0000
__size_of___lwdiv                        (abs)        0000
__size_of_buttonsCollector               (abs)        0000
__size_of_crcBufS_get                    (abs)        0000
__size_of_crcBufS_put                    (abs)        0000
__size_of_crcBufS_status_put             (abs)        0000
__size_of_handleIndicators               (abs)        0000
__size_of_main                           (abs)        0000
__size_of_memset                         (abs)        0000
__size_of_receiveData                    (abs)        0000
__size_of_respondECU                     (abs)        0000
__size_of_sendData                       (abs)        0000
__size_of_updateComms                    (abs)        0000
__smallconst                             smallconst   0000
intlevel0                                text         0000
intlevel1                                text         0000
intlevel2                                text         0000
intlevel3                                text         0000
stackhi                                  (abs)        0000
stacklo                                  (abs)        0000
ECCP1_CallBack@capturedValue             cstackCOMRAM 0001
ECCP2_CallBack@capturedValue             cstackCOMRAM 0001
__LRAM                                   (abs)        0001
__pcstackCOMRAM                          cstackCOMRAM 0001
__activetblptr                           (abs)        0002
ECCP1_CaptureISR@module                  cstackCOMRAM 0003
ECCP2_CaptureISR@module                  cstackCOMRAM 0003
I2C1_Stop@completion_code                cstackCOMRAM 0003
?_ADC_GetConversion                      cstackCOMRAM 0015
?_FastTransfer_buffer_modulo_inc         cstackCOMRAM 0015
CRC8@data                                cstackCOMRAM 0015
Delay@wait                               cstackCOMRAM 0015
FastTransfer_buffer_modulo_inc@value     cstackCOMRAM 0015
TBbarGraphs@t                            cstackCOMRAM 0015
TempGet@x                                cstackCOMRAM 0015
_GetButtonState$0                        cstackCOMRAM 0015
_SetLEDOut$0                             cstackCOMRAM 0015
crcBufS_get@_this                        cstackCOMRAM 0015
crcBufS_put@_this                        cstackCOMRAM 0015
crcBufS_status_put@_this                 cstackCOMRAM 0015
memset@p1                                cstackCOMRAM 0015
?_buttonsCollector                       cstackCOMRAM 0017
CRC8@len                                 cstackCOMRAM 0017
FastTransfer_buffer_modulo_inc@modulus   cstackCOMRAM 0017
TBbarGraphs@b                            cstackCOMRAM 0017
_SetLEDOut$1                             cstackCOMRAM 0017
crcBufS_get@time                         cstackCOMRAM 0017
crcBufS_put@address                      cstackCOMRAM 0017
crcBufS_status_put@time                  cstackCOMRAM 0017
memset@c                                 cstackCOMRAM 0017
CRC8@sum                                 cstackCOMRAM 0018
Delay@x                                  cstackCOMRAM 0018
crcBufS_get@space                        cstackCOMRAM 0018
crcBufS_put@oldCRC                       cstackCOMRAM 0018
crcBufS_status_put@status                cstackCOMRAM 0018
handleIndicators@receivedIndicators      cstackCOMRAM 0018
ADC_GetConversion@channel                cstackCOMRAM 0019
CRC8@extract                             cstackCOMRAM 0019
FastTransfer_buffer_modulo_inc@my_value  cstackCOMRAM 0019
crcBufS_put@status                       cstackCOMRAM 0019
memset@n                                 cstackCOMRAM 0019
?___lwdiv                                cstackCOMRAM 001A
CRC8@tempI                               cstackCOMRAM 001A
___lwdiv@dividend                        cstackCOMRAM 001A
CRC8@crc                                 cstackCOMRAM 001B
FastTransfer_buffer_put@_this            cstackCOMRAM 001B
memset@p                                 cstackCOMRAM 001B
___lwdiv@divisor                         cstackCOMRAM 001C
buttonsCollector@sendVal                 cstackCOMRAM 001C
FastTransfer_buffer_flush@_this          cstackCOMRAM 001D
FastTransfer_buffer_put@towhere          cstackCOMRAM 001D
crcBufS_status_put@wantedTime            cstackCOMRAM 001D
handleIndicators@i                       cstackCOMRAM 001D
FastTransfer_buffer_put@towhat           cstackCOMRAM 001E
___lwdiv@quotient                        cstackCOMRAM 001E
buttonsCollector@i                       cstackCOMRAM 001E
FastTransfer_buffer_flush@clearBuffer    cstackCOMRAM 001F
crcBufS_get@wantedTime                   cstackCOMRAM 001F
___lwdiv@counter                         cstackCOMRAM 0020
TempCalc@x                               cstackCOMRAM 0021
ToSend@what                              cstackCOMRAM 0022
ToSend@where                             cstackCOMRAM 0024
I2C1_ISR@pi2c_buf_ptr                    bssCOMRAM    0025
__pbssCOMRAM                             bssCOMRAM    0025
_p_i2c1_current                          bssCOMRAM    0027
_p_i2c1_trb_current                      bssCOMRAM    0029
_receiveArrayAddress                     bssCOMRAM    002B
I2C1_ISR@i2c_10bit_address_restart       bssCOMRAM    002D
I2C1_ISR@i2c_bytes_left                  bssCOMRAM    002E
_AKNAKsend                               bssCOMRAM    002F
_calc_CS                                 bssCOMRAM    0030
_eusart1RxCount                          bssCOMRAM    0031
_eusart1RxHead                           bssCOMRAM    0032
_eusart1RxTail                           bssCOMRAM    0033
_eusart1TxHead                           bssCOMRAM    0034
_eusart1TxTail                           bssCOMRAM    0035
_i2c1_state                              bssCOMRAM    0036
_i2c1_trb_count                          bssCOMRAM    0037
_maxDataAddress                          bssCOMRAM    0038
_moduleAddress                           bssCOMRAM    0039
_returnAddress                           bssCOMRAM    003A
_rx_address                              bssCOMRAM    003B
_rx_array_inx                            bssCOMRAM    003C
_rx_len                                  bssCOMRAM    003D
I2C1_ISR@i2c_address                     bssCOMRAM    003E
_group                                   bssCOMRAM    0040
__pnvCOMRAM                              nvCOMRAM     0042
_i2c1_object                             nvCOMRAM     0042
_timer1ReloadVal                         nvCOMRAM     0049
_eusart1TxBufferRemaining                nvCOMRAM     004B
__accesstop                              (abs)        0060
__pbssBANK0                              bssBANK0     0060
_receiveArray                            bssBANK0     0060
_TempData                                bssBANK0     0088
_eusart1RxBuffer                         bssBANK0     0092
_eusart1TxBuffer                         bssBANK0     009A
_TempOne                                 bssBANK0     00A2
_TempTwo                                 bssBANK0     00A4
_addressErrorCounter                     bssBANK0     00A6
_alignErrorCounter                       bssBANK0     00A8
_brake                                   bssBANK0     00AA
_crcErrorCounter                         bssBANK0     00AC
_dataAdressErrorCounter                  bssBANK0     00AE
_sendStructAddress                       bssBANK0     00B0
_serial_available                        bssBANK0     00B2
_serial_peek                             bssBANK0     00B4
_serial_read                             bssBANK0     00B6
_serial_write                            bssBANK0     00B8
_throttle                                bssBANK0     00BA
handleIndicators@oldIndicators           bssBANK0     00BC
_crc_buffer                              bssBANK0     00BE
I2C1_MasterRead@trBlock                  bssBANK0     00CF
__Hinit                                  init         00D0
__Hintcode                               intcode      00D0
__Hintcodelo                             intcodelo    00D0
__Hpowerup                               powerup      00D0
__Lend_init                              end_init     00D0
__Linit                                  init         00D0
__Lintcodelo                             intcodelo    00D0
__Lpowerup                               powerup      00D0
__end_of_INTERRUPT_InterruptManager      intcode      00D0
start                                    init         00D0
__Hend_init                              end_init     00D4
I2C1_MasterWrite@trBlock                 bssBANK0     00D5
_i2c1_tr_queue                           bssBANK0     00DB
CRCcheck@SentCRC                         cstackBANK0  00E1
__pcstackBANK0                           cstackBANK0  00E1
sendData@whereToSend                     cstackBANK0  00E1
CRCcheck@calculatedCRC                   cstackBANK0  00E2
sendData@CS                              cstackBANK0  00E2
CRCcheck@arrayHolder                     cstackBANK0  00E3
sendData@i                               cstackBANK0  00E3
CRCcheck@rt                              cstackBANK0  00E6
receiveData@crcHolder                    cstackBANK0  00E8
receiveData@crcHolder_1785               cstackBANK0  00E9
receiveData@holder                       cstackBANK0  00EA
receiveData@holder_1784                  cstackBANK0  00ED
receiveData@u                            cstackBANK0  00F0
receiveData@r                            cstackBANK0  00F2
__pbssBANK1                              bssBANK1     0100
_ring_buffer                             bssBANK1     0100
__pbssBANK2                              bssBANK2     0200
_rx_buffer                               bssBANK2     0200
__Hspace_1                               (abs)        02C8
__S1                                     (abs)        02C8
__Hramtop                                ramtop       0600
__Lramtop                                ramtop       0600
__ramtop                                 ramtop       0600
_ANSELA                                  (abs)        0F38
_ANSELB                                  (abs)        0F39
_ANSELC                                  (abs)        0F3A
_ANSELD                                  (abs)        0F3B
_ANSELE                                  (abs)        0F3C
_CCPTMRS0bits                            (abs)        0F49
_WPUB                                    (abs)        0F61
_CCP2CON                                 (abs)        0F66
_CCPR2L                                  (abs)        0F67
_CCPR2H                                  (abs)        0F68
_LATA                                    (abs)        0F89
_LATB                                    (abs)        0F8A
_LATC                                    (abs)        0F8B
_LATCbits                                (abs)        0F8B
_LATD                                    (abs)        0F8C
_LATE                                    (abs)        0F8D
_TRISA                                   (abs)        0F92
_TRISB                                   (abs)        0F93
_TRISC                                   (abs)        0F94
_TRISD                                   (abs)        0F95
_TRISE                                   (abs)        0F96
_OSCTUNE                                 (abs)        0F9B
_PIE1bits                                (abs)        0F9D
_PIR1bits                                (abs)        0F9E
_IPR1bits                                (abs)        0F9F
_PIE2bits                                (abs)        0FA0
_PIR2bits                                (abs)        0FA1
_IPR2bits                                (abs)        0FA2
_RC1STA                                  (abs)        0FAB
_RC1STAbits                              (abs)        0FAB
_TX1STA                                  (abs)        0FAC
_TXREG1                                  (abs)        0FAD
_RCREG1                                  (abs)        0FAE
_SPBRG1                                  (abs)        0FAF
_SPBRGH1                                 (abs)        0FB0
_BAUD1CON                                (abs)        0FB8
_T2CON                                   (abs)        0FBA
_T2CONbits                               (abs)        0FBA
_PR2                                     (abs)        0FBB
_TMR2                                    (abs)        0FBC
_CCP1CON                                 (abs)        0FBD
_CCPR1L                                  (abs)        0FBE
_CCPR1H                                  (abs)        0FBF
_ADCON2                                  (abs)        0FC0
_ADCON1                                  (abs)        0FC1
_ADCON0                                  (abs)        0FC2
_ADCON0bits                              (abs)        0FC2
_ADRESL                                  (abs)        0FC3
_ADRESH                                  (abs)        0FC4
_SSP1CON2bits                            (abs)        0FC5
_SSP1CON1                                (abs)        0FC6
_SSP1CON1bits                            (abs)        0FC6
_SSP1STAT                                (abs)        0FC7
_SSP1ADD                                 (abs)        0FC8
_SSP1BUF                                 (abs)        0FC9
_SSP1CON3                                (abs)        0FCB
_T1GCON                                  (abs)        0FCC
_T1GCONbits                              (abs)        0FCC
_T1CON                                   (abs)        0FCD
_T1CONbits                               (abs)        0FCD
_TMR1                                    (abs)        0FCE
_TMR1L                                   (abs)        0FCE
_TMR1H                                   (abs)        0FCF
_RCONbits                                (abs)        0FD0
_OSCCON2                                 (abs)        0FD2
_OSCCON                                  (abs)        0FD3
_INTCON2bits                             (abs)        0FF1
_INTCONbits                              (abs)        0FF2
_ECCP1_CallBack                          text48       6F9C
__ptext48                                text48       6F9C
_ECCP2_CallBack                          text46       6F9E
__end_of_ECCP1_CallBack                  text48       6F9E
__ptext46                                text46       6F9E
_I2C1_BusCollisionISR                    text42       6FA0
__end_of_ECCP2_CallBack                  text46       6FA0
__ptext42                                text42       6FA0
_TMR2_CallBack                           text38       6FA2
__end_of_I2C1_BusCollisionISR            text42       6FA2
__ptext38                                text38       6FA2
_TempGet                                 text19       6FA4
__end_of_TMR2_CallBack                   text38       6FA4
__ptext19                                text19       6FA4
_ADC_ISR                                 text49       6FA6
__end_of_TempGet                         text19       6FA6
__ptext49                                text49       6FA6
_TMR1_StartTimer                         text27       6FAA
__end_of_ADC_ISR                         text49       6FAA
__ptext27                                text27       6FAA
_TMR2_StartTimer                         text25       6FAE
__end_of_TMR1_StartTimer                 text27       6FAE
__ptext25                                text25       6FAE
_TMR2_ISR                                text37       6FB2
__end_of_TMR2_StartTimer                 text25       6FB2
__ptext37                                text37       6FB2
_OSCILLATOR_Initialize                   text29       6FBA
__end_of_TMR2_ISR                        text37       6FBA
__ptext29                                text29       6FBA
_TBbarGraphs                             text18       6FC8
__end_of_OSCILLATOR_Initialize           text29       6FC8
__ptext18                                text18       6FC8
_INTERRUPT_Initialize                    text30       6FDA
__end_of_TBbarGraphs                     text18       6FDA
__ptext30                                text30       6FDA
_TMR2_Initialize                         text24       6FEE
__end_of_INTERRUPT_Initialize            text30       6FEE
__ptext24                                text24       6FEE
_ECCP1_CaptureISR                        text47       7004
__end_of_TMR2_Initialize                 text24       7004
__ptext47                                text47       7004
_ECCP2_CaptureISR                        text45       701C
__end_of_ECCP1_CaptureISR                text47       701C
__ptext45                                text45       701C
_I2C1_FunctionComplete                   text41       7034
__end_of_ECCP2_CaptureISR                text45       7034
__ptext41                                text41       7034
_ADC_Initialize                          text35       704C
__end_of_I2C1_FunctionComplete           text41       704C
__ptext35                                text35       704C
_ECCP1_Initialize                        text34       7064
__end_of_ADC_Initialize                  text35       7064
__ptext34                                text34       7064
_ECCP2_Initialize                        text33       707C
__end_of_ECCP1_Initialize                text34       707C
__ptext33                                text33       707C
_TMR1_Initialize                         text26       7094
__end_of_ECCP2_Initialize                text33       7094
__ptext26                                text26       7094
_ToSend                                  text8        70B4
__end_of_TMR1_Initialize                 text26       70B4
__ptext8                                 text8        70B4
_SYSTEM_Initialize                       text23       70D4
__end_of_ToSend                          text8        70D4
__ptext23                                text23       70D4
_FastTransfer_buffer_modulo_inc          text10       70FE
__end_of_SYSTEM_Initialize               text23       70FE
__ptext10                                text10       70FE
__end_of_FastTransfer_buffer_modulo_inc  text10       7128
__ptext6                                 text6        7128
_memset                                  text6        7128
_EUSART1_Receive_ISR                     text44       7154
__end_of_memset                          text6        7154
__ptext44                                text44       7154
_ADC_GetConversion                       text22       7184
__end_of_EUSART1_Receive_ISR             text44       7184
__ptext22                                text22       7184
_EUSART1_Transmit_ISR                    text43       71B4
__end_of_ADC_GetConversion               text22       71B4
__ptext43                                text43       71B4
_EUSART1_Initialize                      text32       71E8
__end_of_EUSART1_Transmit_ISR            text43       71E8
__ptext32                                text32       71E8
_Delay                                   text11       721C
__end_of_EUSART1_Initialize              text32       721C
__ptext11                                text11       721C
_I2C1_Initialize                         text31       7250
__end_of_Delay                           text11       7250
__ptext31                                text31       7250
__end_of_I2C1_Initialize                 text31       7286
__initialization                         cinit        7286
__pcinit                                 cinit        7286
start_initialization                     cinit        7286
__end_of__initialization                 cinit        72B6
end_of_initialization                    cinit        72B6
__ptext1                                 text1        72C0
_updateComms                             text1        72C0
_I2C1_Stop                               text40       72FC
__end_of_updateComms                     text1        72FC
__ptext40                                text40       72FC
__end_of_I2C1_Stop                       text40       733A
__ptext0                                 text0        733A
_main                                    text0        733A
_PIN_MANAGER_Initialize                  text28       737A
__end_of_main                            text0        737A
__ptext28                                text28       737A
__end_of_PIN_MANAGER_Initialize          text28       73BE
__ptext2                                 text2        73BE
_respondECU                              text2        73BE
_CRC8                                    text16       7402
__end_of_respondECU                      text2        7402
__ptext16                                text16       7402
___lwdiv                                 text21       744A
__end_of_CRC8                            text16       744A
__ptext21                                text21       744A
_TempCalc                                text20       749C
__end_of___lwdiv                         text21       749C
__ptext20                                text20       749C
_FastTransfer_buffer_flush               text5        74F4
__end_of_TempCalc                        text20       74F4
__ptext5                                 text5        74F4
__end_of_FastTransfer_buffer_flush       text5        7556
__ptext7                                 text7        7556
_buttonsCollector                        text7        7556
__end_of_buttonsCollector                text7        75BE
__ptext17                                text17       75BE
_handleIndicators                        text17       75BE
__end_of_handleIndicators                text17       762C
__ptext3                                 text3        762C
_sendData                                text3        762C
_CRCcheck                                text13       76AE
__end_of_sendData                        text3        76AE
__ptext13                                text13       76AE
__end_of_CRCcheck                        text13       774E
__ptext4                                 text4        774E
_crcBufS_put                             text4        774E
__end_of_crcBufS_put                     text4        7824
__ptext14                                text14       7824
_crcBufS_status_put                      text14       7824
__end_of_crcBufS_status_put              text14       7902
__ptext15                                text15       7902
_crcBufS_get                             text15       7902
_FastTransfer_buffer_put                 text9        79EC
__end_of_crcBufS_get                     text15       79EC
__ptext9                                 text9        79EC
__end_of_FastTransfer_buffer_put         text9        7B5C
__ptext12                                text12       7B5C
_receiveData                             text12       7B5C
_I2C1_ISR                                text39       7DAA
__end_of_receiveData                     text12       7DAA
__ptext39                                text39       7DAA
__Hspace_0                               (abs)        8000
__S0                                     (abs)        8000
__end_of_I2C1_ISR                        text39       8000
