Microchip MPLAB XC8 Compiler V1.35 ()

Linker command line:

--edf=C:\Program Files (x86)\Microchip\xc8\v1.35\dat\en_msgs.txt -cs \
  -h+dist/default/production\Charger_Control.X.production.sym \
  --cmf=dist/default/production\Charger_Control.X.production.cmf -z \
  -Q18F45K22 -oC:\Users\richc\AppData\Local\Temp\s50o.2 \
  -Mdist/default/production/Charger_Control.X.production.map -E1 -ver=XC8 \
  -ASTACK=04C8h-05ffh -pstack=STACK -ACODE=00h-07FFFh -ACONST=00h-07FFFh \
  -ASMALLCONST=0600h-06FFhx122 -AMEDIUMCONST=0600h-07FFFh -ACOMRAM=01h-05Fh \
  -AABS1=00h-05FFh -ABIGRAM=01h-05FFh -ARAM=060h-0FFh,0100h-01FFhx5 \
  -ABANK0=060h-0FFh -ABANK1=0100h-01FFh -ABANK2=0200h-02FFh \
  -ABANK3=0300h-03FFh -ABANK4=0400h-04FFh -ABANK5=0500h-05FFh \
  -ASFR=0F38h-0F5Fh,0F60h-0FFFh \
  -preset_vec=00h,intcode=08h,intcodelo,powerup,init,end_init \
  -pramtop=0600h -psmallconst=SMALLCONST -pmediumconst=MEDIUMCONST \
  -pconst=CONST -AFARRAM=00h-00h -ACONFIG=0300000h-030000Dh -pconfig=CONFIG \
  -AIDLOC=0200000h-0200007h -pidloc=IDLOC -AEEDATA=0F00000h-0F000FFh \
  -peeprom_data=EEDATA \
  -prdata=COMRAM,nvrram=COMRAM,nvbit=COMRAM,rbss=COMRAM,rbit=COMRAM \
  -pfarbss=FARRAM,fardata=FARRAM,nvFARRAM=FARRAM \
  -pintsave_regs=BIGRAM,bigbss=BIGRAM,bigdata=BIGRAM -pbss=RAM \
  -pidata=CODE,irdata=CODE,ibigdata=CODE,ifardata=CODE -prparam=COMRAM \
  C:\Users\richc\AppData\Local\Temp\s50o.obj \
  dist/default/production\Charger_Control.X.production.obj 

Object code version is 3.11

Machine type is 18F45K22

Call graph: (short form)




                Name                               Link     Load   Length Selector   Space Scale
C:\Users\richc\AppData\Local\Temp\s50o.obj
                end_init                             AC       AC        4        4       0
                reset_vec                             0        0        4        0       0
                idloc                            200000   200000        8   200000       0
                config                           300000   300000        E   300000       0
dist/default/production\Charger_Control.X.production.obj
                intcode                               8        8       A4        4       0
                temp                                 56       56        1        1       1
                mediumconst                        7E2C     7E2C      1D4     3F16       0
                text22                              574      574       2A        4       0
                text21                               B0       B0      11A        4       0
                text20                              59E      59E       1E        4       0
                text19                              1CA      1CA       92        4       0
                text18                              5EA      5EA       16        4       0
                text17                              4E8      4E8       32        4       0
                text16                              548      548       2C        4       0
                text15                              51A      51A       2E        4       0
                text13                              342      342       66        4       0
                text12                              620      620        E        4       0
                text11                              600      600       12        4       0
                text10                              47E      47E       36        4       0
                text9                               448      448       36        4       0
                text8                               2D2      2D2       70        4       0
                text7                               4B4      4B4       34        4       0
                text6                               62E      62E        C        4       0
                text5                               612      612        E        4       0
                text4                               3F8      3F8       50        4       0
                text3                               644      644        4        4       0
                text2                               5BC      5BC       18        4       0
                text1                               5D4      5D4       16        4       0
                text0                               3A8      3A8       50        4       0
                cstackCOMRAM                         2F       2F       1A        1       1
                cstackBANK0                          AC       AC        9       60       1
                bssBANK4                            400      400       C8      400       1
                bssBANK3                            300      300       CE      300       1
                bssBANK2                            200      200       CE      200       1
                bssBANK1                            100      100       CE      100       1
                bssBANK0                             60       60       4C       60       1
                dataCOMRAM                           49       49        A        1       1
                bssCOMRAM                             1        1       2E        1       1
                cinit                               25C      25C       76        4       0
                nvCOMRAM                             53       53        3        1       1
                idataCOMRAM                         63A      63A        A        4       0

TOTAL           Name                               Link     Load   Length     Space
        CLASS   STACK          

        CLASS   CODE           
                end_init                             AC       AC        4         0
                intcode                               8        8       A4         0
                reset_vec                             0        0        4         0
                text22                              574      574       2A         0
                text21                               B0       B0      11A         0
                text20                              59E      59E       1E         0
                text19                              1CA      1CA       92         0
                text18                              5EA      5EA       16         0
                text17                              4E8      4E8       32         0
                text16                              548      548       2C         0
                text15                              51A      51A       2E         0
                text13                              342      342       66         0
                text12                              620      620        E         0
                text11                              600      600       12         0
                text10                              47E      47E       36         0
                text9                               448      448       36         0
                text8                               2D2      2D2       70         0
                text7                               4B4      4B4       34         0
                text6                               62E      62E        C         0
                text5                               612      612        E         0
                text4                               3F8      3F8       50         0
                text3                               644      644        4         0
                text2                               5BC      5BC       18         0
                text1                               5D4      5D4       16         0
                text0                               3A8      3A8       50         0
                cinit                               25C      25C       76         0
                idataCOMRAM                         63A      63A        A         0

        CLASS   CONST          

        CLASS   SMALLCONST     

        CLASS   MEDIUMCONST    
                mediumconst                        7E2C     7E2C      1D4         0

        CLASS   COMRAM         
                temp                                 56       56        1         1
                cstackCOMRAM                         2F       2F       1A         1
                dataCOMRAM                           49       49        A         1
                bssCOMRAM                             1        1       2E         1
                nvCOMRAM                             53       53        3         1

        CLASS   ABS1           

        CLASS   BIGRAM         

        CLASS   RAM            

        CLASS   BANK0          
                cstackBANK0                          AC       AC        9         1
                bssBANK0                             60       60       4C         1

        CLASS   BANK1          
                bssBANK1                            100      100       CE         1

        CLASS   BANK2          
                bssBANK2                            200      200       CE         1

        CLASS   BANK3          
                bssBANK3                            300      300       CE         1

        CLASS   BANK4          
                bssBANK4                            400      400       C8         1

        CLASS   BANK5          

        CLASS   SFR            

        CLASS   FARRAM         

        CLASS   CONFIG         
                config                           300000   300000        E         0

        CLASS   IDLOC          
                idloc                            200000   200000        8         0

        CLASS   EEDATA         



SEGMENTS        Name                           Load    Length   Top    Selector   Space  Class

                reset_vec                      000000  000004  000004         0       0  CODE    
                bssCOMRAM                      000001  000056  000057         1       1  COMRAM  
                intcode                        000008  000640  000648         4       0  CODE    
                bssBANK0                       000060  000055  0000B5        60       1  BANK0   
                bssBANK1                       000100  0000CE  0001CE       100       1  BANK1   
                bssBANK2                       000200  0000CE  0002CE       200       1  BANK2   
                bssBANK3                       000300  0000CE  0003CE       300       1  BANK3   
                bssBANK4                       000400  0000C8  0004C8       400       1  BANK4   
                mediumconst                    007E2C  0001D4  008000      3F16       0  MEDIUMCO
                idloc                          200000  000008  200008    200000       0  IDLOC   
                config                         300000  00000E  30000E    300000       0  CONFIG  


UNUSED ADDRESS RANGES

        Name                Unused          Largest block    Delta
        BANK0            0000B5-0000FF               4B
        BANK1            0001CE-0001FF               32
        BANK2            0002CE-0002FF               32
        BANK3            0003CE-0003FF               32
        BANK4            0004C8-0004FF               38
        BANK5            000500-0005FF              100
        BIGRAM           000057-00005F                9
                         0000B5-0000FF               4B
                         0001CE-0001FF               32
                         0002CE-0002FF               32
                         0003CE-0003FF               32
                         0004C8-0005FF              138
        CODE             000004-000007                4
                         000648-007E2B             77E4
        COMRAM           000057-00005F                9
        CONST            000004-000007                4
                         000648-007E2B             77E4
        EEDATA           F00000-F000FF              100
        MEDIUMCONST      000648-007E2B             77E4
        RAM              0000B5-0000FF               4B
                         0001CE-0001FF               32
                         0002CE-0002FF               32
                         0003CE-0003FF               32
                         0004C8-0005FF               38
        SFR              000F38-000FFF               28
        SMALLCONST       000648-007E2B              100
        STACK            0004C8-0005FF              138

                                  Symbol Table

?_UART_buff_modulo_inc               cstackCOMRAM 00002F
?_UART_buff_size                     cstackCOMRAM 00002F
Delay@i                              cstackBANK0  0000B1
Delay@wait                           cstackBANK0  0000AC
EUSART1_Receive_ISR@data             cstackCOMRAM 00003A
SPI1_Exchange8bit@data               cstackBANK0  0000AC
UART_buff_get@_this                  cstackCOMRAM 000035
UART_buff_get@c                      cstackCOMRAM 000039
UART_buff_modulo_inc@modulus         cstackCOMRAM 000031
UART_buff_modulo_inc@my_value        cstackCOMRAM 000033
UART_buff_modulo_inc@value           cstackCOMRAM 00002F
UART_buff_put@_this                  cstackCOMRAM 000035
UART_buff_put@c                      cstackCOMRAM 000037
UART_buff_size@_this                 cstackCOMRAM 00002F
_AKNAKsend                           bssCOMRAM    000021
_ANSELA                              (abs)        000F38
_ANSELB                              (abs)        000F39
_ANSELC                              (abs)        000F3A
_ANSELD                              (abs)        000F3B
_ANSELE                              (abs)        000F3C
_BAUD1CON                            (abs)        000FB8
_BAUD2CON                            (abs)        000F70
_ChargerData                         dataCOMRAM   00004A
_Delay                               text13       000342
_EUSART1_Receive_ISR                 text20       00059E
_EUSART1_Transmit_ISR                text17       0004E8
_EUSART2_Initialize                  text7        0004B4
_EUSART2_Receive_ISR                 text16       000548
_EUSART2_Transmit_ISR                text15       00051A
_FONTLOOKUP                          mediumconst  007E2D
_INTCON2bits                         (abs)        000FF1
_INTCONbits                          (abs)        000FF2
_INTERRUPT_Initialize                text6        00062E
_INTERRUPT_InterruptManager          intcode      000008
_IPR1bits                            (abs)        000F9F
_IPR3bits                            (abs)        000FA5
_LATA                                (abs)        000F89
_LATA3                               (abs)        007C4B
_LATA6                               (abs)        007C4E
_LATB                                (abs)        000F8A
_LATB0                               (abs)        007C50
_LATB1                               (abs)        007C51
_LATB3                               (abs)        007C53
_LATB4                               (abs)        007C54
_LATB5                               (abs)        007C55
_LATC                                (abs)        000F8B
_LATC0                               (abs)        007C58
_LATC1                               (abs)        007C59
_LATCbits                            (abs)        000F8B
_LATD                                (abs)        000F8C
_LATD0                               (abs)        007C60
_LATD2                               (abs)        007C62
_LATD3                               (abs)        007C63
_LATE                                (abs)        000F8D
_NokiaStart                          text8        0002D2
_OSCCON                              (abs)        000FD3
_OSCCON2                             (abs)        000FD2
_OSCILLATOR_Initialize               text5        000612
_OSCTUNE                             (abs)        000F9B
_PIE1bits                            (abs)        000F9D
_PIE3bits                            (abs)        000FA3
_PIN_MANAGER_Initialize              text4        0003F8
_PIR1bits                            (abs)        000F9E
_PIR3bits                            (abs)        000FA4
_RC1STA                              (abs)        000FAB
_RC1STAbits                          (abs)        000FAB
_RC2STA                              (abs)        000F71
_RC2STAbits                          (abs)        000F71
_RCONbits                            (abs)        000FD0
_RCREG1                              (abs)        000FAE
_RCREG2                              (abs)        000F74
_SPBRG1                              (abs)        000FAF
_SPBRG2                              (abs)        000F75
_SPBRGH1                             (abs)        000FB0
_SPBRGH2                             (abs)        000F76
_SPI1_Exchange8bit                   text11       000600
_SPI1_Initialize                     text12       000620
_SSP1ADD                             (abs)        000FC8
_SSP1BUF                             (abs)        000FC9
_SSP1CON1                            (abs)        000FC6
_SSP1CON1bits                        (abs)        000FC6
_SSP1STAT                            (abs)        000FC7
_SSP1STATbits                        (abs)        000FC7
_SYSTEM_Initialize                   text1        0005D4
_Start                               bssCOMRAM    000009
_T0CON                               (abs)        000FD5
_T0CONbits                           (abs)        000FD5
_TMR0H                               (abs)        000FD7
_TMR0L                               (abs)        000FD6
_TMR0_Initialize                     text2        0005BC
_TMR0_StartTimer                     text3        000644
_TRISA                               (abs)        000F92
_TRISA3                              (abs)        007C93
_TRISB                               (abs)        000F93
_TRISC                               (abs)        000F94
_TRISD                               (abs)        000F95
_TRISD0                              (abs)        007CA8
_TRISD2                              (abs)        007CAA
_TRISD3                              (abs)        007CAB
_TRISE                               (abs)        000F96
_TX1STA                              (abs)        000FAC
_TX2STA                              (abs)        000F72
_TXREG1                              (abs)        000FAD
_TXREG2                              (abs)        000F73
_Transmit_stall                      dataCOMRAM   000049
_UART_buff_get                       text19       0001CA
_UART_buff_modulo_inc                text22       000574
_UART_buff_put                       text21       0000B0
_UART_buff_size                      text18       0005EA
_WPUB                                (abs)        000F61
__CFG_BOREN$SBORDIS                  (abs)        000000
__CFG_BORV$190                       (abs)        000000
__CFG_CCP2MX$PORTC1                  (abs)        000000
__CFG_CCP3MX$PORTB5                  (abs)        000000
__CFG_CP0$OFF                        (abs)        000000
__CFG_CP1$OFF                        (abs)        000000
__CFG_CP2$OFF                        (abs)        000000
__CFG_CP3$OFF                        (abs)        000000
__CFG_CPB$OFF                        (abs)        000000
__CFG_CPD$OFF                        (abs)        000000
__CFG_DEBUG$OFF                      (abs)        000000
__CFG_EBTR0$OFF                      (abs)        000000
__CFG_EBTR1$OFF                      (abs)        000000
__CFG_EBTR2$OFF                      (abs)        000000
__CFG_EBTR3$OFF                      (abs)        000000
__CFG_EBTRB$OFF                      (abs)        000000
__CFG_FCMEN$OFF                      (abs)        000000
__CFG_FOSC$INTIO67                   (abs)        000000
__CFG_HFOFST$ON                      (abs)        000000
__CFG_IESO$OFF                       (abs)        000000
__CFG_LVP$OFF                        (abs)        000000
__CFG_MCLRE$EXTMCLR                  (abs)        000000
__CFG_P2BMX$PORTD2                   (abs)        000000
__CFG_PBADEN$ON                      (abs)        000000
__CFG_PLLCFG$OFF                     (abs)        000000
__CFG_PRICLKEN$OFF                   (abs)        000000
__CFG_PWRTEN$OFF                     (abs)        000000
__CFG_STVREN$ON                      (abs)        000000
__CFG_T3CMX$PORTC0                   (abs)        000000
__CFG_WDTEN$OFF                      (abs)        000000
__CFG_WDTPS$32768                    (abs)        000000
__CFG_WRT0$OFF                       (abs)        000000
__CFG_WRT1$OFF                       (abs)        000000
__CFG_WRT2$OFF                       (abs)        000000
__CFG_WRT3$OFF                       (abs)        000000
__CFG_WRTB$OFF                       (abs)        000000
__CFG_WRTC$OFF                       (abs)        000000
__CFG_WRTD$OFF                       (abs)        000000
__CFG_XINST$OFF                      (abs)        000000
__HRAM                               (abs)        000000
__Habs1                              abs1         000000
__Hbank0                             bank0        000000
__Hbank1                             bank1        000000
__Hbank2                             bank2        000000
__Hbank3                             bank3        000000
__Hbank4                             bank4        000000
__Hbank5                             bank5        000000
__Hbigbss                            bigbss       000000
__Hbigdata                           bigdata      000000
__Hbigram                            bigram       000000
__Hbss                               bss          000000
__HbssBANK0                          bssBANK0     000000
__HbssBANK1                          bssBANK1     000000
__HbssBANK2                          bssBANK2     000000
__HbssBANK3                          bssBANK3     000000
__HbssBANK4                          bssBANK4     000000
__HbssCOMRAM                         bssCOMRAM    000000
__Hcinit                             cinit        000000
__Hclrtext                           clrtext      000000
__Hcomram                            comram       000000
__Hconfig                            config       30000E
__Hconst                             const        000000
__HcstackBANK0                       cstackBANK0  000000
__HcstackCOMRAM                      cstackCOMRAM 000000
__Hdata                              data         000000
__HdataCOMRAM                        dataCOMRAM   000000
__Heeprom_data                       eeprom_data  000000
__Hend_init                          end_init     0000B0
__Hfarbss                            farbss       000000
__Hfardata                           fardata      000000
__Hibigdata                          ibigdata     000000
__Hidata                             idata        000000
__HidataCOMRAM                       idataCOMRAM  000000
__Hidloc                             idloc        200008
__Hifardata                          ifardata     000000
__Hinit                              init         0000AC
__Hintcode                           intcode      0000AC
__Hintcode_body                      intcode_body 000000
__Hintcodelo                         intcodelo    0000AC
__Hintentry                          intentry     000000
__Hintret                            intret       000000
__Hintsave_regs                      intsave_regs 000000
__Hirdata                            irdata       000000
__Hmediumconst                       mediumconst  008000
__HnvCOMRAM                          nvCOMRAM     000000
__HnvFARRAM                          nvFARRAM     000000
__Hnvbit                             nvbit        000000
__Hnvrram                            nvrram       000000
__Hparam                             rparam       000000
__Hpowerup                           powerup      0000AC
__Hram                               ram          000000
__Hramtop                            ramtop       000600
__Hrbit                              rbit         000000
__Hrbss                              rbss         000000
__Hrdata                             rdata        000000
__Hreset_vec                         reset_vec    000004
__Hrparam                            rparam       000000
__Hsfr                               sfr          000000
__Hsmallconst                        smallconst   000000
__Hspace_0                           (abs)        30000E
__Hspace_1                           (abs)        0004C8
__Hspace_2                           (abs)        000000
__Hstack                             stack        000000
__Hstruct                            struct       000000
__Htemp                              temp         000057
__Htext                              text         000000
__Htext0                             text0        000000
__Htext1                             text1        000000
__Htext10                            text10       000000
__Htext11                            text11       000000
__Htext12                            text12       000000
__Htext13                            text13       000000
__Htext15                            text15       000000
__Htext16                            text16       000000
__Htext17                            text17       000000
__Htext18                            text18       000000
__Htext19                            text19       000000
__Htext2                             text2        000000
__Htext20                            text20       000000
__Htext21                            text21       000000
__Htext22                            text22       000000
__Htext3                             text3        000000
__Htext4                             text4        000000
__Htext5                             text5        000000
__Htext6                             text6        000000
__Htext7                             text7        000000
__Htext8                             text8        000000
__Htext9                             text9        000000
__LRAM                               (abs)        000001
__Labs1                              abs1         000000
__Lbank0                             bank0        000000
__Lbank1                             bank1        000000
__Lbank2                             bank2        000000
__Lbank3                             bank3        000000
__Lbank4                             bank4        000000
__Lbank5                             bank5        000000
__Lbigbss                            bigbss       000000
__Lbigdata                           bigdata      000000
__Lbigram                            bigram       000000
__Lbss                               bss          000000
__LbssBANK0                          bssBANK0     000000
__LbssBANK1                          bssBANK1     000000
__LbssBANK2                          bssBANK2     000000
__LbssBANK3                          bssBANK3     000000
__LbssBANK4                          bssBANK4     000000
__LbssCOMRAM                         bssCOMRAM    000000
__Lcinit                             cinit        000000
__Lclrtext                           clrtext      000000
__Lcomram                            comram       000000
__Lconfig                            config       300000
__Lconst                             const        000000
__LcstackBANK0                       cstackBANK0  000000
__LcstackCOMRAM                      cstackCOMRAM 000000
__Ldata                              data         000000
__LdataCOMRAM                        dataCOMRAM   000000
__Leeprom_data                       eeprom_data  000000
__Lend_init                          end_init     0000AC
__Lfarbss                            farbss       000000
__Lfardata                           fardata      000000
__Libigdata                          ibigdata     000000
__Lidata                             idata        000000
__LidataCOMRAM                       idataCOMRAM  000000
__Lidloc                             idloc        200000
__Lifardata                          ifardata     000000
__Linit                              init         0000AC
__Lintcode                           intcode      000008
__Lintcode_body                      intcode_body 000000
__Lintcodelo                         intcodelo    0000AC
__Lintentry                          intentry     000000
__Lintret                            intret       000000
__Lintsave_regs                      intsave_regs 000000
__Lirdata                            irdata       000000
__Lmediumconst                       mediumconst  007E2C
__LnvCOMRAM                          nvCOMRAM     000000
__LnvFARRAM                          nvFARRAM     000000
__Lnvbit                             nvbit        000000
__Lnvrram                            nvrram       000000
__Lparam                             rparam       000000
__Lpowerup                           powerup      0000AC
__Lram                               ram          000000
__Lramtop                            ramtop       000600
__Lrbit                              rbit         000000
__Lrbss                              rbss         000000
__Lrdata                             rdata        000000
__Lreset_vec                         reset_vec    000000
__Lrparam                            rparam       000000
__Lsfr                               sfr          000000
__Lsmallconst                        smallconst   000000
__Lspace_0                           (abs)        000000
__Lspace_1                           (abs)        000000
__Lspace_2                           (abs)        000000
__Lstack                             stack        000000
__Lstruct                            struct       000000
__Ltemp                              temp         000056
__Ltext                              text         000000
__Ltext0                             text0        000000
__Ltext1                             text1        000000
__Ltext10                            text10       000000
__Ltext11                            text11       000000
__Ltext12                            text12       000000
__Ltext13                            text13       000000
__Ltext15                            text15       000000
__Ltext16                            text16       000000
__Ltext17                            text17       000000
__Ltext18                            text18       000000
__Ltext19                            text19       000000
__Ltext2                             text2        000000
__Ltext20                            text20       000000
__Ltext21                            text21       000000
__Ltext22                            text22       000000
__Ltext3                             text3        000000
__Ltext4                             text4        000000
__Ltext5                             text5        000000
__Ltext6                             text6        000000
__Ltext7                             text7        000000
__Ltext8                             text8        000000
__Ltext9                             text9        000000
__S0                                 (abs)        30000E
__S1                                 (abs)        0004C8
__S2                                 (abs)        000000
___inthi_sp                          stack        000000
___intlo_sp                          stack        000000
___param_bank                        (abs)        000010
___rparam_used                       (abs)        000001
___sp                                stack        000000
__accesstop                          (abs)        000060
__activetblptr                       (abs)        000002
__end_of_Delay                       text13       0003A8
__end_of_EUSART1_Receive_ISR         text20       0005BC
__end_of_EUSART1_Transmit_ISR        text17       00051A
__end_of_EUSART2_Initialize          text7        0004E8
__end_of_EUSART2_Receive_ISR         text16       000574
__end_of_EUSART2_Transmit_ISR        text15       000548
__end_of_FONTLOOKUP                  mediumconst  007FF4
__end_of_INTERRUPT_Initialize        text6        00063A
__end_of_INTERRUPT_InterruptManager  intcode      0000AC
__end_of_NokiaStart                  text8        000342
__end_of_OSCILLATOR_Initialize       text5        000620
__end_of_PIN_MANAGER_Initialize      text4        000448
__end_of_SPI1_Exchange8bit           text11       000612
__end_of_SPI1_Initialize             text12       00062E
__end_of_SYSTEM_Initialize           text1        0005EA
__end_of_TMR0_Initialize             text2        0005D4
__end_of_TMR0_StartTimer             text3        000648
__end_of_UART_buff_get               text19       00025C
__end_of_UART_buff_modulo_inc        text22       00059E
__end_of_UART_buff_put               text21       0001CA
__end_of_UART_buff_size              text18       000600
__end_of__initialization             cinit        0002C4
__end_of_blackLcd                    text10       0004B4
__end_of_clearLcd                    text9        00047E
__end_of_main                        text0        0003F8
__initialization                     cinit        00025C
__mediumconst                        mediumconst  007E2C
__pbssBANK0                          bssBANK0     000060
__pbssBANK1                          bssBANK1     000100
__pbssBANK2                          bssBANK2     000200
__pbssBANK3                          bssBANK3     000300
__pbssBANK4                          bssBANK4     000400
__pbssCOMRAM                         bssCOMRAM    000001
__pcinit                             cinit        00025C
__pcstackBANK0                       cstackBANK0  0000AC
__pcstackCOMRAM                      cstackCOMRAM 00002F
__pdataCOMRAM                        dataCOMRAM   000049
__pidataCOMRAM                       idataCOMRAM  00063A
__pintcode                           intcode      000008
__pmediumconst                       mediumconst  007E2C
__pnvCOMRAM                          nvCOMRAM     000053
__ptext0                             text0        0003A8
__ptext1                             text1        0005D4
__ptext10                            text10       00047E
__ptext11                            text11       000600
__ptext12                            text12       000620
__ptext13                            text13       000342
__ptext15                            text15       00051A
__ptext16                            text16       000548
__ptext17                            text17       0004E8
__ptext18                            text18       0005EA
__ptext19                            text19       0001CA
__ptext2                             text2        0005BC
__ptext20                            text20       00059E
__ptext21                            text21       0000B0
__ptext22                            text22       000574
__ptext3                             text3        000644
__ptext4                             text4        0003F8
__ptext5                             text5        000612
__ptext6                             text6        00062E
__ptext7                             text7        0004B4
__ptext8                             text8        0002D2
__ptext9                             text9        000448
__ramtop                             ramtop       000600
__size_of_Delay                      (abs)        000000
__size_of_EUSART1_Receive_ISR        (abs)        000000
__size_of_EUSART1_Transmit_ISR       (abs)        000000
__size_of_EUSART2_Initialize         (abs)        000000
__size_of_EUSART2_Receive_ISR        (abs)        000000
__size_of_EUSART2_Transmit_ISR       (abs)        000000
__size_of_INTERRUPT_Initialize       (abs)        000000
__size_of_INTERRUPT_InterruptManager (abs)        000000
__size_of_NokiaStart                 (abs)        000000
__size_of_OSCILLATOR_Initialize      (abs)        000000
__size_of_PIN_MANAGER_Initialize     (abs)        000000
__size_of_SPI1_Exchange8bit          (abs)        000000
__size_of_SPI1_Initialize            (abs)        000000
__size_of_SYSTEM_Initialize          (abs)        000000
__size_of_TMR0_Initialize            (abs)        000000
__size_of_TMR0_StartTimer            (abs)        000000
__size_of_UART_buff_get              (abs)        000000
__size_of_UART_buff_modulo_inc       (abs)        000000
__size_of_UART_buff_put              (abs)        000000
__size_of_UART_buff_size             (abs)        000000
__size_of_blackLcd                   (abs)        000000
__size_of_clearLcd                   (abs)        000000
__size_of_main                       (abs)        000000
__smallconst                         smallconst   000000
_addressErrorCounter                 bssCOMRAM    00000B
_alignErrorCounter                   bssCOMRAM    00000D
_blackLcd                            text10       00047E
_calc_CS                             bssCOMRAM    000022
_clearLcd                            text9        000448
_crcErrorCounter                     bssCOMRAM    00000F
_crc_buffer                          bssBANK0     00009B
_dataAdressErrorCounter              bssCOMRAM    000011
_ddata                               bssBANK0     000088
_eusart2RxBuffer                     bssBANK0     000093
_eusart2RxCount                      bssCOMRAM    000023
_eusart2RxHead                       bssCOMRAM    000024
_eusart2RxTail                       bssCOMRAM    000025
_eusart2TxBuffer                     bssCOMRAM    000001
_eusart2TxBufferRemaining            nvCOMRAM     000055
_eusart2TxHead                       bssCOMRAM    000026
_eusart2TxTail                       bssCOMRAM    000027
_group                               bssCOMRAM    000013
_i                                   bssCOMRAM    000028
_input_buffer                        bssBANK2     000200
_main                                text0        0003A8
_maxDataAddress                      bssCOMRAM    000029
_moduleAddress                       bssCOMRAM    00002A
_output_buffer                       bssBANK3     000300
_receiveArray                        bssBANK0     000060
_receiveArrayAddress                 bssCOMRAM    000015
_returnAddress                       bssCOMRAM    00002B
_ring_buffer                         bssBANK1     000100
_rx_address                          bssCOMRAM    00002C
_rx_array_inx                        bssCOMRAM    00002D
_rx_buffer                           bssBANK4     000400
_rx_len                              bssCOMRAM    00002E
_sendStructAddress                   bssCOMRAM    000017
_serial_available                    bssCOMRAM    000019
_serial_peek                         bssCOMRAM    00001B
_serial_read                         bssCOMRAM    00001D
_serial_write                        bssCOMRAM    00001F
_timer0ReloadVal16bit                nvCOMRAM     000053
blackLcd@res                         cstackBANK0  0000AD
btemp                                temp         000056
clearLcd@res                         cstackBANK0  0000AD
end_of_initialization                cinit        0002C4
int$flags                            temp         000056
intlevel0                            text         000000
intlevel1                            text         000000
intlevel2                            text         000000
intlevel3                            text         000000
stackhi                              (abs)        0005FF
stacklo                              (abs)        0004C8
start                                init         0000AC
start_initialization                 cinit        00025C


FUNCTION INFORMATION:

 *************** function _main *****************
 Defined at:
		line 16 in file "main.c"
 Parameters:    Size  Location     Type
		None
 Auto vars:     Size  Location     Type
		None
 Return value:  Size  Location     Type
		None               void
 Registers used:
		wreg, status,2, status,0, cstack
 Tracked objects:
		On entry : 
		On exit  : 
		Unchanged: 
 Data sizes:     COMRAM   BANK0   BANK1   BANK2   BANK3   BANK4   BANK5
      Params:         0       0       0       0       0       0       0
      Locals:         0       0       0       0       0       0       0
      Temps:          0       0       0       0       0       0       0
      Totals:         0       0       0       0       0       0       0
Total ram usage:        0 bytes
 Hardware stack levels required when called:    7
 This function calls:
		_Delay
		_NokiaStart
		_SYSTEM_Initialize
 This function is called by:
		Startup code after reset
 This function uses a non-reentrant model


 *************** function _SYSTEM_Initialize *****************
 Defined at:
		line 112 in file "mcc_generated_files/mcc.c"
 Parameters:    Size  Location     Type
		None
 Auto vars:     Size  Location     Type
		None
 Return value:  Size  Location     Type
		None               void
 Registers used:
		wreg, status,2, cstack
 Tracked objects:
		On entry : 
		On exit  : 
		Unchanged: 
 Data sizes:     COMRAM   BANK0   BANK1   BANK2   BANK3   BANK4   BANK5
      Params:         0       0       0       0       0       0       0
      Locals:         0       0       0       0       0       0       0
      Temps:          0       0       0       0       0       0       0
      Totals:         0       0       0       0       0       0       0
Total ram usage:        0 bytes
 Hardware stack levels used:    1
 Hardware stack levels required when called:    6
 This function calls:
		_EUSART2_Initialize
		_INTERRUPT_Initialize
		_OSCILLATOR_Initialize
		_PIN_MANAGER_Initialize
		_TMR0_Initialize
 This function is called by:
		_main
 This function uses a non-reentrant model


 *************** function _TMR0_Initialize *****************
 Defined at:
		line 64 in file "mcc_generated_files/tmr0.c"
 Parameters:    Size  Location     Type
		None
 Auto vars:     Size  Location     Type
		None
 Return value:  Size  Location     Type
		None               void
 Registers used:
		wreg, status,2, cstack
 Tracked objects:
		On entry : 
		On exit  : 
		Unchanged: 
 Data sizes:     COMRAM   BANK0   BANK1   BANK2   BANK3   BANK4   BANK5
      Params:         0       0       0       0       0       0       0
      Locals:         0       0       0       0       0       0       0
      Temps:          0       0       0       0       0       0       0
      Totals:         0       0       0       0       0       0       0
Total ram usage:        0 bytes
 Hardware stack levels used:    1
 Hardware stack levels required when called:    5
 This function calls:
		_TMR0_StartTimer
 This function is called by:
		_SYSTEM_Initialize
 This function uses a non-reentrant model


 *************** function _TMR0_StartTimer *****************
 Defined at:
		line 86 in file "mcc_generated_files/tmr0.c"
 Parameters:    Size  Location     Type
		None
 Auto vars:     Size  Location     Type
		None
 Return value:  Size  Location     Type
		None               void
 Registers used:
		None
 Tracked objects:
		On entry : 
		On exit  : 
		Unchanged: 
 Data sizes:     COMRAM   BANK0   BANK1   BANK2   BANK3   BANK4   BANK5
      Params:         0       0       0       0       0       0       0
      Locals:         0       0       0       0       0       0       0
      Temps:          0       0       0       0       0       0       0
      Totals:         0       0       0       0       0       0       0
Total ram usage:        0 bytes
 Hardware stack levels used:    1
 Hardware stack levels required when called:    4
 This function calls:
		Nothing
 This function is called by:
		_TMR0_Initialize
 This function uses a non-reentrant model


 *************** function _PIN_MANAGER_Initialize *****************
 Defined at:
		line 49 in file "mcc_generated_files/pin_manager.c"
 Parameters:    Size  Location     Type
		None
 Auto vars:     Size  Location     Type
		None
 Return value:  Size  Location     Type
		None               void
 Registers used:
		wreg, status,2
 Tracked objects:
		On entry : 
		On exit  : 
		Unchanged: 
 Data sizes:     COMRAM   BANK0   BANK1   BANK2   BANK3   BANK4   BANK5
      Params:         0       0       0       0       0       0       0
      Locals:         0       0       0       0       0       0       0
      Temps:          0       0       0       0       0       0       0
      Totals:         0       0       0       0       0       0       0
Total ram usage:        0 bytes
 Hardware stack levels used:    1
 Hardware stack levels required when called:    4
 This function calls:
		Nothing
 This function is called by:
		_SYSTEM_Initialize
 This function uses a non-reentrant model


 *************** function _OSCILLATOR_Initialize *****************
 Defined at:
		line 121 in file "mcc_generated_files/mcc.c"
 Parameters:    Size  Location     Type
		None
 Auto vars:     Size  Location     Type
		None
 Return value:  Size  Location     Type
		None               void
 Registers used:
		wreg, status,2
 Tracked objects:
		On entry : 
		On exit  : 
		Unchanged: 
 Data sizes:     COMRAM   BANK0   BANK1   BANK2   BANK3   BANK4   BANK5
      Params:         0       0       0       0       0       0       0
      Locals:         0       0       0       0       0       0       0
      Temps:          0       0       0       0       0       0       0
      Totals:         0       0       0       0       0       0       0
Total ram usage:        0 bytes
 Hardware stack levels used:    1
 Hardware stack levels required when called:    4
 This function calls:
		Nothing
 This function is called by:
		_SYSTEM_Initialize
 This function uses a non-reentrant model


 *************** function _INTERRUPT_Initialize *****************
 Defined at:
		line 52 in file "mcc_generated_files/interrupt_manager.c"
 Parameters:    Size  Location     Type
		None
 Auto vars:     Size  Location     Type
		None
 Return value:  Size  Location     Type
		None               void
 Registers used:
		None
 Tracked objects:
		On entry : 
		On exit  : 
		Unchanged: 
 Data sizes:     COMRAM   BANK0   BANK1   BANK2   BANK3   BANK4   BANK5
      Params:         0       0       0       0       0       0       0
      Locals:         0       0       0       0       0       0       0
      Temps:          0       0       0       0       0       0       0
      Totals:         0       0       0       0       0       0       0
Total ram usage:        0 bytes
 Hardware stack levels used:    1
 Hardware stack levels required when called:    4
 This function calls:
		Nothing
 This function is called by:
		_SYSTEM_Initialize
 This function uses a non-reentrant model


 *************** function _EUSART2_Initialize *****************
 Defined at:
		line 76 in file "mcc_generated_files/eusart2.c"
 Parameters:    Size  Location     Type
		None
 Auto vars:     Size  Location     Type
		None
 Return value:  Size  Location     Type
		None               void
 Registers used:
		wreg, status,2
 Tracked objects:
		On entry : 
		On exit  : 
		Unchanged: 
 Data sizes:     COMRAM   BANK0   BANK1   BANK2   BANK3   BANK4   BANK5
      Params:         0       0       0       0       0       0       0
      Locals:         0       0       0       0       0       0       0
      Temps:          0       0       0       0       0       0       0
      Totals:         0       0       0       0       0       0       0
Total ram usage:        0 bytes
 Hardware stack levels used:    1
 Hardware stack levels required when called:    4
 This function calls:
		Nothing
 This function is called by:
		_SYSTEM_Initialize
 This function uses a non-reentrant model


 *************** function _NokiaStart *****************
 Defined at:
		line 7 in file "NokiaLCD.c"
 Parameters:    Size  Location     Type
		None
 Auto vars:     Size  Location     Type
		None
 Return value:  Size  Location     Type
		None               void
 Registers used:
		wreg, status,2, status,0, cstack
 Tracked objects:
		On entry : 
		On exit  : 
		Unchanged: 
 Data sizes:     COMRAM   BANK0   BANK1   BANK2   BANK3   BANK4   BANK5
      Params:         0       0       0       0       0       0       0
      Locals:         0       0       0       0       0       0       0
      Temps:          0       0       0       0       0       0       0
      Totals:         0       0       0       0       0       0       0
Total ram usage:        0 bytes
 Hardware stack levels used:    1
 Hardware stack levels required when called:    6
 This function calls:
		_Delay
		_SPI1_Exchange8bit
		_SPI1_Initialize
		_blackLcd
		_clearLcd
 This function is called by:
		_main
 This function uses a non-reentrant model


 *************** function _clearLcd *****************
 Defined at:
		line 31 in file "NokiaLCD.c"
 Parameters:    Size  Location     Type
		None
 Auto vars:     Size  Location     Type
  res             2    1[BANK0 ] int 
 Return value:  Size  Location     Type
		None               void
 Registers used:
		wreg, status,2, status,0, cstack
 Tracked objects:
		On entry : 
		On exit  : 
		Unchanged: 
 Data sizes:     COMRAM   BANK0   BANK1   BANK2   BANK3   BANK4   BANK5
      Params:         0       0       0       0       0       0       0
      Locals:         0       2       0       0       0       0       0
      Temps:          0       0       0       0       0       0       0
      Totals:         0       2       0       0       0       0       0
Total ram usage:        2 bytes
 Hardware stack levels used:    1
 Hardware stack levels required when called:    5
 This function calls:
		_SPI1_Exchange8bit
 This function is called by:
		_NokiaStart
 This function uses a non-reentrant model


 *************** function _blackLcd *****************
 Defined at:
		line 41 in file "NokiaLCD.c"
 Parameters:    Size  Location     Type
		None
 Auto vars:     Size  Location     Type
  res             2    1[BANK0 ] int 
 Return value:  Size  Location     Type
		None               void
 Registers used:
		wreg, status,2, status,0, cstack
 Tracked objects:
		On entry : 
		On exit  : 
		Unchanged: 
 Data sizes:     COMRAM   BANK0   BANK1   BANK2   BANK3   BANK4   BANK5
      Params:         0       0       0       0       0       0       0
      Locals:         0       2       0       0       0       0       0
      Temps:          0       0       0       0       0       0       0
      Totals:         0       2       0       0       0       0       0
Total ram usage:        2 bytes
 Hardware stack levels used:    1
 Hardware stack levels required when called:    5
 This function calls:
		_SPI1_Exchange8bit
 This function is called by:
		_NokiaStart
 This function uses a non-reentrant model


 *************** function _SPI1_Exchange8bit *****************
 Defined at:
		line 78 in file "mcc_generated_files/spi1.c"
 Parameters:    Size  Location     Type
  data            1    wreg     unsigned char 
 Auto vars:     Size  Location     Type
  data            1    0[BANK0 ] unsigned char 
 Return value:  Size  Location     Type
                  1    wreg      unsigned char 
 Registers used:
		wreg, status,2
 Tracked objects:
		On entry : 
		On exit  : 
		Unchanged: 
 Data sizes:     COMRAM   BANK0   BANK1   BANK2   BANK3   BANK4   BANK5
      Params:         0       0       0       0       0       0       0
      Locals:         0       1       0       0       0       0       0
      Temps:          0       0       0       0       0       0       0
      Totals:         0       1       0       0       0       0       0
Total ram usage:        1 bytes
 Hardware stack levels used:    1
 Hardware stack levels required when called:    4
 This function calls:
		Nothing
 This function is called by:
		_NokiaStart
		_clearLcd
		_blackLcd
		_gotoXy
		_NokiaStr
		_SPI1_Exchange8bitBuffer
 This function uses a non-reentrant model


 *************** function _SPI1_Initialize *****************
 Defined at:
		line 64 in file "mcc_generated_files/spi1.c"
 Parameters:    Size  Location     Type
		None
 Auto vars:     Size  Location     Type
		None
 Return value:  Size  Location     Type
		None               void
 Registers used:
		wreg, status,2
 Tracked objects:
		On entry : 
		On exit  : 
		Unchanged: 
 Data sizes:     COMRAM   BANK0   BANK1   BANK2   BANK3   BANK4   BANK5
      Params:         0       0       0       0       0       0       0
      Locals:         0       0       0       0       0       0       0
      Temps:          0       0       0       0       0       0       0
      Totals:         0       0       0       0       0       0       0
Total ram usage:        0 bytes
 Hardware stack levels used:    1
 Hardware stack levels required when called:    4
 This function calls:
		Nothing
 This function is called by:
		_NokiaStart
 This function uses a non-reentrant model


 *************** function _Delay *****************
 Defined at:
		line 11 in file "Functions.c"
 Parameters:    Size  Location     Type
  wait            4    0[BANK0 ] long 
 Auto vars:     Size  Location     Type
  i               4    5[BANK0 ] long 
 Return value:  Size  Location     Type
		None               void
 Registers used:
		wreg, status,2, status,0
 Tracked objects:
		On entry : 
		On exit  : 
		Unchanged: 
 Data sizes:     COMRAM   BANK0   BANK1   BANK2   BANK3   BANK4   BANK5
      Params:         0       4       0       0       0       0       0
      Locals:         0       4       0       0       0       0       0
      Temps:          0       1       0       0       0       0       0
      Totals:         0       9       0       0       0       0       0
Total ram usage:        9 bytes
 Hardware stack levels used:    1
 Hardware stack levels required when called:    4
 This function calls:
		Nothing
 This function is called by:
		_main
		_NokiaStart
		_respondECU
		_Precharge
 This function uses a non-reentrant model


 *************** function _INTERRUPT_InterruptManager *****************
 Defined at:
		line 68 in file "mcc_generated_files/interrupt_manager.c"
 Parameters:    Size  Location     Type
		None
 Auto vars:     Size  Location     Type
		None
 Return value:  Size  Location     Type
		None               void
 Registers used:
		wreg, fsr2l, fsr2h, status,2, status,0, prodl, prodh, cstack
 Tracked objects:
		On entry : 
		On exit  : 
		Unchanged: 
 Data sizes:     COMRAM   BANK0   BANK1   BANK2   BANK3   BANK4   BANK5
      Params:         0       0       0       0       0       0       0
      Locals:         0       0       0       0       0       0       0
      Temps:         14       0       0       0       0       0       0
      Totals:        14       0       0       0       0       0       0
Total ram usage:       14 bytes
 Hardware stack levels used:    1
 Hardware stack levels required when called:    3
 This function calls:
		_EUSART1_Receive_ISR
		_EUSART1_Transmit_ISR
		_EUSART2_Receive_ISR
		_EUSART2_Transmit_ISR
 This function is called by:
		Interrupt level 2
 This function uses a non-reentrant model


 *************** function _EUSART2_Transmit_ISR *****************
 Defined at:
		line 155 in file "mcc_generated_files/eusart2.c"
 Parameters:    Size  Location     Type
		None
 Auto vars:     Size  Location     Type
		None
 Return value:  Size  Location     Type
		None               void
 Registers used:
		wreg, fsr2l, fsr2h, status,2, status,0, prodl, prodh
 Tracked objects:
		On entry : 
		On exit  : 
		Unchanged: 
 Data sizes:     COMRAM   BANK0   BANK1   BANK2   BANK3   BANK4   BANK5
      Params:         0       0       0       0       0       0       0
      Locals:         0       0       0       0       0       0       0
      Temps:          0       0       0       0       0       0       0
      Totals:         0       0       0       0       0       0       0
Total ram usage:        0 bytes
 Hardware stack levels used:    1
 This function calls:
		Nothing
 This function is called by:
		_INTERRUPT_InterruptManager
 This function uses a non-reentrant model


 *************** function _EUSART2_Receive_ISR *****************
 Defined at:
		line 169 in file "mcc_generated_files/eusart2.c"
 Parameters:    Size  Location     Type
		None
 Auto vars:     Size  Location     Type
		None
 Return value:  Size  Location     Type
		None               void
 Registers used:
		wreg, fsr2l, fsr2h, status,2, status,0, prodl, prodh
 Tracked objects:
		On entry : 
		On exit  : 
		Unchanged: 
 Data sizes:     COMRAM   BANK0   BANK1   BANK2   BANK3   BANK4   BANK5
      Params:         0       0       0       0       0       0       0
      Locals:         0       0       0       0       0       0       0
      Temps:          0       0       0       0       0       0       0
      Totals:         0       0       0       0       0       0       0
Total ram usage:        0 bytes
 Hardware stack levels used:    1
 This function calls:
		Nothing
 This function is called by:
		_INTERRUPT_InterruptManager
 This function uses a non-reentrant model


 *************** function _EUSART1_Transmit_ISR *****************
 Defined at:
		line 150 in file "UART.c"
 Parameters:    Size  Location     Type
		None
 Auto vars:     Size  Location     Type
		None
 Return value:  Size  Location     Type
                  2  169[None  ] int 
 Registers used:
		wreg, fsr2l, fsr2h, status,2, status,0, cstack
 Tracked objects:
		On entry : 
		On exit  : 
		Unchanged: 
 Data sizes:     COMRAM   BANK0   BANK1   BANK2   BANK3   BANK4   BANK5
      Params:         0       0       0       0       0       0       0
      Locals:         0       0       0       0       0       0       0
      Temps:          0       0       0       0       0       0       0
      Totals:         0       0       0       0       0       0       0
Total ram usage:        0 bytes
 Hardware stack levels used:    1
 Hardware stack levels required when called:    2
 This function calls:
		_UART_buff_get
		_UART_buff_size
 This function is called by:
		_INTERRUPT_InterruptManager
 This function uses a non-reentrant model


 *************** function _UART_buff_size *****************
 Defined at:
		line 102 in file "UART.c"
 Parameters:    Size  Location     Type
  _this           2    0[COMRAM] PTR struct UART_ring_buf
		 -> output_buffer(206), input_buffer(206), 
 Auto vars:     Size  Location     Type
		None
 Return value:  Size  Location     Type
                  2    0[COMRAM] int 
 Registers used:
		wreg, fsr2l, fsr2h, status,2, status,0
 Tracked objects:
		On entry : 
		On exit  : 
		Unchanged: 
 Data sizes:     COMRAM   BANK0   BANK1   BANK2   BANK3   BANK4   BANK5
      Params:         2       0       0       0       0       0       0
      Locals:         0       0       0       0       0       0       0
      Temps:          0       0       0       0       0       0       0
      Totals:         2       0       0       0       0       0       0
Total ram usage:        2 bytes
 Hardware stack levels used:    1
 This function calls:
		Nothing
 This function is called by:
		_EUSART1_Transmit_ISR
		_Receive_available
 This function uses a non-reentrant model


 *************** function _UART_buff_get *****************
 Defined at:
		line 81 in file "UART.c"
 Parameters:    Size  Location     Type
  _this           2    6[COMRAM] PTR struct UART_ring_buf
		 -> output_buffer(206), input_buffer(206), 
 Auto vars:     Size  Location     Type
  c               1   10[COMRAM] unsigned char 
 Return value:  Size  Location     Type
                  1    wreg      unsigned char 
 Registers used:
		wreg, fsr2l, fsr2h, status,2, status,0, cstack
 Tracked objects:
		On entry : 
		On exit  : 
		Unchanged: 
 Data sizes:     COMRAM   BANK0   BANK1   BANK2   BANK3   BANK4   BANK5
      Params:         2       0       0       0       0       0       0
      Locals:         1       0       0       0       0       0       0
      Temps:          2       0       0       0       0       0       0
      Totals:         5       0       0       0       0       0       0
Total ram usage:        5 bytes
 Hardware stack levels used:    1
 Hardware stack levels required when called:    1
 This function calls:
		_UART_buff_modulo_inc
 This function is called by:
		_EUSART1_Transmit_ISR
		_Receive_get
		_Send_put
 This function uses a non-reentrant model


 *************** function _EUSART1_Receive_ISR *****************
 Defined at:
		line 139 in file "UART.c"
 Parameters:    Size  Location     Type
		None
 Auto vars:     Size  Location     Type
  data            1   11[COMRAM] unsigned char 
 Return value:  Size  Location     Type
                  2  167[None  ] int 
 Registers used:
		wreg, fsr2l, fsr2h, status,2, status,0, cstack
 Tracked objects:
		On entry : 
		On exit  : 
		Unchanged: 
 Data sizes:     COMRAM   BANK0   BANK1   BANK2   BANK3   BANK4   BANK5
      Params:         0       0       0       0       0       0       0
      Locals:         1       0       0       0       0       0       0
      Temps:          0       0       0       0       0       0       0
      Totals:         1       0       0       0       0       0       0
Total ram usage:        1 bytes
 Hardware stack levels used:    1
 Hardware stack levels required when called:    2
 This function calls:
		_UART_buff_put
 This function is called by:
		_INTERRUPT_InterruptManager
 This function uses a non-reentrant model


 *************** function _UART_buff_put *****************
 Defined at:
		line 68 in file "UART.c"
 Parameters:    Size  Location     Type
  _this           2    6[COMRAM] PTR struct UART_ring_buf
		 -> output_buffer(206), input_buffer(206), 
  c               1    8[COMRAM] const unsigned char 
 Auto vars:     Size  Location     Type
		None
 Return value:  Size  Location     Type
		None               void
 Registers used:
		wreg, fsr2l, fsr2h, status,2, status,0, cstack
 Tracked objects:
		On entry : 
		On exit  : 
		Unchanged: 
 Data sizes:     COMRAM   BANK0   BANK1   BANK2   BANK3   BANK4   BANK5
      Params:         3       0       0       0       0       0       0
      Locals:         0       0       0       0       0       0       0
      Temps:          2       0       0       0       0       0       0
      Totals:         5       0       0       0       0       0       0
Total ram usage:        5 bytes
 Hardware stack levels used:    1
 Hardware stack levels required when called:    1
 This function calls:
		_UART_buff_modulo_inc
 This function is called by:
		_EUSART1_Receive_ISR
		_Send_put
 This function uses a non-reentrant model


 *************** function _UART_buff_modulo_inc *****************
 Defined at:
		line 106 in file "UART.c"
 Parameters:    Size  Location     Type
  value           2    0[COMRAM] const unsigned int 
  modulus         2    2[COMRAM] const unsigned int 
 Auto vars:     Size  Location     Type
  my_value        2    4[COMRAM] unsigned int 
 Return value:  Size  Location     Type
                  2    0[COMRAM] unsigned int 
 Registers used:
		wreg, status,2, status,0
 Tracked objects:
		On entry : 
		On exit  : 
		Unchanged: 
 Data sizes:     COMRAM   BANK0   BANK1   BANK2   BANK3   BANK4   BANK5
      Params:         4       0       0       0       0       0       0
      Locals:         2       0       0       0       0       0       0
      Temps:          0       0       0       0       0       0       0
      Totals:         6       0       0       0       0       0       0
Total ram usage:        6 bytes
 Hardware stack levels used:    1
 This function calls:
		Nothing
 This function is called by:
		_UART_buff_put
		_UART_buff_get
 This function uses a non-reentrant model



MODULE INFORMATION

Module		Function		Class		Link	Load	Size
UART.c
		_UART_buff_modulo_inc		CODE           	0574	0000	43
		_EUSART1_Receive_ISR		CODE           	059E	0000	31
		_UART_buff_get 		CODE           	01CA	0000	147
		_UART_buff_put 		CODE           	00B0	0000	283
		_EUSART1_Transmit_ISR		CODE           	04E8	0000	51
		_UART_buff_size		CODE           	05EA	0000	23

UART.c estimated size: 578

mcc_generated_files/eusart2.c
		_EUSART2_Receive_ISR		CODE           	0548	0000	45
		_EUSART2_Transmit_ISR		CODE           	051A	0000	47
		_EUSART2_Initialize		CODE           	04B4	0000	53

mcc_generated_files/eusart2.c estimated size: 145

mcc_generated_files/interrupt_manager.c
		_INTERRUPT_Initialize		CODE           	062E	0000	13
		_INTERRUPT_InterruptManager		CODE           	0008	0000	165

mcc_generated_files/interrupt_manager.c estimated size: 178

mcc_generated_files/tmr0.c
		_TMR0_StartTimer		CODE           	0644	0000	5
		_TMR0_Initialize		CODE           	05BC	0000	25

mcc_generated_files/tmr0.c estimated size: 30

mcc_generated_files/pin_manager.c
		_PIN_MANAGER_Initialize		CODE           	03F8	0000	81

mcc_generated_files/pin_manager.c estimated size: 81

mcc_generated_files/spi1.c
		_SPI1_Initialize		CODE           	0620	0000	15
		_SPI1_Exchange8bit		CODE           	0600	0000	19

mcc_generated_files/spi1.c estimated size: 34

Functions.c
		_Delay         		CODE           	0342	0000	103

Functions.c estimated size: 103

shared
		__initialization		CODE           	025C	0000	105
		_FONTLOOKUP    		MEDIUMCONST    	7E2D	0000	456

shared estimated size: 561

mcc_generated_files/mcc.c
		_OSCILLATOR_Initialize		CODE           	0612	0000	15
		_SYSTEM_Initialize		CODE           	05D4	0000	23

mcc_generated_files/mcc.c estimated size: 38

NokiaLCD.c
		_blackLcd      		CODE           	047E	0000	55
		_NokiaStart    		CODE           	02D2	0000	113
		_clearLcd      		CODE           	0448	0000	55

NokiaLCD.c estimated size: 223

main.c
		_main          		CODE           	03A8	0000	81

main.c estimated size: 81

