Microchip MPLAB XC8 Compiler V1.37 ()

Linker command line:

--edf=C:\Program Files (x86)\Microchip\xc8\v1.37\dat\en_msgs.txt -cs \
  -h+dist/default/production\Charger_Control.X.production.sym \
  --cmf=dist/default/production\Charger_Control.X.production.cmf -z \
  -Q18F45K22 -oC:\Users\richc\AppData\Local\Temp\s2fg.2 \
  -Mdist/default/production/Charger_Control.X.production.map -E1 -ver=XC8 \
  -ASTACK=04C8h-05ffh -pstack=STACK -ACODE=00h-07FFFh -ACONST=00h-07FFFh \
  -ASMALLCONST=0600h-06FFhx122 -AMEDIUMCONST=0600h-07FFFh -ACOMRAM=01h-05Fh \
  -AABS1=00h-05FFh -ABIGRAM=01h-05FFh -ARAM=060h-0FFh,0100h-01FFhx5 \
  -ABANK0=060h-0FFh -ABANK1=0100h-01FFh -ABANK2=0200h-02FFh \
  -ABANK3=0300h-03FFh -ABANK4=0400h-04FFh -ABANK5=0500h-05FFh \
  -ASFR=0F38h-0F5Fh,0F60h-0FFFh \
  -preset_vec=00h,intcode=08h,intcodelo,powerup,init,end_init \
  -pramtop=0600h -psmallconst=SMALLCONST -pmediumconst=MEDIUMCONST \
  -pconst=CONST -AFARRAM=00h-00h -ACONFIG=0300000h-030000Dh -pconfig=CONFIG \
  -AIDLOC=0200000h-0200007h -pidloc=IDLOC -AEEDATA=0F00000h-0F000FFh \
  -peeprom_data=EEDATA \
  -prdata=COMRAM,nvrram=COMRAM,nvbit=COMRAM,rbss=COMRAM,rbit=COMRAM \
  -pfarbss=FARRAM,fardata=FARRAM,nvFARRAM=FARRAM \
  -pintsave_regs=BIGRAM,bigbss=BIGRAM,bigdata=BIGRAM -pbss=RAM \
  -pidata=CODE,irdata=CODE,ibigdata=CODE,ifardata=CODE -prparam=COMRAM \
  C:\Users\richc\AppData\Local\Temp\s2fg.obj \
  dist/default/production\Charger_Control.X.production.obj 

Object code version is 3.11

Machine type is 18F45K22

Call graph: (short form)




                Name                               Link     Load   Length Selector   Space Scale
C:\Users\richc\AppData\Local\Temp\s2fg.obj
                end_init                             B8       B8        4        4       0
                reset_vec                             0        0        4        0       0
                idloc                            200000   200000        8   200000       0
                config                           300000   300000        E   300000       0
dist/default/production\Charger_Control.X.production.obj
                intcode                               8        8       B0        4       0
                temp                                 45       45        1        1       1
                mediumconst                        7DE6     7DE6      21A     3EF3       0
                text62                             1C98     1C98       2C        4       0
                text61                             1BE6     1BE6       2E        4       0
                text60                             1CEE     1CEE       2A        4       0
                text59                              EDA      EDA      11A        4       0
                text58                             1E06     1E06       1E        4       0
                text57                             131A     131A       92        4       0
                text56                             1E70     1E70       16        4       0
                text55                             1B58     1B58       32        4       0
                text54                             1E58     1E58       18        4       0
                text52                             1B24     1B24       34        4       0
                text51                             1EB6     1EB6        E        4       0
                text50                             1E98     1E98       10        4       0
                text49                             1E3E     1E3E       1A        4       0
                text48                             1D40     1D40       28        4       0
                text47                             13AC     13AC       82        4       0
                text46                             1C6C     1C6C       2C        4       0
                text45                             1DE8     1DE8       1E        4       0
                text44                             1A0C     1A0C       3C        4       0
                text43                             1AF0     1AF0       34        4       0
                text42                             1EC4     1EC4        C        4       0
                text41                             1EA8     1EA8        E        4       0
                text40                             1796     1796       5C        4       0
                text39                             1EDE     1EDE        4        4       0
                text38                             1C40     1C40       2C        4       0
                text37                             1E24     1E24       1A        4       0
                text36                             1D68     1D68       26        4       0
                text35                             142E     142E       7A        4       0
                text34                             1C14     1C14       2C        4       0
                text33                             1D18     1D18       28        4       0
                text32                             1ABA     1ABA       36        4       0
                text31                             1A82     1A82       38        4       0
                text30                             1594     1594       70        4       0
                text29                             189A     189A       52        4       0
                text28                             19CA     19CA       42        4       0
                text27                             1DCA     1DCA       1E        4       0
                text26                             1A48     1A48       3A        4       0
                text25                             1ED0     1ED0        A        4       0
                text24                               BC       BC      738        4       0
                text23                             1980     1980       4A        4       0
                text22                             1848     1848       52        4       0
                text21                             1BB8     1BB8       2E        4       0
                text20                              7F4      7F4      2DA        4       0
                text19                             1DAC     1DAC       1E        4       0
                text18                             1E86     1E86       12        4       0
                text17                             1936     1936       4A        4       0
                text16                             14A8     14A8       78        4       0
                text15                             18EC     18EC       4A        4       0
                text14                              FF4      FF4       E2        4       0
                text13                             11AE     11AE       D6        4       0
                text12                             1284     1284       96        4       0
                text11                              ACE      ACE      2A4        4       0
                text10                             1EDA     1EDA        4        4       0
                text9                              1CC4     1CC4       2A        4       0
                text8                               D72      D72      168        4       0
                text7                              1D8E     1D8E       1E        4       0
                text6                              1734     1734       62        4       0
                text5                              10D6     10D6       D8        4       0
                text4                              1520     1520       74        4       0
                text3                              16D0     16D0       64        4       0
                text2                              1B8A     1B8A       2E        4       0
                text1                              166C     166C       64        4       0
                text0                              17F2     17F2       56        4       0
                cstackCOMRAM                          1        1       27        1       1
                cstackBANK0                          D2       D2       25       60       1
                cstackBANK2                         2CE      2CE        B      200       1
                bssBANK4                            400      400       C8      400       1
                bssBANK3                            300      300       CE      300       1
                bssBANK2                            200      200       CE      200       1
                bssBANK1                            100      100       F6      100       1
                bssBANK0                             60       60       72       60       1
                dataCOMRAM                           44       44        1        1       1
                bssCOMRAM                            28       28       1C        1       1
                cinit                              1604     1604       68        4       0
                idataCOMRAM                        1EE2     1EE2        1        4       0

TOTAL           Name                               Link     Load   Length     Space
        CLASS   STACK          

        CLASS   CODE           
                end_init                             B8       B8        4         0
                intcode                               8        8       B0         0
                reset_vec                             0        0        4         0
                text62                             1C98     1C98       2C         0
                text61                             1BE6     1BE6       2E         0
                text60                             1CEE     1CEE       2A         0
                text59                              EDA      EDA      11A         0
                text58                             1E06     1E06       1E         0
                text57                             131A     131A       92         0
                text56                             1E70     1E70       16         0
                text55                             1B58     1B58       32         0
                text54                             1E58     1E58       18         0
                text52                             1B24     1B24       34         0
                text51                             1EB6     1EB6        E         0
                text50                             1E98     1E98       10         0
                text49                             1E3E     1E3E       1A         0
                text48                             1D40     1D40       28         0
                text47                             13AC     13AC       82         0
                text46                             1C6C     1C6C       2C         0
                text45                             1DE8     1DE8       1E         0
                text44                             1A0C     1A0C       3C         0
                text43                             1AF0     1AF0       34         0
                text42                             1EC4     1EC4        C         0
                text41                             1EA8     1EA8        E         0
                text40                             1796     1796       5C         0
                text39                             1EDE     1EDE        4         0
                text38                             1C40     1C40       2C         0
                text37                             1E24     1E24       1A         0
                text36                             1D68     1D68       26         0
                text35                             142E     142E       7A         0
                text34                             1C14     1C14       2C         0
                text33                             1D18     1D18       28         0
                text32                             1ABA     1ABA       36         0
                text31                             1A82     1A82       38         0
                text30                             1594     1594       70         0
                text29                             189A     189A       52         0
                text28                             19CA     19CA       42         0
                text27                             1DCA     1DCA       1E         0
                text26                             1A48     1A48       3A         0
                text25                             1ED0     1ED0        A         0
                text24                               BC       BC      738         0
                text23                             1980     1980       4A         0
                text22                             1848     1848       52         0
                text21                             1BB8     1BB8       2E         0
                text20                              7F4      7F4      2DA         0
                text19                             1DAC     1DAC       1E         0
                text18                             1E86     1E86       12         0
                text17                             1936     1936       4A         0
                text16                             14A8     14A8       78         0
                text15                             18EC     18EC       4A         0
                text14                              FF4      FF4       E2         0
                text13                             11AE     11AE       D6         0
                text12                             1284     1284       96         0
                text11                              ACE      ACE      2A4         0
                text10                             1EDA     1EDA        4         0
                text9                              1CC4     1CC4       2A         0
                text8                               D72      D72      168         0
                text7                              1D8E     1D8E       1E         0
                text6                              1734     1734       62         0
                text5                              10D6     10D6       D8         0
                text4                              1520     1520       74         0
                text3                              16D0     16D0       64         0
                text2                              1B8A     1B8A       2E         0
                text1                              166C     166C       64         0
                text0                              17F2     17F2       56         0
                cinit                              1604     1604       68         0
                idataCOMRAM                        1EE2     1EE2        1         0

        CLASS   CONST          

        CLASS   SMALLCONST     

        CLASS   MEDIUMCONST    
                mediumconst                        7DE6     7DE6      21A         0

        CLASS   COMRAM         
                temp                                 45       45        1         1
                cstackCOMRAM                          1        1       27         1
                dataCOMRAM                           44       44        1         1
                bssCOMRAM                            28       28       1C         1

        CLASS   ABS1           

        CLASS   BIGRAM         

        CLASS   RAM            

        CLASS   BANK0          
                cstackBANK0                          D2       D2       25         1
                bssBANK0                             60       60       72         1

        CLASS   BANK1          
                bssBANK1                            100      100       F6         1

        CLASS   BANK2          
                cstackBANK2                         2CE      2CE        B         1
                bssBANK2                            200      200       CE         1

        CLASS   BANK3          
                bssBANK3                            300      300       CE         1

        CLASS   BANK4          
                bssBANK4                            400      400       C8         1

        CLASS   BANK5          

        CLASS   SFR            

        CLASS   FARRAM         

        CLASS   CONFIG         
                config                           300000   300000        E         0

        CLASS   IDLOC          
                idloc                            200000   200000        8         0

        CLASS   EEDATA         



SEGMENTS        Name                           Load    Length   Top    Selector   Space  Class

                reset_vec                      000000  000004  000004         0       0  CODE    
                cstackCOMRAM                   000001  000045  000046         1       1  COMRAM  
                intcode                        000008  001EDB  001EE3         4       0  CODE    
                bssBANK0                       000060  000097  0000F7        60       1  BANK0   
                bssBANK1                       000100  0000F6  0001F6       100       1  BANK1   
                bssBANK2                       000200  0000D9  0002D9       200       1  BANK2   
                bssBANK3                       000300  0000CE  0003CE       300       1  BANK3   
                bssBANK4                       000400  0000C8  0004C8       400       1  BANK4   
                mediumconst                    007DE6  00021A  008000      3EF3       0  MEDIUMCO
                idloc                          200000  000008  200008    200000       0  IDLOC   
                config                         300000  00000E  30000E    300000       0  CONFIG  


UNUSED ADDRESS RANGES

        Name                Unused          Largest block    Delta
        BANK0            0000F7-0000FF                9
        BANK1            0001F6-0001FF                A
        BANK2            0002D9-0002FF               27
        BANK3            0003CE-0003FF               32
        BANK4            0004C8-0004FF               38
        BANK5            000500-0005FF              100
        BIGRAM           000046-00005F               1A
                         0000F7-0000FF                9
                         0001F6-0001FF                A
                         0002D9-0002FF               27
                         0003CE-0003FF               32
                         0004C8-0005FF              138
        CODE             000004-000007                4
                         001EE3-007DE5             5F03
        COMRAM           000046-00005F               1A
        CONST            000004-000007                4
                         001EE3-007DE5             5F03
        EEDATA           F00000-F000FF              100
        MEDIUMCONST      001EE3-007DE5             5F03
        RAM              0000F7-0000FF                9
                         0001F6-0001FF                A
                         0002D9-0002FF               27
                         0003CE-0003FF               32
                         0004C8-0005FF               38
        SFR              000F38-000FFF               28
        SMALLCONST       001EE3-007DE5              100
        STACK            0004C8-0005FF              138

                                  Symbol Table

?_FastTransfer_buffer_modulo_inc         cstackCOMRAM 00001B
?_UART_buff_modulo_inc                   cstackCOMRAM 000001
?_UART_buff_size                         cstackCOMRAM 000001
?___awmod                                cstackCOMRAM 00001B
?___lwdiv                                cstackCOMRAM 00001B
?___lwmod                                cstackCOMRAM 000022
?___wmul                                 cstackCOMRAM 00001B
?__doprnt                                cstackBANK0  0000D2
?_printf                                 cstackBANK0  0000E7
?_sprintf                                cstackBANK0  0000E7
?_time_get                               cstackCOMRAM 00001B
CRC8@crc                                 cstackCOMRAM 000021
CRC8@data                                cstackCOMRAM 00001B
CRC8@extract                             cstackCOMRAM 00001F
CRC8@len                                 cstackCOMRAM 00001D
CRC8@sum                                 cstackCOMRAM 00001E
CRC8@tempI                               cstackCOMRAM 000020
CRCcheck@SentCRC                         cstackBANK0  0000D2
CRCcheck@arrayHolder                     cstackBANK0  0000D4
CRCcheck@calculatedCRC                   cstackBANK0  0000D3
CRCcheck@rt                              cstackBANK0  0000D7
Delay@i                                  cstackCOMRAM 00001E
Delay@wait                               cstackCOMRAM 00001B
EUSART1_Write@txData                     cstackCOMRAM 00001B
EUSART2_Receive_ISR@data                 cstackCOMRAM 00000C
FastTransfer_buffer_flush@_this          cstackCOMRAM 000023
FastTransfer_buffer_flush@clearBuffer    cstackCOMRAM 000025
FastTransfer_buffer_modulo_inc@modulus   cstackCOMRAM 00001D
FastTransfer_buffer_modulo_inc@my_value  cstackCOMRAM 00001F
FastTransfer_buffer_modulo_inc@value     cstackCOMRAM 00001B
FastTransfer_buffer_put@_this            cstackCOMRAM 000021
FastTransfer_buffer_put@towhat           cstackCOMRAM 000024
FastTransfer_buffer_put@towhere          cstackCOMRAM 000023
LCDwrite@data                            cstackCOMRAM 000021
LCDwrite@mode                            cstackCOMRAM 000022
LcdCharacter@character                   cstackCOMRAM 000025
LcdCharacter@index                       cstackCOMRAM 000026
NokiaStr@str                             cstackBANK0  0000D2
Precharge@OnOff                          cstackCOMRAM 000020
Precharge@i                              cstackCOMRAM 000021
Precharge@i_2001                         cstackCOMRAM 000023
SPI1_Exchange8bit@data                   cstackCOMRAM 00001B
SetCharger@Current                       cstackBANK0  0000F3
SetCharger@Voltage                       cstackBANK0  0000F5
SetCharger@mode                          cstackBANK2  0002D8
SetCharger@str                           cstackBANK2  0002CE
SetMux@channel                           cstackCOMRAM 00001B
ToSend@what                              cstackBANK0  0000D2
ToSend@where                             cstackBANK0  0000D4
UART_buff_get@_this                      cstackCOMRAM 000007
UART_buff_get@c                          cstackCOMRAM 00000B
UART_buff_init@_this                     cstackCOMRAM 000023
UART_buff_modulo_inc@modulus             cstackCOMRAM 000003
UART_buff_modulo_inc@my_value            cstackCOMRAM 000005
UART_buff_modulo_inc@value               cstackCOMRAM 000001
UART_buff_put@_this                      cstackCOMRAM 000007
UART_buff_put@c                          cstackCOMRAM 000009
UART_buff_size@_this                     cstackCOMRAM 000001
_AKNAKsend                               bssCOMRAM    000034
_ANSA3                                   (abs)        0079C3
_ANSB0                                   (abs)        0079C8
_ANSB1                                   (abs)        0079C9
_ANSELA                                  (abs)        000F38
_ANSELB                                  (abs)        000F39
_ANSELC                                  (abs)        000F3A
_ANSELD                                  (abs)        000F3B
_ANSELE                                  (abs)        000F3C
_BAUD1CON                                (abs)        000FB8
_BAUD2CON                                (abs)        000F70
_CRC8                                    text15       0018EC
_CRCcheck                                text12       001284
_ChargerData                             bssBANK0     000099
_Delay                                   text52       001B24
_EUSART1_Initialize                      text44       001A0C
_EUSART1_Receive_ISR                     text62       001C98
_EUSART1_Transmit_ISR                    text61       001BE6
_EUSART1_Write                           text26       001A48
_EUSART2_Initialize                      text43       001AF0
_EUSART2_Receive_ISR                     text58       001E06
_EUSART2_Transmit_ISR                    text55       001B58
_FONTLOOKUP                              mediumconst  007DE7
_FastTransfer_buffer_flush               text6        001734
_FastTransfer_buffer_modulo_inc          text9        001CC4
_FastTransfer_buffer_put                 text8        000D72
_GetPowerState                           text10       001EDA
_INTCON2bits                             (abs)        000FF1
_INTCONbits                              (abs)        000FF2
_INTERRUPT_Initialize                    text42       001EC4
_INTERRUPT_InterruptManager              intcode      000008
_IPR1bits                                (abs)        000F9F
_IPR3bits                                (abs)        000FA5
_LATA                                    (abs)        000F89
_LATA3                                   (abs)        007C4B
_LATA7                                   (abs)        007C4F
_LATB                                    (abs)        000F8A
_LATB0                                   (abs)        007C50
_LATB1                                   (abs)        007C51
_LATB3                                   (abs)        007C53
_LATB4                                   (abs)        007C54
_LATB5                                   (abs)        007C55
_LATBbits                                (abs)        000F8A
_LATC                                    (abs)        000F8B
_LATC0                                   (abs)        007C58
_LATC1                                   (abs)        007C59
_LATCbits                                (abs)        000F8B
_LATD                                    (abs)        000F8C
_LATD0                                   (abs)        007C60
_LATD3                                   (abs)        007C63
_LATE                                    (abs)        000F8D
_LCDwrite                                text49       001E3E
_LEDtime                                 bssBANK0     00007B
_LcdCharacter                            text35       00142E
_NokiaStart                              text47       0013AC
_NokiaStr                                text34       001C14
_OSCCON                                  (abs)        000FD3
_OSCCON2                                 (abs)        000FD2
_OSCILLATOR_Initialize                   text41       001EA8
_OSCTUNE                                 (abs)        000F9B
_PIE1bits                                (abs)        000F9D
_PIE3bits                                (abs)        000FA3
_PIN_MANAGER_Initialize                  text40       001796
_PIR1bits                                (abs)        000F9E
_PIR3bits                                (abs)        000FA4
_PowerOn                                 bssCOMRAM    000035
_Precharge                               text16       0014A8
_RC1STA                                  (abs)        000FAB
_RC1STAbits                              (abs)        000FAB
_RC2STA                                  (abs)        000F71
_RC2STAbits                              (abs)        000F71
_RCONbits                                (abs)        000FD0
_RCREG1                                  (abs)        000FAE
_RCREG2                                  (abs)        000F74
_SPBRG1                                  (abs)        000FAF
_SPBRG2                                  (abs)        000F75
_SPBRGH1                                 (abs)        000FB0
_SPBRGH2                                 (abs)        000F76
_SPI1_Exchange8bit                       text50       001E98
_SPI1_Initialize                         text51       001EB6
_SSP1ADD                                 (abs)        000FC8
_SSP1BUF                                 (abs)        000FC9
_SSP1CON1                                (abs)        000FC6
_SSP1CON1bits                            (abs)        000FC6
_SSP1STAT                                (abs)        000FC7
_SSP1STATbits                            (abs)        000FC7
_SYSTEM_Initialize                       text37       001E24
_SetCharger                              text20       0007F4
_SetMux                                  text31       001A82
_Splash                                  text32       001ABA
_Start                                   bssBANK0     000087
_T0CON                                   (abs)        000FD5
_T0CONbits                               (abs)        000FD5
_TMR0H                                   (abs)        000FD7
_TMR0L                                   (abs)        000FD6
_TMR0_ISR                                text54       001E58
_TMR0_Initialize                         text38       001C40
_TMR0_StartTimer                         text39       001EDE
_TRISA                                   (abs)        000F92
_TRISAbits                               (abs)        000F92
_TRISB                                   (abs)        000F93
_TRISB0                                  (abs)        007C98
_TRISB1                                  (abs)        007C99
_TRISBbits                               (abs)        000F93
_TRISC                                   (abs)        000F94
_TRISCbits                               (abs)        000F94
_TRISD                                   (abs)        000F95
_TRISD0                                  (abs)        007CA8
_TRISD2                                  (abs)        007CAA
_TRISD3                                  (abs)        007CAB
_TRISE                                   (abs)        000F96
_TX1STA                                  (abs)        000FAC
_TX2STA                                  (abs)        000F72
_TXREG1                                  (abs)        000FAD
_TXREG2                                  (abs)        000F73
_ToSend                                  text7        001D8E
_Transmit_stall                          dataCOMRAM   000044
_UART_buff_get                           text57       00131A
_UART_buff_init                          text45       001DE8
_UART_buff_modulo_inc                    text60       001CEE
_UART_buff_put                           text59       000EDA
_UART_buff_size                          text56       001E70
_WPUB                                    (abs)        000F61
__CFG_BOREN$SBORDIS                      (abs)        000000
__CFG_BORV$190                           (abs)        000000
__CFG_CCP2MX$PORTC1                      (abs)        000000
__CFG_CCP3MX$PORTB5                      (abs)        000000
__CFG_CP0$OFF                            (abs)        000000
__CFG_CP1$OFF                            (abs)        000000
__CFG_CP2$OFF                            (abs)        000000
__CFG_CP3$OFF                            (abs)        000000
__CFG_CPB$OFF                            (abs)        000000
__CFG_CPD$OFF                            (abs)        000000
__CFG_DEBUG$OFF                          (abs)        000000
__CFG_EBTR0$OFF                          (abs)        000000
__CFG_EBTR1$OFF                          (abs)        000000
__CFG_EBTR2$OFF                          (abs)        000000
__CFG_EBTR3$OFF                          (abs)        000000
__CFG_EBTRB$OFF                          (abs)        000000
__CFG_FCMEN$OFF                          (abs)        000000
__CFG_FOSC$INTIO67                       (abs)        000000
__CFG_HFOFST$ON                          (abs)        000000
__CFG_IESO$OFF                           (abs)        000000
__CFG_LVP$OFF                            (abs)        000000
__CFG_MCLRE$EXTMCLR                      (abs)        000000
__CFG_P2BMX$PORTD2                       (abs)        000000
__CFG_PBADEN$ON                          (abs)        000000
__CFG_PLLCFG$OFF                         (abs)        000000
__CFG_PRICLKEN$OFF                       (abs)        000000
__CFG_PWRTEN$OFF                         (abs)        000000
__CFG_STVREN$ON                          (abs)        000000
__CFG_T3CMX$PORTC0                       (abs)        000000
__CFG_WDTEN$OFF                          (abs)        000000
__CFG_WDTPS$32768                        (abs)        000000
__CFG_WRT0$OFF                           (abs)        000000
__CFG_WRT1$OFF                           (abs)        000000
__CFG_WRT2$OFF                           (abs)        000000
__CFG_WRT3$OFF                           (abs)        000000
__CFG_WRTB$OFF                           (abs)        000000
__CFG_WRTC$OFF                           (abs)        000000
__CFG_WRTD$OFF                           (abs)        000000
__CFG_XINST$OFF                          (abs)        000000
__HRAM                                   (abs)        000000
__Habs1                                  abs1         000000
__Hbank0                                 bank0        000000
__Hbank1                                 bank1        000000
__Hbank2                                 bank2        000000
__Hbank3                                 bank3        000000
__Hbank4                                 bank4        000000
__Hbank5                                 bank5        000000
__Hbigbss                                bigbss       000000
__Hbigdata                               bigdata      000000
__Hbigram                                bigram       000000
__Hbss                                   bss          000000
__HbssBANK0                              bssBANK0     000000
__HbssBANK1                              bssBANK1     000000
__HbssBANK2                              bssBANK2     000000
__HbssBANK3                              bssBANK3     000000
__HbssBANK4                              bssBANK4     000000
__HbssCOMRAM                             bssCOMRAM    000000
__Hcinit                                 cinit        000000
__Hclrtext                               clrtext      000000
__Hcomram                                comram       000000
__Hconfig                                config       30000E
__Hconst                                 const        000000
__HcstackBANK0                           cstackBANK0  000000
__HcstackBANK2                           cstackBANK2  000000
__HcstackCOMRAM                          cstackCOMRAM 000000
__Hdata                                  data         000000
__HdataCOMRAM                            dataCOMRAM   000000
__Heeprom_data                           eeprom_data  000000
__Hend_init                              end_init     0000BC
__Hfarbss                                farbss       000000
__Hfardata                               fardata      000000
__Hibigdata                              ibigdata     000000
__Hidata                                 idata        000000
__HidataCOMRAM                           idataCOMRAM  000000
__Hidloc                                 idloc        200008
__Hifardata                              ifardata     000000
__Hinit                                  init         0000B8
__Hintcode                               intcode      0000B8
__Hintcode_body                          intcode_body 000000
__Hintcodelo                             intcodelo    0000B8
__Hintentry                              intentry     000000
__Hintret                                intret       000000
__Hintsave_regs                          intsave_regs 000000
__Hirdata                                irdata       000000
__Hmediumconst                           mediumconst  008000
__HnvFARRAM                              nvFARRAM     000000
__Hnvbit                                 nvbit        000000
__Hnvrram                                nvrram       000000
__Hparam                                 rparam       000000
__Hpowerup                               powerup      0000B8
__Hram                                   ram          000000
__Hramtop                                ramtop       000600
__Hrbit                                  rbit         000000
__Hrbss                                  rbss         000000
__Hrdata                                 rdata        000000
__Hreset_vec                             reset_vec    000004
__Hrparam                                rparam       000000
__Hsfr                                   sfr          000000
__Hsmallconst                            smallconst   000000
__Hspace_0                               (abs)        30000E
__Hspace_1                               (abs)        0004C8
__Hspace_2                               (abs)        000000
__Hstack                                 stack        000000
__Hstruct                                struct       000000
__Htemp                                  temp         000046
__Htext                                  text         000000
__Htext0                                 text0        000000
__Htext1                                 text1        000000
__Htext10                                text10       000000
__Htext11                                text11       000000
__Htext12                                text12       000000
__Htext13                                text13       000000
__Htext14                                text14       000000
__Htext15                                text15       000000
__Htext16                                text16       000000
__Htext17                                text17       000000
__Htext18                                text18       000000
__Htext19                                text19       000000
__Htext2                                 text2        000000
__Htext20                                text20       000000
__Htext21                                text21       000000
__Htext22                                text22       000000
__Htext23                                text23       000000
__Htext24                                text24       000000
__Htext25                                text25       000000
__Htext26                                text26       000000
__Htext27                                text27       000000
__Htext28                                text28       000000
__Htext29                                text29       000000
__Htext3                                 text3        000000
__Htext30                                text30       000000
__Htext31                                text31       000000
__Htext32                                text32       000000
__Htext33                                text33       000000
__Htext34                                text34       000000
__Htext35                                text35       000000
__Htext36                                text36       000000
__Htext37                                text37       000000
__Htext38                                text38       000000
__Htext39                                text39       000000
__Htext4                                 text4        000000
__Htext40                                text40       000000
__Htext41                                text41       000000
__Htext42                                text42       000000
__Htext43                                text43       000000
__Htext44                                text44       000000
__Htext45                                text45       000000
__Htext46                                text46       000000
__Htext47                                text47       000000
__Htext48                                text48       000000
__Htext49                                text49       000000
__Htext5                                 text5        000000
__Htext50                                text50       000000
__Htext51                                text51       000000
__Htext52                                text52       000000
__Htext54                                text54       000000
__Htext55                                text55       000000
__Htext56                                text56       000000
__Htext57                                text57       000000
__Htext58                                text58       000000
__Htext59                                text59       000000
__Htext6                                 text6        000000
__Htext60                                text60       000000
__Htext61                                text61       000000
__Htext62                                text62       000000
__Htext63                                text63       000000
__Htext7                                 text7        000000
__Htext8                                 text8        000000
__Htext9                                 text9        000000
__LRAM                                   (abs)        000001
__Labs1                                  abs1         000000
__Lbank0                                 bank0        000000
__Lbank1                                 bank1        000000
__Lbank2                                 bank2        000000
__Lbank3                                 bank3        000000
__Lbank4                                 bank4        000000
__Lbank5                                 bank5        000000
__Lbigbss                                bigbss       000000
__Lbigdata                               bigdata      000000
__Lbigram                                bigram       000000
__Lbss                                   bss          000000
__LbssBANK0                              bssBANK0     000000
__LbssBANK1                              bssBANK1     000000
__LbssBANK2                              bssBANK2     000000
__LbssBANK3                              bssBANK3     000000
__LbssBANK4                              bssBANK4     000000
__LbssCOMRAM                             bssCOMRAM    000000
__Lcinit                                 cinit        000000
__Lclrtext                               clrtext      000000
__Lcomram                                comram       000000
__Lconfig                                config       300000
__Lconst                                 const        000000
__LcstackBANK0                           cstackBANK0  000000
__LcstackBANK2                           cstackBANK2  000000
__LcstackCOMRAM                          cstackCOMRAM 000000
__Ldata                                  data         000000
__LdataCOMRAM                            dataCOMRAM   000000
__Leeprom_data                           eeprom_data  000000
__Lend_init                              end_init     0000B8
__Lfarbss                                farbss       000000
__Lfardata                               fardata      000000
__Libigdata                              ibigdata     000000
__Lidata                                 idata        000000
__LidataCOMRAM                           idataCOMRAM  000000
__Lidloc                                 idloc        200000
__Lifardata                              ifardata     000000
__Linit                                  init         0000B8
__Lintcode                               intcode      000008
__Lintcode_body                          intcode_body 000000
__Lintcodelo                             intcodelo    0000B8
__Lintentry                              intentry     000000
__Lintret                                intret       000000
__Lintsave_regs                          intsave_regs 000000
__Lirdata                                irdata       000000
__Lmediumconst                           mediumconst  007DE6
__LnvFARRAM                              nvFARRAM     000000
__Lnvbit                                 nvbit        000000
__Lnvrram                                nvrram       000000
__Lparam                                 rparam       000000
__Lpowerup                               powerup      0000B8
__Lram                                   ram          000000
__Lramtop                                ramtop       000600
__Lrbit                                  rbit         000000
__Lrbss                                  rbss         000000
__Lrdata                                 rdata        000000
__Lreset_vec                             reset_vec    000000
__Lrparam                                rparam       000000
__Lsfr                                   sfr          000000
__Lsmallconst                            smallconst   000000
__Lspace_0                               (abs)        000000
__Lspace_1                               (abs)        000000
__Lspace_2                               (abs)        000000
__Lstack                                 stack        000000
__Lstruct                                struct       000000
__Ltemp                                  temp         000045
__Ltext                                  text         000000
__Ltext0                                 text0        000000
__Ltext1                                 text1        000000
__Ltext10                                text10       000000
__Ltext11                                text11       000000
__Ltext12                                text12       000000
__Ltext13                                text13       000000
__Ltext14                                text14       000000
__Ltext15                                text15       000000
__Ltext16                                text16       000000
__Ltext17                                text17       000000
__Ltext18                                text18       000000
__Ltext19                                text19       000000
__Ltext2                                 text2        000000
__Ltext20                                text20       000000
__Ltext21                                text21       000000
__Ltext22                                text22       000000
__Ltext23                                text23       000000
__Ltext24                                text24       000000
__Ltext25                                text25       000000
__Ltext26                                text26       000000
__Ltext27                                text27       000000
__Ltext28                                text28       000000
__Ltext29                                text29       000000
__Ltext3                                 text3        000000
__Ltext30                                text30       000000
__Ltext31                                text31       000000
__Ltext32                                text32       000000
__Ltext33                                text33       000000
__Ltext34                                text34       000000
__Ltext35                                text35       000000
__Ltext36                                text36       000000
__Ltext37                                text37       000000
__Ltext38                                text38       000000
__Ltext39                                text39       000000
__Ltext4                                 text4        000000
__Ltext40                                text40       000000
__Ltext41                                text41       000000
__Ltext42                                text42       000000
__Ltext43                                text43       000000
__Ltext44                                text44       000000
__Ltext45                                text45       000000
__Ltext46                                text46       000000
__Ltext47                                text47       000000
__Ltext48                                text48       000000
__Ltext49                                text49       000000
__Ltext5                                 text5        000000
__Ltext50                                text50       000000
__Ltext51                                text51       000000
__Ltext52                                text52       000000
__Ltext54                                text54       000000
__Ltext55                                text55       000000
__Ltext56                                text56       000000
__Ltext57                                text57       000000
__Ltext58                                text58       000000
__Ltext59                                text59       000000
__Ltext6                                 text6        000000
__Ltext60                                text60       000000
__Ltext61                                text61       000000
__Ltext62                                text62       000000
__Ltext63                                text63       000000
__Ltext7                                 text7        000000
__Ltext8                                 text8        000000
__Ltext9                                 text9        000000
__S0                                     (abs)        30000E
__S1                                     (abs)        0004C8
__S2                                     (abs)        000000
___awmod                                 text30       001594
___awmod@counter                         cstackCOMRAM 00001F
___awmod@dividend                        cstackCOMRAM 00001B
___awmod@divisor                         cstackCOMRAM 00001D
___awmod@sign                            cstackCOMRAM 000020
___inthi_sp                              stack        000000
___intlo_sp                              stack        000000
___lwdiv                                 text29       00189A
___lwdiv@counter                         cstackCOMRAM 00001F
___lwdiv@dividend                        cstackCOMRAM 00001B
___lwdiv@divisor                         cstackCOMRAM 00001D
___lwdiv@quotient                        cstackCOMRAM 000020
___lwmod                                 text28       0019CA
___lwmod@counter                         cstackCOMRAM 000026
___lwmod@dividend                        cstackCOMRAM 000022
___lwmod@divisor                         cstackCOMRAM 000024
___param_bank                            (abs)        000010
___rparam_used                           (abs)        000001
___sp                                    stack        000000
___wmul                                  text36       001D68
___wmul@multiplicand                     cstackCOMRAM 00001D
___wmul@multiplier                       cstackCOMRAM 00001B
___wmul@product                          cstackCOMRAM 00001F
__accesstop                              (abs)        000060
__activetblptr                           (abs)        000002
__doprnt                                 text24       0000BC
__doprnt@ap                              cstackBANK0  0000D6
__doprnt@c                               cstackBANK0  0000E6
__doprnt@cp                              cstackBANK0  0000E2
__doprnt@f                               cstackBANK0  0000D4
__doprnt@flag                            cstackBANK0  0000E1
__doprnt@len                             cstackBANK0  0000DF
__doprnt@pb                              cstackBANK0  0000D2
__doprnt@prec                            cstackBANK0  0000DC
__doprnt@val                             cstackBANK0  0000DD
__doprnt@width                           cstackBANK0  0000E4
__end_of_CRC8                            text15       001936
__end_of_CRCcheck                        text12       00131A
__end_of_Delay                           text52       001B58
__end_of_EUSART1_Initialize              text44       001A48
__end_of_EUSART1_Receive_ISR             text62       001CC4
__end_of_EUSART1_Transmit_ISR            text61       001C14
__end_of_EUSART1_Write                   text26       001A82
__end_of_EUSART2_Initialize              text43       001B24
__end_of_EUSART2_Receive_ISR             text58       001E24
__end_of_EUSART2_Transmit_ISR            text55       001B8A
__end_of_FONTLOOKUP                      mediumconst  007FC7
__end_of_FastTransfer_buffer_flush       text6        001796
__end_of_FastTransfer_buffer_modulo_inc  text9        001CEE
__end_of_FastTransfer_buffer_put         text8        000EDA
__end_of_GetPowerState                   text10       001EDE
__end_of_INTERRUPT_Initialize            text42       001ED0
__end_of_INTERRUPT_InterruptManager      intcode      0000B8
__end_of_LCDwrite                        text49       001E58
__end_of_LcdCharacter                    text35       0014A8
__end_of_NokiaStart                      text47       00142E
__end_of_NokiaStr                        text34       001C40
__end_of_OSCILLATOR_Initialize           text41       001EB6
__end_of_PIN_MANAGER_Initialize          text40       0017F2
__end_of_Precharge                       text16       001520
__end_of_SPI1_Exchange8bit               text50       001EA8
__end_of_SPI1_Initialize                 text51       001EC4
__end_of_SYSTEM_Initialize               text37       001E3E
__end_of_SetCharger                      text20       000ACE
__end_of_SetMux                          text31       001ABA
__end_of_Splash                          text32       001AF0
__end_of_TMR0_ISR                        text54       001E70
__end_of_TMR0_Initialize                 text38       001C6C
__end_of_TMR0_StartTimer                 text39       001EE2
__end_of_ToSend                          text7        001DAC
__end_of_UART_buff_get                   text57       0013AC
__end_of_UART_buff_init                  text45       001E06
__end_of_UART_buff_modulo_inc            text60       001D18
__end_of_UART_buff_put                   text59       000FF4
__end_of_UART_buff_size                  text56       001E86
__end_of___awmod                         text30       001604
__end_of___lwdiv                         text29       0018EC
__end_of___lwmod                         text28       001A0C
__end_of___wmul                          text36       001D8E
__end_of__doprnt                         text24       0007F4
__end_of__initialization                 cinit        00165E
__end_of_clearLcd                        text48       001D68
__end_of_crcBufS_get                     text14       0010D6
__end_of_crcBufS_put                     text5        0011AE
__end_of_crcBufS_status_put              text13       001284
__end_of_dpowers                         mediumconst  007FD1
__end_of_gotoXy                          text33       001D40
__end_of_isdigit                         text27       001DE8
__end_of_ledDebug                        text17       001980
__end_of_main                            text0        001848
__end_of_memset                          text46       001C98
__end_of_printf                          text23       0019CA
__end_of_putch                           text25       001EDA
__end_of_receiveData                     text11       000D72
__end_of_respondChargerAsECU             text3        001734
__end_of_sendData                        text4        001594
__end_of_sprintf                         text22       00189A
__end_of_strcpy                          text21       001BE6
__end_of_time_Set                        text19       001DCA
__end_of_time_get                        text18       001E98
__end_of_updateComms                     text2        001BB8
__end_of_updateTimers                    text1        0016D0
__initialization                         cinit        001604
__mediumconst                            mediumconst  007DE6
__pbssBANK0                              bssBANK0     000060
__pbssBANK1                              bssBANK1     000100
__pbssBANK2                              bssBANK2     000200
__pbssBANK3                              bssBANK3     000300
__pbssBANK4                              bssBANK4     000400
__pbssCOMRAM                             bssCOMRAM    000028
__pcinit                                 cinit        001604
__pcstackBANK0                           cstackBANK0  0000D2
__pcstackBANK2                           cstackBANK2  0002CE
__pcstackCOMRAM                          cstackCOMRAM 000001
__pdataCOMRAM                            dataCOMRAM   000044
__pidataCOMRAM                           idataCOMRAM  001EE2
__pintcode                               intcode      000008
__pmediumconst                           mediumconst  007DE6
__ptext0                                 text0        0017F2
__ptext1                                 text1        00166C
__ptext10                                text10       001EDA
__ptext11                                text11       000ACE
__ptext12                                text12       001284
__ptext13                                text13       0011AE
__ptext14                                text14       000FF4
__ptext15                                text15       0018EC
__ptext16                                text16       0014A8
__ptext17                                text17       001936
__ptext18                                text18       001E86
__ptext19                                text19       001DAC
__ptext2                                 text2        001B8A
__ptext20                                text20       0007F4
__ptext21                                text21       001BB8
__ptext22                                text22       001848
__ptext23                                text23       001980
__ptext24                                text24       0000BC
__ptext25                                text25       001ED0
__ptext26                                text26       001A48
__ptext27                                text27       001DCA
__ptext28                                text28       0019CA
__ptext29                                text29       00189A
__ptext3                                 text3        0016D0
__ptext30                                text30       001594
__ptext31                                text31       001A82
__ptext32                                text32       001ABA
__ptext33                                text33       001D18
__ptext34                                text34       001C14
__ptext35                                text35       00142E
__ptext36                                text36       001D68
__ptext37                                text37       001E24
__ptext38                                text38       001C40
__ptext39                                text39       001EDE
__ptext4                                 text4        001520
__ptext40                                text40       001796
__ptext41                                text41       001EA8
__ptext42                                text42       001EC4
__ptext43                                text43       001AF0
__ptext44                                text44       001A0C
__ptext45                                text45       001DE8
__ptext46                                text46       001C6C
__ptext47                                text47       0013AC
__ptext48                                text48       001D40
__ptext49                                text49       001E3E
__ptext5                                 text5        0010D6
__ptext50                                text50       001E98
__ptext51                                text51       001EB6
__ptext52                                text52       001B24
__ptext54                                text54       001E58
__ptext55                                text55       001B58
__ptext56                                text56       001E70
__ptext57                                text57       00131A
__ptext58                                text58       001E06
__ptext59                                text59       000EDA
__ptext6                                 text6        001734
__ptext60                                text60       001CEE
__ptext61                                text61       001BE6
__ptext62                                text62       001C98
__ptext63                                text63       000000
__ptext7                                 text7        001D8E
__ptext8                                 text8        000D72
__ptext9                                 text9        001CC4
__ramtop                                 ramtop       000600
__size_of_CRC8                           (abs)        000000
__size_of_CRCcheck                       (abs)        000000
__size_of_Delay                          (abs)        000000
__size_of_EUSART1_Initialize             (abs)        000000
__size_of_EUSART1_Receive_ISR            (abs)        000000
__size_of_EUSART1_Transmit_ISR           (abs)        000000
__size_of_EUSART1_Write                  (abs)        000000
__size_of_EUSART2_Initialize             (abs)        000000
__size_of_EUSART2_Receive_ISR            (abs)        000000
__size_of_EUSART2_Transmit_ISR           (abs)        000000
__size_of_FastTransfer_buffer_flush      (abs)        000000
__size_of_FastTransfer_buffer_modulo_inc (abs)        000000
__size_of_FastTransfer_buffer_put        (abs)        000000
__size_of_GetPowerState                  (abs)        000000
__size_of_INTERRUPT_Initialize           (abs)        000000
__size_of_INTERRUPT_InterruptManager     (abs)        000000
__size_of_LCDwrite                       (abs)        000000
__size_of_LcdCharacter                   (abs)        000000
__size_of_NokiaStart                     (abs)        000000
__size_of_NokiaStr                       (abs)        000000
__size_of_OSCILLATOR_Initialize          (abs)        000000
__size_of_PIN_MANAGER_Initialize         (abs)        000000
__size_of_Precharge                      (abs)        000000
__size_of_SPI1_Exchange8bit              (abs)        000000
__size_of_SPI1_Initialize                (abs)        000000
__size_of_SYSTEM_Initialize              (abs)        000000
__size_of_SetCharger                     (abs)        000000
__size_of_SetMux                         (abs)        000000
__size_of_Splash                         (abs)        000000
__size_of_TMR0_ISR                       (abs)        000000
__size_of_TMR0_Initialize                (abs)        000000
__size_of_TMR0_StartTimer                (abs)        000000
__size_of_ToSend                         (abs)        000000
__size_of_UART_buff_get                  (abs)        000000
__size_of_UART_buff_init                 (abs)        000000
__size_of_UART_buff_modulo_inc           (abs)        000000
__size_of_UART_buff_put                  (abs)        000000
__size_of_UART_buff_size                 (abs)        000000
__size_of___awmod                        (abs)        000000
__size_of___lwdiv                        (abs)        000000
__size_of___lwmod                        (abs)        000000
__size_of___wmul                         (abs)        000000
__size_of__doprnt                        (abs)        000000
__size_of_clearLcd                       (abs)        000000
__size_of_crcBufS_get                    (abs)        000000
__size_of_crcBufS_put                    (abs)        000000
__size_of_crcBufS_status_put             (abs)        000000
__size_of_gotoXy                         (abs)        000000
__size_of_isdigit                        (abs)        000000
__size_of_ledDebug                       (abs)        000000
__size_of_main                           (abs)        000000
__size_of_memset                         (abs)        000000
__size_of_printf                         (abs)        000000
__size_of_putch                          (abs)        000000
__size_of_receiveData                    (abs)        000000
__size_of_respondChargerAsECU            (abs)        000000
__size_of_sendData                       (abs)        000000
__size_of_sprintf                        (abs)        000000
__size_of_strcpy                         (abs)        000000
__size_of_time_Set                       (abs)        000000
__size_of_time_get                       (abs)        000000
__size_of_updateComms                    (abs)        000000
__size_of_updateTimers                   (abs)        000000
__smallconst                             smallconst   000000
_addressErrorCounter                     bssBANK0     000089
_alignErrorCounter                       bssBANK0     00008B
_calc_CS                                 bssCOMRAM    000036
_clearLcd                                text48       001D40
_crcBufS_get                             text14       000FF4
_crcBufS_put                             text5        0010D6
_crcBufS_status_put                      text13       0011AE
_crcErrorCounter                         bssBANK0     00008D
_crc_buffer                              bssBANK0     0000C1
_dataAdressErrorCounter                  bssBANK0     00008F
_ddata                                   bssBANK0     000060
_dpowers                                 mediumconst  007FC7
_eusart1RxBuffer                         bssBANK0     00006B
_eusart1RxCount                          bssCOMRAM    000037
_eusart1RxHead                           bssCOMRAM    000038
_eusart1RxTail                           bssCOMRAM    000039
_eusart1TxBuffer                         bssBANK0     000073
_eusart1TxBufferRemaining                bssCOMRAM    00003A
_eusart1TxHead                           bssCOMRAM    00003B
_eusart1TxTail                           bssCOMRAM    00003C
_gotoXy                                  text33       001D18
_group                                   bssCOMRAM    00002C
_i                                       bssCOMRAM    00003D
_input_buffer                            bssBANK2     000200
_isdigit                                 text27       001DCA
_isdigit$2394                            cstackCOMRAM 00001C
_lastLEDTime                             bssBANK0     00007F
_ledDebug                                text17       001936
_main                                    text0        0017F2
_maxDataAddress                          bssCOMRAM    00003E
_memset                                  text46       001C6C
_moduleAddress                           bssCOMRAM    00003F
_output_buffer                           bssBANK3     000300
_printf                                  text23       001980
_putch                                   text25       001ED0
_receiveArray                            bssBANK1     000100
_receiveArrayAddress                     bssCOMRAM    00002E
_receiveData                             text11       000ACE
_respondChargerAsECU                     text3        0016D0
_returnAddress                           bssCOMRAM    000040
_ring_buffer                             bssBANK1     000128
_rx_address                              bssCOMRAM    000041
_rx_array_inx                            bssCOMRAM    000042
_rx_buffer                               bssBANK4     000400
_rx_len                                  bssCOMRAM    000043
_sendData                                text4        001520
_sendStructAddress                       bssCOMRAM    000030
_serial_available                        bssBANK0     000091
_serial_peek                             bssBANK0     000093
_serial_read                             bssBANK0     000095
_serial_write                            bssBANK0     000097
_sprintf                                 text22       001848
_strcpy                                  text21       001BB8
_talkTime                                bssBANK0     000083
_time                                    bssCOMRAM    000028
_time_Set                                text19       001DAC
_time_get                                text18       001E86
_timer0ReloadVal16bit                    bssCOMRAM    000032
_updateComms                             text2        001B8A
_updateTimers                            text1        00166C
btemp                                    temp         000045
clearLcd@res                             cstackCOMRAM 000023
crcBufS_get@_this                        cstackCOMRAM 00001B
crcBufS_get@space                        cstackCOMRAM 00001E
crcBufS_get@time                         cstackCOMRAM 00001D
crcBufS_get@wantedTime                   cstackCOMRAM 000025
crcBufS_put@_this                        cstackCOMRAM 00001B
crcBufS_put@address                      cstackCOMRAM 00001D
crcBufS_put@oldCRC                       cstackCOMRAM 00001E
crcBufS_put@status                       cstackCOMRAM 00001F
crcBufS_status_put@_this                 cstackCOMRAM 00001B
crcBufS_status_put@status                cstackCOMRAM 00001E
crcBufS_status_put@time                  cstackCOMRAM 00001D
crcBufS_status_put@wantedTime            cstackCOMRAM 000023
end_of_initialization                    cinit        00165E
gotoXy@x                                 cstackCOMRAM 000024
gotoXy@y                                 cstackCOMRAM 000023
int$flags                                temp         000045
intlevel0                                text         000000
intlevel1                                text         000000
intlevel2                                text         000000
intlevel3                                text         000000
isdigit@c                                cstackCOMRAM 00001D
memset@c                                 cstackCOMRAM 00001D
memset@n                                 cstackCOMRAM 00001F
memset@p                                 cstackCOMRAM 000021
memset@p1                                cstackCOMRAM 00001B
printf@ap                                cstackBANK0  0000EB
printf@f                                 cstackBANK0  0000E7
printf@pb                                cstackBANK0  0000ED
putch@txData                             cstackCOMRAM 00001C
receiveData@crcHolder                    cstackBANK0  0000DF
receiveData@crcHolder_1690               cstackBANK0  0000E0
receiveData@holder                       cstackBANK0  0000E1
receiveData@holder_1689                  cstackBANK0  0000E4
receiveData@r                            cstackBANK0  0000E9
receiveData@u                            cstackBANK0  0000E7
sendData@CS                              cstackBANK0  0000D3
sendData@i                               cstackBANK0  0000D4
sendData@whereToSend                     cstackBANK0  0000D2
sprintf@ap                               cstackBANK0  0000ED
sprintf@f                                cstackBANK0  0000E9
sprintf@pb                               cstackBANK0  0000EF
sprintf@wh                               cstackBANK0  0000E7
stackhi                                  (abs)        0005FF
stacklo                                  (abs)        0004C8
start                                    init         0000B8
start_initialization                     cinit        001604
strcpy@cp                                cstackCOMRAM 00001F
strcpy@from                              cstackCOMRAM 00001D
strcpy@to                                cstackCOMRAM 00001B
time_Set@WhatTime                        cstackCOMRAM 00001D
time_Set@value                           cstackCOMRAM 00001B
time_get@WhatTime                        cstackCOMRAM 00001D


FUNCTION INFORMATION:

 *************** function _main *****************
 Defined at:
		line 16 in file "main.c"
 Parameters:    Size  Location     Type
		None
 Auto vars:     Size  Location     Type
		None
 Return value:  Size  Location     Type
                  1    wreg      void 
 Registers used:
		wreg, fsr0l, fsr0h, fsr1l, fsr1h, fsr2l, fsr2h, status,2, status,0, pclat, tosl, tblptrl, tblptrh, tblptru, prodl, prodh, cstack
 Tracked objects:
		On entry : 
		On exit  : 
		Unchanged: 
 Data sizes:     COMRAM   BANK0   BANK1   BANK2   BANK3   BANK4   BANK5
      Params:         0       0       0       0       0       0       0
      Locals:         0       0       0       0       0       0       0
      Temps:          0       0       0       0       0       0       0
      Totals:         0       0       0       0       0       0       0
Total ram usage:        0 bytes
 Hardware stack levels required when called:   10
 This function calls:
		_Delay
		_NokiaStart
		_SYSTEM_Initialize
		_Splash
		_clearLcd
		_ledDebug
		_updateComms
		_updateTimers
 This function is called by:
		Startup code after reset
 This function uses a non-reentrant model


 *************** function _updateTimers *****************
 Defined at:
		line 148 in file "mcc_generated_files/tmr0.c"
 Parameters:    Size  Location     Type
		None
 Auto vars:     Size  Location     Type
		None
 Return value:  Size  Location     Type
                  1    wreg      void 
 Registers used:
		wreg, status,2, status,0
 Tracked objects:
		On entry : 
		On exit  : 
		Unchanged: 
 Data sizes:     COMRAM   BANK0   BANK1   BANK2   BANK3   BANK4   BANK5
      Params:         0       0       0       0       0       0       0
      Locals:         0       0       0       0       0       0       0
      Temps:          8       0       0       0       0       0       0
      Totals:         8       0       0       0       0       0       0
Total ram usage:        8 bytes
 Hardware stack levels used:    1
 Hardware stack levels required when called:    4
 This function calls:
		Nothing
 This function is called by:
		_main
 This function uses a non-reentrant model


 *************** function _updateComms *****************
 Defined at:
		line 12 in file "Communications.c"
 Parameters:    Size  Location     Type
		None
 Auto vars:     Size  Location     Type
		None
 Return value:  Size  Location     Type
                  1    wreg      void 
 Registers used:
		wreg, fsr0l, fsr0h, fsr1l, fsr1h, fsr2l, fsr2h, status,2, status,0, pclat, tosl, tblptrl, tblptrh, tblptru, prodl, prodh, cstack
 Tracked objects:
		On entry : 
		On exit  : 
		Unchanged: 
 Data sizes:     COMRAM   BANK0   BANK1   BANK2   BANK3   BANK4   BANK5
      Params:         0       0       0       0       0       0       0
      Locals:         0       0       0       0       0       0       0
      Temps:          0       0       0       0       0       0       0
      Totals:         0       0       0       0       0       0       0
Total ram usage:        0 bytes
 Hardware stack levels used:    1
 Hardware stack levels required when called:    9
 This function calls:
		_Precharge
		_SetCharger
		_receiveData
		_respondChargerAsECU
 This function is called by:
		_main
 This function uses a non-reentrant model


 *************** function _respondChargerAsECU *****************
 Defined at:
		line 38 in file "Communications.c"
 Parameters:    Size  Location     Type
		None
 Auto vars:     Size  Location     Type
		None
 Return value:  Size  Location     Type
                  1    wreg      void 
 Registers used:
		wreg, fsr2l, fsr2h, status,2, status,0, cstack
 Tracked objects:
		On entry : 
		On exit  : 
		Unchanged: 
 Data sizes:     COMRAM   BANK0   BANK1   BANK2   BANK3   BANK4   BANK5
      Params:         0       0       0       0       0       0       0
      Locals:         0       0       0       0       0       0       0
      Temps:          0       1       0       0       0       0       0
      Totals:         0       1       0       0       0       0       0
Total ram usage:        1 bytes
 Hardware stack levels used:    1
 Hardware stack levels required when called:    7
 This function calls:
		_Delay
		_GetPowerState
		_ToSend
		_sendData
 This function is called by:
		_updateComms
 This function uses a non-reentrant model


 *************** function _sendData *****************
 Defined at:
		line 53 in file "FastTransfer.c"
 Parameters:    Size  Location     Type
  whereToSend     1    wreg     unsigned char 
 Auto vars:     Size  Location     Type
  whereToSend     1    0[BANK0 ] unsigned char 
  i               2    2[BANK0 ] int 
  CS              1    1[BANK0 ] unsigned char 
 Return value:  Size  Location     Type
                  1    wreg      void 
 Registers used:
		wreg, fsr2l, fsr2h, status,2, status,0, cstack
 Tracked objects:
		On entry : 
		On exit  : 
		Unchanged: 
 Data sizes:     COMRAM   BANK0   BANK1   BANK2   BANK3   BANK4   BANK5
      Params:         0       0       0       0       0       0       0
      Locals:         0       4       0       0       0       0       0
      Temps:          1       0       0       0       0       0       0
      Totals:         1       4       0       0       0       0       0
Total ram usage:        5 bytes
 Hardware stack levels used:    1
 Hardware stack levels required when called:    6
 This function calls:
		_CRC8
		_FastTransfer_buffer_flush
		_crcBufS_put
 This function is called by:
		_respondChargerAsECU
		_SetBMM
 This function uses a non-reentrant model


 *************** function _crcBufS_put *****************
 Defined at:
		line 321 in file "FastTransfer.c"
 Parameters:    Size  Location     Type
  _this           2   26[COMRAM] PTR struct crcBufS
		 -> crc_buffer(17), 
  address         1   28[COMRAM] unsigned char 
  oldCRC          1   29[COMRAM] unsigned char 
  status          1   30[COMRAM] unsigned char 
 Auto vars:     Size  Location     Type
		None
 Return value:  Size  Location     Type
                  1    wreg      void 
 Registers used:
		wreg, fsr2l, fsr2h, status,2, status,0
 Tracked objects:
		On entry : 
		On exit  : 
		Unchanged: 
 Data sizes:     COMRAM   BANK0   BANK1   BANK2   BANK3   BANK4   BANK5
      Params:         5       0       0       0       0       0       0
      Locals:         0       0       0       0       0       0       0
      Temps:          2       0       0       0       0       0       0
      Totals:         7       0       0       0       0       0       0
Total ram usage:        7 bytes
 Hardware stack levels used:    1
 Hardware stack levels required when called:    4
 This function calls:
		Nothing
 This function is called by:
		_sendData
 This function uses a non-reentrant model


 *************** function _FastTransfer_buffer_flush *****************
 Defined at:
		line 261 in file "FastTransfer.c"
 Parameters:    Size  Location     Type
  _this           2   34[COMRAM] PTR struct ringBufS
		 -> ring_buffer(206), 
  clearBuffer     2   36[COMRAM] const int 
 Auto vars:     Size  Location     Type
		None
 Return value:  Size  Location     Type
                  1    wreg      void 
 Registers used:
		wreg, fsr2l, fsr2h, status,2, status,0, cstack
 Tracked objects:
		On entry : 
		On exit  : 
		Unchanged: 
 Data sizes:     COMRAM   BANK0   BANK1   BANK2   BANK3   BANK4   BANK5
      Params:         4       0       0       0       0       0       0
      Locals:         0       0       0       0       0       0       0
      Temps:          0       0       0       0       0       0       0
      Totals:         4       0       0       0       0       0       0
Total ram usage:        4 bytes
 Hardware stack levels used:    1
[...]
 Auto vars:     Size  Location     Type
  data            1   26[COMRAM] unsigned char 
 Return value:  Size  Location     Type
                  1    wreg      unsigned char 
 Registers used:
		wreg, status,2
 Tracked objects:
		On entry : 
		On exit  : 
		Unchanged: 
 Data sizes:     COMRAM   BANK0   BANK1   BANK2   BANK3   BANK4   BANK5
      Params:         0       0       0       0       0       0       0
      Locals:         1       0       0       0       0       0       0
      Temps:          0       0       0       0       0       0       0
      Totals:         1       0       0       0       0       0       0
Total ram usage:        1 bytes
 Hardware stack levels used:    1
 Hardware stack levels required when called:    4
 This function calls:
		Nothing
 This function is called by:
		_LCDwrite
		_SPI1_Exchange8bitBuffer
 This function uses a non-reentrant model


 *************** function _SPI1_Initialize *****************
 Defined at:
		line 64 in file "mcc_generated_files/spi1.c"
 Parameters:    Size  Location     Type
		None
 Auto vars:     Size  Location     Type
		None
 Return value:  Size  Location     Type
                  1    wreg      void 
 Registers used:
		wreg, status,2
 Tracked objects:
		On entry : 
		On exit  : 
		Unchanged: 
 Data sizes:     COMRAM   BANK0   BANK1   BANK2   BANK3   BANK4   BANK5
      Params:         0       0       0       0       0       0       0
      Locals:         0       0       0       0       0       0       0
      Temps:          0       0       0       0       0       0       0
      Totals:         0       0       0       0       0       0       0
Total ram usage:        0 bytes
 Hardware stack levels used:    1
 Hardware stack levels required when called:    4
 This function calls:
		Nothing
 This function is called by:
		_NokiaStart
 This function uses a non-reentrant model


 *************** function _Delay *****************
 Defined at:
		line 17 in file "Functions.c"
 Parameters:    Size  Location     Type
  wait            2   26[COMRAM] int 
 Auto vars:     Size  Location     Type
  i               2   29[COMRAM] int 
 Return value:  Size  Location     Type
                  1    wreg      void 
 Registers used:
		wreg, status,2, status,0
 Tracked objects:
		On entry : 
		On exit  : 
		Unchanged: 
 Data sizes:     COMRAM   BANK0   BANK1   BANK2   BANK3   BANK4   BANK5
      Params:         2       0       0       0       0       0       0
      Locals:         2       0       0       0       0       0       0
      Temps:          1       0       0       0       0       0       0
      Totals:         5       0       0       0       0       0       0
Total ram usage:        5 bytes
 Hardware stack levels used:    1
 Hardware stack levels required when called:    4
 This function calls:
		Nothing
 This function is called by:
		_main
		_respondChargerAsECU
		_Precharge
		_NokiaStart
		_SetBMM
		_Horn
 This function uses a non-reentrant model


 *************** function _INTERRUPT_InterruptManager *****************
 Defined at:
		line 68 in file "mcc_generated_files/interrupt_manager.c"
 Parameters:    Size  Location     Type
		None
 Auto vars:     Size  Location     Type
		None
 Return value:  Size  Location     Type
                  1    wreg      void 
 Registers used:
		wreg, fsr2l, fsr2h, status,2, status,0, prodl, prodh, cstack
 Tracked objects:
		On entry : 
		On exit  : 
		Unchanged: 
 Data sizes:     COMRAM   BANK0   BANK1   BANK2   BANK3   BANK4   BANK5
      Params:         0       0       0       0       0       0       0
      Locals:         0       0       0       0       0       0       0
      Temps:         14       0       0       0       0       0       0
      Totals:        14       0       0       0       0       0       0
Total ram usage:       14 bytes
 Hardware stack levels used:    1
 Hardware stack levels required when called:    3
 This function calls:
		_EUSART1_Receive_ISR
		_EUSART1_Transmit_ISR
		_EUSART2_Receive_ISR
		_EUSART2_Transmit_ISR
		_TMR0_ISR
 This function is called by:
		Interrupt level 2
 This function uses a non-reentrant model


 *************** function _TMR0_ISR *****************
 Defined at:
		line 134 in file "mcc_generated_files/tmr0.c"
 Parameters:    Size  Location     Type
		None
 Auto vars:     Size  Location     Type
		None
 Return value:  Size  Location     Type
                  2  154[None  ] int 
 Registers used:
		wreg, status,2, status,0
 Tracked objects:
		On entry : 
		On exit  : 
		Unchanged: 
 Data sizes:     COMRAM   BANK0   BANK1   BANK2   BANK3   BANK4   BANK5
      Params:         0       0       0       0       0       0       0
      Locals:         0       0       0       0       0       0       0
      Temps:          0       0       0       0       0       0       0
      Totals:         0       0       0       0       0       0       0
Total ram usage:        0 bytes
 Hardware stack levels used:    1
 This function calls:
		Nothing
 This function is called by:
		_INTERRUPT_InterruptManager
 This function uses a non-reentrant model


 *************** function _EUSART2_Transmit_ISR *****************
 Defined at:
		line 152 in file "UART.c"
 Parameters:    Size  Location     Type
		None
 Auto vars:     Size  Location     Type
		None
 Return value:  Size  Location     Type
                  1    wreg      void 
 Registers used:
		wreg, fsr2l, fsr2h, status,2, status,0, cstack
 Tracked objects:
		On entry : 
		On exit  : 
		Unchanged: 
 Data sizes:     COMRAM   BANK0   BANK1   BANK2   BANK3   BANK4   BANK5
      Params:         0       0       0       0       0       0       0
      Locals:         0       0       0       0       0       0       0
      Temps:          0       0       0       0       0       0       0
      Totals:         0       0       0       0       0       0       0
Total ram usage:        0 bytes
 Hardware stack levels used:    1
 Hardware stack levels required when called:    2
 This function calls:
		_UART_buff_get
		_UART_buff_size
 This function is called by:
		_INTERRUPT_InterruptManager
 This function uses a non-reentrant model


 *************** function _UART_buff_size *****************
 Defined at:
		line 104 in file "UART.c"
 Parameters:    Size  Location     Type
  _this           2    0[COMRAM] PTR struct UART_ring_buf
		 -> output_buffer(206), input_buffer(206), 
 Auto vars:     Size  Location     Type
		None
 Return value:  Size  Location     Type
                  2    0[COMRAM] int 
 Registers used:
		wreg, fsr2l, fsr2h, status,2, status,0
 Tracked objects:
		On entry : 
		On exit  : 
		Unchanged: 
 Data sizes:     COMRAM   BANK0   BANK1   BANK2   BANK3   BANK4   BANK5
      Params:         2       0       0       0       0       0       0
      Locals:         0       0       0       0       0       0       0
      Temps:          0       0       0       0       0       0       0
      Totals:         2       0       0       0       0       0       0
Total ram usage:        2 bytes
 Hardware stack levels used:    1
 This function calls:
		Nothing
 This function is called by:
		_EUSART2_Transmit_ISR
		_Receive_available
 This function uses a non-reentrant model


 *************** function _UART_buff_get *****************
 Defined at:
		line 83 in file "UART.c"
 Parameters:    Size  Location     Type
  _this           2    6[COMRAM] PTR struct UART_ring_buf
		 -> output_buffer(206), input_buffer(206), 
 Auto vars:     Size  Location     Type
  c               1   10[COMRAM] unsigned char 
 Return value:  Size  Location     Type
                  1    wreg      unsigned char 
 Registers used:
		wreg, fsr2l, fsr2h, status,2, status,0, cstack
 Tracked objects:
		On entry : 
		On exit  : 
		Unchanged: 
 Data sizes:     COMRAM   BANK0   BANK1   BANK2   BANK3   BANK4   BANK5
      Params:         2       0       0       0       0       0       0
      Locals:         1       0       0       0       0       0       0
      Temps:          2       0       0       0       0       0       0
      Totals:         5       0       0       0       0       0       0
Total ram usage:        5 bytes
 Hardware stack levels used:    1
 Hardware stack levels required when called:    1
 This function calls:
		_UART_buff_modulo_inc
 This function is called by:
		_EUSART2_Transmit_ISR
		_Receive_get
		_Send_put
 This function uses a non-reentrant model


 *************** function _EUSART2_Receive_ISR *****************
 Defined at:
		line 141 in file "UART.c"
 Parameters:    Size  Location     Type
		None
 Auto vars:     Size  Location     Type
  data            1   11[COMRAM] unsigned char 
 Return value:  Size  Location     Type
                  1    wreg      void 
 Registers used:
		wreg, fsr2l, fsr2h, status,2, status,0, cstack
 Tracked objects:
		On entry : 
		On exit  : 
		Unchanged: 
 Data sizes:     COMRAM   BANK0   BANK1   BANK2   BANK3   BANK4   BANK5
      Params:         0       0       0       0       0       0       0
      Locals:         1       0       0       0       0       0       0
      Temps:          0       0       0       0       0       0       0
      Totals:         1       0       0       0       0       0       0
Total ram usage:        1 bytes
 Hardware stack levels used:    1
 Hardware stack levels required when called:    2
 This function calls:
		_UART_buff_put
 This function is called by:
		_INTERRUPT_InterruptManager
 This function uses a non-reentrant model


 *************** function _UART_buff_put *****************
 Defined at:
		line 70 in file "UART.c"
 Parameters:    Size  Location     Type
  _this           2    6[COMRAM] PTR struct UART_ring_buf
		 -> output_buffer(206), input_buffer(206), 
  c               1    8[COMRAM] const unsigned char 
 Auto vars:     Size  Location     Type
		None
 Return value:  Size  Location     Type
                  1    wreg      void 
 Registers used:
		wreg, fsr2l, fsr2h, status,2, status,0, cstack
 Tracked objects:
		On entry : 
		On exit  : 
		Unchanged: 
 Data sizes:     COMRAM   BANK0   BANK1   BANK2   BANK3   BANK4   BANK5
      Params:         3       0       0       0       0       0       0
      Locals:         0       0       0       0       0       0       0
      Temps:          2       0       0       0       0       0       0
      Totals:         5       0       0       0       0       0       0
Total ram usage:        5 bytes
 Hardware stack levels used:    1
 Hardware stack levels required when called:    1
 This function calls:
		_UART_buff_modulo_inc
 This function is called by:
		_EUSART2_Receive_ISR
		_Send_put
 This function uses a non-reentrant model


 *************** function _UART_buff_modulo_inc *****************
 Defined at:
		line 108 in file "UART.c"
 Parameters:    Size  Location     Type
  value           2    0[COMRAM] const unsigned int 
  modulus         2    2[COMRAM] const unsigned int 
 Auto vars:     Size  Location     Type
  my_value        2    4[COMRAM] unsigned int 
 Return value:  Size  Location     Type
                  2    0[COMRAM] unsigned int 
 Registers used:
		wreg, status,2, status,0
 Tracked objects:
		On entry : 
		On exit  : 
		Unchanged: 
 Data sizes:     COMRAM   BANK0   BANK1   BANK2   BANK3   BANK4   BANK5
      Params:         4       0       0       0       0       0       0
      Locals:         2       0       0       0       0       0       0
      Temps:          0       0       0       0       0       0       0
      Totals:         6       0       0       0       0       0       0
Total ram usage:        6 bytes
 Hardware stack levels used:    1
 This function calls:
		Nothing
 This function is called by:
		_UART_buff_put
		_UART_buff_get
 This function uses a non-reentrant model


 *************** function _EUSART1_Transmit_ISR *****************
 Defined at:
		line 155 in file "mcc_generated_files/eusart2.c"
 Parameters:    Size  Location     Type
		None
 Auto vars:     Size  Location     Type
		None
 Return value:  Size  Location     Type
                  1    wreg      void 
 Registers used:
		wreg, fsr2l, fsr2h, status,2, status,0, prodl, prodh
 Tracked objects:
		On entry : 
		On exit  : 
		Unchanged: 
 Data sizes:     COMRAM   BANK0   BANK1   BANK2   BANK3   BANK4   BANK5
      Params:         0       0       0       0       0       0       0
      Locals:         0       0       0       0       0       0       0
      Temps:          0       0       0       0       0       0       0
      Totals:         0       0       0       0       0       0       0
Total ram usage:        0 bytes
 Hardware stack levels used:    1
 This function calls:
		Nothing
 This function is called by:
		_INTERRUPT_InterruptManager
 This function uses a non-reentrant model


 *************** function _EUSART1_Receive_ISR *****************
 Defined at:
		line 169 in file "mcc_generated_files/eusart2.c"
 Parameters:    Size  Location     Type
		None
 Auto vars:     Size  Location     Type
		None
 Return value:  Size  Location     Type
                  1    wreg      void 
 Registers used:
		wreg, fsr2l, fsr2h, status,2, status,0, prodl, prodh
 Tracked objects:
		On entry : 
		On exit  : 
		Unchanged: 
 Data sizes:     COMRAM   BANK0   BANK1   BANK2   BANK3   BANK4   BANK5
      Params:         0       0       0       0       0       0       0
      Locals:         0       0       0       0       0       0       0
      Temps:          0       0       0       0       0       0       0
      Totals:         0       0       0       0       0       0       0
Total ram usage:        0 bytes
 Hardware stack levels used:    1
 This function calls:
		Nothing
 This function is called by:
		_INTERRUPT_InterruptManager
 This function uses a non-reentrant model



MODULE INFORMATION

Module		Function		Class		Link	Load	Size
C:\Program Files (x86)\Microchip\xc8\v1.37\sources\common\memset.c
		_memset        		CODE           	1C6C	0000	45

C:\Program Files (x86)\Microchip\xc8\v1.37\sources\common\memset.c estimated size: 45

FastTransfer.c
		_FastTransfer_buffer_put		CODE           	0D72	0000	361
		_CRC8          		CODE           	18EC	0000	75
		_receiveData   		CODE           	0ACE	0000	677
		_sendData      		CODE           	1520	0000	117
		_CRCcheck      		CODE           	1284	0000	151
		_FastTransfer_buffer_modulo_inc		CODE           	1CC4	0000	43
		_crcBufS_status_put		CODE           	11AE	0000	215
		_crcBufS_get   		CODE           	0FF4	0000	227
		_crcBufS_put   		CODE           	10D6	0000	217
		_FastTransfer_buffer_flush		CODE           	1734	0000	99
		_ToSend        		CODE           	1D8E	0000	31

FastTransfer.c estimated size: 2213

UART.c
		_EUSART1_Initialize		CODE           	1A0C	0000	61
		_EUSART2_Receive_ISR		CODE           	1E06	0000	31
		_UART_buff_modulo_inc		CODE           	1CEE	0000	43
		_EUSART2_Transmit_ISR		CODE           	1B58	0000	51
		_UART_buff_get 		CODE           	131A	0000	147
		_UART_buff_put 		CODE           	0EDA	0000	283
		_UART_buff_size		CODE           	1E70	0000	23
		_UART_buff_init		CODE           	1DE8	0000	31

UART.c estimated size: 670

mcc_generated_files/eusart2.c
		_putch         		CODE           	1ED0	0000	11
		_EUSART1_Write 		CODE           	1A48	0000	59
		_EUSART1_Receive_ISR		CODE           	1C98	0000	45
		_EUSART2_Initialize		CODE           	1AF0	0000	53
		_EUSART1_Transmit_ISR		CODE           	1BE6	0000	47

mcc_generated_files/eusart2.c estimated size: 215

Communications.c
		_updateComms   		CODE           	1B8A	0000	47
		_respondChargerAsECU		CODE           	16D0	0000	101

Communications.c estimated size: 148

C:\Program Files (x86)\Microchip\xc8\v1.37\sources\common\doprnt.c
		__doprnt       		CODE           	00BC	0000	1849

C:\Program Files (x86)\Microchip\xc8\v1.37\sources\common\doprnt.c estimated size: 1849

mcc_generated_files/interrupt_manager.c
		_INTERRUPT_Initialize		CODE           	1EC4	0000	13
		_INTERRUPT_InterruptManager		CODE           	0008	0000	177

mcc_generated_files/interrupt_manager.c estimated size: 190

C:\Program Files (x86)\Microchip\xc8\v1.37\sources\common\Umul16.c
		___wmul        		CODE           	1D68	0000	39

C:\Program Files (x86)\Microchip\xc8\v1.37\sources\common\Umul16.c estimated size: 39

mcc_generated_files/tmr0.c
		_time_get      		CODE           	1E86	0000	19
		_time_Set      		CODE           	1DAC	0000	31
		_TMR0_StartTimer		CODE           	1EDE	0000	5
		_TMR0_ISR      		CODE           	1E58	0000	25
		_updateTimers  		CODE           	166C	0000	101
		_TMR0_Initialize		CODE           	1C40	0000	45

mcc_generated_files/tmr0.c estimated size: 226

C:\Program Files (x86)\Microchip\xc8\v1.37\sources\common\lwdiv.c
		___lwdiv       		CODE           	189A	0000	83

C:\Program Files (x86)\Microchip\xc8\v1.37\sources\common\lwdiv.c estimated size: 83

mcc_generated_files/pin_manager.c
		_PIN_MANAGER_Initialize		CODE           	1796	0000	93

mcc_generated_files/pin_manager.c estimated size: 93

C:\Program Files (x86)\Microchip\xc8\v1.37\sources\common\isdigit.c
		_isdigit       		CODE           	1DCA	0000	31

C:\Program Files (x86)\Microchip\xc8\v1.37\sources\common\isdigit.c estimated size: 31

mcc_generated_files/spi1.c
		_SPI1_Initialize		CODE           	1EB6	0000	15
		_SPI1_Exchange8bit		CODE           	1E98	0000	17

mcc_generated_files/spi1.c estimated size: 32

C:\Program Files (x86)\Microchip\xc8\v1.37\sources\common\sprintf.c
		_sprintf       		CODE           	1848	0000	83

C:\Program Files (x86)\Microchip\xc8\v1.37\sources\common\sprintf.c estimated size: 83

Functions.c
		_ledDebug      		CODE           	1936	0000	75
		_SetMux        		CODE           	1A82	0000	57
		_GetPowerState 		CODE           	1EDA	0000	5
		_SetCharger    		CODE           	07F4	0000	731
		_Delay         		CODE           	1B24	0000	53
		_Precharge     		CODE           	14A8	0000	121

Functions.c estimated size: 1042

shared
		_dpowers       		MEDIUMCONST    	7FC7	0000	11
		__initialization		CODE           	1604	0000	91
		_FONTLOOKUP    		MEDIUMCONST    	7DE7	0000	481

shared estimated size: 583

C:\Program Files (x86)\Microchip\xc8\v1.37\sources\common\printf.c
		_printf        		CODE           	1980	0000	75

C:\Program Files (x86)\Microchip\xc8\v1.37\sources\common\printf.c estimated size: 75

mcc_generated_files/mcc.c
		_OSCILLATOR_Initialize		CODE           	1EA8	0000	15
		_SYSTEM_Initialize		CODE           	1E24	0000	27

mcc_generated_files/mcc.c estimated size: 42

NokiaLCD.c
		_LCDwrite      		CODE           	1E3E	0000	27
		_LcdCharacter  		CODE           	142E	0000	123
		_gotoXy        		CODE           	1D18	0000	41
		_Splash        		CODE           	1ABA	0000	55
		_NokiaStr      		CODE           	1C14	0000	45
		_NokiaStart    		CODE           	13AC	0000	131
		_clearLcd      		CODE           	1D40	0000	41

NokiaLCD.c estimated size: 463

main.c
		_main          		CODE           	17F2	0000	87

main.c estimated size: 87

C:\Program Files (x86)\Microchip\xc8\v1.37\sources\common\lwmod.c
		___lwmod       		CODE           	19CA	0000	67

C:\Program Files (x86)\Microchip\xc8\v1.37\sources\common\lwmod.c estimated size: 67

C:\Program Files (x86)\Microchip\xc8\v1.37\sources\common\awmod.c
		___awmod       		CODE           	1594	0000	113

C:\Program Files (x86)\Microchip\xc8\v1.37\sources\common\awmod.c estimated size: 113

C:\Program Files (x86)\Microchip\xc8\v1.37\sources\common\strcpy.c
		_strcpy        		CODE           	1BB8	0000	47

C:\Program Files (x86)\Microchip\xc8\v1.37\sources\common\strcpy.c estimated size: 47

