Microchip MPLAB XC8 Compiler V1.35 ()

Linker command line:

--edf=C:\Program Files (x86)\Microchip\xc8\v1.35\dat\en_msgs.txt -cs \
  -h+dist/default/production\Charger_Control.X.production.sym \
  --cmf=dist/default/production\Charger_Control.X.production.cmf -z \
  -Q18F45K22 -oC:\Users\richc\AppData\Local\Temp\s3mk.2 \
  -Mdist/default/production/Charger_Control.X.production.map -E1 -ver=XC8 \
  -ASTACK=04C8h-05ffh -pstack=STACK -ACODE=00h-07FFFh -ACONST=00h-07FFFh \
  -ASMALLCONST=0600h-06FFhx122 -AMEDIUMCONST=0600h-07FFFh -ACOMRAM=01h-05Fh \
  -AABS1=00h-05FFh -ABIGRAM=01h-05FFh -ARAM=060h-0FFh,0100h-01FFhx5 \
  -ABANK0=060h-0FFh -ABANK1=0100h-01FFh -ABANK2=0200h-02FFh \
  -ABANK3=0300h-03FFh -ABANK4=0400h-04FFh -ABANK5=0500h-05FFh \
  -ASFR=0F38h-0F5Fh,0F60h-0FFFh \
  -preset_vec=00h,intcode=08h,intcodelo,powerup,init,end_init \
  -pramtop=0600h -psmallconst=SMALLCONST -pmediumconst=MEDIUMCONST \
  -pconst=CONST -AFARRAM=00h-00h -ACONFIG=0300000h-030000Dh -pconfig=CONFIG \
  -AIDLOC=0200000h-0200007h -pidloc=IDLOC -AEEDATA=0F00000h-0F000FFh \
  -peeprom_data=EEDATA \
  -prdata=COMRAM,nvrram=COMRAM,nvbit=COMRAM,rbss=COMRAM,rbit=COMRAM \
  -pfarbss=FARRAM,fardata=FARRAM,nvFARRAM=FARRAM \
  -pintsave_regs=BIGRAM,bigbss=BIGRAM,bigdata=BIGRAM -pbss=RAM \
  -pidata=CODE,irdata=CODE,ibigdata=CODE,ifardata=CODE -prparam=COMRAM \
  C:\Users\richc\AppData\Local\Temp\s3mk.obj \
  dist/default/production\Charger_Control.X.production.obj 

Object code version is 3.11

Machine type is 18F45K22

Call graph: (short form)




                Name                               Link     Load   Length Selector   Space Scale
C:\Users\richc\AppData\Local\Temp\s3mk.obj
                end_init                             AC       AC        4        4       0
                reset_vec                             0        0        4        0       0
                idloc                            200000   200000        8   200000       0
                config                           300000   300000        E   300000       0
dist/default/production\Charger_Control.X.production.obj
                intcode                               8        8       A4        4       0
                temp                                 45       45        1        1       1
                mediumconst                        7E14     7E14      1EC     3F0A       0
                text45                             10C2     10C2       2A        4       0
                text44                              4C8      4C8      11A        4       0
                text43                             1158     1158       1E        4       0
                text42                              B0C      B0C       92        4       0
                text41                             11C2     11C2       16        4       0
                text40                              F84      F84       32        4       0
                text39                             106C     106C       2C        4       0
                text38                              FE6      FE6       2E        4       0
                text36                              E10      E10       4C        4       0
                text35                             1208     1208        E        4       0
                text34                             11EA     11EA       10        4       0
                text33                             1192     1192       1A        4       0
                text32                             10EC     10EC       28        4       0
                text31                              A7A      A7A       92        4       0
                text30                              F50      F50       34        4       0
                text29                             1216     1216        C        4       0
                text28                             11FA     11FA        E        4       0
                text27                              DC0      DC0       50        4       0
                text26                             1236     1236        4      91B       0
                text25                             1040     1040       2C        4       0
                text24                             11AC     11AC       16        4       0
                text23                             113A     113A       1E        4       0
                text22                             11D8     11D8       12        4       0
                text21                              FB6      FB6       30        4       0
                text20                              946      946       9E        4       0
                text19                              F18      F18       38        4       0
                text18                              EA6      EA6       3A        4       0
                text17                             1222     1222        A        4       0
                text16                              872      872       D4        4       0
                text15                              C9E      C9E       6C        4       0
                text14                              E5C      E5C       4A        4       0
                text13                              5E2      5E2       E2        4       0
                text12                              79C      79C       D6        4       0
                text11                              9E4      9E4       96        4       0
                text10                               B0       B0      2A4        4       0
                text9                              1098     1098       2A        4       0
                text8                               354      354      174        4       0
                text7                              1176     1176       1C        4       0
                text6                              1014     1014       2C        4       0
                text5                               D0A      D0A       62        4       0
                text4                               6C4      6C4       D8        4       0
                text3                               C26      C26       78        4       0
                text2                               D6C      D6C       54        4       0
                text1                              1114     1114       26        4       0
                text0                               EE0      EE0       38        4       0
                cstackCOMRAM                          1        1       26        1       1
                cstackBANK0                          D0       D0       19       60       1
                bssBANK4                            400      400       C8      400       1
                bssBANK3                            300      300       CE      300       1
                bssBANK2                            200      200       CE      200       1
                bssBANK1                            100      100       CE      100       1
                dataBANK0                            E9       E9        9       60       1
                bssBANK0                             60       60       70       60       1
                dataCOMRAM                           44       44        1        1       1
                bssCOMRAM                            27       27       1A        1       1
                cinit                               B9E      B9E       88        4       0
                nvCOMRAM                             41       41        3        1       1
                idataBANK0                         122C     122C        9        4       0
                idataCOMRAM                        123A     123A        1      91B       0

TOTAL           Name                               Link     Load   Length     Space
        CLASS   STACK          

        CLASS   CODE           
                end_init                             AC       AC        4         0
                intcode                               8        8       A4         0
                reset_vec                             0        0        4         0
                text45                             10C2     10C2       2A         0
                text44                              4C8      4C8      11A         0
                text43                             1158     1158       1E         0
                text42                              B0C      B0C       92         0
                text41                             11C2     11C2       16         0
                text40                              F84      F84       32         0
                text39                             106C     106C       2C         0
                text38                              FE6      FE6       2E         0
                text36                              E10      E10       4C         0
                text35                             1208     1208        E         0
                text34                             11EA     11EA       10         0
                text33                             1192     1192       1A         0
                text32                             10EC     10EC       28         0
                text31                              A7A      A7A       92         0
                text30                              F50      F50       34         0
                text29                             1216     1216        C         0
                text28                             11FA     11FA        E         0
                text27                              DC0      DC0       50         0
                text26                             1236     1236        4         0
                text25                             1040     1040       2C         0
                text24                             11AC     11AC       16         0
                text23                             113A     113A       1E         0
                text22                             11D8     11D8       12         0
                text21                              FB6      FB6       30         0
                text20                              946      946       9E         0
                text19                              F18      F18       38         0
                text18                              EA6      EA6       3A         0
                text17                             1222     1222        A         0
                text16                              872      872       D4         0
                text15                              C9E      C9E       6C         0
                text14                              E5C      E5C       4A         0
                text13                              5E2      5E2       E2         0
                text12                              79C      79C       D6         0
                text11                              9E4      9E4       96         0
                text10                               B0       B0      2A4         0
                text9                              1098     1098       2A         0
                text8                               354      354      174         0
                text7                              1176     1176       1C         0
                text6                              1014     1014       2C         0
                text5                               D0A      D0A       62         0
                text4                               6C4      6C4       D8         0
                text3                               C26      C26       78         0
                text2                               D6C      D6C       54         0
                text1                              1114     1114       26         0
                text0                               EE0      EE0       38         0
                cinit                               B9E      B9E       88         0
                idataBANK0                         122C     122C        9         0
                idataCOMRAM                        123A     123A        1         0

        CLASS   CONST          

        CLASS   SMALLCONST     

        CLASS   MEDIUMCONST    
                mediumconst                        7E14     7E14      1EC         0

        CLASS   COMRAM         
                temp                                 45       45        1         1
                cstackCOMRAM                          1        1       26         1
                dataCOMRAM                           44       44        1         1
                bssCOMRAM                            27       27       1A         1
                nvCOMRAM                             41       41        3         1

        CLASS   ABS1           

        CLASS   BIGRAM         

        CLASS   RAM            

        CLASS   BANK0          
                cstackBANK0                          D0       D0       19         1
                dataBANK0                            E9       E9        9         1
                bssBANK0                             60       60       70         1

        CLASS   BANK1          
                bssBANK1                            100      100       CE         1

        CLASS   BANK2          
                bssBANK2                            200      200       CE         1

        CLASS   BANK3          
                bssBANK3                            300      300       CE         1

        CLASS   BANK4          
                bssBANK4                            400      400       C8         1

        CLASS   BANK5          

        CLASS   SFR            

        CLASS   FARRAM         

        CLASS   CONFIG         
                config                           300000   300000        E         0

        CLASS   IDLOC          
                idloc                            200000   200000        8         0

        CLASS   EEDATA         



SEGMENTS        Name                           Load    Length   Top    Selector   Space  Class

                reset_vec                      000000  000004  000004         0       0  CODE    
                cstackCOMRAM                   000001  000045  000046         1       1  COMRAM  
                intcode                        000008  00122D  001235         4       0  CODE    
                bssBANK0                       000060  000092  0000F2        60       1  BANK0   
                bssBANK1                       000100  0000CE  0001CE       100       1  BANK1   
                bssBANK2                       000200  0000CE  0002CE       200       1  BANK2   
                bssBANK3                       000300  0000CE  0003CE       300       1  BANK3   
                bssBANK4                       000400  0000C8  0004C8       400       1  BANK4   
                text26                         001236  000005  00123B       91B       0  CODE    
                mediumconst                    007E14  0001EC  008000      3F0A       0  MEDIUMCO
                idloc                          200000  000008  200008    200000       0  IDLOC   
                config                         300000  00000E  30000E    300000       0  CONFIG  


UNUSED ADDRESS RANGES

        Name                Unused          Largest block    Delta
        BANK0            0000F2-0000FF                E
        BANK1            0001CE-0001FF               32
        BANK2            0002CE-0002FF               32
        BANK3            0003CE-0003FF               32
        BANK4            0004C8-0004FF               38
        BANK5            000500-0005FF              100
        BIGRAM           000046-00005F               1A
                         0000F2-0000FF                E
                         0001CE-0001FF               32
                         0002CE-0002FF               32
                         0003CE-0003FF               32
                         0004C8-0005FF              138
        CODE             000004-000007                4
                         001235-001235                1
                         00123B-007E13             6BD9
        COMRAM           000046-00005F               1A
        CONST            000004-000007                4
                         001235-001235                1
                         00123B-007E13             6BD9
        EEDATA           F00000-F000FF              100
        MEDIUMCONST      001235-001235                1
                         00123B-007E13             6BD9
        RAM              0000F2-0000FF                E
                         0001CE-0001FF               32
                         0002CE-0002FF               32
                         0003CE-0003FF               32
                         0004C8-0005FF               38
        SFR              000F38-000FFF               28
        SMALLCONST       001235-001235                1
                         00123B-007E13              100
        STACK            0004C8-0005FF              138

                                  Symbol Table

?_FastTransfer_buffer_modulo_inc         cstackCOMRAM 00001B
?_UART_buff_modulo_inc                   cstackCOMRAM 000001
?_UART_buff_size                         cstackCOMRAM 000001
?_printf                                 cstackCOMRAM 00001D
?_time_get                               cstackCOMRAM 00001B
CRC8@crc                                 cstackCOMRAM 000021
CRC8@data                                cstackCOMRAM 00001B
CRC8@extract                             cstackCOMRAM 00001F
CRC8@len                                 cstackCOMRAM 00001D
CRC8@sum                                 cstackCOMRAM 00001E
CRC8@tempI                               cstackCOMRAM 000020
CRCcheck@SentCRC                         cstackBANK0  0000D0
CRCcheck@arrayHolder                     cstackBANK0  0000D2
CRCcheck@calculatedCRC                   cstackBANK0  0000D1
CRCcheck@rt                              cstackBANK0  0000D5
Delay@i                                  cstackCOMRAM 000020
Delay@wait                               cstackCOMRAM 00001B
EUSART1_Receive_ISR@data                 cstackCOMRAM 00000C
EUSART2_Write@txData                     cstackCOMRAM 00001B
FastTransfer_buffer_flush@_this          cstackCOMRAM 000023
FastTransfer_buffer_flush@clearBuffer    cstackCOMRAM 000025
FastTransfer_buffer_modulo_inc@modulus   cstackCOMRAM 00001D
FastTransfer_buffer_modulo_inc@my_value  cstackCOMRAM 00001F
FastTransfer_buffer_modulo_inc@value     cstackCOMRAM 00001B
FastTransfer_buffer_put@_this            cstackCOMRAM 000021
FastTransfer_buffer_put@towhat           cstackCOMRAM 000024
FastTransfer_buffer_put@towhere          cstackCOMRAM 000023
LCDwrite@data                            cstackCOMRAM 00001C
LCDwrite@mode                            cstackCOMRAM 00001D
Precharge@OnOff                          cstackBANK0  0000D0
Precharge@i                              cstackBANK0  0000D1
Precharge@i_1672                         cstackBANK0  0000D3
SPI1_Exchange8bit@data                   cstackCOMRAM 00001B
SetCharger@Current                       cstackBANK0  0000D0
SetCharger@Voltage                       cstackBANK0  0000D1
SetCharger@mode                          cstackBANK0  0000D2
SetMux@channel                           cstackCOMRAM 00001B
ToSend@what                              cstackBANK0  0000D2
ToSend@where                             cstackCOMRAM 000026
UART_buff_get@_this                      cstackCOMRAM 000007
UART_buff_get@c                          cstackCOMRAM 00000B
UART_buff_modulo_inc@modulus             cstackCOMRAM 000003
UART_buff_modulo_inc@my_value            cstackCOMRAM 000005
UART_buff_modulo_inc@value               cstackCOMRAM 000001
UART_buff_put@_this                      cstackCOMRAM 000007
UART_buff_put@c                          cstackCOMRAM 000009
UART_buff_size@_this                     cstackCOMRAM 000001
_AKNAKsend                               bssCOMRAM    000033
_ANSELA                                  (abs)        000F38
_ANSELB                                  (abs)        000F39
_ANSELC                                  (abs)        000F3A
_ANSELD                                  (abs)        000F3B
_ANSELE                                  (abs)        000F3C
_BAUD1CON                                (abs)        000FB8
_BAUD2CON                                (abs)        000F70
_CRC8                                    text14       000E5C
_CRCcheck                                text11       0009E4
_ChargerData                             dataBANK0    0000E9
_Delay                                   text36       000E10
_EUSART1_Receive_ISR                     text43       001158
_EUSART1_Transmit_ISR                    text40       000F84
_EUSART2_Initialize                      text30       000F50
_EUSART2_Receive_ISR                     text39       00106C
_EUSART2_Transmit_ISR                    text38       000FE6
_EUSART2_Write                           text18       000EA6
_FONTLOOKUP                              mediumconst  007E15
_FastTransfer_buffer_flush               text5        000D0A
_FastTransfer_buffer_modulo_inc          text9        001098
_FastTransfer_buffer_put                 text8        000354
_INTCON2bits                             (abs)        000FF1
_INTCONbits                              (abs)        000FF2
_INTERRUPT_Initialize                    text29       001216
_INTERRUPT_InterruptManager              intcode      000008
_IPR1bits                                (abs)        000F9F
_IPR3bits                                (abs)        000FA5
_LATA                                    (abs)        000F89
_LATA3                                   (abs)        007C4B
_LATB                                    (abs)        000F8A
_LATB0                                   (abs)        007C50
_LATB1                                   (abs)        007C51
_LATB3                                   (abs)        007C53
_LATB4                                   (abs)        007C54
_LATB5                                   (abs)        007C55
_LATBbits                                (abs)        000F8A
_LATC                                    (abs)        000F8B
_LATC0                                   (abs)        007C58
_LATC1                                   (abs)        007C59
_LATCbits                                (abs)        000F8B
_LATD                                    (abs)        000F8C
_LATD0                                   (abs)        007C60
_LATD3                                   (abs)        007C63
_LATE                                    (abs)        000F8D
_LCDwrite                                text33       001192
_LEDtime                                 bssBANK0     0000A3
_NokiaStart                              text31       000A7A
_OSCCON                                  (abs)        000FD3
_OSCCON2                                 (abs)        000FD2
_OSCILLATOR_Initialize                   text28       0011FA
_OSCTUNE                                 (abs)        000F9B
_PIE1bits                                (abs)        000F9D
_PIE3bits                                (abs)        000FA3
_PIN_MANAGER_Initialize                  text27       000DC0
_PIR1bits                                (abs)        000F9E
_PIR3bits                                (abs)        000FA4
_Precharge                               text20       000946
_RC1STA                                  (abs)        000FAB
_RC1STAbits                              (abs)        000FAB
_RC2STA                                  (abs)        000F71
_RC2STAbits                              (abs)        000F71
_RCONbits                                (abs)        000FD0
_RCREG1                                  (abs)        000FAE
_RCREG2                                  (abs)        000F74
_SPBRG1                                  (abs)        000FAF
_SPBRG2                                  (abs)        000F75
_SPBRGH1                                 (abs)        000FB0
_SPBRGH2                                 (abs)        000F76
_SPI1_Exchange8bit                       text34       0011EA
_SPI1_Initialize                         text35       001208
_SSP1ADD                                 (abs)        000FC8
_SSP1BUF                                 (abs)        000FC9
_SSP1CON1                                (abs)        000FC6
_SSP1CON1bits                            (abs)        000FC6
_SSP1STAT                                (abs)        000FC7
_SSP1STATbits                            (abs)        000FC7
_SYSTEM_Initialize                       text24       0011AC
_SetCharger                              text15       000C9E
_SetMux                                  text19       000F18
_Start                                   bssCOMRAM    00002B
_T0CON                                   (abs)        000FD5
_T0CONbits                               (abs)        000FD5
_TMR0H                                   (abs)        000FD7
_TMR0L                                   (abs)        000FD6
_TMR0_Initialize                         text25       001040
_TMR0_StartTimer                         text26       001236
_TRISA                                   (abs)        000F92
_TRISB                                   (abs)        000F93
_TRISBbits                               (abs)        000F93
_TRISC                                   (abs)        000F94
_TRISD                                   (abs)        000F95
_TRISD0                                  (abs)        007CA8
_TRISD2                                  (abs)        007CAA
_TRISD3                                  (abs)        007CAB
_TRISE                                   (abs)        000F96
_TX1STA                                  (abs)        000FAC
_TX2STA                                  (abs)        000F72
_TXREG1                                  (abs)        000FAD
_TXREG2                                  (abs)        000F73
_ToSend                                  text7        001176
_Transmit_stall                          dataCOMRAM   000044
_UART_buff_get                           text42       000B0C
_UART_buff_modulo_inc                    text45       0010C2
_UART_buff_put                           text44       0004C8
_UART_buff_size                          text41       0011C2
_WPUB                                    (abs)        000F61
__CFG_BOREN$SBORDIS                      (abs)        000000
__CFG_BORV$190                           (abs)        000000
__CFG_CCP2MX$PORTC1                      (abs)        000000
__CFG_CCP3MX$PORTB5                      (abs)        000000
__CFG_CP0$OFF                            (abs)        000000
__CFG_CP1$OFF                            (abs)        000000
__CFG_CP2$OFF                            (abs)        000000
__CFG_CP3$OFF                            (abs)        000000
__CFG_CPB$OFF                            (abs)        000000
__CFG_CPD$OFF                            (abs)        000000
__CFG_DEBUG$OFF                          (abs)        000000
__CFG_EBTR0$OFF                          (abs)        000000
__CFG_EBTR1$OFF                          (abs)        000000
__CFG_EBTR2$OFF                          (abs)        000000
__CFG_EBTR3$OFF                          (abs)        000000
__CFG_EBTRB$OFF                          (abs)        000000
__CFG_FCMEN$OFF                          (abs)        000000
__CFG_FOSC$INTIO67                       (abs)        000000
__CFG_HFOFST$ON                          (abs)        000000
__CFG_IESO$OFF                           (abs)        000000
__CFG_LVP$OFF                            (abs)        000000
__CFG_MCLRE$EXTMCLR                      (abs)        000000
__CFG_P2BMX$PORTD2                       (abs)        000000
__CFG_PBADEN$ON                          (abs)        000000
__CFG_PLLCFG$OFF                         (abs)        000000
__CFG_PRICLKEN$OFF                       (abs)        000000
__CFG_PWRTEN$OFF                         (abs)        000000
__CFG_STVREN$ON                          (abs)        000000
__CFG_T3CMX$PORTC0                       (abs)        000000
__CFG_WDTEN$OFF                          (abs)        000000
__CFG_WDTPS$32768                        (abs)        000000
__CFG_WRT0$OFF                           (abs)        000000
__CFG_WRT1$OFF                           (abs)        000000
__CFG_WRT2$OFF                           (abs)        000000
__CFG_WRT3$OFF                           (abs)        000000
__CFG_WRTB$OFF                           (abs)        000000
__CFG_WRTC$OFF                           (abs)        000000
__CFG_WRTD$OFF                           (abs)        000000
__CFG_XINST$OFF                          (abs)        000000
__HRAM                                   (abs)        000000
__Habs1                                  abs1         000000
__Hbank0                                 bank0        000000
__Hbank1                                 bank1        000000
__Hbank2                                 bank2        000000
__Hbank3                                 bank3        000000
__Hbank4                                 bank4        000000
__Hbank5                                 bank5        000000
__Hbigbss                                bigbss       000000
__Hbigdata                               bigdata      000000
__Hbigram                                bigram       000000
__Hbss                                   bss          000000
__HbssBANK0                              bssBANK0     000000
__HbssBANK1                              bssBANK1     000000
__HbssBANK2                              bssBANK2     000000
__HbssBANK3                              bssBANK3     000000
__HbssBANK4                              bssBANK4     000000
__HbssCOMRAM                             bssCOMRAM    000000
__Hcinit                                 cinit        000000
__Hclrtext                               clrtext      000000
__Hcomram                                comram       000000
__Hconfig                                config       30000E
__Hconst                                 const        000000
__HcstackBANK0                           cstackBANK0  000000
__HcstackCOMRAM                          cstackCOMRAM 000000
__Hdata                                  data         000000
__HdataBANK0                             dataBANK0    000000
__HdataCOMRAM                            dataCOMRAM   000000
__Heeprom_data                           eeprom_data  000000
__Hend_init                              end_init     0000B0
__Hfarbss                                farbss       000000
__Hfardata                               fardata      000000
__Hibigdata                              ibigdata     000000
__Hidata                                 idata        000000
__HidataBANK0                            idataBANK0   000000
__HidataCOMRAM                           idataCOMRAM  000000
__Hidloc                                 idloc        200008
__Hifardata                              ifardata     000000
__Hinit                                  init         0000AC
__Hintcode                               intcode      0000AC
__Hintcode_body                          intcode_body 000000
__Hintcodelo                             intcodelo    0000AC
__Hintentry                              intentry     000000
__Hintret                                intret       000000
__Hintsave_regs                          intsave_regs 000000
__Hirdata                                irdata       000000
__Hmediumconst                           mediumconst  008000
__HnvCOMRAM                              nvCOMRAM     000000
__HnvFARRAM                              nvFARRAM     000000
__Hnvbit                                 nvbit        000000
__Hnvrram                                nvrram       000000
__Hparam                                 rparam       000000
__Hpowerup                               powerup      0000AC
__Hram                                   ram          000000
__Hramtop                                ramtop       000600
__Hrbit                                  rbit         000000
__Hrbss                                  rbss         000000
__Hrdata                                 rdata        000000
__Hreset_vec                             reset_vec    000004
__Hrparam                                rparam       000000
__Hsfr                                   sfr          000000
__Hsmallconst                            smallconst   000000
__Hspace_0                               (abs)        30000E
__Hspace_1                               (abs)        0004C8
__Hspace_2                               (abs)        000000
__Hstack                                 stack        000000
__Hstruct                                struct       000000
__Htemp                                  temp         000046
__Htext                                  text         000000
__Htext0                                 text0        000000
__Htext1                                 text1        000000
__Htext10                                text10       000000
__Htext11                                text11       000000
__Htext12                                text12       000000
__Htext13                                text13       000000
__Htext14                                text14       000000
__Htext15                                text15       000000
__Htext16                                text16       000000
__Htext17                                text17       000000
__Htext18                                text18       000000
__Htext19                                text19       000000
__Htext2                                 text2        000000
__Htext20                                text20       000000
__Htext21                                text21       000000
__Htext22                                text22       000000
__Htext23                                text23       000000
__Htext24                                text24       000000
__Htext25                                text25       000000
__Htext26                                text26       000000
__Htext27                                text27       000000
__Htext28                                text28       000000
__Htext29                                text29       000000
__Htext3                                 text3        000000
__Htext30                                text30       000000
__Htext31                                text31       000000
__Htext32                                text32       000000
__Htext33                                text33       000000
__Htext34                                text34       000000
__Htext35                                text35       000000
__Htext36                                text36       000000
__Htext38                                text38       000000
__Htext39                                text39       000000
__Htext4                                 text4        000000
__Htext40                                text40       000000
__Htext41                                text41       000000
__Htext42                                text42       000000
__Htext43                                text43       000000
__Htext44                                text44       000000
__Htext45                                text45       000000
__Htext5                                 text5        000000
__Htext6                                 text6        000000
__Htext7                                 text7        000000
__Htext8                                 text8        000000
__Htext9                                 text9        000000
__LRAM                                   (abs)        000001
__Labs1                                  abs1         000000
__Lbank0                                 bank0        000000
__Lbank1                                 bank1        000000
__Lbank2                                 bank2        000000
__Lbank3                                 bank3        000000
__Lbank4                                 bank4        000000
__Lbank5                                 bank5        000000
__Lbigbss                                bigbss       000000
__Lbigdata                               bigdata      000000
__Lbigram                                bigram       000000
__Lbss                                   bss          000000
__LbssBANK0                              bssBANK0     000000
__LbssBANK1                              bssBANK1     000000
__LbssBANK2                              bssBANK2     000000
__LbssBANK3                              bssBANK3     000000
__LbssBANK4                              bssBANK4     000000
__LbssCOMRAM                             bssCOMRAM    000000
__Lcinit                                 cinit        000000
__Lclrtext                               clrtext      000000
__Lcomram                                comram       000000
__Lconfig                                config       300000
__Lconst                                 const        000000
__LcstackBANK0                           cstackBANK0  000000
__LcstackCOMRAM                          cstackCOMRAM 000000
__Ldata                                  data         000000
__LdataBANK0                             dataBANK0    000000
__LdataCOMRAM                            dataCOMRAM   000000
__Leeprom_data                           eeprom_data  000000
__Lend_init                              end_init     0000AC
__Lfarbss                                farbss       000000
__Lfardata                               fardata      000000
__Libigdata                              ibigdata     000000
__Lidata                                 idata        000000
__LidataBANK0                            idataBANK0   000000
__LidataCOMRAM                           idataCOMRAM  000000
__Lidloc                                 idloc        200000
__Lifardata                              ifardata     000000
__Linit                                  init         0000AC
__Lintcode                               intcode      000008
__Lintcode_body                          intcode_body 000000
__Lintcodelo                             intcodelo    0000AC
__Lintentry                              intentry     000000
__Lintret                                intret       000000
__Lintsave_regs                          intsave_regs 000000
__Lirdata                                irdata       000000
__Lmediumconst                           mediumconst  007E14
__LnvCOMRAM                              nvCOMRAM     000000
__LnvFARRAM                              nvFARRAM     000000
__Lnvbit                                 nvbit        000000
__Lnvrram                                nvrram       000000
__Lparam                                 rparam       000000
__Lpowerup                               powerup      0000AC
__Lram                                   ram          000000
__Lramtop                                ramtop       000600
__Lrbit                                  rbit         000000
__Lrbss                                  rbss         000000
__Lrdata                                 rdata        000000
__Lreset_vec                             reset_vec    000000
__Lrparam                                rparam       000000
__Lsfr                                   sfr          000000
__Lsmallconst                            smallconst   000000
__Lspace_0                               (abs)        000000
__Lspace_1                               (abs)        000000
__Lspace_2                               (abs)        000000
__Lstack                                 stack        000000
__Lstruct                                struct       000000
__Ltemp                                  temp         000045
__Ltext                                  text         000000
__Ltext0                                 text0        000000
__Ltext1                                 text1        000000
__Ltext10                                text10       000000
__Ltext11                                text11       000000
__Ltext12                                text12       000000
__Ltext13                                text13       000000
__Ltext14                                text14       000000
__Ltext15                                text15       000000
__Ltext16                                text16       000000
__Ltext17                                text17       000000
__Ltext18                                text18       000000
__Ltext19                                text19       000000
__Ltext2                                 text2        000000
__Ltext20                                text20       000000
__Ltext21                                text21       000000
__Ltext22                                text22       000000
__Ltext23                                text23       000000
__Ltext24                                text24       000000
__Ltext25                                text25       000000
__Ltext26                                text26       000000
__Ltext27                                text27       000000
__Ltext28                                text28       000000
__Ltext29                                text29       000000
__Ltext3                                 text3        000000
__Ltext30                                text30       000000
__Ltext31                                text31       000000
__Ltext32                                text32       000000
__Ltext33                                text33       000000
__Ltext34                                text34       000000
__Ltext35                                text35       000000
__Ltext36                                text36       000000
__Ltext38                                text38       000000
__Ltext39                                text39       000000
__Ltext4                                 text4        000000
__Ltext40                                text40       000000
__Ltext41                                text41       000000
__Ltext42                                text42       000000
__Ltext43                                text43       000000
__Ltext44                                text44       000000
__Ltext45                                text45       000000
__Ltext5                                 text5        000000
__Ltext6                                 text6        000000
__Ltext7                                 text7        000000
__Ltext8                                 text8        000000
__Ltext9                                 text9        000000
__S0                                     (abs)        30000E
__S1                                     (abs)        0004C8
__S2                                     (abs)        000000
___inthi_sp                              stack        000000
___intlo_sp                              stack        000000
___param_bank                            (abs)        000010
___rparam_used                           (abs)        000001
___sp                                    stack        000000
__accesstop                              (abs)        000060
__activetblptr                           (abs)        000002
__end_of_CRC8                            text14       000EA6
__end_of_CRCcheck                        text11       000A7A
__end_of_Delay                           text36       000E5C
__end_of_EUSART1_Receive_ISR             text43       001176
__end_of_EUSART1_Transmit_ISR            text40       000FB6
__end_of_EUSART2_Initialize              text30       000F84
__end_of_EUSART2_Receive_ISR             text39       001098
__end_of_EUSART2_Transmit_ISR            text38       001014
__end_of_EUSART2_Write                   text18       000EE0
__end_of_FONTLOOKUP                      mediumconst  007FF5
__end_of_FastTransfer_buffer_flush       text5        000D6C
__end_of_FastTransfer_buffer_modulo_inc  text9        0010C2
__end_of_FastTransfer_buffer_put         text8        0004C8
__end_of_INTERRUPT_Initialize            text29       001222
__end_of_INTERRUPT_InterruptManager      intcode      0000AC
__end_of_LCDwrite                        text33       0011AC
__end_of_NokiaStart                      text31       000B0C
__end_of_OSCILLATOR_Initialize           text28       001208
__end_of_PIN_MANAGER_Initialize          text27       000E10
__end_of_Precharge                       text20       0009E4
__end_of_SPI1_Exchange8bit               text34       0011FA
__end_of_SPI1_Initialize                 text35       001216
__end_of_SYSTEM_Initialize               text24       0011C2
__end_of_SetCharger                      text15       000D0A
__end_of_SetMux                          text19       000F50
__end_of_TMR0_Initialize                 text25       00106C
__end_of_TMR0_StartTimer                 text26       00123A
__end_of_ToSend                          text7        001192
__end_of_UART_buff_get                   text42       000B9E
__end_of_UART_buff_modulo_inc            text45       0010EC
__end_of_UART_buff_put                   text44       0005E2
__end_of_UART_buff_size                  text41       0011D8
__end_of__initialization                 cinit        000C18
__end_of_clearLcd                        text32       001114
__end_of_crcBufS_get                     text13       0006C4
__end_of_crcBufS_put                     text4        00079C
__end_of_crcBufS_status_put              text12       000872
__end_of_ledDebug                        text21       000FE6
__end_of_main                            text0        000F18
__end_of_memset                          text6        001040
__end_of_printf                          text16       000946
__end_of_putch                           text17       00122C
__end_of_receiveData                     text10       000354
__end_of_respondECU                      text2        000DC0
__end_of_sendData                        text3        000C9E
__end_of_time_Set                        text23       001158
__end_of_time_get                        text22       0011EA
__end_of_updateComms                     text1        00113A
__initialization                         cinit        000B9E
__mediumconst                            mediumconst  007E14
__pbssBANK0                              bssBANK0     000060
__pbssBANK1                              bssBANK1     000100
__pbssBANK2                              bssBANK2     000200
__pbssBANK3                              bssBANK3     000300
__pbssBANK4                              bssBANK4     000400
__pbssCOMRAM                             bssCOMRAM    000027
__pcinit                                 cinit        000B9E
__pcstackBANK0                           cstackBANK0  0000D0
__pcstackCOMRAM                          cstackCOMRAM 000001
__pdataBANK0                             dataBANK0    0000E9
__pdataCOMRAM                            dataCOMRAM   000044
__pidataBANK0                            idataBANK0   00122C
__pidataCOMRAM                           idataCOMRAM  00123A
__pintcode                               intcode      000008
__pmediumconst                           mediumconst  007E14
__pnvCOMRAM                              nvCOMRAM     000041
__ptext0                                 text0        000EE0
__ptext1                                 text1        001114
__ptext10                                text10       0000B0
__ptext11                                text11       0009E4
__ptext12                                text12       00079C
__ptext13                                text13       0005E2
__ptext14                                text14       000E5C
__ptext15                                text15       000C9E
__ptext16                                text16       000872
__ptext17                                text17       001222
__ptext18                                text18       000EA6
__ptext19                                text19       000F18
__ptext2                                 text2        000D6C
__ptext20                                text20       000946
__ptext21                                text21       000FB6
__ptext22                                text22       0011D8
__ptext23                                text23       00113A
__ptext24                                text24       0011AC
__ptext25                                text25       001040
__ptext26                                text26       001236
__ptext27                                text27       000DC0
__ptext28                                text28       0011FA
__ptext29                                text29       001216
__ptext3                                 text3        000C26
__ptext30                                text30       000F50
__ptext31                                text31       000A7A
__ptext32                                text32       0010EC
__ptext33                                text33       001192
__ptext34                                text34       0011EA
__ptext35                                text35       001208
__ptext36                                text36       000E10
__ptext38                                text38       000FE6
__ptext39                                text39       00106C
__ptext4                                 text4        0006C4
__ptext40                                text40       000F84
__ptext41                                text41       0011C2
__ptext42                                text42       000B0C
__ptext43                                text43       001158
__ptext44                                text44       0004C8
__ptext45                                text45       0010C2
__ptext5                                 text5        000D0A
__ptext6                                 text6        001014
__ptext7                                 text7        001176
__ptext8                                 text8        000354
__ptext9                                 text9        001098
__ramtop                                 ramtop       000600
__size_of_CRC8                           (abs)        000000
__size_of_CRCcheck                       (abs)        000000
__size_of_Delay                          (abs)        000000
__size_of_EUSART1_Receive_ISR            (abs)        000000
__size_of_EUSART1_Transmit_ISR           (abs)        000000
__size_of_EUSART2_Initialize             (abs)        000000
__size_of_EUSART2_Receive_ISR            (abs)        000000
__size_of_EUSART2_Transmit_ISR           (abs)        000000
__size_of_EUSART2_Write                  (abs)        000000
__size_of_FastTransfer_buffer_flush      (abs)        000000
__size_of_FastTransfer_buffer_modulo_inc (abs)        000000
__size_of_FastTransfer_buffer_put        (abs)        000000
__size_of_INTERRUPT_Initialize           (abs)        000000
__size_of_INTERRUPT_InterruptManager     (abs)        000000
__size_of_LCDwrite                       (abs)        000000
__size_of_NokiaStart                     (abs)        000000
__size_of_OSCILLATOR_Initialize          (abs)        000000
__size_of_PIN_MANAGER_Initialize         (abs)        000000
__size_of_Precharge                      (abs)        000000
__size_of_SPI1_Exchange8bit              (abs)        000000
__size_of_SPI1_Initialize                (abs)        000000
__size_of_SYSTEM_Initialize              (abs)        000000
__size_of_SetCharger                     (abs)        000000
__size_of_SetMux                         (abs)        000000
__size_of_TMR0_Initialize                (abs)        000000
__size_of_TMR0_StartTimer                (abs)        000000
__size_of_ToSend                         (abs)        000000
__size_of_UART_buff_get                  (abs)        000000
__size_of_UART_buff_modulo_inc           (abs)        000000
__size_of_UART_buff_put                  (abs)        000000
__size_of_UART_buff_size                 (abs)        000000
__size_of_clearLcd                       (abs)        000000
__size_of_crcBufS_get                    (abs)        000000
__size_of_crcBufS_put                    (abs)        000000
__size_of_crcBufS_status_put             (abs)        000000
__size_of_ledDebug                       (abs)        000000
__size_of_main                           (abs)        000000
__size_of_memset                         (abs)        000000
__size_of_printf                         (abs)        000000
__size_of_putch                          (abs)        000000
__size_of_receiveData                    (abs)        000000
__size_of_respondECU                     (abs)        000000
__size_of_sendData                       (abs)        000000
__size_of_time_Set                       (abs)        000000
__size_of_time_get                       (abs)        000000
__size_of_updateComms                    (abs)        000000
__smallconst                             smallconst   000000
_addressErrorCounter                     bssBANK0     0000AF
_alignErrorCounter                       bssBANK0     0000B1
_calc_CS                                 bssCOMRAM    000034
_clearLcd                                text32       0010EC
_crcBufS_get                             text13       0005E2
_crcBufS_put                             text4        0006C4
_crcBufS_status_put                      text12       00079C
_crcErrorCounter                         bssBANK0     0000B3
_crc_buffer                              bssBANK0     0000BF
_dataAdressErrorCounter                  bssBANK0     0000B5
_ddata                                   bssBANK0     000088
_eusart2RxBuffer                         bssBANK0     000093
_eusart2RxCount                          bssCOMRAM    000035
_eusart2RxHead                           bssCOMRAM    000036
_eusart2RxTail                           bssCOMRAM    000037
_eusart2TxBuffer                         bssBANK0     00009B
_eusart2TxBufferRemaining                nvCOMRAM     000043
_eusart2TxHead                           bssCOMRAM    000038
_eusart2TxTail                           bssCOMRAM    000039
_group                                   bssCOMRAM    00002D
_i                                       bssCOMRAM    00003A
_input_buffer                            bssBANK2     000200
_lastLEDTime                             bssBANK0     0000A7
_ledDebug                                text21       000FB6
_main                                    text0        000EE0
_maxDataAddress                          bssCOMRAM    00003B
_memset                                  text6        001014
_moduleAddress                           bssCOMRAM    00003C
_output_buffer                           bssBANK3     000300
_printf                                  text16       000872
_putch                                   text17       001222
_receiveArray                            bssBANK0     000060
_receiveArrayAddress                     bssCOMRAM    00002F
_receiveData                             text10       0000B0
_respondECU                              text2        000D6C
_returnAddress                           bssCOMRAM    00003D
_ring_buffer                             bssBANK1     000100
_rx_address                              bssCOMRAM    00003E
_rx_array_inx                            bssCOMRAM    00003F
_rx_buffer                               bssBANK4     000400
_rx_len                                  bssCOMRAM    000040
_sendData                                text3        000C26
_sendStructAddress                       bssCOMRAM    000031
_serial_available                        bssBANK0     0000B7
_serial_peek                             bssBANK0     0000B9
_serial_read                             bssBANK0     0000BB
_serial_write                            bssBANK0     0000BD
_talkTime                                bssBANK0     0000AB
_time                                    bssCOMRAM    000027
_time_Set                                text23       00113A
_time_get                                text22       0011D8
_timer0ReloadVal16bit                    nvCOMRAM     000041
_updateComms                             text1        001114
btemp                                    temp         000045
clearLcd@res                             cstackCOMRAM 00001E
crcBufS_get@_this                        cstackCOMRAM 00001B
crcBufS_get@space                        cstackCOMRAM 00001E
crcBufS_get@time                         cstackCOMRAM 00001D
crcBufS_get@wantedTime                   cstackCOMRAM 000025
crcBufS_put@_this                        cstackCOMRAM 00001B
crcBufS_put@address                      cstackCOMRAM 00001D
crcBufS_put@oldCRC                       cstackCOMRAM 00001E
crcBufS_put@status                       cstackCOMRAM 00001F
crcBufS_status_put@_this                 cstackCOMRAM 00001B
crcBufS_status_put@status                cstackCOMRAM 00001E
crcBufS_status_put@time                  cstackCOMRAM 00001D
crcBufS_status_put@wantedTime            cstackCOMRAM 000023
end_of_initialization                    cinit        000C18
int$flags                                temp         000045
intlevel0                                text         000000
intlevel1                                text         000000
intlevel2                                text         000000
intlevel3                                text         000000
memset@c                                 cstackCOMRAM 00001D
memset@n                                 cstackCOMRAM 00001F
memset@p                                 cstackCOMRAM 000021
memset@p1                                cstackCOMRAM 00001B
printf@ap                                cstackCOMRAM 000022
printf@c                                 cstackCOMRAM 000024
printf@cp                                cstackCOMRAM 000025
printf@f                                 cstackCOMRAM 00001D
printf@flag                              cstackCOMRAM 000021
putch@txData                             cstackCOMRAM 00001C
receiveData@crcHolder                    cstackBANK0  0000DD
receiveData@crcHolder_1381               cstackBANK0  0000DE
receiveData@holder                       cstackBANK0  0000DF
receiveData@holder_1380                  cstackBANK0  0000E2
receiveData@r                            cstackBANK0  0000E7
receiveData@u                            cstackBANK0  0000E5
sendData@CS                              cstackBANK0  0000D2
sendData@i                               cstackBANK0  0000D3
sendData@whereToSend                     cstackBANK0  0000D1
stackhi                                  (abs)        0005FF
stacklo                                  (abs)        0004C8
start                                    init         0000AC
start_initialization                     cinit        000B9E
time_Set@WhatTime                        cstackCOMRAM 00001D
time_Set@value                           cstackCOMRAM 00001B
time_get@WhatTime                        cstackCOMRAM 00001D


FUNCTION INFORMATION:

 *************** function _main *****************
 Defined at:
		line 16 in file "main.c"
 Parameters:    Size  Location     Type
		None
 Auto vars:     Size  Location     Type
		None
 Return value:  Size  Location     Type
		None               void
 Registers used:
		wreg, fsr0l, fsr0h, fsr2l, fsr2h, status,2, status,0, tblptrl, tblptrh, tblptru, prodl, prodh, cstack
 Tracked objects:
		On entry : 
		On exit  : 
		Unchanged: 
 Data sizes:     COMRAM   BANK0   BANK1   BANK2   BANK3   BANK4   BANK5
      Params:         0       0       0       0       0       0       0
      Locals:         0       0       0       0       0       0       0
      Temps:          0       0       0       0       0       0       0
      Totals:         0       0       0       0       0       0       0
Total ram usage:        0 bytes
 Hardware stack levels required when called:    9
 This function calls:
		_Delay
		_NokiaStart
		_SYSTEM_Initialize
		_clearLcd
		_ledDebug
		_respondECU
		_updateComms
 This function is called by:
		Startup code after reset
 This function uses a non-reentrant model


 *************** function _updateComms *****************
 Defined at:
		line 14 in file "Communications.c"
 Parameters:    Size  Location     Type
		None
 Auto vars:     Size  Location     Type
		None
 Return value:  Size  Location     Type
		None               void
 Registers used:
		wreg, fsr0l, fsr0h, fsr2l, fsr2h, status,2, status,0, tblptrl, tblptrh, tblptru, prodl, prodh, cstack
 Tracked objects:
		On entry : 
		On exit  : 
		Unchanged: 
 Data sizes:     COMRAM   BANK0   BANK1   BANK2   BANK3   BANK4   BANK5
      Params:         0       0       0       0       0       0       0
      Locals:         0       0       0       0       0       0       0
      Temps:          0       0       0       0       0       0       0
      Totals:         0       0       0       0       0       0       0
Total ram usage:        0 bytes
 Hardware stack levels used:    1
 Hardware stack levels required when called:    8
 This function calls:
		_Precharge
		_SetCharger
		_receiveData
		_respondECU
 This function is called by:
		_main
 This function uses a non-reentrant model


 *************** function _respondECU *****************
 Defined at:
		line 33 in file "Communications.c"
 Parameters:    Size  Location     Type
		None
 Auto vars:     Size  Location     Type
		None
 Return value:  Size  Location     Type
                  2  227[None  ] int 
 Registers used:
		wreg, fsr2l, fsr2h, status,2, status,0, cstack
 Tracked objects:
		On entry : 
		On exit  : 
		Unchanged: 
 Data sizes:     COMRAM   BANK0   BANK1   BANK2   BANK3   BANK4   BANK5
      Params:         0       0       0       0       0       0       0
      Locals:         0       0       0       0       0       0       0
      Temps:          0       0       0       0       0       0       0
      Totals:         0       0       0       0       0       0       0
Total ram usage:        0 bytes
 Hardware stack levels used:    1
 Hardware stack levels required when called:    7
 This function calls:
		_Delay
		_ToSend
		_sendData
 This function is called by:
		_main
		_updateComms
 This function uses a non-reentrant model


 *************** function _sendData *****************
 Defined at:
		line 53 in file "FastTransfer.c"
 Parameters:    Size  Location     Type
  whereToSend     1    wreg     unsigned char 
 Auto vars:     Size  Location     Type
  whereToSend     1    1[BANK0 ] unsigned char 
  i               2    3[BANK0 ] int 
  CS              1    2[BANK0 ] unsigned char 
 Return value:  Size  Location     Type
		None               void
 Registers used:
		wreg, fsr2l, fsr2h, status,2, status,0, cstack
 Tracked objects:
		On entry : 
		On exit  : 
		Unchanged: 
 Data sizes:     COMRAM   BANK0   BANK1   BANK2   BANK3   BANK4   BANK5
      Params:         0       0       0       0       0       0       0
      Locals:         0       4       0       0       0       0       0
      Temps:          0       1       0       0       0       0       0
      Totals:         0       5       0       0       0       0       0
Total ram usage:        5 bytes
 Hardware stack levels used:    1
 Hardware stack levels required when called:    6
 This function calls:
		_CRC8
		_FastTransfer_buffer_flush
		_crcBufS_put
 This function is called by:
		_respondECU
 This function uses a non-reentrant model


 *************** function _crcBufS_put *****************
 Defined at:
		line 321 in file "FastTransfer.c"
 Parameters:    Size  Location     Type
  _this           2   26[COMRAM] PTR struct crcBufS
		 -> crc_buffer(17), 
  address         1   28[COMRAM] unsigned char 
  oldCRC          1   29[COMRAM] unsigned char 
  status          1   30[COMRAM] unsigned char 
 Auto vars:     Size  Location     Type
		None
 Return value:  Size  Location     Type
		None               void
 Registers used:
		wreg, fsr2l, fsr2h, status,2, status,0
 Tracked objects:
		On entry : 
		On exit  : 
		Unchanged: 
 Data sizes:     COMRAM   BANK0   BANK1   BANK2   BANK3   BANK4   BANK5
      Params:         5       0       0       0       0       0       0
      Locals:         0       0       0       0       0       0       0
      Temps:          2       0       0       0       0       0       0
      Totals:         7       0       0       0       0       0       0
Total ram usage:        7 bytes
 Hardware stack levels used:    1
 Hardware stack levels required when called:    4
 This function calls:
		Nothing
 This function is called by:
		_sendData
 This function uses a non-reentrant model


 *************** function _FastTransfer_buffer_flush *****************
 Defined at:
		line 261 in file "FastTransfer.c"
 Parameters:    Size  Location     Type
  _this           2   34[COMRAM] PTR struct ringBufS
		 -> ring_buffer(206), 
  clearBuffer     2   36[COMRAM] const int 
 Auto vars:     Size  Location     Type
		None
 Return value:  Size  Location     Type
		None               void
 Registers used:
		wreg, fsr2l, fsr2h, status,2, status,0, cstack
 Tracked objects:
		On entry : 
		On exit  : 
		Unchanged: 
 Data sizes:     COMRAM   BANK0   BANK1   BANK2   BANK3   BANK4   BANK5
      Params:         4       0       0       0       0       0       0
      Locals:         0       0       0       0       0       0       0
      Temps:          0       0       0       0       0       0       0
      Totals:         4       0       0       0       0       0       0
Total ram usage:        4 bytes
 Hardware stack levels used:    1
 Hardware stack levels required when called:    5
 This function calls:
		_memset
 This function is called by:
		_sendData
 This function uses a non-reentrant model


 *************** function _memset *****************
 Defined at:
		line 8 in file "C:\Program Files (x86)\Microchip\xc8\v1.35\sources\common\memset.c"
 Parameters:    Size  Location     Type
  p1              2   26[COMRAM] PTR void 
		 -> output_buffer(206), input_buffer(206), ring_buffer(206), 
  c               2   28[COMRAM] int 
  n               2   30[COMRAM] unsigned int 
 Auto vars:     Size  Location     Type
  p               2   32[COMRAM] PTR unsigned char 
		 -> output_buffer(206), input_buffer(206), ring_buffer(206), 
 Return value:  Size  Location     Type
                  2   26[COMRAM] PTR void 
 Registers used:
		wreg, fsr2l, fsr2h, status,2, status,0
 Tracked objects:
		On entry : 
		On exit  : 
		Unchanged: 
 Data sizes:     COMRAM   BANK0   BANK1   BANK2   BANK3   BANK4   BANK5
      Params:         6       0       0       0       0       0       0
      Locals:         2       0       0       0       0       0       0
      Temps:          0       0       0       0       0       0       0
      Totals:         8       0       0       0       0       0       0
Total ram usage:        8 bytes
 Hardware stack levels used:    1
 Hardware stack levels required when called:    4
 This function calls:
		Nothing
 This function is called by:
		_FastTransfer_buffer_flush
		_UART_buff_init
		_UART_buff_flush
 This function uses a non-reentrant model


 *************** function _ToSend *****************
 Defined at:
		line 216 in file "FastTransfer.c"
 Parameters:    Size  Location     Type
  where           1    wreg     unsigned char 
  what            2    2[BANK0 ] unsigned int 
 Auto vars:     Size  Location     Type
  where           1   37[COMRAM] unsigned char 
 Return value:  Size  Location     Type
		None               void
 Registers used:
		wreg, fsr2l, fsr2h, status,2, status,0, cstack
 Tracked objects:
		On entry : 
		On exit  : 
		Unchanged: 
 Data sizes:     COMRAM   BANK0   BANK1   BANK2   BANK3   BANK4   BANK5
      Params:         0       2       0       0       0       0       0
      Locals:         1       0       0       0       0       0       0
      Temps:          0       0       0       0       0       0       0
      Totals:         1       2       0       0       0       0       0
Total ram usage:        3 bytes
 Hardware stack levels used:    1
 Hardware stack levels required when called:    6
 This function calls:
		_FastTransfer_buffer_put
 This function is called by:
		_respondECU
 This function uses a non-reentrant model


 *************** function _FastTransfer_buffer_put *****************
 Defined at:
		line 223 in file "FastTransfer.c"
 Parameters:    Size  Location     Type
  _this           2   32[COMRAM] PTR struct ringBufS
		 -> ring_buffer(206), 
  towhere         1   34[COMRAM] unsigned char 
  towhat          2   35[COMRAM] unsigned int 
 Auto vars:     Size  Location     Type
		None
 Return value:  Size  Location     Type
		None               void
 Registers used:
		wreg, fsr2l, fsr2h, status,2, status,0, cstack
 Tracked objects:
		On entry : 
		On exit  : 
		Unchanged: 
 Data sizes:     COMRAM   BANK0   BANK1   BANK2   BANK3   BANK4   BANK5
      Params:         5       0       0       0       0       0       0
      Locals:         0       0       0       0       0       0       0
      Temps:          0       2       0       0       0       0       0
      Totals:         5       2       0       0       0       0       0
Total ram usage:        7 bytes
 Hardware stack levels used:    1
 Hardware stack levels required when called:    5
 This function calls:
		_FastTransfer_buffer_modulo_inc
 This function is called by:
		_ToSend
 This function uses a non-reentrant model


 *************** function _FastTransfer_buffer_modulo_inc *****************
 Defined at:
		line 273 in file "FastTransfer.c"
 Parameters:    Size  Location     Type
  value           2   26[COMRAM] const unsigned int 
  modulus         2   28[COMRAM] const unsigned int 
 Auto vars:     Size  Location     Type
  my_value        2   30[COMRAM] unsigned int 
 Return value:  Size  Location     Type
                  2   26[COMRAM] unsigned int 
 Registers used:
		wreg, status,2, status,0
 Tracked objects:
		On entry : 
		On exit  : 
		Unchanged: 
 Data sizes:     COMRAM   BANK0   BANK1   BANK2   BANK3   BANK4   BANK5
      Params:         4       0       0       0       0       0       0
      Locals:         2       0       0       0       0       0       0
      Temps:          0       0       0       0       0       0       0
      Totals:         6       0       0       0       0       0       0
Total ram usage:        6 bytes
 Hardware stack levels used:    1
 Hardware stack levels required when called:    4
 This function calls:
		Nothing
 This function is called by:
		_FastTransfer_buffer_put
		_FastTransfer_buffer_get
 This function uses a non-reentrant model


 *************** function _receiveData *****************
 Defined at:
		line 82 in file "FastTransfer.c"
 Parameters:    Size  Location     Type
		None
 Auto vars:     Size  Location     Type
  holder          3   18[BANK0 ] unsigned char [3]
  crcHolder       1   14[BANK0 ] unsigned char 
  holder          3   15[BANK0 ] unsigned char [3]
  crcHolder       1   13[BANK0 ] unsigned char 
  u               2   21[BANK0 ] int 
  r               2   23[BANK0 ] int 
 Return value:  Size  Location     Type
                  1    wreg      unsigned char 
 Registers used:
		wreg, fsr2l, fsr2h, status,2, status,0, prodl, prodh, cstack
 Tracked objects:
		On entry : 
		On exit  : 
		Unchanged: 
 Data sizes:     COMRAM   BANK0   BANK1   BANK2   BANK3   BANK4   BANK5
      Params:         0       0       0       0       0       0       0
      Locals:         0      12       0       0       0       0       0
      Temps:          0       6       0       0       0       0       0
      Totals:         0      18       0       0       0       0       0
Total ram usage:       18 bytes
 Hardware stack levels used:    1
 Hardware stack levels required when called:    6
 This function calls:
		_CRC8
		_CRCcheck
 This function is called by:
		_updateComms
 This function uses a non-reentrant model


 *************** function _CRCcheck *****************
 Defined at:
		line 373 in file "FastTransfer.c"
 Parameters:    Size  Location     Type
		None
 Auto vars:     Size  Location     Type
  rt              2    5[BANK0 ] int 
  arrayHolder     3    2[BANK0 ] unsigned char [3]
  calculatedCR    1    1[BANK0 ] unsigned char 
  SentCRC         1    0[BANK0 ] unsigned char 
 Return value:  Size  Location     Type
		None               void
 Registers used:
		wreg, fsr2l, fsr2h, status,2, status,0, prodl, prodh, cstack
 Tracked objects:
		On entry : 
		On exit  : 
		Unchanged: 
 Data sizes:     COMRAM   BANK0   BANK1   BANK2   BANK3   BANK4   BANK5
      Params:         0       0       0       0       0       0       0
      Locals:         0       7       0       0       0       0       0
      Temps:          0       0       0       0       0       0       0
      Totals:         0       7       0       0       0       0       0
Total ram usage:        7 bytes
 Hardware stack levels used:    1
 Hardware stack levels required when called:    5
 This function calls:
		_CRC8
		_crcBufS_get
		_crcBufS_status_put
 This function is called by:
		_receiveData
 This function uses a non-reentrant model


 *************** function _crcBufS_status_put *****************
 Defined at:
		line 336 in file "FastTransfer.c"
 Parameters:    Size  Location     Type
  _this           2   26[COMRAM] PTR struct crcBufS
		 -> crc_buffer(17), 
  time            1   28[COMRAM] unsigned char 
  status          1   29[COMRAM] unsigned char 
 Auto vars:     Size  Location     Type
  wantedTime      2   34[COMRAM] int 
 Return value:  Size  Location     Type
		None               void
 Registers used:
		wreg, fsr2l, fsr2h, status,2, status,0, prodl, prodh
 Tracked objects:
		On entry : 
		On exit  : 
		Unchanged: 
 Data sizes:     COMRAM   BANK0   BANK1   BANK2   BANK3   BANK4   BANK5
      Params:         4       0       0       0       0       0       0
      Locals:         2       0       0       0       0       0       0
      Temps:          4       0       0       0       0       0       0
      Totals:        10       0       0       0       0       0       0
Total ram usage:       10 bytes
 Hardware stack levels used:    1
 Hardware stack levels required when called:    4
 This function calls:
		Nothing
 This function is called by:
		_CRCcheck
 This function uses a non-reentrant model


 *************** function _crcBufS_get *****************
 Defined at:
		line 353 in file "FastTransfer.c"
 Parameters:    Size  Location     Type
  _this           2   26[COMRAM] PTR struct crcBufS
		 -> crc_buffer(17), 
  time            1   28[COMRAM] unsigned char 
  space           1   29[COMRAM] unsigned char 
 Auto vars:     Size  Location     Type
  wantedTime      2   36[COMRAM] int 
 Return value:  Size  Location     Type
                  1    wreg      unsigned char 
 Registers used:
		wreg, fsr2l, fsr2h, status,2, status,0, prodl, prodh
 Tracked objects:
		On entry : 
		On exit  : 
		Unchanged: 
 Data sizes:     COMRAM   BANK0   BANK1   BANK2   BANK3   BANK4   BANK5
      Params:         4       0       0       0       0       0       0
      Locals:         2       0       0       0       0       0       0
      Temps:          6       0       0       0       0       0       0
      Totals:        12       0       0       0       0       0       0
Total ram usage:       12 bytes
 Hardware stack levels used:    1
 Hardware stack levels required when called:    4
 This function calls:
		Nothing
 This function is called by:
		_CRCcheck
		_AKNAK
 This function uses a non-reentrant model


 *************** function _CRC8 *****************
 Defined at:
		line 34 in file "FastTransfer.c"
 Parameters:    Size  Location     Type
  data            2   26[COMRAM] PTR const unsigned char 
		 -> CRCcheck@arrayHolder(3), receiveData@holder_1380(3), receiveData@holder(3), rx_buffer(200), 
		 -> ring_buffer(206), NULL(0), 
  len             1   28[COMRAM] unsigned char 
 Auto vars:     Size  Location     Type
  sum             1   29[COMRAM] unsigned char 
  tempI           1   31[COMRAM] unsigned char 
  extract         1   30[COMRAM] unsigned char 
  crc             1   32[COMRAM] unsigned char 
 Return value:  Size  Location     Type
                  1    wreg      unsigned char 
 Registers used:
		wreg, fsr2l, fsr2h, status,2, status,0
 Tracked objects:
		On entry : 
		On exit  : 
		Unchanged: 
 Data sizes:     COMRAM   BANK0   BANK1   BANK2   BANK3   BANK4   BANK5
      Params:         3       0       0       0       0       0       0
      Locals:         4       0       0       0       0       0       0
      Temps:          0       0       0       0       0       0       0
      Totals:         7       0       0       0       0       0       0
Total ram usage:        7 bytes
 Hardware stack levels used:    1
 Hardware stack levels required when called:    4
 This function calls:
		Nothing
 This function is called by:
		_sendData
		_receiveData
		_CRCcheck
 This function uses a non-reentrant model


 *************** function _SetCharger *****************
 Defined at:
		line 59 in file "Functions.c"
 Parameters:    Size  Location     Type
  mode            1    wreg     unsigned char 
  Current         1    0[BANK0 ] unsigned char 
  Voltage         1    1[BANK0 ] unsigned char 
 Auto vars:     Size  Location     Type
  mode            1    2[BANK0 ] unsigned char 
 Return value:  Size  Location     Type
		None               void
 Registers used:
		wreg, fsr0l, fsr0h, fsr2l, fsr2h, status,2, status,0, tblptrl, tblptrh, tblptru, prodl, prodh, cstack
 Tracked objects:
		On entry : 
		On exit  : 
		Unchanged: 
 Data sizes:     COMRAM   BANK0   BANK1   BANK2   BANK3   BANK4   BANK5
      Params:         0       2       0       0       0       0       0
      Locals:         0       1       0       0       0       0       0
      Temps:          0       0       0       0       0       0       0
      Totals:         0       3       0       0       0       0       0
Total ram usage:        3 bytes
 Hardware stack levels used:    1
 Hardware stack levels required when called:    7
 This function calls:
		_SetMux
		_printf
 This function is called by:
		_updateComms
 This function uses a non-reentrant model


 *************** function _printf *****************
 Defined at:
[...]
		None
 Return value:  Size  Location     Type
		None               void
 Registers used:
		wreg, status,2, status,0, cstack
 Tracked objects:
		On entry : 
		On exit  : 
		Unchanged: 
 Data sizes:     COMRAM   BANK0   BANK1   BANK2   BANK3   BANK4   BANK5
      Params:         0       0       0       0       0       0       0
      Locals:         0       0       0       0       0       0       0
      Temps:          0       0       0       0       0       0       0
      Totals:         0       0       0       0       0       0       0
Total ram usage:        0 bytes
 Hardware stack levels used:    1
 Hardware stack levels required when called:    7
 This function calls:
		_Delay
		_LCDwrite
		_SPI1_Initialize
		_clearLcd
 This function is called by:
		_main
 This function uses a non-reentrant model


 *************** function _clearLcd *****************
 Defined at:
		line 69 in file "NokiaLCD.c"
 Parameters:    Size  Location     Type
		None
 Auto vars:     Size  Location     Type
  res             2   29[COMRAM] int 
 Return value:  Size  Location     Type
		None               void
 Registers used:
		wreg, status,2, status,0, cstack
 Tracked objects:
		On entry : 
		On exit  : 
		Unchanged: 
 Data sizes:     COMRAM   BANK0   BANK1   BANK2   BANK3   BANK4   BANK5
      Params:         0       0       0       0       0       0       0
      Locals:         2       0       0       0       0       0       0
      Temps:          0       0       0       0       0       0       0
      Totals:         2       0       0       0       0       0       0
Total ram usage:        2 bytes
 Hardware stack levels used:    1
 Hardware stack levels required when called:    6
 This function calls:
		_LCDwrite
 This function is called by:
		_main
		_NokiaStart
 This function uses a non-reentrant model


 *************** function _LCDwrite *****************
 Defined at:
		line 50 in file "NokiaLCD.c"
 Parameters:    Size  Location     Type
  mode            1    wreg     unsigned char 
  data            1   27[COMRAM] unsigned char 
 Auto vars:     Size  Location     Type
  mode            1   28[COMRAM] unsigned char 
 Return value:  Size  Location     Type
		None               void
 Registers used:
		wreg, status,2, cstack
 Tracked objects:
		On entry : 
		On exit  : 
		Unchanged: 
 Data sizes:     COMRAM   BANK0   BANK1   BANK2   BANK3   BANK4   BANK5
      Params:         1       0       0       0       0       0       0
      Locals:         1       0       0       0       0       0       0
      Temps:          0       0       0       0       0       0       0
      Totals:         2       0       0       0       0       0       0
Total ram usage:        2 bytes
 Hardware stack levels used:    1
 Hardware stack levels required when called:    5
 This function calls:
		_SPI1_Exchange8bit
 This function is called by:
		_NokiaStart
		_clearLcd
		_blackLcd
		_gotoXy
		_LcdCharacter
 This function uses a non-reentrant model


 *************** function _SPI1_Exchange8bit *****************
 Defined at:
		line 78 in file "mcc_generated_files/spi1.c"
 Parameters:    Size  Location     Type
  data            1    wreg     unsigned char 
 Auto vars:     Size  Location     Type
  data            1   26[COMRAM] unsigned char 
 Return value:  Size  Location     Type
                  1    wreg      unsigned char 
 Registers used:
		wreg, status,2
 Tracked objects:
		On entry : 
		On exit  : 
		Unchanged: 
 Data sizes:     COMRAM   BANK0   BANK1   BANK2   BANK3   BANK4   BANK5
      Params:         0       0       0       0       0       0       0
      Locals:         1       0       0       0       0       0       0
      Temps:          0       0       0       0       0       0       0
      Totals:         1       0       0       0       0       0       0
Total ram usage:        1 bytes
 Hardware stack levels used:    1
 Hardware stack levels required when called:    4
 This function calls:
		Nothing
 This function is called by:
		_LCDwrite
		_SPI1_Exchange8bitBuffer
 This function uses a non-reentrant model


 *************** function _SPI1_Initialize *****************
 Defined at:
		line 64 in file "mcc_generated_files/spi1.c"
 Parameters:    Size  Location     Type
		None
 Auto vars:     Size  Location     Type
		None
 Return value:  Size  Location     Type
		None               void
 Registers used:
		wreg, status,2
 Tracked objects:
		On entry : 
		On exit  : 
		Unchanged: 
 Data sizes:     COMRAM   BANK0   BANK1   BANK2   BANK3   BANK4   BANK5
      Params:         0       0       0       0       0       0       0
      Locals:         0       0       0       0       0       0       0
      Temps:          0       0       0       0       0       0       0
      Totals:         0       0       0       0       0       0       0
Total ram usage:        0 bytes
 Hardware stack levels used:    1
 Hardware stack levels required when called:    4
 This function calls:
		Nothing
 This function is called by:
		_NokiaStart
 This function uses a non-reentrant model


 *************** function _Delay *****************
 Defined at:
		line 12 in file "Functions.c"
 Parameters:    Size  Location     Type
  wait            4   26[COMRAM] long 
 Auto vars:     Size  Location     Type
  i               4   31[COMRAM] long 
 Return value:  Size  Location     Type
		None               void
 Registers used:
		wreg, status,2, status,0
 Tracked objects:
		On entry : 
		On exit  : 
		Unchanged: 
 Data sizes:     COMRAM   BANK0   BANK1   BANK2   BANK3   BANK4   BANK5
      Params:         4       0       0       0       0       0       0
      Locals:         4       0       0       0       0       0       0
      Temps:          1       0       0       0       0       0       0
      Totals:         9       0       0       0       0       0       0
Total ram usage:        9 bytes
 Hardware stack levels used:    1
 Hardware stack levels required when called:    4
 This function calls:
		Nothing
 This function is called by:
		_main
		_respondECU
		_Precharge
		_NokiaStart
 This function uses a non-reentrant model


 *************** function _INTERRUPT_InterruptManager *****************
 Defined at:
		line 68 in file "mcc_generated_files/interrupt_manager.c"
 Parameters:    Size  Location     Type
		None
 Auto vars:     Size  Location     Type
		None
 Return value:  Size  Location     Type
		None               void
 Registers used:
		wreg, fsr2l, fsr2h, status,2, status,0, prodl, prodh, cstack
 Tracked objects:
		On entry : 
		On exit  : 
		Unchanged: 
 Data sizes:     COMRAM   BANK0   BANK1   BANK2   BANK3   BANK4   BANK5
      Params:         0       0       0       0       0       0       0
      Locals:         0       0       0       0       0       0       0
      Temps:         14       0       0       0       0       0       0
      Totals:        14       0       0       0       0       0       0
Total ram usage:       14 bytes
 Hardware stack levels used:    1
 Hardware stack levels required when called:    3
 This function calls:
		_EUSART1_Receive_ISR
		_EUSART1_Transmit_ISR
		_EUSART2_Receive_ISR
		_EUSART2_Transmit_ISR
 This function is called by:
		Interrupt level 2
 This function uses a non-reentrant model


 *************** function _EUSART2_Transmit_ISR *****************
 Defined at:
		line 155 in file "mcc_generated_files/eusart2.c"
 Parameters:    Size  Location     Type
		None
 Auto vars:     Size  Location     Type
		None
 Return value:  Size  Location     Type
		None               void
 Registers used:
		wreg, fsr2l, fsr2h, status,2, status,0, prodl, prodh
 Tracked objects:
		On entry : 
		On exit  : 
		Unchanged: 
 Data sizes:     COMRAM   BANK0   BANK1   BANK2   BANK3   BANK4   BANK5
      Params:         0       0       0       0       0       0       0
      Locals:         0       0       0       0       0       0       0
      Temps:          0       0       0       0       0       0       0
      Totals:         0       0       0       0       0       0       0
Total ram usage:        0 bytes
 Hardware stack levels used:    1
 This function calls:
		Nothing
 This function is called by:
		_INTERRUPT_InterruptManager
 This function uses a non-reentrant model


 *************** function _EUSART2_Receive_ISR *****************
 Defined at:
		line 169 in file "mcc_generated_files/eusart2.c"
 Parameters:    Size  Location     Type
		None
 Auto vars:     Size  Location     Type
		None
 Return value:  Size  Location     Type
		None               void
 Registers used:
		wreg, fsr2l, fsr2h, status,2, status,0, prodl, prodh
 Tracked objects:
		On entry : 
		On exit  : 
		Unchanged: 
 Data sizes:     COMRAM   BANK0   BANK1   BANK2   BANK3   BANK4   BANK5
      Params:         0       0       0       0       0       0       0
      Locals:         0       0       0       0       0       0       0
      Temps:          0       0       0       0       0       0       0
      Totals:         0       0       0       0       0       0       0
Total ram usage:        0 bytes
 Hardware stack levels used:    1
 This function calls:
		Nothing
 This function is called by:
		_INTERRUPT_InterruptManager
 This function uses a non-reentrant model


 *************** function _EUSART1_Transmit_ISR *****************
 Defined at:
		line 150 in file "UART.c"
 Parameters:    Size  Location     Type
		None
 Auto vars:     Size  Location     Type
		None
 Return value:  Size  Location     Type
                  2  134[None  ] int 
 Registers used:
		wreg, fsr2l, fsr2h, status,2, status,0, cstack
 Tracked objects:
		On entry : 
		On exit  : 
		Unchanged: 
 Data sizes:     COMRAM   BANK0   BANK1   BANK2   BANK3   BANK4   BANK5
      Params:         0       0       0       0       0       0       0
      Locals:         0       0       0       0       0       0       0
      Temps:          0       0       0       0       0       0       0
      Totals:         0       0       0       0       0       0       0
Total ram usage:        0 bytes
 Hardware stack levels used:    1
 Hardware stack levels required when called:    2
 This function calls:
		_UART_buff_get
		_UART_buff_size
 This function is called by:
		_INTERRUPT_InterruptManager
 This function uses a non-reentrant model


 *************** function _UART_buff_size *****************
 Defined at:
		line 102 in file "UART.c"
 Parameters:    Size  Location     Type
  _this           2    0[COMRAM] PTR struct UART_ring_buf
		 -> output_buffer(206), input_buffer(206), 
 Auto vars:     Size  Location     Type
		None
 Return value:  Size  Location     Type
                  2    0[COMRAM] int 
 Registers used:
		wreg, fsr2l, fsr2h, status,2, status,0
 Tracked objects:
		On entry : 
		On exit  : 
		Unchanged: 
 Data sizes:     COMRAM   BANK0   BANK1   BANK2   BANK3   BANK4   BANK5
      Params:         2       0       0       0       0       0       0
      Locals:         0       0       0       0       0       0       0
      Temps:          0       0       0       0       0       0       0
      Totals:         2       0       0       0       0       0       0
Total ram usage:        2 bytes
 Hardware stack levels used:    1
 This function calls:
		Nothing
 This function is called by:
		_EUSART1_Transmit_ISR
		_Receive_available
 This function uses a non-reentrant model


 *************** function _UART_buff_get *****************
 Defined at:
		line 81 in file "UART.c"
 Parameters:    Size  Location     Type
  _this           2    6[COMRAM] PTR struct UART_ring_buf
		 -> output_buffer(206), input_buffer(206), 
 Auto vars:     Size  Location     Type
  c               1   10[COMRAM] unsigned char 
 Return value:  Size  Location     Type
                  1    wreg      unsigned char 
 Registers used:
		wreg, fsr2l, fsr2h, status,2, status,0, cstack
 Tracked objects:
		On entry : 
		On exit  : 
		Unchanged: 
 Data sizes:     COMRAM   BANK0   BANK1   BANK2   BANK3   BANK4   BANK5
      Params:         2       0       0       0       0       0       0
      Locals:         1       0       0       0       0       0       0
      Temps:          2       0       0       0       0       0       0
      Totals:         5       0       0       0       0       0       0
Total ram usage:        5 bytes
 Hardware stack levels used:    1
 Hardware stack levels required when called:    1
 This function calls:
		_UART_buff_modulo_inc
 This function is called by:
		_EUSART1_Transmit_ISR
		_Receive_get
		_Send_put
 This function uses a non-reentrant model


 *************** function _EUSART1_Receive_ISR *****************
 Defined at:
		line 139 in file "UART.c"
 Parameters:    Size  Location     Type
		None
 Auto vars:     Size  Location     Type
  data            1   11[COMRAM] unsigned char 
 Return value:  Size  Location     Type
                  2  132[None  ] int 
 Registers used:
		wreg, fsr2l, fsr2h, status,2, status,0, cstack
 Tracked objects:
		On entry : 
		On exit  : 
		Unchanged: 
 Data sizes:     COMRAM   BANK0   BANK1   BANK2   BANK3   BANK4   BANK5
      Params:         0       0       0       0       0       0       0
      Locals:         1       0       0       0       0       0       0
      Temps:          0       0       0       0       0       0       0
      Totals:         1       0       0       0       0       0       0
Total ram usage:        1 bytes
 Hardware stack levels used:    1
 Hardware stack levels required when called:    2
 This function calls:
		_UART_buff_put
 This function is called by:
		_INTERRUPT_InterruptManager
 This function uses a non-reentrant model


 *************** function _UART_buff_put *****************
 Defined at:
		line 68 in file "UART.c"
 Parameters:    Size  Location     Type
  _this           2    6[COMRAM] PTR struct UART_ring_buf
		 -> output_buffer(206), input_buffer(206), 
  c               1    8[COMRAM] const unsigned char 
 Auto vars:     Size  Location     Type
		None
 Return value:  Size  Location     Type
		None               void
 Registers used:
		wreg, fsr2l, fsr2h, status,2, status,0, cstack
 Tracked objects:
		On entry : 
		On exit  : 
		Unchanged: 
 Data sizes:     COMRAM   BANK0   BANK1   BANK2   BANK3   BANK4   BANK5
      Params:         3       0       0       0       0       0       0
      Locals:         0       0       0       0       0       0       0
      Temps:          2       0       0       0       0       0       0
      Totals:         5       0       0       0       0       0       0
Total ram usage:        5 bytes
 Hardware stack levels used:    1
 Hardware stack levels required when called:    1
 This function calls:
		_UART_buff_modulo_inc
 This function is called by:
		_EUSART1_Receive_ISR
		_Send_put
 This function uses a non-reentrant model


 *************** function _UART_buff_modulo_inc *****************
 Defined at:
		line 106 in file "UART.c"
 Parameters:    Size  Location     Type
  value           2    0[COMRAM] const unsigned int 
  modulus         2    2[COMRAM] const unsigned int 
 Auto vars:     Size  Location     Type
  my_value        2    4[COMRAM] unsigned int 
 Return value:  Size  Location     Type
                  2    0[COMRAM] unsigned int 
 Registers used:
		wreg, status,2, status,0
 Tracked objects:
		On entry : 
		On exit  : 
		Unchanged: 
 Data sizes:     COMRAM   BANK0   BANK1   BANK2   BANK3   BANK4   BANK5
      Params:         4       0       0       0       0       0       0
      Locals:         2       0       0       0       0       0       0
      Temps:          0       0       0       0       0       0       0
      Totals:         6       0       0       0       0       0       0
Total ram usage:        6 bytes
 Hardware stack levels used:    1
 This function calls:
		Nothing
 This function is called by:
		_UART_buff_put
		_UART_buff_get
 This function uses a non-reentrant model



MODULE INFORMATION

Module		Function		Class		Link	Load	Size
FastTransfer.c
		_FastTransfer_buffer_put		CODE           	0354	0000	373
		_CRC8          		CODE           	0E5C	0000	75
		_receiveData   		CODE           	00B0	0000	677
		_sendData      		CODE           	0C26	0000	121
		_CRCcheck      		CODE           	09E4	0000	151
		_FastTransfer_buffer_modulo_inc		CODE           	1098	0000	43
		_crcBufS_status_put		CODE           	079C	0000	215
		_crcBufS_get   		CODE           	05E2	0000	227
		_crcBufS_put   		CODE           	06C4	0000	217
		_FastTransfer_buffer_flush		CODE           	0D0A	0000	99
		_ToSend        		CODE           	1176	0000	29

FastTransfer.c estimated size: 2227

UART.c
		_UART_buff_modulo_inc		CODE           	10C2	0000	43
		_EUSART1_Receive_ISR		CODE           	1158	0000	31
		_UART_buff_get 		CODE           	0B0C	0000	147
		_UART_buff_put 		CODE           	04C8	0000	283
		_EUSART1_Transmit_ISR		CODE           	0F84	0000	51
		_UART_buff_size		CODE           	11C2	0000	23

UART.c estimated size: 578

mcc_generated_files/eusart2.c
		_putch         		CODE           	1222	0000	11
		_EUSART2_Write 		CODE           	0EA6	0000	59
		_EUSART2_Receive_ISR		CODE           	106C	0000	45
		_EUSART2_Transmit_ISR		CODE           	0FE6	0000	47
		_EUSART2_Initialize		CODE           	0F50	0000	53

mcc_generated_files/eusart2.c estimated size: 215

Communications.c
		_updateComms   		CODE           	1114	0000	39
		_respondECU    		CODE           	0D6C	0000	85

Communications.c estimated size: 124

mcc_generated_files/interrupt_manager.c
		_INTERRUPT_Initialize		CODE           	1216	0000	13
		_INTERRUPT_InterruptManager		CODE           	0008	0000	165

mcc_generated_files/interrupt_manager.c estimated size: 178

mcc_generated_files/tmr0.c
		_time_get      		CODE           	11D8	0000	19
		_time_Set      		CODE           	113A	0000	31
		_TMR0_StartTimer		CODE           	1236	0000	5
		_TMR0_Initialize		CODE           	1040	0000	45

mcc_generated_files/tmr0.c estimated size: 100

mcc_generated_files/pin_manager.c
		_PIN_MANAGER_Initialize		CODE           	0DC0	0000	81

mcc_generated_files/pin_manager.c estimated size: 81

C:\Program Files (x86)\Microchip\xc8\v1.35\sources\common\memset.c
		_memset        		CODE           	1014	0000	45

C:\Program Files (x86)\Microchip\xc8\v1.35\sources\common\memset.c estimated size: 45

mcc_generated_files/spi1.c
		_SPI1_Initialize		CODE           	1208	0000	15
		_SPI1_Exchange8bit		CODE           	11EA	0000	17

mcc_generated_files/spi1.c estimated size: 32

C:\Program Files (x86)\Microchip\xc8\v1.35\sources\common\doprnt.c
		_printf        		CODE           	0872	0000	213

C:\Program Files (x86)\Microchip\xc8\v1.35\sources\common\doprnt.c estimated size: 213

Functions.c
		_ledDebug      		CODE           	0FB6	0000	49
		_SetMux        		CODE           	0F18	0000	57
		_SetCharger    		CODE           	0C9E	0000	109
		_Delay         		CODE           	0E10	0000	77
		_Precharge     		CODE           	0946	0000	159

Functions.c estimated size: 451

shared
		__initialization		CODE           	0B9E	0000	123
		_FONTLOOKUP    		MEDIUMCONST    	7E15	0000	481

shared estimated size: 604

mcc_generated_files/mcc.c
		_OSCILLATOR_Initialize		CODE           	11FA	0000	15
		_SYSTEM_Initialize		CODE           	11AC	0000	23

mcc_generated_files/mcc.c estimated size: 38

NokiaLCD.c
		_LCDwrite      		CODE           	1192	0000	27
		_NokiaStart    		CODE           	0A7A	0000	147
		_clearLcd      		CODE           	10EC	0000	41

NokiaLCD.c estimated size: 215

main.c
		_main          		CODE           	0EE0	0000	57

main.c estimated size: 57

