Microchip MPLAB XC8 Compiler V1.37 ()

Linker command line:

--edf=C:\Program Files (x86)\Microchip\xc8\v1.37\dat\en_msgs.txt -cs \
  -h+dist/default/production\Charger_Control.X.production.sym \
  --cmf=dist/default/production\Charger_Control.X.production.cmf -z \
  -Q18F45K22 -oC:\Users\Rick\AppData\Local\Temp\s7ss.2 \
  -Mdist/default/production/Charger_Control.X.production.map -E1 -ver=XC8 \
  -ASTACK=04CEh-05ffh -pstack=STACK -ACODE=00h-07FFFh -ACONST=00h-07FFFh \
  -ASMALLCONST=0600h-06FFhx122 -AMEDIUMCONST=0600h-07FFFh -ACOMRAM=01h-05Fh \
  -AABS1=00h-05FFh -ABIGRAM=01h-05FFh -ARAM=060h-0FFh,0100h-01FFhx5 \
  -ABANK0=060h-0FFh -ABANK1=0100h-01FFh -ABANK2=0200h-02FFh \
  -ABANK3=0300h-03FFh -ABANK4=0400h-04FFh -ABANK5=0500h-05FFh \
  -ASFR=0F38h-0F5Fh,0F60h-0FFFh \
  -preset_vec=00h,intcode=08h,intcodelo,powerup,init,end_init \
  -pramtop=0600h -psmallconst=SMALLCONST -pmediumconst=MEDIUMCONST \
  -pconst=CONST -AFARRAM=00h-00h -ACONFIG=0300000h-030000Dh -pconfig=CONFIG \
  -AIDLOC=0200000h-0200007h -pidloc=IDLOC -AEEDATA=0F00000h-0F000FFh \
  -peeprom_data=EEDATA \
  -prdata=COMRAM,nvrram=COMRAM,nvbit=COMRAM,rbss=COMRAM,rbit=COMRAM \
  -pfarbss=FARRAM,fardata=FARRAM,nvFARRAM=FARRAM \
  -pintsave_regs=BIGRAM,bigbss=BIGRAM,bigdata=BIGRAM -pbss=RAM \
  -pidata=CODE,irdata=CODE,ibigdata=CODE,ifardata=CODE -prparam=COMRAM \
  C:\Users\Rick\AppData\Local\Temp\s7ss.obj \
  dist/default/production\Charger_Control.X.production.obj 

Object code version is 3.11

Machine type is 18F45K22

Call graph: (short form)




                Name                               Link     Load   Length Selector   Space Scale
C:\Users\Rick\AppData\Local\Temp\s7ss.obj
                end_init                             B8       B8        4        4       0
                reset_vec                             0        0        4        0       0
                idloc                            200000   200000        8   200000       0
                config                           300000   300000        E   300000       0
dist/default/production\Charger_Control.X.production.obj
                intcode                               8        8       B0        4       0
                temp                                 45       45        1        1       1
                mediumconst                        7DE6     7DE6      21A     3EF3       0
                text51                             170A     170A       2C        4       0
                text50                             1684     1684       2E        4       0
                text49                             178A     178A       2A        4       0
                text48                              CB0      CB0      11A        4       0
                text47                             1854     1854       1E        4       0
                text46                             10FC     10FC       92        4       0
                text45                             18E6     18E6       16        4       0
                text44                             15F4     15F4       32        4       0
                text43                             188C     188C       18        4       0
                text41                             16DE     16DE       2C        4       0
                text40                             1836     1836       1E        4       0
                text39                             1518     1518       3C        4       0
                text38                             118E     118E       84        4       0
                text37                             13D2     13D2       60        4       0
                text36                             1432     1432       58        4       0
                text35                             15C0     15C0       34        4       0
                text34                             1938     1938        C        4       0
                text33                             192A     192A        E        4       0
                text32                             1212     1212       80        4       0
                text31                             1944     1944        4        4       0
                text30                             16B2     16B2       2C        4       0
                text29                             1872     1872       1A        4       0
                text28                             158C     158C       34        4       0
                text27                             1760     1760       2A        4       0
                text26                              776      776      174        4       0
                text25                             1818     1818       1E        4       0
                text24                             148A     148A       4A        4       0
                text23                             18D0     18D0       16        4       0
                text22                             18BA     18BA       16        4       0
                text21                             1736     1736       2A        4       0
                text20                             106A     106A       92        4       0
                text19                             191C     191C        E        4       0
                text18                              DCA      DCA       F2        4       0
                text17                              F94      F94       D6        4       0
                text16                              8EA      8EA      15E        4       0
                text15                             17B4     17B4       24        4       0
                text14                             190E     190E        E        4       0
                text13                              B96      B96      11A        4       0
                text12                             1626     1626       30        4       0
                text11                               BC       BC      6BA        4       0
                text10                             1302     1302       6C        4       0
                text9                               EBC      EBC       D8        4       0
                text8                               A48      A48      14E        4       0
                text7                              14D4     14D4       44        4       0
                text6                              1554     1554       38        4       0
                text5                              17FA     17FA       1E        4       0
                text4                              18FC     18FC       12        4       0
                text3                              18A4     18A4       16        4       0
                text2                              1656     1656       2E        4       0
                text1                              136E     136E       64        4       0
                text0                              17D8     17D8       22        4       0
                cstackCOMRAM                          1        1       25        1       1
                cstackBANK0                          C8       C8       1B       60       1
                bssBANK4                            400      400       CE      400       1
                bssBANK3                            300      300       CE      300       1
                bssBANK2                            200      200       C8      200       1
                bssBANK1                            100      100      100      100       1
                bssBANK0                             60       60       68       60       1
                dataCOMRAM                           44       44        1        1       1
                bssCOMRAM                            26       26       14        1       1
                cinit                              1292     1292       70        4       0
                nvBANK0                              E3       E3        8       60       1
                nvCOMRAM                             3A       3A        A        1       1
                idataCOMRAM                        1948     1948        1        4       0

TOTAL           Name                               Link     Load   Length     Space
        CLASS   STACK          

        CLASS   CODE           
                end_init                             B8       B8        4         0
                intcode                               8        8       B0         0
                reset_vec                             0        0        4         0
                text51                             170A     170A       2C         0
                text50                             1684     1684       2E         0
                text49                             178A     178A       2A         0
                text48                              CB0      CB0      11A         0
                text47                             1854     1854       1E         0
                text46                             10FC     10FC       92         0
                text45                             18E6     18E6       16         0
                text44                             15F4     15F4       32         0
                text43                             188C     188C       18         0
                text41                             16DE     16DE       2C         0
                text40                             1836     1836       1E         0
                text39                             1518     1518       3C         0
                text38                             118E     118E       84         0
                text37                             13D2     13D2       60         0
                text36                             1432     1432       58         0
                text35                             15C0     15C0       34         0
                text34                             1938     1938        C         0
                text33                             192A     192A        E         0
                text32                             1212     1212       80         0
                text31                             1944     1944        4         0
                text30                             16B2     16B2       2C         0
                text29                             1872     1872       1A         0
                text28                             158C     158C       34         0
                text27                             1760     1760       2A         0
                text26                              776      776      174         0
                text25                             1818     1818       1E         0
                text24                             148A     148A       4A         0
                text23                             18D0     18D0       16         0
                text22                             18BA     18BA       16         0
                text21                             1736     1736       2A         0
                text20                             106A     106A       92         0
                text19                             191C     191C        E         0
                text18                              DCA      DCA       F2         0
                text17                              F94      F94       D6         0
                text16                              8EA      8EA      15E         0
                text15                             17B4     17B4       24         0
                text14                             190E     190E        E         0
                text13                              B96      B96      11A         0
                text12                             1626     1626       30         0
                text11                               BC       BC      6BA         0
                text10                             1302     1302       6C         0
                text9                               EBC      EBC       D8         0
                text8                               A48      A48      14E         0
                text7                              14D4     14D4       44         0
                text6                              1554     1554       38         0
                text5                              17FA     17FA       1E         0
                text4                              18FC     18FC       12         0
                text3                              18A4     18A4       16         0
                text2                              1656     1656       2E         0
                text1                              136E     136E       64         0
                text0                              17D8     17D8       22         0
                cinit                              1292     1292       70         0
                idataCOMRAM                        1948     1948        1         0

        CLASS   CONST          

        CLASS   SMALLCONST     

        CLASS   MEDIUMCONST    
                mediumconst                        7DE6     7DE6      21A         0

        CLASS   COMRAM         
                temp                                 45       45        1         1
                cstackCOMRAM                          1        1       25         1
                dataCOMRAM                           44       44        1         1
                bssCOMRAM                            26       26       14         1
                nvCOMRAM                             3A       3A        A         1

        CLASS   ABS1           

        CLASS   BIGRAM         

        CLASS   RAM            

        CLASS   BANK0          
                cstackBANK0                          C8       C8       1B         1
                bssBANK0                             60       60       68         1
                nvBANK0                              E3       E3        8         1

        CLASS   BANK1          
                bssBANK1                            100      100      100         1

        CLASS   BANK2          
                bssBANK2                            200      200       C8         1

        CLASS   BANK3          
                bssBANK3                            300      300       CE         1

        CLASS   BANK4          
                bssBANK4                            400      400       CE         1

        CLASS   BANK5          

        CLASS   SFR            

        CLASS   FARRAM         

        CLASS   CONFIG         
                config                           300000   300000        E         0

        CLASS   IDLOC          
                idloc                            200000   200000        8         0

        CLASS   EEDATA         



SEGMENTS        Name                           Load    Length   Top    Selector   Space  Class

                reset_vec                      000000  000004  000004         0       0  CODE    
                cstackCOMRAM                   000001  000045  000046         1       1  COMRAM  
                intcode                        000008  001941  001949         4       0  CODE    
                bssBANK0                       000060  00008B  0000EB        60       1  BANK0   
                bssBANK1                       000100  000100  000200       100       1  BANK1   
                bssBANK2                       000200  0000C8  0002C8       200       1  BANK2   
                bssBANK3                       000300  0000CE  0003CE       300       1  BANK3   
                bssBANK4                       000400  0000CE  0004CE       400       1  BANK4   
                mediumconst                    007DE6  00021A  008000      3EF3       0  MEDIUMCO
                idloc                          200000  000008  200008    200000       0  IDLOC   
                config                         300000  00000E  30000E    300000       0  CONFIG  


UNUSED ADDRESS RANGES

        Name                Unused          Largest block    Delta
        BANK0            0000EB-0000FF               15
        BANK2            0002C8-0002FF               38
        BANK3            0003CE-0003FF               32
        BANK4            0004CE-0004FF               32
        BANK5            000500-0005FF              100
        BIGRAM           000046-00005F               1A
                         0000EB-0000FF               15
                         0002C8-0002FF               38
                         0003CE-0003FF               32
                         0004CE-0005FF              132
        CODE             000004-000007                4
                         001949-007DE5             649D
        COMRAM           000046-00005F               1A
        CONST            000004-000007                4
                         001949-007DE5             649D
        EEDATA           F00000-F000FF              100
        MEDIUMCONST      001949-007DE5             649D
        RAM              0000EB-0000FF               15
                         0002C8-0002FF               38
                         0003CE-0003FF               32
                         0004CE-0005FF               32
        SFR              000F38-000FFF               28
        SMALLCONST       001949-007DE5              100
        STACK            0004CE-0005FF              132

                                  Symbol Table

?_FastTransfer_buffer_modulo_inc         cstackCOMRAM 00001B
?_Receive_available                      cstackCOMRAM 00001D
?_UART_buff_modulo_inc                   cstackCOMRAM 00001B
?_UART_buff_size                         cstackCOMRAM 00001B
?___awdiv                                cstackCOMRAM 00001B
?_time_get                               cstackCOMRAM 00001B
?i2_UART_buff_modulo_inc                 cstackCOMRAM 000001
?i2_UART_buff_size                       cstackCOMRAM 000001
CRC8@crc                                 cstackCOMRAM 000021
CRC8@data                                cstackCOMRAM 00001B
CRC8@extract                             cstackCOMRAM 00001F
CRC8@len                                 cstackCOMRAM 00001D
CRC8@sum                                 cstackCOMRAM 00001E
CRC8@tempI                               cstackCOMRAM 000020
CRCcheck@SentCRC                         cstackBANK0  0000CA
CRCcheck@arrayHolder                     cstackBANK0  0000CC
CRCcheck@calculatedCRC                   cstackBANK0  0000CB
CRCcheck@rt                              cstackBANK0  0000CF
Delay@i                                  cstackCOMRAM 00001E
Delay@wait                               cstackCOMRAM 00001B
EUSART2_Receive_ISR@data                 cstackCOMRAM 00000C
FastTransfer_buffer_flush@_this          cstackBANK0  0000C8
FastTransfer_buffer_flush@clearBuffer    cstackBANK0  0000CA
FastTransfer_buffer_modulo_inc@modulus   cstackCOMRAM 00001D
FastTransfer_buffer_modulo_inc@my_value  cstackCOMRAM 00001F
FastTransfer_buffer_modulo_inc@value     cstackCOMRAM 00001B
FastTransfer_buffer_put@_this            cstackCOMRAM 000021
FastTransfer_buffer_put@towhat           cstackCOMRAM 000024
FastTransfer_buffer_put@towhere          cstackCOMRAM 000023
Send_put@_data                           cstackBANK0  0000C8
ToSend@what                              cstackBANK0  0000CA
ToSend@where                             cstackBANK0  0000CC
UART_buff_get@_this                      cstackCOMRAM 000021
UART_buff_get@c                          cstackCOMRAM 000025
UART_buff_init@_this                     cstackCOMRAM 000023
UART_buff_modulo_inc@modulus             cstackCOMRAM 00001D
UART_buff_modulo_inc@my_value            cstackCOMRAM 00001F
UART_buff_modulo_inc@value               cstackCOMRAM 00001B
UART_buff_peek@_this                     cstackCOMRAM 00001B
UART_buff_put@_this                      cstackCOMRAM 000021
UART_buff_put@c                          cstackCOMRAM 000023
UART_buff_size@_this                     cstackCOMRAM 00001B
_AKNAKsend                               nvBANK0      0000E9
_ANSA3                                   (abs)        0079C3
_ANSB0                                   (abs)        0079C8
_ANSB1                                   (abs)        0079C9
_ANSELA                                  (abs)        000F38
_ANSELB                                  (abs)        000F39
_ANSELC                                  (abs)        000F3A
_ANSELD                                  (abs)        000F3B
_ANSELE                                  (abs)        000F3C
_BAUD1CON                                (abs)        000FB8
_BAUD2CON                                (abs)        000F70
_CRC8                                    text24       00148A
_CRCcheck                                text16       0008EA
_ChargerData                             bssBANK0     00008F
_CommsStart                              text36       001432
_Delay                                   text28       00158C
_EUSART1_Initialize                      text39       001518
_EUSART1_Receive_ISR                     text51       00170A
_EUSART1_Transmit_ISR                    text50       001684
_EUSART2_Initialize                      text35       0015C0
_EUSART2_Receive_ISR                     text47       001854
_EUSART2_Transmit_ISR                    text44       0015F4
_FONTLOOKUP                              mediumconst  007DE7
_FastTransfer_buffer_flush               text10       001302
_FastTransfer_buffer_modulo_inc          text27       001760
_FastTransfer_buffer_put                 text26       000776
_INTCON2bits                             (abs)        000FF1
_INTCONbits                              (abs)        000FF2
_INTERRUPT_Initialize                    text34       001938
_INTERRUPT_InterruptManager              intcode      000008
_IPR1bits                                (abs)        000F9F
_IPR3bits                                (abs)        000FA5
_LATA                                    (abs)        000F89
_LATA3                                   (abs)        007C4B
_LATA7                                   (abs)        007C4F
_LATB                                    (abs)        000F8A
_LATB0                                   (abs)        007C50
_LATB1                                   (abs)        007C51
_LATB3                                   (abs)        007C53
_LATB4                                   (abs)        007C54
_LATB5                                   (abs)        007C55
_LATBbits                                (abs)        000F8A
_LATC                                    (abs)        000F8B
_LATC0                                   (abs)        007C58
_LATC1                                   (abs)        007C59
_LATD                                    (abs)        000F8C
_LATD0                                   (abs)        007C60
_LATD3                                   (abs)        007C63
_LATDbits                                (abs)        000F8C
_LATE                                    (abs)        000F8D
_LEDtime                                 bssBANK0     00007B
_OSCCON                                  (abs)        000FD3
_OSCCON2                                 (abs)        000FD2
_OSCILLATOR_Initialize                   text33       00192A
_OSCTUNE                                 (abs)        000F9B
_PIE1bits                                (abs)        000F9D
_PIE3bits                                (abs)        000FA3
_PIN_MANAGER_Initialize                  text32       001212
_PIR1bits                                (abs)        000F9E
_PIR3bits                                (abs)        000FA4
_PowerOn                                 bssCOMRAM    00002E
_RC1STA                                  (abs)        000FAB
_RC1STAbits                              (abs)        000FAB
_RC2STA                                  (abs)        000F71
_RC2STAbits                              (abs)        000F71
_RCONbits                                (abs)        000FD0
_RCREG1                                  (abs)        000FAE
_RCREG2                                  (abs)        000F74
_Receive_available                       text22       0018BA
_Receive_get                             text19       00191C
_Receive_peek                            text14       00190E
_SPBRG1                                  (abs)        000FAF
_SPBRG2                                  (abs)        000F75
_SPBRGH1                                 (abs)        000FB0
_SPBRGH2                                 (abs)        000F76
_SSP1ADD                                 (abs)        000FC8
_SSP1BUF                                 (abs)        000FC9
_SSP1CON1                                (abs)        000FC6
_SSP1CON1bits                            (abs)        000FC6
_SSP1STAT                                (abs)        000FC7
_SSP1STATbits                            (abs)        000FC7
_SYSTEM_Initialize                       text29       001872
_Send_put                                text12       001626
_SetBMM                                  text7        0014D4
_Start                                   bssCOMRAM    00002A
_T0CON                                   (abs)        000FD5
_T0CONbits                               (abs)        000FD5
_TMR0H                                   (abs)        000FD7
_TMR0L                                   (abs)        000FD6
_TMR0_ISR                                text43       00188C
_TMR0_Initialize                         text30       0016B2
_TMR0_StartTimer                         text31       001944
_TRISA                                   (abs)        000F92
_TRISAbits                               (abs)        000F92
_TRISB                                   (abs)        000F93
_TRISB0                                  (abs)        007C98
_TRISB1                                  (abs)        007C99
_TRISBbits                               (abs)        000F93
_TRISC                                   (abs)        000F94
_TRISCbits                               (abs)        000F94
_TRISD                                   (abs)        000F95
_TRISD0                                  (abs)        007CA8
_TRISD2                                  (abs)        007CAA
_TRISD3                                  (abs)        007CAB
_TRISDbits                               (abs)        000F95
_TRISE                                   (abs)        000F96
_TX1STA                                  (abs)        000FAC
_TX2STA                                  (abs)        000F72
_TXREG1                                  (abs)        000FAD
_TXREG2                                  (abs)        000F73
_ToSend                                  text25       001818
_Transmit_stall                          dataCOMRAM   000044
_UART_buff_get                           text20       00106A
_UART_buff_init                          text40       001836
_UART_buff_modulo_inc                    text21       001736
_UART_buff_peek                          text15       0017B4
_UART_buff_put                           text13       000B96
_UART_buff_size                          text23       0018D0
_WPUB                                    (abs)        000F61
__CFG_BOREN$SBORDIS                      (abs)        000000
__CFG_BORV$190                           (abs)        000000
__CFG_CCP2MX$PORTC1                      (abs)        000000
__CFG_CCP3MX$PORTB5                      (abs)        000000
__CFG_CP0$OFF                            (abs)        000000
__CFG_CP1$OFF                            (abs)        000000
__CFG_CP2$OFF                            (abs)        000000
__CFG_CP3$OFF                            (abs)        000000
__CFG_CPB$OFF                            (abs)        000000
__CFG_CPD$OFF                            (abs)        000000
__CFG_DEBUG$OFF                          (abs)        000000
__CFG_EBTR0$OFF                          (abs)        000000
__CFG_EBTR1$OFF                          (abs)        000000
__CFG_EBTR2$OFF                          (abs)        000000
__CFG_EBTR3$OFF                          (abs)        000000
__CFG_EBTRB$OFF                          (abs)        000000
__CFG_FCMEN$OFF                          (abs)        000000
__CFG_FOSC$INTIO67                       (abs)        000000
__CFG_HFOFST$ON                          (abs)        000000
__CFG_IESO$OFF                           (abs)        000000
__CFG_LVP$OFF                            (abs)        000000
__CFG_MCLRE$EXTMCLR                      (abs)        000000
__CFG_P2BMX$PORTD2                       (abs)        000000
__CFG_PBADEN$ON                          (abs)        000000
__CFG_PLLCFG$OFF                         (abs)        000000
__CFG_PRICLKEN$OFF                       (abs)        000000
__CFG_PWRTEN$OFF                         (abs)        000000
__CFG_STVREN$ON                          (abs)        000000
__CFG_T3CMX$PORTC0                       (abs)        000000
__CFG_WDTEN$OFF                          (abs)        000000
__CFG_WDTPS$32768                        (abs)        000000
__CFG_WRT0$OFF                           (abs)        000000
__CFG_WRT1$OFF                           (abs)        000000
__CFG_WRT2$OFF                           (abs)        000000
__CFG_WRT3$OFF                           (abs)        000000
__CFG_WRTB$OFF                           (abs)        000000
__CFG_WRTC$OFF                           (abs)        000000
__CFG_WRTD$OFF                           (abs)        000000
__CFG_XINST$OFF                          (abs)        000000
__HRAM                                   (abs)        000000
__Habs1                                  abs1         000000
__Hbank0                                 bank0        000000
__Hbank1                                 bank1        000000
__Hbank2                                 bank2        000000
__Hbank3                                 bank3        000000
__Hbank4                                 bank4        000000
__Hbank5                                 bank5        000000
__Hbigbss                                bigbss       000000
__Hbigdata                               bigdata      000000
__Hbigram                                bigram       000000
__Hbss                                   bss          000000
__HbssBANK0                              bssBANK0     000000
__HbssBANK1                              bssBANK1     000000
__HbssBANK2                              bssBANK2     000000
__HbssBANK3                              bssBANK3     000000
__HbssBANK4                              bssBANK4     000000
__HbssCOMRAM                             bssCOMRAM    000000
__Hcinit                                 cinit        000000
__Hclrtext                               clrtext      000000
__Hcomram                                comram       000000
__Hconfig                                config       30000E
__Hconst                                 const        000000
__HcstackBANK0                           cstackBANK0  000000
__HcstackCOMRAM                          cstackCOMRAM 000000
__Hdata                                  data         000000
__HdataCOMRAM                            dataCOMRAM   000000
__Heeprom_data                           eeprom_data  000000
__Hend_init                              end_init     0000BC
__Hfarbss                                farbss       000000
__Hfardata                               fardata      000000
__Hibigdata                              ibigdata     000000
__Hidata                                 idata        000000
__HidataCOMRAM                           idataCOMRAM  000000
__Hidloc                                 idloc        200008
__Hifardata                              ifardata     000000
__Hinit                                  init         0000B8
__Hintcode                               intcode      0000B8
__Hintcode_body                          intcode_body 000000
__Hintcodelo                             intcodelo    0000B8
__Hintentry                              intentry     000000
__Hintret                                intret       000000
__Hintsave_regs                          intsave_regs 000000
__Hirdata                                irdata       000000
__Hmediumconst                           mediumconst  008000
__HnvBANK0                               nvBANK0      000000
__HnvCOMRAM                              nvCOMRAM     000000
__HnvFARRAM                              nvFARRAM     000000
__Hnvbit                                 nvbit        000000
__Hnvrram                                nvrram       000000
__Hparam                                 rparam       000000
__Hpowerup                               powerup      0000B8
__Hram                                   ram          000000
__Hramtop                                ramtop       000600
__Hrbit                                  rbit         000000
__Hrbss                                  rbss         000000
__Hrdata                                 rdata        000000
__Hreset_vec                             reset_vec    000004
__Hrparam                                rparam       000000
__Hsfr                                   sfr          000000
__Hsmallconst                            smallconst   000000
__Hspace_0                               (abs)        30000E
__Hspace_1                               (abs)        0004CE
__Hspace_2                               (abs)        000000
__Hstack                                 stack        000000
__Hstruct                                struct       000000
__Htemp                                  temp         000046
__Htext                                  text         000000
__Htext0                                 text0        000000
__Htext1                                 text1        000000
__Htext10                                text10       000000
__Htext11                                text11       000000
__Htext12                                text12       000000
__Htext13                                text13       000000
__Htext14                                text14       000000
__Htext15                                text15       000000
__Htext16                                text16       000000
__Htext17                                text17       000000
__Htext18                                text18       000000
__Htext19                                text19       000000
__Htext2                                 text2        000000
__Htext20                                text20       000000
__Htext21                                text21       000000
__Htext22                                text22       000000
__Htext23                                text23       000000
__Htext24                                text24       000000
__Htext25                                text25       000000
__Htext26                                text26       000000
__Htext27                                text27       000000
__Htext28                                text28       000000
__Htext29                                text29       000000
__Htext3                                 text3        000000
__Htext30                                text30       000000
__Htext31                                text31       000000
__Htext32                                text32       000000
__Htext33                                text33       000000
__Htext34                                text34       000000
__Htext35                                text35       000000
__Htext36                                text36       000000
__Htext37                                text37       000000
__Htext38                                text38       000000
__Htext39                                text39       000000
__Htext4                                 text4        000000
__Htext40                                text40       000000
__Htext41                                text41       000000
__Htext43                                text43       000000
__Htext44                                text44       000000
__Htext45                                text45       000000
__Htext46                                text46       000000
__Htext47                                text47       000000
__Htext48                                text48       000000
__Htext49                                text49       000000
__Htext5                                 text5        000000
__Htext50                                text50       000000
__Htext51                                text51       000000
__Htext52                                text52       000000
__Htext6                                 text6        000000
__Htext7                                 text7        000000
__Htext8                                 text8        000000
__Htext9                                 text9        000000
__LRAM                                   (abs)        000001
__Labs1                                  abs1         000000
__Lbank0                                 bank0        000000
__Lbank1                                 bank1        000000
__Lbank2                                 bank2        000000
__Lbank3                                 bank3        000000
__Lbank4                                 bank4        000000
__Lbank5                                 bank5        000000
__Lbigbss                                bigbss       000000
__Lbigdata                               bigdata      000000
__Lbigram                                bigram       000000
__Lbss                                   bss          000000
__LbssBANK0                              bssBANK0     000000
__LbssBANK1                              bssBANK1     000000
__LbssBANK2                              bssBANK2     000000
__LbssBANK3                              bssBANK3     000000
__LbssBANK4                              bssBANK4     000000
__LbssCOMRAM                             bssCOMRAM    000000
__Lcinit                                 cinit        000000
__Lclrtext                               clrtext      000000
__Lcomram                                comram       000000
__Lconfig                                config       300000
__Lconst                                 const        000000
__LcstackBANK0                           cstackBANK0  000000
__LcstackCOMRAM                          cstackCOMRAM 000000
__Ldata                                  data         000000
__LdataCOMRAM                            dataCOMRAM   000000
__Leeprom_data                           eeprom_data  000000
__Lend_init                              end_init     0000B8
__Lfarbss                                farbss       000000
__Lfardata                               fardata      000000
__Libigdata                              ibigdata     000000
__Lidata                                 idata        000000
__LidataCOMRAM                           idataCOMRAM  000000
__Lidloc                                 idloc        200000
__Lifardata                              ifardata     000000
__Linit                                  init         0000B8
__Lintcode                               intcode      000008
__Lintcode_body                          intcode_body 000000
__Lintcodelo                             intcodelo    0000B8
__Lintentry                              intentry     000000
__Lintret                                intret       000000
__Lintsave_regs                          intsave_regs 000000
__Lirdata                                irdata       000000
__Lmediumconst                           mediumconst  007DE6
__LnvBANK0                               nvBANK0      000000
__LnvCOMRAM                              nvCOMRAM     000000
__LnvFARRAM                              nvFARRAM     000000
__Lnvbit                                 nvbit        000000
__Lnvrram                                nvrram       000000
__Lparam                                 rparam       000000
__Lpowerup                               powerup      0000B8
__Lram                                   ram          000000
__Lramtop                                ramtop       000600
__Lrbit                                  rbit         000000
__Lrbss                                  rbss         000000
__Lrdata                                 rdata        000000
__Lreset_vec                             reset_vec    000000
__Lrparam                                rparam       000000
__Lsfr                                   sfr          000000
__Lsmallconst                            smallconst   000000
__Lspace_0                               (abs)        000000
__Lspace_1                               (abs)        000000
__Lspace_2                               (abs)        000000
__Lstack                                 stack        000000
__Lstruct                                struct       000000
__Ltemp                                  temp         000045
__Ltext                                  text         000000
__Ltext0                                 text0        000000
__Ltext1                                 text1        000000
__Ltext10                                text10       000000
__Ltext11                                text11       000000
__Ltext12                                text12       000000
__Ltext13                                text13       000000
__Ltext14                                text14       000000
__Ltext15                                text15       000000
__Ltext16                                text16       000000
__Ltext17                                text17       000000
__Ltext18                                text18       000000
__Ltext19                                text19       000000
__Ltext2                                 text2        000000
__Ltext20                                text20       000000
__Ltext21                                text21       000000
__Ltext22                                text22       000000
__Ltext23                                text23       000000
__Ltext24                                text24       000000
__Ltext25                                text25       000000
__Ltext26                                text26       000000
__Ltext27                                text27       000000
__Ltext28                                text28       000000
__Ltext29                                text29       000000
__Ltext3                                 text3        000000
__Ltext30                                text30       000000
__Ltext31                                text31       000000
__Ltext32                                text32       000000
__Ltext33                                text33       000000
__Ltext34                                text34       000000
__Ltext35                                text35       000000
__Ltext36                                text36       000000
__Ltext37                                text37       000000
__Ltext38                                text38       000000
__Ltext39                                text39       000000
__Ltext4                                 text4        000000
__Ltext40                                text40       000000
__Ltext41                                text41       000000
__Ltext43                                text43       000000
__Ltext44                                text44       000000
__Ltext45                                text45       000000
__Ltext46                                text46       000000
__Ltext47                                text47       000000
__Ltext48                                text48       000000
__Ltext49                                text49       000000
__Ltext5                                 text5        000000
__Ltext50                                text50       000000
__Ltext51                                text51       000000
__Ltext52                                text52       000000
__Ltext6                                 text6        000000
__Ltext7                                 text7        000000
__Ltext8                                 text8        000000
__Ltext9                                 text9        000000
__S0                                     (abs)        30000E
__S1                                     (abs)        0004CE
__S2                                     (abs)        000000
___awdiv                                 text38       00118E
___awdiv@counter                         cstackCOMRAM 00001F
___awdiv@dividend                        cstackCOMRAM 00001B
___awdiv@divisor                         cstackCOMRAM 00001D
___awdiv@quotient                        cstackCOMRAM 000021
___awdiv@sign                            cstackCOMRAM 000020
___inthi_sp                              stack        000000
___intlo_sp                              stack        000000
___param_bank                            (abs)        000010
___rparam_used                           (abs)        000001
___sp                                    stack        000000
__accesstop                              (abs)        000060
__activetblptr                           (abs)        000002
__end_of_CRC8                            text24       0014D4
__end_of_CRCcheck                        text16       000A48
__end_of_CommsStart                      text36       00148A
__end_of_Delay                           text28       0015C0
__end_of_EUSART1_Initialize              text39       001554
__end_of_EUSART1_Receive_ISR             text51       001736
__end_of_EUSART1_Transmit_ISR            text50       0016B2
__end_of_EUSART2_Initialize              text35       0015F4
__end_of_EUSART2_Receive_ISR             text47       001872
__end_of_EUSART2_Transmit_ISR            text44       001626
__end_of_FONTLOOKUP                      mediumconst  007FC7
__end_of_FastTransfer_buffer_flush       text10       00136E
__end_of_FastTransfer_buffer_modulo_inc  text27       00178A
__end_of_FastTransfer_buffer_put         text26       0008EA
__end_of_INTERRUPT_Initialize            text34       001944
__end_of_INTERRUPT_InterruptManager      intcode      0000B8
__end_of_OSCILLATOR_Initialize           text33       001938
__end_of_PIN_MANAGER_Initialize          text32       001292
__end_of_Receive_available               text22       0018D0
__end_of_Receive_get                     text19       00192A
__end_of_Receive_peek                    text14       00191C
__end_of_SYSTEM_Initialize               text29       00188C
__end_of_Send_put                        text12       001656
__end_of_SetBMM                          text7        001518
__end_of_TMR0_ISR                        text43       0018A4
__end_of_TMR0_Initialize                 text30       0016DE
__end_of_TMR0_StartTimer                 text31       001948
__end_of_ToSend                          text25       001836
__end_of_UART_buff_get                   text20       0010FC
__end_of_UART_buff_init                  text40       001854
__end_of_UART_buff_modulo_inc            text21       001760
__end_of_UART_buff_peek                  text15       0017D8
__end_of_UART_buff_put                   text13       000CB0
__end_of_UART_buff_size                  text23       0018E6
__end_of___awdiv                         text38       001212
__end_of__initialization                 cinit        0012F4
__end_of_begin                           text37       001432
__end_of_crcBufS_get                     text18       000EBC
__end_of_crcBufS_put                     text9        000F94
__end_of_crcBufS_status_put              text17       00106A
__end_of_dpowers                         mediumconst  007FD1
__end_of_ledDebug                        text2        001684
__end_of_main                            text0        0017FA
__end_of_memset                          text41       00170A
__end_of_receiveData                     text11       000776
__end_of_respondChargerAsECU             text6        00158C
__end_of_sendData                        text8        000B96
__end_of_time_Set                        text5        001818
__end_of_time_get                        text4        00190E
__end_of_updateComms                     text3        0018BA
__end_of_updateTimers                    text1        0013D2
__end_ofi2_UART_buff_get                 text46       00118E
__end_ofi2_UART_buff_modulo_inc          text49       0017B4
__end_ofi2_UART_buff_put                 text48       000DCA
__end_ofi2_UART_buff_size                text45       0018FC
__initialization                         cinit        001292
__mediumconst                            mediumconst  007DE6
__pbssBANK0                              bssBANK0     000060
__pbssBANK1                              bssBANK1     000100
__pbssBANK2                              bssBANK2     000200
__pbssBANK3                              bssBANK3     000300
__pbssBANK4                              bssBANK4     000400
__pbssCOMRAM                             bssCOMRAM    000026
__pcinit                                 cinit        001292
__pcstackBANK0                           cstackBANK0  0000C8
__pcstackCOMRAM                          cstackCOMRAM 000001
__pdataCOMRAM                            dataCOMRAM   000044
__pidataCOMRAM                           idataCOMRAM  001948
__pintcode                               intcode      000008
__pmediumconst                           mediumconst  007DE6
__pnvBANK0                               nvBANK0      0000E3
__pnvCOMRAM                              nvCOMRAM     00003A
__ptext0                                 text0        0017D8
__ptext1                                 text1        00136E
__ptext10                                text10       001302
__ptext11                                text11       0000BC
__ptext12                                text12       001626
__ptext13                                text13       000B96
__ptext14                                text14       00190E
__ptext15                                text15       0017B4
__ptext16                                text16       0008EA
__ptext17                                text17       000F94
__ptext18                                text18       000DCA
__ptext19                                text19       00191C
__ptext2                                 text2        001656
__ptext20                                text20       00106A
__ptext21                                text21       001736
__ptext22                                text22       0018BA
__ptext23                                text23       0018D0
__ptext24                                text24       00148A
__ptext25                                text25       001818
__ptext26                                text26       000776
__ptext27                                text27       001760
__ptext28                                text28       00158C
__ptext29                                text29       001872
__ptext3                                 text3        0018A4
__ptext30                                text30       0016B2
__ptext31                                text31       001944
__ptext32                                text32       001212
__ptext33                                text33       00192A
__ptext34                                text34       001938
__ptext35                                text35       0015C0
__ptext36                                text36       001432
__ptext37                                text37       0013D2
__ptext38                                text38       00118E
__ptext39                                text39       001518
__ptext4                                 text4        0018FC
__ptext40                                text40       001836
__ptext41                                text41       0016DE
__ptext43                                text43       00188C
__ptext44                                text44       0015F4
__ptext45                                text45       0018E6
__ptext46                                text46       0010FC
__ptext47                                text47       001854
__ptext48                                text48       000CB0
__ptext49                                text49       00178A
__ptext5                                 text5        0017FA
__ptext50                                text50       001684
__ptext51                                text51       00170A
__ptext52                                text52       000000
__ptext6                                 text6        001554
__ptext7                                 text7        0014D4
__ptext8                                 text8        000A48
__ptext9                                 text9        000EBC
__ramtop                                 ramtop       000600
__size_of_CRC8                           (abs)        000000
__size_of_CRCcheck                       (abs)        000000
__size_of_CommsStart                     (abs)        000000
__size_of_Delay                          (abs)        000000
__size_of_EUSART1_Initialize             (abs)        000000
__size_of_EUSART1_Receive_ISR            (abs)        000000
__size_of_EUSART1_Transmit_ISR           (abs)        000000
__size_of_EUSART2_Initialize             (abs)        000000
__size_of_EUSART2_Receive_ISR            (abs)        000000
__size_of_EUSART2_Transmit_ISR           (abs)        000000
__size_of_FastTransfer_buffer_flush      (abs)        000000
__size_of_FastTransfer_buffer_modulo_inc (abs)        000000
__size_of_FastTransfer_buffer_put        (abs)        000000
__size_of_INTERRUPT_Initialize           (abs)        000000
__size_of_INTERRUPT_InterruptManager     (abs)        000000
__size_of_OSCILLATOR_Initialize          (abs)        000000
__size_of_PIN_MANAGER_Initialize         (abs)        000000
__size_of_Receive_available              (abs)        000000
__size_of_Receive_get                    (abs)        000000
__size_of_Receive_peek                   (abs)        000000
__size_of_SYSTEM_Initialize              (abs)        000000
__size_of_Send_put                       (abs)        000000
__size_of_SetBMM                         (abs)        000000
__size_of_TMR0_ISR                       (abs)        000000
__size_of_TMR0_Initialize                (abs)        000000
__size_of_TMR0_StartTimer                (abs)        000000
__size_of_ToSend                         (abs)        000000
__size_of_UART_buff_get                  (abs)        000000
__size_of_UART_buff_init                 (abs)        000000
__size_of_UART_buff_modulo_inc           (abs)        000000
__size_of_UART_buff_peek                 (abs)        000000
__size_of_UART_buff_put                  (abs)        000000
__size_of_UART_buff_size                 (abs)        000000
__size_of___awdiv                        (abs)        000000
__size_of_begin                          (abs)        000000
__size_of_crcBufS_get                    (abs)        000000
__size_of_crcBufS_put                    (abs)        000000
__size_of_crcBufS_status_put             (abs)        000000
__size_of_ledDebug                       (abs)        000000
__size_of_main                           (abs)        000000
__size_of_memset                         (abs)        000000
__size_of_receiveData                    (abs)        000000
__size_of_respondChargerAsECU            (abs)        000000
__size_of_sendData                       (abs)        000000
__size_of_time_Set                       (abs)        000000
__size_of_time_get                       (abs)        000000
__size_of_updateComms                    (abs)        000000
__size_of_updateTimers                   (abs)        000000
__size_ofi2_UART_buff_get                (abs)        000000
__size_ofi2_UART_buff_modulo_inc         (abs)        000000
__size_ofi2_UART_buff_put                (abs)        000000
__size_ofi2_UART_buff_size               (abs)        000000
__smallconst                             smallconst   000000
_addressErrorCounter                     bssBANK0     000087
_alignErrorCounter                       bssBANK0     000089
_begin                                   text37       0013D2
_calc_CS                                 bssCOMRAM    00002F
_crcBufS_get                             text18       000DCA
_crcBufS_put                             text9        000EBC
_crcBufS_status_put                      text17       000F94
_crcErrorCounter                         bssBANK0     00008B
_crc_buffer                              bssBANK0     0000B7
_dataAdressErrorCounter                  bssBANK0     00008D
_ddata                                   bssBANK0     000060
_dpowers                                 mediumconst  007FC7
_eusart1RxBuffer                         bssBANK0     00006B
_eusart1RxCount                          bssCOMRAM    000030
_eusart1RxHead                           bssCOMRAM    000031
_eusart1RxTail                           bssCOMRAM    000032
_eusart1TxBuffer                         bssBANK0     000073
_eusart1TxBufferRemaining                nvCOMRAM     000042
_eusart1TxHead                           bssCOMRAM    000033
_eusart1TxTail                           bssCOMRAM    000034
_group                                   bssCOMRAM    00002C
_i                                       bssCOMRAM    000035
_input_buffer                            bssBANK3     000300
_lastLEDTime                             bssBANK0     00007F
_ledDebug                                text2        001656
_main                                    text0        0017D8
_maxDataAddress                          nvBANK0      0000EA
_memset                                  text41       0016DE
_moduleAddress                           nvCOMRAM     000043
_output_buffer                           bssBANK4     000400
_putch                                   (abs)        000000
_receiveArray                            bssBANK1     0001CE
_receiveArrayAddress                     nvBANK0      0000E3
_receiveData                             text11       0000BC
_respondChargerAsECU                     text6        001554
_returnAddress                           bssCOMRAM    000036
_ring_buffer                             bssBANK1     000100
_rx_address                              bssCOMRAM    000037
_rx_array_inx                            bssCOMRAM    000038
_rx_buffer                               bssBANK2     000200
_rx_len                                  bssCOMRAM    000039
_sendData                                text8        000A48
_sendStructAddress                       nvBANK0      0000E5
_serial_available                        nvCOMRAM     00003A
_serial_peek                             nvBANK0      0000E7
_serial_read                             nvCOMRAM     00003C
_serial_write                            nvCOMRAM     00003E
_talkTime                                bssBANK0     000083
_time                                    bssCOMRAM    000026
_time_Set                                text5        0017FA
_time_get                                text4        0018FC
_timer0ReloadVal16bit                    nvCOMRAM     000040
_updateComms                             text3        0018A4
_updateTimers                            text1        00136E
begin@error                              cstackBANK0  0000CC
begin@givenAddress                       cstackBANK0  0000CB
begin@maxSize                            cstackBANK0  0000CA
begin@ptr                                cstackBANK0  0000C8
begin@stuffavailable                     cstackBANK0  0000D1
begin@stuffpeek                          cstackBANK0  0000D3
begin@stufftoreceive                     cstackBANK0  0000CF
begin@stufftosend                        cstackBANK0  0000CD
btemp                                    temp         000045
crcBufS_get@_this                        cstackCOMRAM 00001B
crcBufS_get@space                        cstackCOMRAM 00001E
crcBufS_get@time                         cstackCOMRAM 00001D
crcBufS_get@wantedTime                   cstackBANK0  0000C8
crcBufS_put@_this                        cstackCOMRAM 00001B
crcBufS_put@address                      cstackCOMRAM 00001D
crcBufS_put@oldCRC                       cstackCOMRAM 00001E
crcBufS_put@status                       cstackCOMRAM 00001F
crcBufS_status_put@_this                 cstackCOMRAM 00001B
crcBufS_status_put@status                cstackCOMRAM 00001E
crcBufS_status_put@time                  cstackCOMRAM 00001D
crcBufS_status_put@wantedTime            cstackCOMRAM 000023
end_of_initialization                    cinit        0012F4
i2UART_buff_get@_this                    cstackCOMRAM 000007
i2UART_buff_get@c                        cstackCOMRAM 00000B
i2UART_buff_modulo_inc@modulus           cstackCOMRAM 000003
i2UART_buff_modulo_inc@my_value          cstackCOMRAM 000005
i2UART_buff_modulo_inc@value             cstackCOMRAM 000001
i2UART_buff_put@_this                    cstackCOMRAM 000007
i2UART_buff_put@c                        cstackCOMRAM 000009
i2UART_buff_size@_this                   cstackCOMRAM 000001
i2_UART_buff_get                         text46       0010FC
i2_UART_buff_modulo_inc                  text49       00178A
i2_UART_buff_put                         text48       000CB0
i2_UART_buff_size                        text45       0018E6
int$flags                                temp         000045
intlevel0                                text         000000
intlevel1                                text         000000
intlevel2                                text         000000
intlevel3                                text         000000
memset@c                                 cstackCOMRAM 00001D
memset@n                                 cstackCOMRAM 00001F
memset@p                                 cstackCOMRAM 000021
memset@p1                                cstackCOMRAM 00001B
receiveData@crcHolder                    cstackBANK0  0000DD
receiveData@crcHolder_1757               cstackBANK0  0000DE
receiveData@holder                       cstackBANK0  0000D7
receiveData@holder_1756                  cstackBANK0  0000DA
receiveData@r                            cstackBANK0  0000E1
receiveData@u                            cstackBANK0  0000DF
sendData@CS                              cstackBANK0  0000CE
sendData@i                               cstackBANK0  0000CF
sendData@whereToSend                     cstackBANK0  0000CD
stackhi                                  (abs)        0005FF
stacklo                                  (abs)        0004CE
start                                    init         0000B8
start_initialization                     cinit        001292
time_Set@WhatTime                        cstackCOMRAM 00001D
time_Set@value                           cstackCOMRAM 00001B
time_get@WhatTime                        cstackCOMRAM 00001D


FUNCTION INFORMATION:

 *************** function _main *****************
 Defined at:
		line 16 in file "main.c"
 Parameters:    Size  Location     Type
		None
 Auto vars:     Size  Location     Type
		None
 Return value:  Size  Location     Type
                  1    wreg      void 
 Registers used:
		wreg, fsr2l, fsr2h, status,2, status,0, pclat, tosl, prodl, prodh, cstack
 Tracked objects:
		On entry : 
		On exit  : 
		Unchanged: 
 Data sizes:     COMRAM   BANK0   BANK1   BANK2   BANK3   BANK4   BANK5
      Params:         0       0       0       0       0       0       0
      Locals:         0       0       0       0       0       0       0
      Temps:          0       0       0       0       0       0       0
      Totals:         0       0       0       0       0       0       0
Total ram usage:        0 bytes
 Hardware stack levels required when called:   11
 This function calls:
		_SYSTEM_Initialize
		_SetBMM
		_ledDebug
		_updateTimers
 This function is called by:
		Startup code after reset
 This function uses a non-reentrant model


 *************** function _updateTimers *****************
 Defined at:
		line 148 in file "mcc_generated_files/tmr0.c"
 Parameters:    Size  Location     Type
		None
 Auto vars:     Size  Location     Type
		None
 Return value:  Size  Location     Type
                  1    wreg      void 
 Registers used:
		wreg, status,2, status,0
 Tracked objects:
		On entry : 
		On exit  : 
		Unchanged: 
 Data sizes:     COMRAM   BANK0   BANK1   BANK2   BANK3   BANK4   BANK5
      Params:         0       0       0       0       0       0       0
      Locals:         0       0       0       0       0       0       0
      Temps:          8       0       0       0       0       0       0
      Totals:         8       0       0       0       0       0       0
Total ram usage:        8 bytes
 Hardware stack levels used:    1
 Hardware stack levels required when called:    4
 This function calls:
		Nothing
 This function is called by:
		_main
 This function uses a non-reentrant model


 *************** function _ledDebug *****************
 Defined at:
		line 147 in file "Functions.c"
 Parameters:    Size  Location     Type
		None
 Auto vars:     Size  Location     Type
		None
 Return value:  Size  Location     Type
                  1    wreg      void 
 Registers used:
		wreg, fsr2l, fsr2h, status,2, status,0, pclat, tosl, prodl, prodh, cstack
 Tracked objects:
		On entry : 
		On exit  : 
		Unchanged: 
 Data sizes:     COMRAM   BANK0   BANK1   BANK2   BANK3   BANK4   BANK5
      Params:         0       0       0       0       0       0       0
      Locals:         0       0       0       0       0       0       0
      Temps:          0       0       0       0       0       0       0
      Totals:         0       0       0       0       0       0       0
Total ram usage:        0 bytes
 Hardware stack levels used:    1
 Hardware stack levels required when called:   10
 This function calls:
		_respondChargerAsECU
		_time_Set
		_time_get
		_updateComms
 This function is called by:
		_main
 This function uses a non-reentrant model


 *************** function _updateComms *****************
 Defined at:
		line 21 in file "Communications.c"
 Parameters:    Size  Location     Type
		None
 Auto vars:     Size  Location     Type
		None
 Return value:  Size  Location     Type
                  1    wreg      void 
 Registers used:
		wreg, fsr2l, fsr2h, status,2, status,0, pclat, tosl, prodl, prodh, cstack
 Tracked objects:
		On entry : 
		On exit  : 
		Unchanged: 
 Data sizes:     COMRAM   BANK0   BANK1   BANK2   BANK3   BANK4   BANK5
      Params:         0       0       0       0       0       0       0
      Locals:         0       0       0       0       0       0       0
      Temps:          0       0       0       0       0       0       0
      Totals:         0       0       0       0       0       0       0
Total ram usage:        0 bytes
 Hardware stack levels used:    1
 Hardware stack levels required when called:    9
 This function calls:
		_receiveData
 This function is called by:
		_ledDebug
 This function uses a non-reentrant model


 *************** function _time_get *****************
 Defined at:
		line 153 in file "mcc_generated_files/tmr0.c"
 Parameters:    Size  Location     Type
  WhatTime        1    wreg     unsigned char 
 Auto vars:     Size  Location     Type
  WhatTime        1   28[COMRAM] unsigned char 
 Return value:  Size  Location     Type
                  2   26[COMRAM] int 
 Registers used:
		wreg, status,2, status,0
 Tracked objects:
		On entry : 
		On exit  : 
		Unchanged: 
 Data sizes:     COMRAM   BANK0   BANK1   BANK2   BANK3   BANK4   BANK5
      Params:         2       0       0       0       0       0       0
      Locals:         1       0       0       0       0       0       0
      Temps:          0       0       0       0       0       0       0
      Totals:         3       0       0       0       0       0       0
Total ram usage:        3 bytes
 Hardware stack levels used:    1
 Hardware stack levels required when called:    4
 This function calls:
		Nothing
 This function is called by:
		_ledDebug
 This function uses a non-reentrant model


 *************** function _time_Set *****************
 Defined at:
		line 159 in file "mcc_generated_files/tmr0.c"
 Parameters:    Size  Location     Type
  WhatTime        1    wreg     unsigned char 
  value           2   26[COMRAM] int 
 Auto vars:     Size  Location     Type
  WhatTime        1   28[COMRAM] unsigned char 
 Return value:  Size  Location     Type
                  1    wreg      void 
 Registers used:
		wreg, status,2, status,0
 Tracked objects:
		On entry : 
		On exit  : 
		Unchanged: 
 Data sizes:     COMRAM   BANK0   BANK1   BANK2   BANK3   BANK4   BANK5
      Params:         2       0       0       0       0       0       0
      Locals:         1       0       0       0       0       0       0
      Temps:          0       0       0       0       0       0       0
      Totals:         3       0       0       0       0       0       0
Total ram usage:        3 bytes
 Hardware stack levels used:    1
 Hardware stack levels required when called:    4
 This function calls:
		Nothing
 This function is called by:
		_ledDebug
 This function uses a non-reentrant model


 *************** function _respondChargerAsECU *****************
 Defined at:
		line 37 in file "Communications.c"
 Parameters:    Size  Location     Type
		None
 Auto vars:     Size  Location     Type
		None
 Return value:  Size  Location     Type
                  1    wreg      void 
 Registers used:
		wreg, fsr2l, fsr2h, status,2, status,0, pclat, tosl, cstack
 Tracked objects:
		On entry : 
		On exit  : 
		Unchanged: 
 Data sizes:     COMRAM   BANK0   BANK1   BANK2   BANK3   BANK4   BANK5
      Params:         0       0       0       0       0       0       0
      Locals:         0       0       0       0       0       0       0
      Temps:          0       0       0       0       0       0       0
      Totals:         0       0       0       0       0       0       0
Total ram usage:        0 bytes
 Hardware stack levels used:    1
 Hardware stack levels required when called:    8
 This function calls:
		_Delay
		_ToSend
		_sendData
 This function is called by:
		_ledDebug
 This function uses a non-reentrant model


 *************** function _SetBMM *****************
 Defined at:
		line 55 in file "Communications.c"
 Parameters:    Size  Location     Type
		None
 Auto vars:     Size  Location     Type
		None
 Return value:  Size  Location     Type
                  1    wreg      unsigned char 
 Registers used:
		wreg, fsr2l, fsr2h, status,2, status,0, pclat, tosl, prodl, prodh, cstack
 Tracked objects:
		On entry : 
		On exit  : 
		Unchanged: 
 Data sizes:     COMRAM   BANK0   BANK1   BANK2   BANK3   BANK4   BANK5
      Params:         0       0       0       0       0       0       0
      Locals:         0       0       0       0       0       0       0
      Temps:          0       0       0       0       0       0       0
      Totals:         0       0       0       0       0       0       0
Total ram usage:        0 bytes
 Hardware stack levels used:    1
 Hardware stack levels required when called:    9
 This function calls:
		_Delay
		_ToSend
		_receiveData
		_sendData
 This function is called by:
		_main
 This function uses a non-reentrant model


 *************** function _sendData *****************
 Defined at:
		line 108 in file "FastTransfer.c"
 Parameters:    Size  Location     Type
  whereToSend     1    wreg     unsigned char 
 Auto vars:     Size  Location     Type
  whereToSend     1    5[BANK0 ] unsigned char 
  i               2    7[BANK0 ] int 
  CS              1    6[BANK0 ] unsigned char 
 Return value:  Size  Location     Type
                  1    wreg      void 
 Registers used:
		wreg, fsr2l, fsr2h, status,2, status,0, pclat, tosl, cstack
 Tracked objects:
		On entry : 
		On exit  : 
		Unchanged: 
 Data sizes:     COMRAM   BANK0   BANK1   BANK2   BANK3   BANK4   BANK5
      Params:         0       0       0       0       0       0       0
      Locals:         0       4       0       0       0       0       0
      Temps:          0       1       0       0       0       0       0
      Totals:         0       5       0       0       0       0       0
Total ram usage:        5 bytes
 Hardware stack levels used:    1
 Hardware stack levels required when called:    7
 This function calls:
		Absolute function
		_CRC8
		_FastTransfer_buffer_flush
		_Send_put
		_crcBufS_put
 This function is called by:
		_respondChargerAsECU
		_SetBMM
 This function uses a non-reentrant model


 *************** function _crcBufS_put *****************
 Defined at:
		line 376 in file "FastTransfer.c"
 Parameters:    Size  Location     Type
  _this           2   26[COMRAM] PTR struct crcBufS
		 -> crc_buffer(17), 
  address         1   28[COMRAM] unsigned char 
  oldCRC          1   29[COMRAM] unsigned char 
  status          1   30[COMRAM] unsigned char 
 Auto vars:     Size  Location     Type
		None
 Return value:  Size  Location     Type
                  1    wreg      void 
 Registers used:
		wreg, fsr2l, fsr2h, status,2, status,0
 Tracked objects:
		On entry : 
		On exit  : 
		Unchanged: 
 Data sizes:     COMRAM   BANK0   BANK1   BANK2   BANK3   BANK4   BANK5
      Params:         5       0       0       0       0       0       0
      Locals:         0       0       0       0       0       0       0
      Temps:          2       0       0       0       0       0       0
      Totals:         7       0       0       0       0       0       0
Total ram usage:        7 bytes
 Hardware stack levels used:    1
 Hardware stack levels required when called:    4
 This function calls:
		Nothing
 This function is called by:
		_sendData
 This function uses a non-reentrant model


 *************** function _FastTransfer_buffer_flush *****************
 Defined at:
		line 316 in file "FastTransfer.c"
 Parameters:    Size  Location     Type
  _this           2    0[BANK0 ] PTR struct ringBufS
		 -> ring_buffer(206), 
  clearBuffer     2    2[BANK0 ] const int 
 Auto vars:     Size  Location     Type
		None
 Return value:  Size  Location     Type
                  1    wreg      void 
 Registers used:
		wreg, fsr2l, fsr2h, status,2, status,0, cstack
 Tracked objects:
		On entry : 
		On exit  : 
		Unchanged: 
 Data sizes:     COMRAM   BANK0   BANK1   BANK2   BANK3   BANK4   BANK5
      Params:         0       4       0       0       0       0       0
      Locals:         0       0       0       0       0       0       0
      Temps:          0       0       0       0       0       0       0
      Totals:         0       4       0       0       0       0       0
Total ram usage:        4 bytes
 Hardware stack levels used:    1
 Hardware stack levels required when called:    5
 This function calls:
		_memset
 This function is called by:
		_sendData
 This function uses a non-reentrant model


 *************** function _receiveData *****************
 Defined at:
		line 137 in file "FastTransfer.c"
 Parameters:    Size  Location     Type
		None
 Auto vars:     Size  Location     Type
  holder          3   18[BANK0 ] unsigned char [3]
  crcHolder       1   22[BANK0 ] unsigned char 
  holder          3   15[BANK0 ] unsigned char [3]
  crcHolder       1   21[BANK0 ] unsigned char 
  u               2   23[BANK0 ] int 
  r               2   25[BANK0 ] int 
 Return value:  Size  Location     Type
                  1    wreg      unsigned char 
 Registers used:
		wreg, fsr2l, fsr2h, status,2, status,0, pclat, tosl, prodl, prodh, cstack
 Tracked objects:
		On entry : 
		On exit  : 
		Unchanged: 
 Data sizes:     COMRAM   BANK0   BANK1   BANK2   BANK3   BANK4   BANK5
      Params:         0       0       0       0       0       0       0
      Locals:         0      12       0       0       0       0       0
      Temps:          0       6       0       0       0       0       0
      Totals:         0      18       0       0       0       0       0
Total ram usage:       18 bytes
 Hardware stack levels used:    1
 Hardware stack levels required when called:    8
 This function calls:
		Absolute function
		_CRC8
		_CRCcheck
		_Receive_available
		_Receive_get
		_Receive_peek
		_Send_put
 This function is called by:
		_updateComms
		_SetBMM
 This function uses a non-reentrant model


 *************** function _Send_put *****************
 Defined at:
		line 132 in file "UART.c"
 Parameters:    Size  Location     Type
  _data           1    wreg     unsigned char 
 Auto vars:     Size  Location     Type
  _data           1    0[BANK0 ] unsigned char 
 Return value:  Size  Location     Type
                  1    wreg      void 
 Registers used:
		wreg, fsr2l, fsr2h, status,2, status,0, cstack
 Tracked objects:
		On entry : 
		On exit  : 
		Unchanged: 
 Data sizes:     COMRAM   BANK0   BANK1   BANK2   BANK3   BANK4   BANK5
      Params:         0       0       0       0       0       0       0
      Locals:         0       1       0       0       0       0       0
      Temps:          0       0       0       0       0       0       0
      Totals:         0       1       0       0       0       0       0
Total ram usage:        1 bytes
 Hardware stack levels used:    1
 Hardware stack levels required when called:    6
 This function calls:
		_UART_buff_get
		_UART_buff_put
 This function is called by:
		_CommsStart
		_receiveData
		_sendData
 This function uses a non-reentrant model


 *************** function _UART_buff_put *****************
 Defined at:
		line 70 in file "UART.c"
 Parameters:    Size  Location     Type
  _this           2   32[COMRAM] PTR struct UART_ring_buf
		 -> output_buffer(206), input_buffer(206), 
  c               1   34[COMRAM] const unsigned char 
 Auto vars:     Size  Location     Type
		None
 Return value:  Size  Location     Type
                  1    wreg      void 
 Registers used:
		wreg, fsr2l, fsr2h, status,2, status,0, cstack
 Tracked objects:
		On entry : 
		On exit  : 
		Unchanged: 
 Data sizes:     COMRAM   BANK0   BANK1   BANK2   BANK3   BANK4   BANK5
      Params:         3       0       0       0       0       0       0
      Locals:         0       0       0       0       0       0       0
      Temps:          2       0       0       0       0       0       0
[...]
 Hardware stack levels required when called:    5
 This function calls:
		___awdiv
 This function is called by:
		_CommsStart
 This function uses a non-reentrant model


 *************** function ___awdiv *****************
 Defined at:
		line 8 in file "C:\Program Files (x86)\Microchip\xc8\v1.37\sources\common\awdiv.c"
 Parameters:    Size  Location     Type
  dividend        2   26[COMRAM] int 
  divisor         2   28[COMRAM] int 
 Auto vars:     Size  Location     Type
  quotient        2   32[COMRAM] int 
  sign            1   31[COMRAM] unsigned char 
  counter         1   30[COMRAM] unsigned char 
 Return value:  Size  Location     Type
                  2   26[COMRAM] int 
 Registers used:
		wreg, status,2, status,0
 Tracked objects:
		On entry : 
		On exit  : 
		Unchanged: 
 Data sizes:     COMRAM   BANK0   BANK1   BANK2   BANK3   BANK4   BANK5
      Params:         4       0       0       0       0       0       0
      Locals:         4       0       0       0       0       0       0
      Temps:          0       0       0       0       0       0       0
      Totals:         8       0       0       0       0       0       0
Total ram usage:        8 bytes
 Hardware stack levels used:    1
 Hardware stack levels required when called:    4
 This function calls:
		Nothing
 This function is called by:
		_begin
 This function uses a non-reentrant model


 *************** function _EUSART1_Initialize *****************
 Defined at:
		line 23 in file "UART.c"
 Parameters:    Size  Location     Type
		None
 Auto vars:     Size  Location     Type
		None
 Return value:  Size  Location     Type
                  1    wreg      void 
 Registers used:
		wreg, fsr2l, fsr2h, status,2, status,0, cstack
 Tracked objects:
		On entry : 
		On exit  : 
		Unchanged: 
 Data sizes:     COMRAM   BANK0   BANK1   BANK2   BANK3   BANK4   BANK5
      Params:         0       0       0       0       0       0       0
      Locals:         0       0       0       0       0       0       0
      Temps:          0       0       0       0       0       0       0
      Totals:         0       0       0       0       0       0       0
Total ram usage:        0 bytes
 Hardware stack levels used:    1
 Hardware stack levels required when called:    6
 This function calls:
		_UART_buff_init
 This function is called by:
		_CommsStart
 This function uses a non-reentrant model


 *************** function _UART_buff_init *****************
 Defined at:
		line 58 in file "UART.c"
 Parameters:    Size  Location     Type
  _this           2   34[COMRAM] PTR struct UART_ring_buf
		 -> output_buffer(206), input_buffer(206), 
 Auto vars:     Size  Location     Type
		None
 Return value:  Size  Location     Type
                  1    wreg      void 
 Registers used:
		wreg, fsr2l, fsr2h, status,2, status,0, cstack
 Tracked objects:
		On entry : 
		On exit  : 
		Unchanged: 
 Data sizes:     COMRAM   BANK0   BANK1   BANK2   BANK3   BANK4   BANK5
      Params:         2       0       0       0       0       0       0
      Locals:         0       0       0       0       0       0       0
      Temps:          0       0       0       0       0       0       0
      Totals:         2       0       0       0       0       0       0
Total ram usage:        2 bytes
 Hardware stack levels used:    1
 Hardware stack levels required when called:    5
 This function calls:
		_memset
 This function is called by:
		_EUSART1_Initialize
 This function uses a non-reentrant model


 *************** function _memset *****************
 Defined at:
		line 8 in file "C:\Program Files (x86)\Microchip\xc8\v1.37\sources\common\memset.c"
 Parameters:    Size  Location     Type
  p1              2   26[COMRAM] PTR void 
		 -> output_buffer(206), input_buffer(206), ring_buffer(206), 
  c               2   28[COMRAM] int 
  n               2   30[COMRAM] unsigned int 
 Auto vars:     Size  Location     Type
  p               2   32[COMRAM] PTR unsigned char 
		 -> output_buffer(206), input_buffer(206), ring_buffer(206), 
 Return value:  Size  Location     Type
                  2   26[COMRAM] PTR void 
 Registers used:
		wreg, fsr2l, fsr2h, status,2, status,0
 Tracked objects:
		On entry : 
		On exit  : 
		Unchanged: 
 Data sizes:     COMRAM   BANK0   BANK1   BANK2   BANK3   BANK4   BANK5
      Params:         6       0       0       0       0       0       0
      Locals:         2       0       0       0       0       0       0
      Temps:          0       0       0       0       0       0       0
      Totals:         8       0       0       0       0       0       0
Total ram usage:        8 bytes
 Hardware stack levels used:    1
 Hardware stack levels required when called:    4
 This function calls:
		Nothing
 This function is called by:
		_FastTransfer_buffer_flush
		_UART_buff_init
		_UART_buff_flush
 This function uses a non-reentrant model


 *************** function _INTERRUPT_InterruptManager *****************
 Defined at:
		line 68 in file "mcc_generated_files/interrupt_manager.c"
 Parameters:    Size  Location     Type
		None
 Auto vars:     Size  Location     Type
		None
 Return value:  Size  Location     Type
                  1    wreg      void 
 Registers used:
		wreg, fsr2l, fsr2h, status,2, status,0, prodl, prodh, cstack
 Tracked objects:
		On entry : 
		On exit  : 
		Unchanged: 
 Data sizes:     COMRAM   BANK0   BANK1   BANK2   BANK3   BANK4   BANK5
      Params:         0       0       0       0       0       0       0
      Locals:         0       0       0       0       0       0       0
      Temps:         14       0       0       0       0       0       0
      Totals:        14       0       0       0       0       0       0
Total ram usage:       14 bytes
 Hardware stack levels used:    1
 Hardware stack levels required when called:    3
 This function calls:
		_EUSART1_Receive_ISR
		_EUSART1_Transmit_ISR
		_EUSART2_Receive_ISR
		_EUSART2_Transmit_ISR
		_TMR0_ISR
 This function is called by:
		Interrupt level 2
 This function uses a non-reentrant model


 *************** function _TMR0_ISR *****************
 Defined at:
		line 134 in file "mcc_generated_files/tmr0.c"
 Parameters:    Size  Location     Type
		None
 Auto vars:     Size  Location     Type
		None
 Return value:  Size  Location     Type
                  2  164[None  ] int 
 Registers used:
		wreg, status,2, status,0
 Tracked objects:
		On entry : 
		On exit  : 
		Unchanged: 
 Data sizes:     COMRAM   BANK0   BANK1   BANK2   BANK3   BANK4   BANK5
      Params:         0       0       0       0       0       0       0
      Locals:         0       0       0       0       0       0       0
      Temps:          0       0       0       0       0       0       0
      Totals:         0       0       0       0       0       0       0
Total ram usage:        0 bytes
 Hardware stack levels used:    1
 This function calls:
		Nothing
 This function is called by:
		_INTERRUPT_InterruptManager
 This function uses a non-reentrant model


 *************** function _EUSART2_Transmit_ISR *****************
 Defined at:
		line 152 in file "UART.c"
 Parameters:    Size  Location     Type
		None
 Auto vars:     Size  Location     Type
		None
 Return value:  Size  Location     Type
                  1    wreg      void 
 Registers used:
		wreg, fsr2l, fsr2h, status,2, status,0, cstack
 Tracked objects:
		On entry : 
		On exit  : 
		Unchanged: 
 Data sizes:     COMRAM   BANK0   BANK1   BANK2   BANK3   BANK4   BANK5
      Params:         0       0       0       0       0       0       0
      Locals:         0       0       0       0       0       0       0
      Temps:          0       0       0       0       0       0       0
      Totals:         0       0       0       0       0       0       0
Total ram usage:        0 bytes
 Hardware stack levels used:    1
 Hardware stack levels required when called:    2
 This function calls:
		i2_UART_buff_get
		i2_UART_buff_size
 This function is called by:
		_INTERRUPT_InterruptManager
 This function uses a non-reentrant model


 *************** function i2_UART_buff_size *****************
 Defined at:
		line 104 in file "UART.c"
 Parameters:    Size  Location     Type
  _this           2    0[COMRAM] PTR struct UART_ring_buf
		 -> output_buffer(206), input_buffer(206), 
 Auto vars:     Size  Location     Type
		None
 Return value:  Size  Location     Type
                  2    0[COMRAM] int 
 Registers used:
		wreg, fsr2l, fsr2h, status,2, status,0
 Tracked objects:
		On entry : 
		On exit  : 
		Unchanged: 
 Data sizes:     COMRAM   BANK0   BANK1   BANK2   BANK3   BANK4   BANK5
      Params:         2       0       0       0       0       0       0
      Locals:         0       0       0       0       0       0       0
      Temps:          0       0       0       0       0       0       0
      Totals:         2       0       0       0       0       0       0
Total ram usage:        2 bytes
 Hardware stack levels used:    1
 This function calls:
		Nothing
 This function is called by:
		_EUSART2_Transmit_ISR
 This function uses a non-reentrant model


 *************** function i2_UART_buff_get *****************
 Defined at:
		line 83 in file "UART.c"
 Parameters:    Size  Location     Type
  _this           2    6[COMRAM] PTR struct UART_ring_buf
		 -> output_buffer(206), input_buffer(206), 
 Auto vars:     Size  Location     Type
  UART_buff_ge    1   10[COMRAM] unsigned char 
 Return value:  Size  Location     Type
                  1    wreg      unsigned char 
 Registers used:
		wreg, fsr2l, fsr2h, status,2, status,0, cstack
 Tracked objects:
		On entry : 
		On exit  : 
		Unchanged: 
 Data sizes:     COMRAM   BANK0   BANK1   BANK2   BANK3   BANK4   BANK5
      Params:         2       0       0       0       0       0       0
      Locals:         1       0       0       0       0       0       0
      Temps:          2       0       0       0       0       0       0
      Totals:         5       0       0       0       0       0       0
Total ram usage:        5 bytes
 Hardware stack levels used:    1
 Hardware stack levels required when called:    1
 This function calls:
		i2_UART_buff_modulo_inc
 This function is called by:
		_EUSART2_Transmit_ISR
 This function uses a non-reentrant model


 *************** function _EUSART2_Receive_ISR *****************
 Defined at:
		line 141 in file "UART.c"
 Parameters:    Size  Location     Type
		None
 Auto vars:     Size  Location     Type
  data            1   11[COMRAM] unsigned char 
 Return value:  Size  Location     Type
                  1    wreg      void 
 Registers used:
		wreg, fsr2l, fsr2h, status,2, status,0, cstack
 Tracked objects:
		On entry : 
		On exit  : 
		Unchanged: 
 Data sizes:     COMRAM   BANK0   BANK1   BANK2   BANK3   BANK4   BANK5
      Params:         0       0       0       0       0       0       0
      Locals:         1       0       0       0       0       0       0
      Temps:          0       0       0       0       0       0       0
      Totals:         1       0       0       0       0       0       0
Total ram usage:        1 bytes
 Hardware stack levels used:    1
 Hardware stack levels required when called:    2
 This function calls:
		i2_UART_buff_put
 This function is called by:
		_INTERRUPT_InterruptManager
 This function uses a non-reentrant model


 *************** function i2_UART_buff_put *****************
 Defined at:
		line 70 in file "UART.c"
 Parameters:    Size  Location     Type
  _this           2    6[COMRAM] PTR struct UART_ring_buf
		 -> output_buffer(206), input_buffer(206), 
  c               1    8[COMRAM] const unsigned char 
 Auto vars:     Size  Location     Type
		None
 Return value:  Size  Location     Type
                  1    wreg      void 
 Registers used:
		wreg, fsr2l, fsr2h, status,2, status,0, cstack
 Tracked objects:
		On entry : 
		On exit  : 
		Unchanged: 
 Data sizes:     COMRAM   BANK0   BANK1   BANK2   BANK3   BANK4   BANK5
      Params:         3       0       0       0       0       0       0
      Locals:         0       0       0       0       0       0       0
      Temps:          2       0       0       0       0       0       0
      Totals:         5       0       0       0       0       0       0
Total ram usage:        5 bytes
 Hardware stack levels used:    1
 Hardware stack levels required when called:    1
 This function calls:
		i2_UART_buff_modulo_inc
 This function is called by:
		_EUSART2_Receive_ISR
 This function uses a non-reentrant model


 *************** function i2_UART_buff_modulo_inc *****************
 Defined at:
		line 108 in file "UART.c"
 Parameters:    Size  Location     Type
  value           2    0[COMRAM] const unsigned int 
  modulus         2    2[COMRAM] const unsigned int 
 Auto vars:     Size  Location     Type
  UART_buff_mo    2    4[COMRAM] unsigned int 
 Return value:  Size  Location     Type
                  2    0[COMRAM] unsigned int 
 Registers used:
		wreg, status,2, status,0
 Tracked objects:
		On entry : 
		On exit  : 
		Unchanged: 
 Data sizes:     COMRAM   BANK0   BANK1   BANK2   BANK3   BANK4   BANK5
      Params:         4       0       0       0       0       0       0
      Locals:         2       0       0       0       0       0       0
      Temps:          0       0       0       0       0       0       0
      Totals:         6       0       0       0       0       0       0
Total ram usage:        6 bytes
 Hardware stack levels used:    1
 This function calls:
		Nothing
 This function is called by:
		i2_UART_buff_put
		i2_UART_buff_get
 This function uses a non-reentrant model


 *************** function _EUSART1_Transmit_ISR *****************
 Defined at:
		line 155 in file "mcc_generated_files/eusart2.c"
 Parameters:    Size  Location     Type
		None
 Auto vars:     Size  Location     Type
		None
 Return value:  Size  Location     Type
                  1    wreg      void 
 Registers used:
		wreg, fsr2l, fsr2h, status,2, status,0, prodl, prodh
 Tracked objects:
		On entry : 
		On exit  : 
		Unchanged: 
 Data sizes:     COMRAM   BANK0   BANK1   BANK2   BANK3   BANK4   BANK5
      Params:         0       0       0       0       0       0       0
      Locals:         0       0       0       0       0       0       0
      Temps:          0       0       0       0       0       0       0
      Totals:         0       0       0       0       0       0       0
Total ram usage:        0 bytes
 Hardware stack levels used:    1
 This function calls:
		Nothing
 This function is called by:
		_INTERRUPT_InterruptManager
 This function uses a non-reentrant model


 *************** function _EUSART1_Receive_ISR *****************
 Defined at:
		line 169 in file "mcc_generated_files/eusart2.c"
 Parameters:    Size  Location     Type
		None
 Auto vars:     Size  Location     Type
		None
 Return value:  Size  Location     Type
                  1    wreg      void 
 Registers used:
		wreg, fsr2l, fsr2h, status,2, status,0, prodl, prodh
 Tracked objects:
		On entry : 
		On exit  : 
		Unchanged: 
 Data sizes:     COMRAM   BANK0   BANK1   BANK2   BANK3   BANK4   BANK5
      Params:         0       0       0       0       0       0       0
      Locals:         0       0       0       0       0       0       0
      Temps:          0       0       0       0       0       0       0
      Totals:         0       0       0       0       0       0       0
Total ram usage:        0 bytes
 Hardware stack levels used:    1
 This function calls:
		Nothing
 This function is called by:
		_INTERRUPT_InterruptManager
 This function uses a non-reentrant model



MODULE INFORMATION

Module		Function		Class		Link	Load	Size
C:\Program Files (x86)\Microchip\xc8\v1.37\sources\common\memset.c
		_memset        		CODE           	16DE	0000	45

C:\Program Files (x86)\Microchip\xc8\v1.37\sources\common\memset.c estimated size: 45

FastTransfer.c
		_FastTransfer_buffer_put		CODE           	0776	0000	373
		_CRC8          		CODE           	148A	0000	75
		_receiveData   		CODE           	00BC	0000	1723
		_begin         		CODE           	13D2	0000	97
		_sendData      		CODE           	0A48	0000	335
		_CRCcheck      		CODE           	08EA	0000	351
		_FastTransfer_buffer_modulo_inc		CODE           	1760	0000	43
		_crcBufS_status_put		CODE           	0F94	0000	215
		_crcBufS_get   		CODE           	0DCA	0000	243
		_crcBufS_put   		CODE           	0EBC	0000	217
		_FastTransfer_buffer_flush		CODE           	1302	0000	109
		_ToSend        		CODE           	1818	0000	31

FastTransfer.c estimated size: 3812

UART.c
		_EUSART1_Initialize		CODE           	1518	0000	61
		_Receive_get   		CODE           	191C	0000	15
		_Receive_peek  		CODE           	190E	0000	15
		_EUSART2_Receive_ISR		CODE           	1854	0000	31
		_UART_buff_modulo_inc		CODE           	1736	0000	43
		_Receive_available		CODE           	18BA	0000	23
		_EUSART2_Transmit_ISR		CODE           	15F4	0000	51
		_UART_buff_get 		CODE           	106A	0000	147
		_UART_buff_put 		CODE           	0B96	0000	283
		_Send_put      		CODE           	1626	0000	49
		_UART_buff_peek		CODE           	17B4	0000	37
		_UART_buff_size		CODE           	18D0	0000	23
		_UART_buff_init		CODE           	1836	0000	31

UART.c estimated size: 809

mcc_generated_files/eusart2.c
		_EUSART1_Receive_ISR		CODE           	170A	0000	45
		_EUSART2_Initialize		CODE           	15C0	0000	53
		_EUSART1_Transmit_ISR		CODE           	1684	0000	47

mcc_generated_files/eusart2.c estimated size: 145

Communications.c
		_updateComms   		CODE           	18A4	0000	23
		_CommsStart    		CODE           	1432	0000	89
		_SetBMM        		CODE           	14D4	0000	69
		_respondChargerAsECU		CODE           	1554	0000	57

Communications.c estimated size: 238

mcc_generated_files/interrupt_manager.c
		_INTERRUPT_Initialize		CODE           	1938	0000	13
		_INTERRUPT_InterruptManager		CODE           	0008	0000	177

mcc_generated_files/interrupt_manager.c estimated size: 190

mcc_generated_files/tmr0.c
		_time_get      		CODE           	18FC	0000	19
		_time_Set      		CODE           	17FA	0000	31
		_TMR0_StartTimer		CODE           	1944	0000	5
		_TMR0_ISR      		CODE           	188C	0000	25
		_updateTimers  		CODE           	136E	0000	101
		_TMR0_Initialize		CODE           	16B2	0000	45

mcc_generated_files/tmr0.c estimated size: 226

mcc_generated_files/pin_manager.c
		_PIN_MANAGER_Initialize		CODE           	1212	0000	129

mcc_generated_files/pin_manager.c estimated size: 129

C:\Program Files (x86)\Microchip\xc8\v1.37\sources\common\awdiv.c
		___awdiv       		CODE           	118E	0000	133

C:\Program Files (x86)\Microchip\xc8\v1.37\sources\common\awdiv.c estimated size: 133

Functions.c
		_ledDebug      		CODE           	1656	0000	47
		_Delay         		CODE           	158C	0000	53

Functions.c estimated size: 100

shared
		i2_UART_buff_modulo_inc		CODE           	178A	0000	43
		_dpowers       		MEDIUMCONST    	7FC7	0000	11
		i2_UART_buff_size		CODE           	18E6	0000	23
		__initialization		CODE           	1292	0000	99
		_FONTLOOKUP    		MEDIUMCONST    	7DE7	0000	481
		i2_UART_buff_get		CODE           	10FC	0000	147
		i2_UART_buff_put		CODE           	0CB0	0000	283

shared estimated size: 1087

mcc_generated_files/mcc.c
		_OSCILLATOR_Initialize		CODE           	192A	0000	15
		_SYSTEM_Initialize		CODE           	1872	0000	27

mcc_generated_files/mcc.c estimated size: 42

main.c
		_main          		CODE           	17D8	0000	35

main.c estimated size: 35

