Microchip MPLAB XC8 Compiler V1.36 ()

Linker command line:

--edf=C:\Program Files (x86)\Microchip\xc8\v1.36\dat\en_msgs.txt -cs \
  -h+dist/default/production\Charger_Control.X.production.sym \
  --cmf=dist/default/production\Charger_Control.X.production.cmf -z \
  -Q18F45K22 -oC:\Users\Rick\AppData\Local\Temp\s7b8.2 \
  -Mdist/default/production/Charger_Control.X.production.map -E1 -ver=XC8 \
  -ASTACK=04C8h-05ffh -pstack=STACK -ACODE=00h-07FFFh -ACONST=00h-07FFFh \
  -ASMALLCONST=0600h-06FFhx122 -AMEDIUMCONST=0600h-07FFFh -ACOMRAM=01h-05Fh \
  -AABS1=00h-05FFh -ABIGRAM=01h-05FFh -ARAM=060h-0FFh,0100h-01FFhx5 \
  -ABANK0=060h-0FFh -ABANK1=0100h-01FFh -ABANK2=0200h-02FFh \
  -ABANK3=0300h-03FFh -ABANK4=0400h-04FFh -ABANK5=0500h-05FFh \
  -ASFR=0F38h-0F5Fh,0F60h-0FFFh \
  -preset_vec=00h,intcode=08h,intcodelo,powerup,init,end_init \
  -pramtop=0600h -psmallconst=SMALLCONST -pmediumconst=MEDIUMCONST \
  -pconst=CONST -AFARRAM=00h-00h -ACONFIG=0300000h-030000Dh -pconfig=CONFIG \
  -AIDLOC=0200000h-0200007h -pidloc=IDLOC -AEEDATA=0F00000h-0F000FFh \
  -peeprom_data=EEDATA \
  -prdata=COMRAM,nvrram=COMRAM,nvbit=COMRAM,rbss=COMRAM,rbit=COMRAM \
  -pfarbss=FARRAM,fardata=FARRAM,nvFARRAM=FARRAM \
  -pintsave_regs=BIGRAM,bigbss=BIGRAM,bigdata=BIGRAM -pbss=RAM \
  -pidata=CODE,irdata=CODE,ibigdata=CODE,ifardata=CODE -prparam=COMRAM \
  C:\Users\Rick\AppData\Local\Temp\s7b8.obj \
  dist/default/production\Charger_Control.X.production.obj 

Object code version is 3.11

Machine type is 18F45K22

Call graph: (short form)




                Name                               Link     Load   Length Selector   Space Scale
C:\Users\Rick\AppData\Local\Temp\s7b8.obj
                end_init                             AC       AC        4        4       0
                reset_vec                             0        0        4        0       0
                idloc                            200000   200000        8   200000       0
                config                           300000   300000        E   300000       0
dist/default/production\Charger_Control.X.production.obj
                intcode                               8        8       A4        4       0
                temp                                 45       45        1        1       1
                mediumconst                        7E2C     7E2C      1D4     3F16       0
                text46                             1170     1170       2A        4       0
                text45                              4C8      4C8      11A        4       0
                text44                             125E     125E       1E        4       0
                text43                              BC2      BC2       92        4       0
                text42                             12E0     12E0       16        4       0
                text41                             108E     108E       32        4       0
                text40                             111A     111A       2C        4       0
                text39                             10C0     10C0       2E        4       0
                text37                              F52      F52       4C        4       0
                text36                             1314     1314        E        4       0
                text35                             12F6     12F6       10        4       0
                text34                             1298     1298       1A        4       0
                text33                             11EA     11EA       28        4       0
                text32                             11C2     11C2       28        4       0
                text31                              C54      C54       8C        4       0
                text30                             1238     1238       26        4       0
                text29                              9EA      9EA       A4        4       0
                text28                             105A     105A       34        4       0
                text27                             1322     1322        C        4       0
                text26                             1306     1306        E        4       0
                text25                              F02      F02       50        4       0
                text24                             1342     1342        4      9A1       0
                text23                             12B2     12B2       18        4       0
                text22                             12CA     12CA       16        4       0
                text21                             119A     119A       28        4       0
                text20                              A8E      A8E       9E        4       0
                text19                             1022     1022       38        4       0
                text18                              FE8      FE8       3A        4       0
                text17                             132E     132E        A        4       0
                text16                              872      872       D4        4       0
                text15                              DE0      DE0       6C        4       0
                text14                              F9E      F9E       4A        4       0
                text13                              5E2      5E2       E2        4       0
                text12                              79C      79C       D6        4       0
                text11                              B2C      B2C       96        4       0
                text10                               B0       B0      2A4        4       0
                text9                              1146     1146       2A        4       0
                text8                               354      354      174        4       0
                text7                              127C     127C       1C        4       0
                text6                              10EE     10EE       2C        4       0
                text5                               E4C      E4C       62        4       0
                text4                               6C4      6C4       D8        4       0
                text3                               D68      D68       78        4       0
                text2                               EAE      EAE       54        4       0
                text1                              1212     1212       26        4       0
                text0                               946      946       A4        4       0
                cstackCOMRAM                          1        1       26        1       1
                cstackBANK0                          C0       C0       19       60       1
                bssBANK4                            400      400       C8      400       1
                bssBANK3                            300      300       CE      300       1
                bssBANK2                            200      200       CE      200       1
                bssBANK1                            100      100       CE      100       1
                dataBANK0                            D9       D9        9       60       1
                bssBANK0                             60       60       60       60       1
                dataCOMRAM                           44       44        1        1       1
                bssCOMRAM                            27       27       1A        1       1
                cinit                               CE0      CE0       88        4       0
                nvCOMRAM                             41       41        3        1       1
                idataBANK0                         1338     1338        9        4       0
                idataCOMRAM                        1346     1346        1      9A1       0

TOTAL           Name                               Link     Load   Length     Space
        CLASS   STACK          

        CLASS   CODE           
                end_init                             AC       AC        4         0
                intcode                               8        8       A4         0
                reset_vec                             0        0        4         0
                text46                             1170     1170       2A         0
                text45                              4C8      4C8      11A         0
                text44                             125E     125E       1E         0
                text43                              BC2      BC2       92         0
                text42                             12E0     12E0       16         0
                text41                             108E     108E       32         0
                text40                             111A     111A       2C         0
                text39                             10C0     10C0       2E         0
                text37                              F52      F52       4C         0
                text36                             1314     1314        E         0
                text35                             12F6     12F6       10         0
                text34                             1298     1298       1A         0
                text33                             11EA     11EA       28         0
                text32                             11C2     11C2       28         0
                text31                              C54      C54       8C         0
                text30                             1238     1238       26         0
                text29                              9EA      9EA       A4         0
                text28                             105A     105A       34         0
                text27                             1322     1322        C         0
                text26                             1306     1306        E         0
                text25                              F02      F02       50         0
                text24                             1342     1342        4         0
                text23                             12B2     12B2       18         0
                text22                             12CA     12CA       16         0
                text21                             119A     119A       28         0
                text20                              A8E      A8E       9E         0
                text19                             1022     1022       38         0
                text18                              FE8      FE8       3A         0
                text17                             132E     132E        A         0
                text16                              872      872       D4         0
                text15                              DE0      DE0       6C         0
                text14                              F9E      F9E       4A         0
                text13                              5E2      5E2       E2         0
                text12                              79C      79C       D6         0
                text11                              B2C      B2C       96         0
                text10                               B0       B0      2A4         0
                text9                              1146     1146       2A         0
                text8                               354      354      174         0
                text7                              127C     127C       1C         0
                text6                              10EE     10EE       2C         0
                text5                               E4C      E4C       62         0
                text4                               6C4      6C4       D8         0
                text3                               D68      D68       78         0
                text2                               EAE      EAE       54         0
                text1                              1212     1212       26         0
                text0                               946      946       A4         0
                cinit                               CE0      CE0       88         0
                idataBANK0                         1338     1338        9         0
                idataCOMRAM                        1346     1346        1         0

        CLASS   CONST          

        CLASS   SMALLCONST     

        CLASS   MEDIUMCONST    
                mediumconst                        7E2C     7E2C      1D4         0

        CLASS   COMRAM         
                temp                                 45       45        1         1
                cstackCOMRAM                          1        1       26         1
                dataCOMRAM                           44       44        1         1
                bssCOMRAM                            27       27       1A         1
                nvCOMRAM                             41       41        3         1

        CLASS   ABS1           

        CLASS   BIGRAM         

        CLASS   RAM            

        CLASS   BANK0          
                cstackBANK0                          C0       C0       19         1
                dataBANK0                            D9       D9        9         1
                bssBANK0                             60       60       60         1

        CLASS   BANK1          
                bssBANK1                            100      100       CE         1

        CLASS   BANK2          
                bssBANK2                            200      200       CE         1

        CLASS   BANK3          
                bssBANK3                            300      300       CE         1

        CLASS   BANK4          
                bssBANK4                            400      400       C8         1

        CLASS   BANK5          

        CLASS   SFR            

        CLASS   FARRAM         

        CLASS   CONFIG         
                config                           300000   300000        E         0

        CLASS   IDLOC          
                idloc                            200000   200000        8         0

        CLASS   EEDATA         



SEGMENTS        Name                           Load    Length   Top    Selector   Space  Class

                reset_vec                      000000  000004  000004         0       0  CODE    
                cstackCOMRAM                   000001  000045  000046         1       1  COMRAM  
                intcode                        000008  001339  001341         4       0  CODE    
                bssBANK0                       000060  000082  0000E2        60       1  BANK0   
                bssBANK1                       000100  0000CE  0001CE       100       1  BANK1   
                bssBANK2                       000200  0000CE  0002CE       200       1  BANK2   
                bssBANK3                       000300  0000CE  0003CE       300       1  BANK3   
                bssBANK4                       000400  0000C8  0004C8       400       1  BANK4   
                text24                         001342  000005  001347       9A1       0  CODE    
                mediumconst                    007E2C  0001D4  008000      3F16       0  MEDIUMCO
                idloc                          200000  000008  200008    200000       0  IDLOC   
                config                         300000  00000E  30000E    300000       0  CONFIG  


UNUSED ADDRESS RANGES

        Name                Unused          Largest block    Delta
        BANK0            0000E2-0000FF               1E
        BANK1            0001CE-0001FF               32
        BANK2            0002CE-0002FF               32
        BANK3            0003CE-0003FF               32
        BANK4            0004C8-0004FF               38
        BANK5            000500-0005FF              100
        BIGRAM           000046-00005F               1A
                         0000E2-0000FF               1E
                         0001CE-0001FF               32
                         0002CE-0002FF               32
                         0003CE-0003FF               32
                         0004C8-0005FF              138
        CODE             000004-000007                4
                         001341-001341                1
                         001347-007E2B             6AE5
        COMRAM           000046-00005F               1A
        CONST            000004-000007                4
                         001341-001341                1
                         001347-007E2B             6AE5
        EEDATA           F00000-F000FF              100
        MEDIUMCONST      001341-001341                1
                         001347-007E2B             6AE5
        RAM              0000E2-0000FF               1E
                         0001CE-0001FF               32
                         0002CE-0002FF               32
                         0003CE-0003FF               32
                         0004C8-0005FF               38
        SFR              000F38-000FFF               28
        SMALLCONST       001341-001341                1
                         001347-007E2B              100
        STACK            0004C8-0005FF              138

                                  Symbol Table

?_FastTransfer_buffer_modulo_inc         cstackCOMRAM 00001B
?_UART_buff_modulo_inc                   cstackCOMRAM 000001
?_UART_buff_size                         cstackCOMRAM 000001
?___wmul                                 cstackCOMRAM 00001B
?_printf                                 cstackCOMRAM 00001D
CRC8@crc                                 cstackCOMRAM 000021
CRC8@data                                cstackCOMRAM 00001B
CRC8@extract                             cstackCOMRAM 00001F
CRC8@len                                 cstackCOMRAM 00001D
CRC8@sum                                 cstackCOMRAM 00001E
CRC8@tempI                               cstackCOMRAM 000020
CRCcheck@SentCRC                         cstackBANK0  0000C0
CRCcheck@arrayHolder                     cstackBANK0  0000C2
CRCcheck@calculatedCRC                   cstackBANK0  0000C1
CRCcheck@rt                              cstackBANK0  0000C5
Delay@i                                  cstackCOMRAM 000020
Delay@wait                               cstackCOMRAM 00001B
EUSART1_Receive_ISR@data                 cstackCOMRAM 00000C
EUSART2_Write@txData                     cstackCOMRAM 00001B
FastTransfer_buffer_flush@_this          cstackCOMRAM 000023
FastTransfer_buffer_flush@clearBuffer    cstackCOMRAM 000025
FastTransfer_buffer_modulo_inc@modulus   cstackCOMRAM 00001D
FastTransfer_buffer_modulo_inc@my_value  cstackCOMRAM 00001F
FastTransfer_buffer_modulo_inc@value     cstackCOMRAM 00001B
FastTransfer_buffer_put@_this            cstackCOMRAM 000021
FastTransfer_buffer_put@towhat           cstackCOMRAM 000024
FastTransfer_buffer_put@towhere          cstackCOMRAM 000023
LCDwrite@data                            cstackCOMRAM 000021
LCDwrite@mode                            cstackCOMRAM 000022
NokiaStr@i                               cstackBANK0  0000C3
NokiaStr@len                             cstackCOMRAM 000025
NokiaStr@str                             cstackCOMRAM 000023
Precharge@OnOff                          cstackBANK0  0000C0
Precharge@i                              cstackBANK0  0000C1
Precharge@i_1701                         cstackBANK0  0000C3
SPI1_Exchange8bit@data                   cstackCOMRAM 00001B
SetCharger@Current                       cstackBANK0  0000C0
SetCharger@Voltage                       cstackBANK0  0000C1
SetCharger@mode                          cstackBANK0  0000C2
SetMux@channel                           cstackCOMRAM 00001B
ToSend@what                              cstackBANK0  0000C2
ToSend@where                             cstackCOMRAM 000026
UART_buff_get@_this                      cstackCOMRAM 000007
UART_buff_get@c                          cstackCOMRAM 00000B
UART_buff_modulo_inc@modulus             cstackCOMRAM 000003
UART_buff_modulo_inc@my_value            cstackCOMRAM 000005
UART_buff_modulo_inc@value               cstackCOMRAM 000001
UART_buff_put@_this                      cstackCOMRAM 000007
UART_buff_put@c                          cstackCOMRAM 000009
UART_buff_size@_this                     cstackCOMRAM 000001
_AKNAKsend                               bssCOMRAM    000033
_ANSELA                                  (abs)        000F38
_ANSELB                                  (abs)        000F39
_ANSELC                                  (abs)        000F3A
_ANSELD                                  (abs)        000F3B
_ANSELE                                  (abs)        000F3C
_BAUD1CON                                (abs)        000FB8
_BAUD2CON                                (abs)        000F70
_CRC8                                    text14       000F9E
_CRCcheck                                text11       000B2C
_ChargerData                             dataBANK0    0000D9
_Delay                                   text37       000F52
_EUSART1_Receive_ISR                     text44       00125E
_EUSART1_Transmit_ISR                    text41       00108E
_EUSART2_Initialize                      text28       00105A
_EUSART2_Receive_ISR                     text40       00111A
_EUSART2_Transmit_ISR                    text39       0010C0
_EUSART2_Write                           text18       000FE8
_FONTLOOKUP                              mediumconst  007E2D
_FastTransfer_buffer_flush               text5        000E4C
_FastTransfer_buffer_modulo_inc          text9        001146
_FastTransfer_buffer_put                 text8        000354
_INTCON2bits                             (abs)        000FF1
_INTCONbits                              (abs)        000FF2
_INTERRUPT_Initialize                    text27       001322
_INTERRUPT_InterruptManager              intcode      000008
_IPR1bits                                (abs)        000F9F
_IPR3bits                                (abs)        000FA5
_LATA                                    (abs)        000F89
_LATA3                                   (abs)        007C4B
_LATA6                                   (abs)        007C4E
_LATB                                    (abs)        000F8A
_LATB0                                   (abs)        007C50
_LATB1                                   (abs)        007C51
_LATB3                                   (abs)        007C53
_LATB4                                   (abs)        007C54
_LATB5                                   (abs)        007C55
_LATBbits                                (abs)        000F8A
_LATC                                    (abs)        000F8B
_LATC0                                   (abs)        007C58
_LATC1                                   (abs)        007C59
_LATCbits                                (abs)        000F8B
_LATD                                    (abs)        000F8C
_LATD0                                   (abs)        007C60
_LATD3                                   (abs)        007C63
_LATE                                    (abs)        000F8D
_LCDwrite                                text34       001298
_NokiaStart                              text31       000C54
_NokiaStr                                text29       0009EA
_OSCCON                                  (abs)        000FD3
_OSCCON2                                 (abs)        000FD2
_OSCILLATOR_Initialize                   text26       001306
_OSCTUNE                                 (abs)        000F9B
_PIE1bits                                (abs)        000F9D
_PIE3bits                                (abs)        000FA3
_PIN_MANAGER_Initialize                  text25       000F02
_PIR1bits                                (abs)        000F9E
_PIR3bits                                (abs)        000FA4
_Precharge                               text20       000A8E
_RC1STA                                  (abs)        000FAB
_RC1STAbits                              (abs)        000FAB
_RC2STA                                  (abs)        000F71
_RC2STAbits                              (abs)        000F71
_RCONbits                                (abs)        000FD0
_RCREG1                                  (abs)        000FAE
_RCREG2                                  (abs)        000F74
_SPBRG1                                  (abs)        000FAF
_SPBRG2                                  (abs)        000F75
_SPBRGH1                                 (abs)        000FB0
_SPBRGH2                                 (abs)        000F76
_SPI1_Exchange8bit                       text35       0012F6
_SPI1_Initialize                         text36       001314
_SSP1ADD                                 (abs)        000FC8
_SSP1BUF                                 (abs)        000FC9
_SSP1CON1                                (abs)        000FC6
_SSP1CON1bits                            (abs)        000FC6
_SSP1STAT                                (abs)        000FC7
_SSP1STATbits                            (abs)        000FC7
_SYSTEM_Initialize                       text22       0012CA
_SetCharger                              text15       000DE0
_SetMux                                  text19       001022
_Start                                   bssCOMRAM    000027
_T0CON                                   (abs)        000FD5
_T0CONbits                               (abs)        000FD5
_TMR0H                                   (abs)        000FD7
_TMR0L                                   (abs)        000FD6
_TMR0_Initialize                         text23       0012B2
_TMR0_StartTimer                         text24       001342
_TRISA                                   (abs)        000F92
_TRISA3                                  (abs)        007C93
_TRISB                                   (abs)        000F93
_TRISBbits                               (abs)        000F93
_TRISC                                   (abs)        000F94
_TRISD                                   (abs)        000F95
_TRISD0                                  (abs)        007CA8
_TRISD2                                  (abs)        007CAA
_TRISD3                                  (abs)        007CAB
_TRISE                                   (abs)        000F96
_TX1STA                                  (abs)        000FAC
_TX2STA                                  (abs)        000F72
_TXREG1                                  (abs)        000FAD
_TXREG2                                  (abs)        000F73
_ToSend                                  text7        00127C
_Transmit_stall                          dataCOMRAM   000044
_UART_buff_get                           text43       000BC2
_UART_buff_modulo_inc                    text46       001170
_UART_buff_put                           text45       0004C8
_UART_buff_size                          text42       0012E0
_WPUB                                    (abs)        000F61
__CFG_BOREN$SBORDIS                      (abs)        000000
__CFG_BORV$190                           (abs)        000000
__CFG_CCP2MX$PORTC1                      (abs)        000000
__CFG_CCP3MX$PORTB5                      (abs)        000000
__CFG_CP0$OFF                            (abs)        000000
__CFG_CP1$OFF                            (abs)        000000
__CFG_CP2$OFF                            (abs)        000000
__CFG_CP3$OFF                            (abs)        000000
__CFG_CPB$OFF                            (abs)        000000
__CFG_CPD$OFF                            (abs)        000000
__CFG_DEBUG$OFF                          (abs)        000000
__CFG_EBTR0$OFF                          (abs)        000000
__CFG_EBTR1$OFF                          (abs)        000000
__CFG_EBTR2$OFF                          (abs)        000000
__CFG_EBTR3$OFF                          (abs)        000000
__CFG_EBTRB$OFF                          (abs)        000000
__CFG_FCMEN$OFF                          (abs)        000000
__CFG_FOSC$INTIO67                       (abs)        000000
__CFG_HFOFST$ON                          (abs)        000000
__CFG_IESO$OFF                           (abs)        000000
__CFG_LVP$OFF                            (abs)        000000
__CFG_MCLRE$EXTMCLR                      (abs)        000000
__CFG_P2BMX$PORTD2                       (abs)        000000
__CFG_PBADEN$ON                          (abs)        000000
__CFG_PLLCFG$OFF                         (abs)        000000
__CFG_PRICLKEN$OFF                       (abs)        000000
__CFG_PWRTEN$OFF                         (abs)        000000
__CFG_STVREN$ON                          (abs)        000000
__CFG_T3CMX$PORTC0                       (abs)        000000
__CFG_WDTEN$OFF                          (abs)        000000
__CFG_WDTPS$32768                        (abs)        000000
__CFG_WRT0$OFF                           (abs)        000000
__CFG_WRT1$OFF                           (abs)        000000
__CFG_WRT2$OFF                           (abs)        000000
__CFG_WRT3$OFF                           (abs)        000000
__CFG_WRTB$OFF                           (abs)        000000
__CFG_WRTC$OFF                           (abs)        000000
__CFG_WRTD$OFF                           (abs)        000000
__CFG_XINST$OFF                          (abs)        000000
__HRAM                                   (abs)        000000
__Habs1                                  abs1         000000
__Hbank0                                 bank0        000000
__Hbank1                                 bank1        000000
__Hbank2                                 bank2        000000
__Hbank3                                 bank3        000000
__Hbank4                                 bank4        000000
__Hbank5                                 bank5        000000
__Hbigbss                                bigbss       000000
__Hbigdata                               bigdata      000000
__Hbigram                                bigram       000000
__Hbss                                   bss          000000
__HbssBANK0                              bssBANK0     000000
__HbssBANK1                              bssBANK1     000000
__HbssBANK2                              bssBANK2     000000
__HbssBANK3                              bssBANK3     000000
__HbssBANK4                              bssBANK4     000000
__HbssCOMRAM                             bssCOMRAM    000000
__Hcinit                                 cinit        000000
__Hclrtext                               clrtext      000000
__Hcomram                                comram       000000
__Hconfig                                config       30000E
__Hconst                                 const        000000
__HcstackBANK0                           cstackBANK0  000000
__HcstackCOMRAM                          cstackCOMRAM 000000
__Hdata                                  data         000000
__HdataBANK0                             dataBANK0    000000
__HdataCOMRAM                            dataCOMRAM   000000
__Heeprom_data                           eeprom_data  000000
__Hend_init                              end_init     0000B0
__Hfarbss                                farbss       000000
__Hfardata                               fardata      000000
__Hibigdata                              ibigdata     000000
__Hidata                                 idata        000000
__HidataBANK0                            idataBANK0   000000
__HidataCOMRAM                           idataCOMRAM  000000
__Hidloc                                 idloc        200008
__Hifardata                              ifardata     000000
__Hinit                                  init         0000AC
__Hintcode                               intcode      0000AC
__Hintcode_body                          intcode_body 000000
__Hintcodelo                             intcodelo    0000AC
__Hintentry                              intentry     000000
__Hintret                                intret       000000
__Hintsave_regs                          intsave_regs 000000
__Hirdata                                irdata       000000
__Hmediumconst                           mediumconst  008000
__HnvCOMRAM                              nvCOMRAM     000000
__HnvFARRAM                              nvFARRAM     000000
__Hnvbit                                 nvbit        000000
__Hnvrram                                nvrram       000000
__Hparam                                 rparam       000000
__Hpowerup                               powerup      0000AC
__Hram                                   ram          000000
__Hramtop                                ramtop       000600
__Hrbit                                  rbit         000000
__Hrbss                                  rbss         000000
__Hrdata                                 rdata        000000
__Hreset_vec                             reset_vec    000004
__Hrparam                                rparam       000000
__Hsfr                                   sfr          000000
__Hsmallconst                            smallconst   000000
__Hspace_0                               (abs)        30000E
__Hspace_1                               (abs)        0004C8
__Hspace_2                               (abs)        000000
__Hstack                                 stack        000000
__Hstruct                                struct       000000
__Htemp                                  temp         000046
__Htext                                  text         000000
__Htext0                                 text0        000000
__Htext1                                 text1        000000
__Htext10                                text10       000000
__Htext11                                text11       000000
__Htext12                                text12       000000
__Htext13                                text13       000000
__Htext14                                text14       000000
__Htext15                                text15       000000
__Htext16                                text16       000000
__Htext17                                text17       000000
__Htext18                                text18       000000
__Htext19                                text19       000000
__Htext2                                 text2        000000
__Htext20                                text20       000000
__Htext21                                text21       000000
__Htext22                                text22       000000
__Htext23                                text23       000000
__Htext24                                text24       000000
__Htext25                                text25       000000
__Htext26                                text26       000000
__Htext27                                text27       000000
__Htext28                                text28       000000
__Htext29                                text29       000000
__Htext3                                 text3        000000
__Htext30                                text30       000000
__Htext31                                text31       000000
__Htext32                                text32       000000
__Htext33                                text33       000000
__Htext34                                text34       000000
__Htext35                                text35       000000
__Htext36                                text36       000000
__Htext37                                text37       000000
__Htext39                                text39       000000
__Htext4                                 text4        000000
__Htext40                                text40       000000
__Htext41                                text41       000000
__Htext42                                text42       000000
__Htext43                                text43       000000
__Htext44                                text44       000000
__Htext45                                text45       000000
__Htext46                                text46       000000
__Htext5                                 text5        000000
__Htext6                                 text6        000000
__Htext7                                 text7        000000
__Htext8                                 text8        000000
__Htext9                                 text9        000000
__LRAM                                   (abs)        000001
__Labs1                                  abs1         000000
__Lbank0                                 bank0        000000
__Lbank1                                 bank1        000000
__Lbank2                                 bank2        000000
__Lbank3                                 bank3        000000
__Lbank4                                 bank4        000000
__Lbank5                                 bank5        000000
__Lbigbss                                bigbss       000000
__Lbigdata                               bigdata      000000
__Lbigram                                bigram       000000
__Lbss                                   bss          000000
__LbssBANK0                              bssBANK0     000000
__LbssBANK1                              bssBANK1     000000
__LbssBANK2                              bssBANK2     000000
__LbssBANK3                              bssBANK3     000000
__LbssBANK4                              bssBANK4     000000
__LbssCOMRAM                             bssCOMRAM    000000
__Lcinit                                 cinit        000000
__Lclrtext                               clrtext      000000
__Lcomram                                comram       000000
__Lconfig                                config       300000
__Lconst                                 const        000000
__LcstackBANK0                           cstackBANK0  000000
__LcstackCOMRAM                          cstackCOMRAM 000000
__Ldata                                  data         000000
__LdataBANK0                             dataBANK0    000000
__LdataCOMRAM                            dataCOMRAM   000000
__Leeprom_data                           eeprom_data  000000
__Lend_init                              end_init     0000AC
__Lfarbss                                farbss       000000
__Lfardata                               fardata      000000
__Libigdata                              ibigdata     000000
__Lidata                                 idata        000000
__LidataBANK0                            idataBANK0   000000
__LidataCOMRAM                           idataCOMRAM  000000
__Lidloc                                 idloc        200000
__Lifardata                              ifardata     000000
__Linit                                  init         0000AC
__Lintcode                               intcode      000008
__Lintcode_body                          intcode_body 000000
__Lintcodelo                             intcodelo    0000AC
__Lintentry                              intentry     000000
__Lintret                                intret       000000
__Lintsave_regs                          intsave_regs 000000
__Lirdata                                irdata       000000
__Lmediumconst                           mediumconst  007E2C
__LnvCOMRAM                              nvCOMRAM     000000
__LnvFARRAM                              nvFARRAM     000000
__Lnvbit                                 nvbit        000000
__Lnvrram                                nvrram       000000
__Lparam                                 rparam       000000
__Lpowerup                               powerup      0000AC
__Lram                                   ram          000000
__Lramtop                                ramtop       000600
__Lrbit                                  rbit         000000
__Lrbss                                  rbss         000000
__Lrdata                                 rdata        000000
__Lreset_vec                             reset_vec    000000
__Lrparam                                rparam       000000
__Lsfr                                   sfr          000000
__Lsmallconst                            smallconst   000000
__Lspace_0                               (abs)        000000
__Lspace_1                               (abs)        000000
__Lspace_2                               (abs)        000000
__Lstack                                 stack        000000
__Lstruct                                struct       000000
__Ltemp                                  temp         000045
__Ltext                                  text         000000
__Ltext0                                 text0        000000
__Ltext1                                 text1        000000
__Ltext10                                text10       000000
__Ltext11                                text11       000000
__Ltext12                                text12       000000
__Ltext13                                text13       000000
__Ltext14                                text14       000000
__Ltext15                                text15       000000
__Ltext16                                text16       000000
__Ltext17                                text17       000000
__Ltext18                                text18       000000
__Ltext19                                text19       000000
__Ltext2                                 text2        000000
__Ltext20                                text20       000000
__Ltext21                                text21       000000
__Ltext22                                text22       000000
__Ltext23                                text23       000000
__Ltext24                                text24       000000
__Ltext25                                text25       000000
__Ltext26                                text26       000000
__Ltext27                                text27       000000
__Ltext28                                text28       000000
__Ltext29                                text29       000000
__Ltext3                                 text3        000000
__Ltext30                                text30       000000
__Ltext31                                text31       000000
__Ltext32                                text32       000000
__Ltext33                                text33       000000
__Ltext34                                text34       000000
__Ltext35                                text35       000000
__Ltext36                                text36       000000
__Ltext37                                text37       000000
__Ltext39                                text39       000000
__Ltext4                                 text4        000000
__Ltext40                                text40       000000
__Ltext41                                text41       000000
__Ltext42                                text42       000000
__Ltext43                                text43       000000
__Ltext44                                text44       000000
__Ltext45                                text45       000000
__Ltext46                                text46       000000
__Ltext5                                 text5        000000
__Ltext6                                 text6        000000
__Ltext7                                 text7        000000
__Ltext8                                 text8        000000
__Ltext9                                 text9        000000
__S0                                     (abs)        30000E
__S1                                     (abs)        0004C8
__S2                                     (abs)        000000
___inthi_sp                              stack        000000
___intlo_sp                              stack        000000
___param_bank                            (abs)        000010
___rparam_used                           (abs)        000001
___sp                                    stack        000000
___wmul                                  text30       001238
___wmul@multiplicand                     cstackCOMRAM 00001D
___wmul@multiplier                       cstackCOMRAM 00001B
___wmul@product                          cstackCOMRAM 00001F
__accesstop                              (abs)        000060
__activetblptr                           (abs)        000002
__end_of_CRC8                            text14       000FE8
__end_of_CRCcheck                        text11       000BC2
__end_of_Delay                           text37       000F9E
__end_of_EUSART1_Receive_ISR             text44       00127C
__end_of_EUSART1_Transmit_ISR            text41       0010C0
__end_of_EUSART2_Initialize              text28       00108E
__end_of_EUSART2_Receive_ISR             text40       001146
__end_of_EUSART2_Transmit_ISR            text39       0010EE
__end_of_EUSART2_Write                   text18       001022
__end_of_FONTLOOKUP                      mediumconst  007FF4
__end_of_FastTransfer_buffer_flush       text5        000EAE
__end_of_FastTransfer_buffer_modulo_inc  text9        001170
__end_of_FastTransfer_buffer_put         text8        0004C8
__end_of_INTERRUPT_Initialize            text27       00132E
__end_of_INTERRUPT_InterruptManager      intcode      0000AC
__end_of_LCDwrite                        text34       0012B2
__end_of_NokiaStart                      text31       000CE0
__end_of_NokiaStr                        text29       000A8E
__end_of_OSCILLATOR_Initialize           text26       001314
__end_of_PIN_MANAGER_Initialize          text25       000F52
__end_of_Precharge                       text20       000B2C
__end_of_SPI1_Exchange8bit               text35       001306
__end_of_SPI1_Initialize                 text36       001322
__end_of_SYSTEM_Initialize               text22       0012E0
__end_of_SetCharger                      text15       000E4C
__end_of_SetMux                          text19       00105A
__end_of_TMR0_Initialize                 text23       0012CA
__end_of_TMR0_StartTimer                 text24       001346
__end_of_ToSend                          text7        001298
__end_of_UART_buff_get                   text43       000C54
__end_of_UART_buff_modulo_inc            text46       00119A
__end_of_UART_buff_put                   text45       0005E2
__end_of_UART_buff_size                  text42       0012F6
__end_of___wmul                          text30       00125E
__end_of__initialization                 cinit        000D5A
__end_of_blackLcd                        text33       001212
__end_of_clearLcd                        text32       0011EA
__end_of_crcBufS_get                     text13       0006C4
__end_of_crcBufS_put                     text4        00079C
__end_of_crcBufS_status_put              text12       000872
__end_of_gotoXy                          text21       0011C2
__end_of_main                            text0        0009EA
__end_of_memset                          text6        00111A
__end_of_printf                          text16       000946
__end_of_putch                           text17       001338
__end_of_receiveData                     text10       000354
__end_of_respondECU                      text2        000F02
__end_of_sendData                        text3        000DE0
__end_of_updateComms                     text1        001238
__initialization                         cinit        000CE0
__mediumconst                            mediumconst  007E2C
__pbssBANK0                              bssBANK0     000060
__pbssBANK1                              bssBANK1     000100
__pbssBANK2                              bssBANK2     000200
__pbssBANK3                              bssBANK3     000300
__pbssBANK4                              bssBANK4     000400
__pbssCOMRAM                             bssCOMRAM    000027
__pcinit                                 cinit        000CE0
__pcstackBANK0                           cstackBANK0  0000C0
__pcstackCOMRAM                          cstackCOMRAM 000001
__pdataBANK0                             dataBANK0    0000D9
__pdataCOMRAM                            dataCOMRAM   000044
__pidataBANK0                            idataBANK0   001338
__pidataCOMRAM                           idataCOMRAM  001346
__pintcode                               intcode      000008
__pmediumconst                           mediumconst  007E2C
__pnvCOMRAM                              nvCOMRAM     000041
__ptext0                                 text0        000946
__ptext1                                 text1        001212
__ptext10                                text10       0000B0
__ptext11                                text11       000B2C
__ptext12                                text12       00079C
__ptext13                                text13       0005E2
__ptext14                                text14       000F9E
__ptext15                                text15       000DE0
__ptext16                                text16       000872
__ptext17                                text17       00132E
__ptext18                                text18       000FE8
__ptext19                                text19       001022
__ptext2                                 text2        000EAE
__ptext20                                text20       000A8E
__ptext21                                text21       00119A
__ptext22                                text22       0012CA
__ptext23                                text23       0012B2
__ptext24                                text24       001342
__ptext25                                text25       000F02
__ptext26                                text26       001306
__ptext27                                text27       001322
__ptext28                                text28       00105A
__ptext29                                text29       0009EA
__ptext3                                 text3        000D68
__ptext30                                text30       001238
__ptext31                                text31       000C54
__ptext32                                text32       0011C2
__ptext33                                text33       0011EA
__ptext34                                text34       001298
__ptext35                                text35       0012F6
__ptext36                                text36       001314
__ptext37                                text37       000F52
__ptext39                                text39       0010C0
__ptext4                                 text4        0006C4
__ptext40                                text40       00111A
__ptext41                                text41       00108E
__ptext42                                text42       0012E0
__ptext43                                text43       000BC2
__ptext44                                text44       00125E
__ptext45                                text45       0004C8
__ptext46                                text46       001170
__ptext5                                 text5        000E4C
__ptext6                                 text6        0010EE
__ptext7                                 text7        00127C
__ptext8                                 text8        000354
__ptext9                                 text9        001146
__ramtop                                 ramtop       000600
__size_of_CRC8                           (abs)        000000
__size_of_CRCcheck                       (abs)        000000
__size_of_Delay                          (abs)        000000
__size_of_EUSART1_Receive_ISR            (abs)        000000
__size_of_EUSART1_Transmit_ISR           (abs)        000000
__size_of_EUSART2_Initialize             (abs)        000000
__size_of_EUSART2_Receive_ISR            (abs)        000000
__size_of_EUSART2_Transmit_ISR           (abs)        000000
__size_of_EUSART2_Write                  (abs)        000000
__size_of_FastTransfer_buffer_flush      (abs)        000000
__size_of_FastTransfer_buffer_modulo_inc (abs)        000000
__size_of_FastTransfer_buffer_put        (abs)        000000
__size_of_INTERRUPT_Initialize           (abs)        000000
__size_of_INTERRUPT_InterruptManager     (abs)        000000
__size_of_LCDwrite                       (abs)        000000
__size_of_NokiaStart                     (abs)        000000
__size_of_NokiaStr                       (abs)        000000
__size_of_OSCILLATOR_Initialize          (abs)        000000
__size_of_PIN_MANAGER_Initialize         (abs)        000000
__size_of_Precharge                      (abs)        000000
__size_of_SPI1_Exchange8bit              (abs)        000000
__size_of_SPI1_Initialize                (abs)        000000
__size_of_SYSTEM_Initialize              (abs)        000000
__size_of_SetCharger                     (abs)        000000
__size_of_SetMux                         (abs)        000000
__size_of_TMR0_Initialize                (abs)        000000
__size_of_TMR0_StartTimer                (abs)        000000
__size_of_ToSend                         (abs)        000000
__size_of_UART_buff_get                  (abs)        000000
__size_of_UART_buff_modulo_inc           (abs)        000000
__size_of_UART_buff_put                  (abs)        000000
__size_of_UART_buff_size                 (abs)        000000
__size_of___wmul                         (abs)        000000
__size_of_blackLcd                       (abs)        000000
__size_of_clearLcd                       (abs)        000000
__size_of_crcBufS_get                    (abs)        000000
__size_of_crcBufS_put                    (abs)        000000
__size_of_crcBufS_status_put             (abs)        000000
__size_of_gotoXy                         (abs)        000000
__size_of_main                           (abs)        000000
__size_of_memset                         (abs)        000000
__size_of_printf                         (abs)        000000
__size_of_putch                          (abs)        000000
__size_of_receiveData                    (abs)        000000
__size_of_respondECU                     (abs)        000000
__size_of_sendData                       (abs)        000000
__size_of_updateComms                    (abs)        000000
__smallconst                             smallconst   000000
_addressErrorCounter                     bssBANK0     000098
_alignErrorCounter                       bssBANK0     00009A
_blackLcd                                text33       0011EA
_calc_CS                                 bssCOMRAM    000034
_clearLcd                                text32       0011C2
_crcBufS_get                             text13       0005E2
_crcBufS_put                             text4        0006C4
_crcBufS_status_put                      text12       00079C
_crcErrorCounter                         bssBANK0     00009C
_crc_buffer                              bssBANK0     0000A4
_dataAdressErrorCounter                  bssBANK0     00009E
_ddata                                   bssBANK0     0000B5
_eusart2RxBuffer                         bssBANK0     000088
_eusart2RxCount                          bssCOMRAM    000035
_eusart2RxHead                           bssCOMRAM    000036
_eusart2RxTail                           bssCOMRAM    000037
_eusart2TxBuffer                         bssBANK0     000090
_eusart2TxBufferRemaining                nvCOMRAM     000043
_eusart2TxHead                           bssCOMRAM    000038
_eusart2TxTail                           bssCOMRAM    000039
_gotoXy                                  text21       00119A
_group                                   bssCOMRAM    000029
_i                                       bssCOMRAM    00003A
_input_buffer                            bssBANK2     000200
_main                                    text0        000946
_maxDataAddress                          bssCOMRAM    00003B
_memset                                  text6        0010EE
_moduleAddress                           bssCOMRAM    00003C
_output_buffer                           bssBANK3     000300
_printf                                  text16       000872
_putch                                   text17       00132E
_receiveArray                            bssBANK0     000060
_receiveArrayAddress                     bssCOMRAM    00002B
_receiveData                             text10       0000B0
_respondECU                              text2        000EAE
_returnAddress                           bssCOMRAM    00003D
_ring_buffer                             bssBANK1     000100
_rx_address                              bssCOMRAM    00003E
_rx_array_inx                            bssCOMRAM    00003F
_rx_buffer                               bssBANK4     000400
_rx_len                                  bssCOMRAM    000040
_sendData                                text3        000D68
_sendStructAddress                       bssCOMRAM    00002D
_serial_available                        bssBANK0     0000A0
_serial_peek                             bssBANK0     0000A2
_serial_read                             bssCOMRAM    00002F
_serial_write                            bssCOMRAM    000031
_timer0ReloadVal16bit                    nvCOMRAM     000041
_updateComms                             text1        001212
blackLcd@res                             cstackCOMRAM 000023
btemp                                    temp         000045
clearLcd@res                             cstackCOMRAM 000023
crcBufS_get@_this                        cstackCOMRAM 00001B
crcBufS_get@space                        cstackCOMRAM 00001E
crcBufS_get@time                         cstackCOMRAM 00001D
crcBufS_get@wantedTime                   cstackCOMRAM 000025
crcBufS_put@_this                        cstackCOMRAM 00001B
crcBufS_put@address                      cstackCOMRAM 00001D
crcBufS_put@oldCRC                       cstackCOMRAM 00001E
crcBufS_put@status                       cstackCOMRAM 00001F
crcBufS_status_put@_this                 cstackCOMRAM 00001B
crcBufS_status_put@status                cstackCOMRAM 00001E
crcBufS_status_put@time                  cstackCOMRAM 00001D
crcBufS_status_put@wantedTime            cstackCOMRAM 000023
end_of_initialization                    cinit        000D5A
gotoXy@x                                 cstackCOMRAM 000024
gotoXy@y                                 cstackCOMRAM 000023
int$flags                                temp         000045
intlevel0                                text         000000
intlevel1                                text         000000
intlevel2                                text         000000
intlevel3                                text         000000
memset@c                                 cstackCOMRAM 00001D
memset@n                                 cstackCOMRAM 00001F
memset@p                                 cstackCOMRAM 000021
memset@p1                                cstackCOMRAM 00001B
printf@ap                                cstackCOMRAM 000022
printf@c                                 cstackCOMRAM 000024
printf@cp                                cstackCOMRAM 000025
printf@f                                 cstackCOMRAM 00001D
printf@flag                              cstackCOMRAM 000021
putch@txData                             cstackCOMRAM 00001C
receiveData@crcHolder                    cstackBANK0  0000CD
receiveData@crcHolder_1422               cstackBANK0  0000CE
receiveData@holder                       cstackBANK0  0000CF
receiveData@holder_1421                  cstackBANK0  0000D2
receiveData@r                            cstackBANK0  0000D7
receiveData@u                            cstackBANK0  0000D5
sendData@CS                              cstackBANK0  0000C2
sendData@i                               cstackBANK0  0000C3
sendData@whereToSend                     cstackBANK0  0000C1
stackhi                                  (abs)        0005FF
stacklo                                  (abs)        0004C8
start                                    init         0000AC
start_initialization                     cinit        000CE0


FUNCTION INFORMATION:

 *************** function _main *****************
 Defined at:
		line 16 in file "main.c"
 Parameters:    Size  Location     Type
		None
 Auto vars:     Size  Location     Type
		None
 Return value:  Size  Location     Type
                  1    wreg      void 
 Registers used:
		wreg, fsr0l, fsr0h, fsr2l, fsr2h, status,2, status,0, tblptrl, tblptrh, tblptru, prodl, prodh, cstack
 Tracked objects:
		On entry : 
		On exit  : 
		Unchanged: 
 Data sizes:     COMRAM   BANK0   BANK1   BANK2   BANK3   BANK4   BANK5
      Params:         0       0       0       0       0       0       0
      Locals:         0       0       0       0       0       0       0
      Temps:          0       0       0       0       0       0       0
      Totals:         0       0       0       0       0       0       0
Total ram usage:        0 bytes
 Hardware stack levels required when called:    9
 This function calls:
		_Delay
		_NokiaStart
		_NokiaStr
		_SYSTEM_Initialize
		_gotoXy
		_respondECU
		_updateComms
 This function is called by:
		Startup code after reset
 This function uses a non-reentrant model


 *************** function _updateComms *****************
 Defined at:
		line 14 in file "Communications.c"
 Parameters:    Size  Location     Type
		None
 Auto vars:     Size  Location     Type
		None
 Return value:  Size  Location     Type
                  1    wreg      void 
 Registers used:
		wreg, fsr0l, fsr0h, fsr2l, fsr2h, status,2, status,0, tblptrl, tblptrh, tblptru, prodl, prodh, cstack
 Tracked objects:
		On entry : 
		On exit  : 
		Unchanged: 
 Data sizes:     COMRAM   BANK0   BANK1   BANK2   BANK3   BANK4   BANK5
      Params:         0       0       0       0       0       0       0
      Locals:         0       0       0       0       0       0       0
      Temps:          0       0       0       0       0       0       0
      Totals:         0       0       0       0       0       0       0
Total ram usage:        0 bytes
 Hardware stack levels used:    1
 Hardware stack levels required when called:    8
 This function calls:
		_Precharge
		_SetCharger
		_receiveData
		_respondECU
 This function is called by:
		_main
 This function uses a non-reentrant model


 *************** function _respondECU *****************
 Defined at:
		line 33 in file "Communications.c"
 Parameters:    Size  Location     Type
		None
 Auto vars:     Size  Location     Type
		None
 Return value:  Size  Location     Type
                  2  274[None  ] int 
 Registers used:
		wreg, fsr2l, fsr2h, status,2, status,0, cstack
 Tracked objects:
		On entry : 
		On exit  : 
		Unchanged: 
 Data sizes:     COMRAM   BANK0   BANK1   BANK2   BANK3   BANK4   BANK5
      Params:         0       0       0       0       0       0       0
      Locals:         0       0       0       0       0       0       0
      Temps:          0       0       0       0       0       0       0
      Totals:         0       0       0       0       0       0       0
Total ram usage:        0 bytes
 Hardware stack levels used:    1
 Hardware stack levels required when called:    7
 This function calls:
		_Delay
		_ToSend
		_sendData
 This function is called by:
		_main
		_updateComms
 This function uses a non-reentrant model


 *************** function _sendData *****************
 Defined at:
		line 53 in file "FastTransfer.c"
 Parameters:    Size  Location     Type
  whereToSend     1    wreg     unsigned char 
 Auto vars:     Size  Location     Type
  whereToSend     1    1[BANK0 ] unsigned char 
  i               2    3[BANK0 ] int 
  CS              1    2[BANK0 ] unsigned char 
 Return value:  Size  Location     Type
                  1    wreg      void 
 Registers used:
		wreg, fsr2l, fsr2h, status,2, status,0, cstack
 Tracked objects:
		On entry : 
		On exit  : 
		Unchanged: 
 Data sizes:     COMRAM   BANK0   BANK1   BANK2   BANK3   BANK4   BANK5
      Params:         0       0       0       0       0       0       0
      Locals:         0       4       0       0       0       0       0
      Temps:          0       1       0       0       0       0       0
      Totals:         0       5       0       0       0       0       0
Total ram usage:        5 bytes
 Hardware stack levels used:    1
 Hardware stack levels required when called:    6
 This function calls:
		_CRC8
		_FastTransfer_buffer_flush
		_crcBufS_put
 This function is called by:
		_respondECU
 This function uses a non-reentrant model


 *************** function _crcBufS_put *****************
 Defined at:
		line 321 in file "FastTransfer.c"
 Parameters:    Size  Location     Type
  _this           2   26[COMRAM] PTR struct crcBufS
		 -> crc_buffer(17), 
  address         1   28[COMRAM] unsigned char 
  oldCRC          1   29[COMRAM] unsigned char 
  status          1   30[COMRAM] unsigned char 
 Auto vars:     Size  Location     Type
		None
 Return value:  Size  Location     Type
                  1    wreg      void 
 Registers used:
		wreg, fsr2l, fsr2h, status,2, status,0
 Tracked objects:
		On entry : 
		On exit  : 
		Unchanged: 
 Data sizes:     COMRAM   BANK0   BANK1   BANK2   BANK3   BANK4   BANK5
      Params:         5       0       0       0       0       0       0
      Locals:         0       0       0       0       0       0       0
      Temps:          2       0       0       0       0       0       0
      Totals:         7       0       0       0       0       0       0
Total ram usage:        7 bytes
 Hardware stack levels used:    1
 Hardware stack levels required when called:    4
 This function calls:
		Nothing
 This function is called by:
		_sendData
 This function uses a non-reentrant model


 *************** function _FastTransfer_buffer_flush *****************
 Defined at:
		line 261 in file "FastTransfer.c"
 Parameters:    Size  Location     Type
  _this           2   34[COMRAM] PTR struct ringBufS
		 -> ring_buffer(206), 
  clearBuffer     2   36[COMRAM] const int 
 Auto vars:     Size  Location     Type
		None
 Return value:  Size  Location     Type
                  1    wreg      void 
 Registers used:
		wreg, fsr2l, fsr2h, status,2, status,0, cstack
 Tracked objects:
		On entry : 
		On exit  : 
		Unchanged: 
 Data sizes:     COMRAM   BANK0   BANK1   BANK2   BANK3   BANK4   BANK5
      Params:         4       0       0       0       0       0       0
      Locals:         0       0       0       0       0       0       0
      Temps:          0       0       0       0       0       0       0
      Totals:         4       0       0       0       0       0       0
Total ram usage:        4 bytes
 Hardware stack levels used:    1
 Hardware stack levels required when called:    5
 This function calls:
		_memset
 This function is called by:
		_sendData
 This function uses a non-reentrant model


 *************** function _memset *****************
 Defined at:
		line 8 in file "C:\Program Files (x86)\Microchip\xc8\v1.36\sources\common\memset.c"
 Parameters:    Size  Location     Type
  p1              2   26[COMRAM] PTR void 
		 -> output_buffer(206), input_buffer(206), ring_buffer(206), 
  c               2   28[COMRAM] int 
  n               2   30[COMRAM] unsigned int 
 Auto vars:     Size  Location     Type
  p               2   32[COMRAM] PTR unsigned char 
		 -> output_buffer(206), input_buffer(206), ring_buffer(206), 
 Return value:  Size  Location     Type
                  2   26[COMRAM] PTR void 
 Registers used:
		wreg, fsr2l, fsr2h, status,2, status,0
 Tracked objects:
		On entry : 
		On exit  : 
		Unchanged: 
 Data sizes:     COMRAM   BANK0   BANK1   BANK2   BANK3   BANK4   BANK5
      Params:         6       0       0       0       0       0       0
      Locals:         2       0       0       0       0       0       0
      Temps:          0       0       0       0       0       0       0
      Totals:         8       0       0       0       0       0       0
Total ram usage:        8 bytes
 Hardware stack levels used:    1
 Hardware stack levels required when called:    4
 This function calls:
		Nothing
 This function is called by:
		_FastTransfer_buffer_flush
		_UART_buff_init
		_UART_buff_flush
 This function uses a non-reentrant model


 *************** function _ToSend *****************
 Defined at:
		line 216 in file "FastTransfer.c"
 Parameters:    Size  Location     Type
  where           1    wreg     unsigned char 
  what            2    2[BANK0 ] unsigned int 
 Auto vars:     Size  Location     Type
  where           1   37[COMRAM] unsigned char 
 Return value:  Size  Location     Type
                  1    wreg      void 
 Registers used:
		wreg, fsr2l, fsr2h, status,2, status,0, cstack
 Tracked objects:
		On entry : 
		On exit  : 
		Unchanged: 
 Data sizes:     COMRAM   BANK0   BANK1   BANK2   BANK3   BANK4   BANK5
      Params:         0       2       0       0       0       0       0
      Locals:         1       0       0       0       0       0       0
      Temps:          0       0       0       0       0       0       0
      Totals:         1       2       0       0       0       0       0
Total ram usage:        3 bytes
 Hardware stack levels used:    1
 Hardware stack levels required when called:    6
 This function calls:
		_FastTransfer_buffer_put
 This function is called by:
		_respondECU
 This function uses a non-reentrant model


 *************** function _FastTransfer_buffer_put *****************
 Defined at:
		line 223 in file "FastTransfer.c"
 Parameters:    Size  Location     Type
  _this           2   32[COMRAM] PTR struct ringBufS
		 -> ring_buffer(206), 
  towhere         1   34[COMRAM] unsigned char 
  towhat          2   35[COMRAM] unsigned int 
 Auto vars:     Size  Location     Type
		None
 Return value:  Size  Location     Type
                  1    wreg      void 
 Registers used:
		wreg, fsr2l, fsr2h, status,2, status,0, cstack
 Tracked objects:
		On entry : 
		On exit  : 
		Unchanged: 
 Data sizes:     COMRAM   BANK0   BANK1   BANK2   BANK3   BANK4   BANK5
      Params:         5       0       0       0       0       0       0
      Locals:         0       0       0       0       0       0       0
      Temps:          0       2       0       0       0       0       0
      Totals:         5       2       0       0       0       0       0
Total ram usage:        7 bytes
 Hardware stack levels used:    1
 Hardware stack levels required when called:    5
 This function calls:
		_FastTransfer_buffer_modulo_inc
 This function is called by:
		_ToSend
 This function uses a non-reentrant model


 *************** function _FastTransfer_buffer_modulo_inc *****************
 Defined at:
		line 273 in file "FastTransfer.c"
 Parameters:    Size  Location     Type
  value           2   26[COMRAM] const unsigned int 
  modulus         2   28[COMRAM] const unsigned int 
 Auto vars:     Size  Location     Type
  my_value        2   30[COMRAM] unsigned int 
 Return value:  Size  Location     Type
                  2   26[COMRAM] unsigned int 
 Registers used:
		wreg, status,2, status,0
 Tracked objects:
		On entry : 
		On exit  : 
		Unchanged: 
 Data sizes:     COMRAM   BANK0   BANK1   BANK2   BANK3   BANK4   BANK5
      Params:         4       0       0       0       0       0       0
      Locals:         2       0       0       0       0       0       0
      Temps:          0       0       0       0       0       0       0
      Totals:         6       0       0       0       0       0       0
Total ram usage:        6 bytes
 Hardware stack levels used:    1
 Hardware stack levels required when called:    4
 This function calls:
		Nothing
 This function is called by:
		_FastTransfer_buffer_put
		_FastTransfer_buffer_get
 This function uses a non-reentrant model


 *************** function _receiveData *****************
 Defined at:
		line 82 in file "FastTransfer.c"
 Parameters:    Size  Location     Type
		None
 Auto vars:     Size  Location     Type
  holder          3   18[BANK0 ] unsigned char [3]
  crcHolder       1   14[BANK0 ] unsigned char 
  holder          3   15[BANK0 ] unsigned char [3]
  crcHolder       1   13[BANK0 ] unsigned char 
  u               2   21[BANK0 ] int 
  r               2   23[BANK0 ] int 
 Return value:  Size  Location     Type
                  1    wreg      unsigned char 
 Registers used:
		wreg, fsr2l, fsr2h, status,2, status,0, prodl, prodh, cstack
 Tracked objects:
		On entry : 
		On exit  : 
		Unchanged: 
 Data sizes:     COMRAM   BANK0   BANK1   BANK2   BANK3   BANK4   BANK5
      Params:         0       0       0       0       0       0       0
      Locals:         0      12       0       0       0       0       0
      Temps:          0       6       0       0       0       0       0
      Totals:         0      18       0       0       0       0       0
Total ram usage:       18 bytes
 Hardware stack levels used:    1
 Hardware stack levels required when called:    6
 This function calls:
		_CRC8
		_CRCcheck
 This function is called by:
		_updateComms
 This function uses a non-reentrant model


 *************** function _CRCcheck *****************
 Defined at:
		line 373 in file "FastTransfer.c"
 Parameters:    Size  Location     Type
		None
 Auto vars:     Size  Location     Type
  rt              2    5[BANK0 ] int 
  arrayHolder     3    2[BANK0 ] unsigned char [3]
  calculatedCR    1    1[BANK0 ] unsigned char 
  SentCRC         1    0[BANK0 ] unsigned char 
 Return value:  Size  Location     Type
                  1    wreg      void 
 Registers used:
		wreg, fsr2l, fsr2h, status,2, status,0, prodl, prodh, cstack
 Tracked objects:
		On entry : 
		On exit  : 
		Unchanged: 
 Data sizes:     COMRAM   BANK0   BANK1   BANK2   BANK3   BANK4   BANK5
      Params:         0       0       0       0       0       0       0
      Locals:         0       7       0       0       0       0       0
      Temps:          0       0       0       0       0       0       0
      Totals:         0       7       0       0       0       0       0
Total ram usage:        7 bytes
 Hardware stack levels used:    1
 Hardware stack levels required when called:    5
 This function calls:
		_CRC8
		_crcBufS_get
		_crcBufS_status_put
 This function is called by:
		_receiveData
 This function uses a non-reentrant model


 *************** function _crcBufS_status_put *****************
 Defined at:
		line 336 in file "FastTransfer.c"
 Parameters:    Size  Location     Type
  _this           2   26[COMRAM] PTR struct crcBufS
		 -> crc_buffer(17), 
  time            1   28[COMRAM] unsigned char 
  status          1   29[COMRAM] unsigned char 
 Auto vars:     Size  Location     Type
  wantedTime      2   34[COMRAM] int 
 Return value:  Size  Location     Type
                  1    wreg      void 
 Registers used:
		wreg, fsr2l, fsr2h, status,2, status,0, prodl, prodh
 Tracked objects:
		On entry : 
		On exit  : 
		Unchanged: 
 Data sizes:     COMRAM   BANK0   BANK1   BANK2   BANK3   BANK4   BANK5
      Params:         4       0       0       0       0       0       0
      Locals:         2       0       0       0       0       0       0
      Temps:          4       0       0       0       0       0       0
      Totals:        10       0       0       0       0       0       0
Total ram usage:       10 bytes
 Hardware stack levels used:    1
 Hardware stack levels required when called:    4
 This function calls:
		Nothing
 This function is called by:
		_CRCcheck
 This function uses a non-reentrant model


 *************** function _crcBufS_get *****************
 Defined at:
		line 353 in file "FastTransfer.c"
 Parameters:    Size  Location     Type
  _this           2   26[COMRAM] PTR struct crcBufS
		 -> crc_buffer(17), 
  time            1   28[COMRAM] unsigned char 
  space           1   29[COMRAM] unsigned char 
 Auto vars:     Size  Location     Type
  wantedTime      2   36[COMRAM] int 
 Return value:  Size  Location     Type
                  1    wreg      unsigned char 
 Registers used:
		wreg, fsr2l, fsr2h, status,2, status,0, prodl, prodh
 Tracked objects:
		On entry : 
		On exit  : 
		Unchanged: 
 Data sizes:     COMRAM   BANK0   BANK1   BANK2   BANK3   BANK4   BANK5
      Params:         4       0       0       0       0       0       0
      Locals:         2       0       0       0       0       0       0
      Temps:          6       0       0       0       0       0       0
      Totals:        12       0       0       0       0       0       0
Total ram usage:       12 bytes
 Hardware stack levels used:    1
 Hardware stack levels required when called:    4
 This function calls:
		Nothing
 This function is called by:
		_CRCcheck
		_AKNAK
 This function uses a non-reentrant model


 *************** function _CRC8 *****************
 Defined at:
		line 34 in file "FastTransfer.c"
 Parameters:    Size  Location     Type
  data            2   26[COMRAM] PTR const unsigned char 
		 -> CRCcheck@arrayHolder(3), receiveData@holder_1421(3), receiveData@holder(3), rx_buffer(200), 
		 -> ring_buffer(206), NULL(0), 
  len             1   28[COMRAM] unsigned char 
 Auto vars:     Size  Location     Type
  sum             1   29[COMRAM] unsigned char 
  tempI           1   31[COMRAM] unsigned char 
  extract         1   30[COMRAM] unsigned char 
  crc             1   32[COMRAM] unsigned char 
 Return value:  Size  Location     Type
                  1    wreg      unsigned char 
 Registers used:
		wreg, fsr2l, fsr2h, status,2, status,0
 Tracked objects:
		On entry : 
		On exit  : 
		Unchanged: 
 Data sizes:     COMRAM   BANK0   BANK1   BANK2   BANK3   BANK4   BANK5
      Params:         3       0       0       0       0       0       0
      Locals:         4       0       0       0       0       0       0
      Temps:          0       0       0       0       0       0       0
      Totals:         7       0       0       0       0       0       0
Total ram usage:        7 bytes
 Hardware stack levels used:    1
 Hardware stack levels required when called:    4
 This function calls:
		Nothing
 This function is called by:
		_sendData
		_receiveData
		_CRCcheck
 This function uses a non-reentrant model


 *************** function _SetCharger *****************
 Defined at:
		line 58 in file "Functions.c"
 Parameters:    Size  Location     Type
  mode            1    wreg     unsigned char 
  Current         1    0[BANK0 ] unsigned char 
  Voltage         1    1[BANK0 ] unsigned char 
 Auto vars:     Size  Location     Type
  mode            1    2[BANK0 ] unsigned char 
 Return value:  Size  Location     Type
[...]
      Params:         0       0       0       0       0       0       0
      Locals:         2       0       0       0       0       0       0
      Temps:          0       0       0       0       0       0       0
      Totals:         2       0       0       0       0       0       0
Total ram usage:        2 bytes
 Hardware stack levels used:    1
 Hardware stack levels required when called:    6
 This function calls:
		_LCDwrite
 This function is called by:
		_NokiaStart
 This function uses a non-reentrant model


 *************** function _blackLcd *****************
 Defined at:
		line 81 in file "NokiaLCD.c"
 Parameters:    Size  Location     Type
		None
 Auto vars:     Size  Location     Type
  res             2   34[COMRAM] int 
 Return value:  Size  Location     Type
                  1    wreg      void 
 Registers used:
		wreg, status,2, status,0, cstack
 Tracked objects:
		On entry : 
		On exit  : 
		Unchanged: 
 Data sizes:     COMRAM   BANK0   BANK1   BANK2   BANK3   BANK4   BANK5
      Params:         0       0       0       0       0       0       0
      Locals:         2       0       0       0       0       0       0
      Temps:          0       0       0       0       0       0       0
      Totals:         2       0       0       0       0       0       0
Total ram usage:        2 bytes
 Hardware stack levels used:    1
 Hardware stack levels required when called:    6
 This function calls:
		_LCDwrite
 This function is called by:
		_NokiaStart
 This function uses a non-reentrant model


 *************** function _LCDwrite *****************
 Defined at:
		line 47 in file "NokiaLCD.c"
 Parameters:    Size  Location     Type
  mode            1    wreg     unsigned char 
  data            1   32[COMRAM] unsigned char 
 Auto vars:     Size  Location     Type
  mode            1   33[COMRAM] unsigned char 
 Return value:  Size  Location     Type
                  1    wreg      void 
 Registers used:
		wreg, status,2, cstack
 Tracked objects:
		On entry : 
		On exit  : 
		Unchanged: 
 Data sizes:     COMRAM   BANK0   BANK1   BANK2   BANK3   BANK4   BANK5
      Params:         1       0       0       0       0       0       0
      Locals:         1       0       0       0       0       0       0
      Temps:          0       0       0       0       0       0       0
      Totals:         2       0       0       0       0       0       0
Total ram usage:        2 bytes
 Hardware stack levels used:    1
 Hardware stack levels required when called:    5
 This function calls:
		_SPI1_Exchange8bit
 This function is called by:
		_NokiaStart
		_clearLcd
		_blackLcd
		_gotoXy
		_NokiaStr
 This function uses a non-reentrant model


 *************** function _SPI1_Exchange8bit *****************
 Defined at:
		line 78 in file "mcc_generated_files/spi1.c"
 Parameters:    Size  Location     Type
  data            1    wreg     unsigned char 
 Auto vars:     Size  Location     Type
  data            1   26[COMRAM] unsigned char 
 Return value:  Size  Location     Type
                  1    wreg      unsigned char 
 Registers used:
		wreg, status,2
 Tracked objects:
		On entry : 
		On exit  : 
		Unchanged: 
 Data sizes:     COMRAM   BANK0   BANK1   BANK2   BANK3   BANK4   BANK5
      Params:         0       0       0       0       0       0       0
      Locals:         1       0       0       0       0       0       0
      Temps:          0       0       0       0       0       0       0
      Totals:         1       0       0       0       0       0       0
Total ram usage:        1 bytes
 Hardware stack levels used:    1
 Hardware stack levels required when called:    4
 This function calls:
		Nothing
 This function is called by:
		_LCDwrite
		_SPI1_Exchange8bitBuffer
 This function uses a non-reentrant model


 *************** function _SPI1_Initialize *****************
 Defined at:
		line 64 in file "mcc_generated_files/spi1.c"
 Parameters:    Size  Location     Type
		None
 Auto vars:     Size  Location     Type
		None
 Return value:  Size  Location     Type
                  1    wreg      void 
 Registers used:
		wreg, status,2
 Tracked objects:
		On entry : 
		On exit  : 
		Unchanged: 
 Data sizes:     COMRAM   BANK0   BANK1   BANK2   BANK3   BANK4   BANK5
      Params:         0       0       0       0       0       0       0
      Locals:         0       0       0       0       0       0       0
      Temps:          0       0       0       0       0       0       0
      Totals:         0       0       0       0       0       0       0
Total ram usage:        0 bytes
 Hardware stack levels used:    1
 Hardware stack levels required when called:    4
 This function calls:
		Nothing
 This function is called by:
		_NokiaStart
 This function uses a non-reentrant model


 *************** function _Delay *****************
 Defined at:
		line 11 in file "Functions.c"
 Parameters:    Size  Location     Type
  wait            4   26[COMRAM] long 
 Auto vars:     Size  Location     Type
  i               4   31[COMRAM] long 
 Return value:  Size  Location     Type
                  1    wreg      void 
 Registers used:
		wreg, status,2, status,0
 Tracked objects:
		On entry : 
		On exit  : 
		Unchanged: 
 Data sizes:     COMRAM   BANK0   BANK1   BANK2   BANK3   BANK4   BANK5
      Params:         4       0       0       0       0       0       0
      Locals:         4       0       0       0       0       0       0
      Temps:          1       0       0       0       0       0       0
      Totals:         9       0       0       0       0       0       0
Total ram usage:        9 bytes
 Hardware stack levels used:    1
 Hardware stack levels required when called:    4
 This function calls:
		Nothing
 This function is called by:
		_main
		_respondECU
		_Precharge
		_NokiaStart
 This function uses a non-reentrant model


 *************** function _INTERRUPT_InterruptManager *****************
 Defined at:
		line 68 in file "mcc_generated_files/interrupt_manager.c"
 Parameters:    Size  Location     Type
		None
 Auto vars:     Size  Location     Type
		None
 Return value:  Size  Location     Type
                  1    wreg      void 
 Registers used:
		wreg, fsr2l, fsr2h, status,2, status,0, prodl, prodh, cstack
 Tracked objects:
		On entry : 
		On exit  : 
		Unchanged: 
 Data sizes:     COMRAM   BANK0   BANK1   BANK2   BANK3   BANK4   BANK5
      Params:         0       0       0       0       0       0       0
      Locals:         0       0       0       0       0       0       0
      Temps:         14       0       0       0       0       0       0
      Totals:        14       0       0       0       0       0       0
Total ram usage:       14 bytes
 Hardware stack levels used:    1
 Hardware stack levels required when called:    3
 This function calls:
		_EUSART1_Receive_ISR
		_EUSART1_Transmit_ISR
		_EUSART2_Receive_ISR
		_EUSART2_Transmit_ISR
 This function is called by:
		Interrupt level 2
 This function uses a non-reentrant model


 *************** function _EUSART2_Transmit_ISR *****************
 Defined at:
		line 155 in file "mcc_generated_files/eusart2.c"
 Parameters:    Size  Location     Type
		None
 Auto vars:     Size  Location     Type
		None
 Return value:  Size  Location     Type
                  1    wreg      void 
 Registers used:
		wreg, fsr2l, fsr2h, status,2, status,0, prodl, prodh
 Tracked objects:
		On entry : 
		On exit  : 
		Unchanged: 
 Data sizes:     COMRAM   BANK0   BANK1   BANK2   BANK3   BANK4   BANK5
      Params:         0       0       0       0       0       0       0
      Locals:         0       0       0       0       0       0       0
      Temps:          0       0       0       0       0       0       0
      Totals:         0       0       0       0       0       0       0
Total ram usage:        0 bytes
 Hardware stack levels used:    1
 This function calls:
		Nothing
 This function is called by:
		_INTERRUPT_InterruptManager
 This function uses a non-reentrant model


 *************** function _EUSART2_Receive_ISR *****************
 Defined at:
		line 169 in file "mcc_generated_files/eusart2.c"
 Parameters:    Size  Location     Type
		None
 Auto vars:     Size  Location     Type
		None
 Return value:  Size  Location     Type
                  1    wreg      void 
 Registers used:
		wreg, fsr2l, fsr2h, status,2, status,0, prodl, prodh
 Tracked objects:
		On entry : 
		On exit  : 
		Unchanged: 
 Data sizes:     COMRAM   BANK0   BANK1   BANK2   BANK3   BANK4   BANK5
      Params:         0       0       0       0       0       0       0
      Locals:         0       0       0       0       0       0       0
      Temps:          0       0       0       0       0       0       0
      Totals:         0       0       0       0       0       0       0
Total ram usage:        0 bytes
 Hardware stack levels used:    1
 This function calls:
		Nothing
 This function is called by:
		_INTERRUPT_InterruptManager
 This function uses a non-reentrant model


 *************** function _EUSART1_Transmit_ISR *****************
 Defined at:
		line 150 in file "UART.c"
 Parameters:    Size  Location     Type
		None
 Auto vars:     Size  Location     Type
		None
 Return value:  Size  Location     Type
                  2  169[None  ] int 
 Registers used:
		wreg, fsr2l, fsr2h, status,2, status,0, cstack
 Tracked objects:
		On entry : 
		On exit  : 
		Unchanged: 
 Data sizes:     COMRAM   BANK0   BANK1   BANK2   BANK3   BANK4   BANK5
      Params:         0       0       0       0       0       0       0
      Locals:         0       0       0       0       0       0       0
      Temps:          0       0       0       0       0       0       0
      Totals:         0       0       0       0       0       0       0
Total ram usage:        0 bytes
 Hardware stack levels used:    1
 Hardware stack levels required when called:    2
 This function calls:
		_UART_buff_get
		_UART_buff_size
 This function is called by:
		_INTERRUPT_InterruptManager
 This function uses a non-reentrant model


 *************** function _UART_buff_size *****************
 Defined at:
		line 102 in file "UART.c"
 Parameters:    Size  Location     Type
  _this           2    0[COMRAM] PTR struct UART_ring_buf
		 -> output_buffer(206), input_buffer(206), 
 Auto vars:     Size  Location     Type
		None
 Return value:  Size  Location     Type
                  2    0[COMRAM] int 
 Registers used:
		wreg, fsr2l, fsr2h, status,2, status,0
 Tracked objects:
		On entry : 
		On exit  : 
		Unchanged: 
 Data sizes:     COMRAM   BANK0   BANK1   BANK2   BANK3   BANK4   BANK5
      Params:         2       0       0       0       0       0       0
      Locals:         0       0       0       0       0       0       0
      Temps:          0       0       0       0       0       0       0
      Totals:         2       0       0       0       0       0       0
Total ram usage:        2 bytes
 Hardware stack levels used:    1
 This function calls:
		Nothing
 This function is called by:
		_EUSART1_Transmit_ISR
		_Receive_available
 This function uses a non-reentrant model


 *************** function _UART_buff_get *****************
 Defined at:
		line 81 in file "UART.c"
 Parameters:    Size  Location     Type
  _this           2    6[COMRAM] PTR struct UART_ring_buf
		 -> output_buffer(206), input_buffer(206), 
 Auto vars:     Size  Location     Type
  c               1   10[COMRAM] unsigned char 
 Return value:  Size  Location     Type
                  1    wreg      unsigned char 
 Registers used:
		wreg, fsr2l, fsr2h, status,2, status,0, cstack
 Tracked objects:
		On entry : 
		On exit  : 
		Unchanged: 
 Data sizes:     COMRAM   BANK0   BANK1   BANK2   BANK3   BANK4   BANK5
      Params:         2       0       0       0       0       0       0
      Locals:         1       0       0       0       0       0       0
      Temps:          2       0       0       0       0       0       0
      Totals:         5       0       0       0       0       0       0
Total ram usage:        5 bytes
 Hardware stack levels used:    1
 Hardware stack levels required when called:    1
 This function calls:
		_UART_buff_modulo_inc
 This function is called by:
		_EUSART1_Transmit_ISR
		_Receive_get
		_Send_put
 This function uses a non-reentrant model


 *************** function _EUSART1_Receive_ISR *****************
 Defined at:
		line 139 in file "UART.c"
 Parameters:    Size  Location     Type
		None
 Auto vars:     Size  Location     Type
  data            1   11[COMRAM] unsigned char 
 Return value:  Size  Location     Type
                  2  167[None  ] int 
 Registers used:
		wreg, fsr2l, fsr2h, status,2, status,0, cstack
 Tracked objects:
		On entry : 
		On exit  : 
		Unchanged: 
 Data sizes:     COMRAM   BANK0   BANK1   BANK2   BANK3   BANK4   BANK5
      Params:         0       0       0       0       0       0       0
      Locals:         1       0       0       0       0       0       0
      Temps:          0       0       0       0       0       0       0
      Totals:         1       0       0       0       0       0       0
Total ram usage:        1 bytes
 Hardware stack levels used:    1
 Hardware stack levels required when called:    2
 This function calls:
		_UART_buff_put
 This function is called by:
		_INTERRUPT_InterruptManager
 This function uses a non-reentrant model


 *************** function _UART_buff_put *****************
 Defined at:
		line 68 in file "UART.c"
 Parameters:    Size  Location     Type
  _this           2    6[COMRAM] PTR struct UART_ring_buf
		 -> output_buffer(206), input_buffer(206), 
  c               1    8[COMRAM] const unsigned char 
 Auto vars:     Size  Location     Type
		None
 Return value:  Size  Location     Type
                  1    wreg      void 
 Registers used:
		wreg, fsr2l, fsr2h, status,2, status,0, cstack
 Tracked objects:
		On entry : 
		On exit  : 
		Unchanged: 
 Data sizes:     COMRAM   BANK0   BANK1   BANK2   BANK3   BANK4   BANK5
      Params:         3       0       0       0       0       0       0
      Locals:         0       0       0       0       0       0       0
      Temps:          2       0       0       0       0       0       0
      Totals:         5       0       0       0       0       0       0
Total ram usage:        5 bytes
 Hardware stack levels used:    1
 Hardware stack levels required when called:    1
 This function calls:
		_UART_buff_modulo_inc
 This function is called by:
		_EUSART1_Receive_ISR
		_Send_put
 This function uses a non-reentrant model


 *************** function _UART_buff_modulo_inc *****************
 Defined at:
		line 106 in file "UART.c"
 Parameters:    Size  Location     Type
  value           2    0[COMRAM] const unsigned int 
  modulus         2    2[COMRAM] const unsigned int 
 Auto vars:     Size  Location     Type
  my_value        2    4[COMRAM] unsigned int 
 Return value:  Size  Location     Type
                  2    0[COMRAM] unsigned int 
 Registers used:
		wreg, status,2, status,0
 Tracked objects:
		On entry : 
		On exit  : 
		Unchanged: 
 Data sizes:     COMRAM   BANK0   BANK1   BANK2   BANK3   BANK4   BANK5
      Params:         4       0       0       0       0       0       0
      Locals:         2       0       0       0       0       0       0
      Temps:          0       0       0       0       0       0       0
      Totals:         6       0       0       0       0       0       0
Total ram usage:        6 bytes
 Hardware stack levels used:    1
 This function calls:
		Nothing
 This function is called by:
		_UART_buff_put
		_UART_buff_get
 This function uses a non-reentrant model



MODULE INFORMATION

Module		Function		Class		Link	Load	Size
FastTransfer.c
		_FastTransfer_buffer_put		CODE           	0354	0000	373
		_CRC8          		CODE           	0F9E	0000	75
		_receiveData   		CODE           	00B0	0000	677
		_sendData      		CODE           	0D68	0000	121
		_CRCcheck      		CODE           	0B2C	0000	151
		_FastTransfer_buffer_modulo_inc		CODE           	1146	0000	43
		_crcBufS_status_put		CODE           	079C	0000	215
		_crcBufS_get   		CODE           	05E2	0000	227
		_crcBufS_put   		CODE           	06C4	0000	217
		_FastTransfer_buffer_flush		CODE           	0E4C	0000	99
		_ToSend        		CODE           	127C	0000	29

FastTransfer.c estimated size: 2227

C:\Program Files (x86)\Microchip\xc8\v1.36\sources\common\memset.c
		_memset        		CODE           	10EE	0000	45

C:\Program Files (x86)\Microchip\xc8\v1.36\sources\common\memset.c estimated size: 45

UART.c
		_UART_buff_modulo_inc		CODE           	1170	0000	43
		_EUSART1_Receive_ISR		CODE           	125E	0000	31
		_UART_buff_get 		CODE           	0BC2	0000	147
		_UART_buff_put 		CODE           	04C8	0000	283
		_EUSART1_Transmit_ISR		CODE           	108E	0000	51
		_UART_buff_size		CODE           	12E0	0000	23

UART.c estimated size: 578

mcc_generated_files/eusart2.c
		_putch         		CODE           	132E	0000	11
		_EUSART2_Write 		CODE           	0FE8	0000	59
		_EUSART2_Receive_ISR		CODE           	111A	0000	45
		_EUSART2_Transmit_ISR		CODE           	10C0	0000	47
		_EUSART2_Initialize		CODE           	105A	0000	53

mcc_generated_files/eusart2.c estimated size: 215

Communications.c
		_updateComms   		CODE           	1212	0000	39
		_respondECU    		CODE           	0EAE	0000	85

Communications.c estimated size: 124

mcc_generated_files/interrupt_manager.c
		_INTERRUPT_Initialize		CODE           	1322	0000	13
		_INTERRUPT_InterruptManager		CODE           	0008	0000	165

mcc_generated_files/interrupt_manager.c estimated size: 178

mcc_generated_files/tmr0.c
		_TMR0_StartTimer		CODE           	1342	0000	5
		_TMR0_Initialize		CODE           	12B2	0000	25

mcc_generated_files/tmr0.c estimated size: 30

mcc_generated_files/pin_manager.c
		_PIN_MANAGER_Initialize		CODE           	0F02	0000	81

mcc_generated_files/pin_manager.c estimated size: 81

mcc_generated_files/spi1.c
		_SPI1_Initialize		CODE           	1314	0000	15
		_SPI1_Exchange8bit		CODE           	12F6	0000	17

mcc_generated_files/spi1.c estimated size: 32

C:\Program Files (x86)\Microchip\xc8\v1.36\sources\common\doprnt.c
		_printf        		CODE           	0872	0000	213

C:\Program Files (x86)\Microchip\xc8\v1.36\sources\common\doprnt.c estimated size: 213

C:\Program Files (x86)\Microchip\xc8\v1.36\sources\common\Umul16.c
		___wmul        		CODE           	1238	0000	39

C:\Program Files (x86)\Microchip\xc8\v1.36\sources\common\Umul16.c estimated size: 39

Functions.c
		_SetMux        		CODE           	1022	0000	57
		_SetCharger    		CODE           	0DE0	0000	109
		_Delay         		CODE           	0F52	0000	77
		_Precharge     		CODE           	0A8E	0000	159

Functions.c estimated size: 402

shared
		__initialization		CODE           	0CE0	0000	123
		_FONTLOOKUP    		MEDIUMCONST    	7E2D	0000	456

shared estimated size: 579

mcc_generated_files/mcc.c
		_OSCILLATOR_Initialize		CODE           	1306	0000	15
		_SYSTEM_Initialize		CODE           	12CA	0000	23

mcc_generated_files/mcc.c estimated size: 38

NokiaLCD.c
		_LCDwrite      		CODE           	1298	0000	27
		_blackLcd      		CODE           	11EA	0000	41
		_gotoXy        		CODE           	119A	0000	41
		_NokiaStr      		CODE           	09EA	0000	165
		_NokiaStart    		CODE           	0C54	0000	141
		_clearLcd      		CODE           	11C2	0000	41

NokiaLCD.c estimated size: 456

main.c
		_main          		CODE           	0946	0000	165

main.c estimated size: 165

