Microchip MPLAB XC8 Compiler V1.35 ()

Linker command line:

--edf=C:\Program Files (x86)\Microchip\xc8\v1.35\dat\en_msgs.txt -cs \
  -h+dist/default/production\Charger_Control.X.production.sym \
  --cmf=dist/default/production\Charger_Control.X.production.cmf -z \
  -Q18F45K22 -oC:\Users\richc\AppData\Local\Temp\sav8.2 \
  -Mdist/default/production/Charger_Control.X.production.map -E1 -ver=XC8 \
  -ASTACK=04C8h-05ffh -pstack=STACK -ACODE=00h-07FFFh -ACONST=00h-07FFFh \
  -ASMALLCONST=0600h-06FFhx122 -AMEDIUMCONST=0600h-07FFFh -ACOMRAM=01h-05Fh \
  -AABS1=00h-05FFh -ABIGRAM=01h-05FFh -ARAM=060h-0FFh,0100h-01FFhx5 \
  -ABANK0=060h-0FFh -ABANK1=0100h-01FFh -ABANK2=0200h-02FFh \
  -ABANK3=0300h-03FFh -ABANK4=0400h-04FFh -ABANK5=0500h-05FFh \
  -ASFR=0F38h-0F5Fh,0F60h-0FFFh \
  -preset_vec=00h,intcode=08h,intcodelo,powerup,init,end_init \
  -pramtop=0600h -psmallconst=SMALLCONST -pmediumconst=MEDIUMCONST \
  -pconst=CONST -AFARRAM=00h-00h -ACONFIG=0300000h-030000Dh -pconfig=CONFIG \
  -AIDLOC=0200000h-0200007h -pidloc=IDLOC -AEEDATA=0F00000h-0F000FFh \
  -peeprom_data=EEDATA \
  -prdata=COMRAM,nvrram=COMRAM,nvbit=COMRAM,rbss=COMRAM,rbit=COMRAM \
  -pfarbss=FARRAM,fardata=FARRAM,nvFARRAM=FARRAM \
  -pintsave_regs=BIGRAM,bigbss=BIGRAM,bigdata=BIGRAM -pbss=RAM \
  -pidata=CODE,irdata=CODE,ibigdata=CODE,ifardata=CODE -prparam=COMRAM \
  C:\Users\richc\AppData\Local\Temp\sav8.obj \
  dist/default/production\Charger_Control.X.production.obj 

Object code version is 3.11

Machine type is 18F45K22

Call graph: (short form)




                Name                               Link     Load   Length Selector   Space Scale
C:\Users\richc\AppData\Local\Temp\sav8.obj
                end_init                             AC       AC        4        4       0
                reset_vec                             0        0        4        0       0
                idloc                            200000   200000        8   200000       0
                config                           300000   300000        E   300000       0
dist/default/production\Charger_Control.X.production.obj
                intcode                               8        8       A4        4       0
                temp                                 45       45        1        1       1
                mediumconst                        7DF4     7DF4      20C     3EFA       0
                text52                             1286     1286       2A        4       0
                text51                              4C8      4C8      11A        4       0
                text50                             1388     1388       1E        4       0
                text49                              B3E      B3E       92        4       0
                text48                             13D6     13D6       16        4       0
                text47                             111C     111C       32        4       0
                text46                             1230     1230       2C        4       0
                text45                             117E     117E       2E        4       0
                text43                              F6C      F6C       4C        4       0
                text42                             141C     141C        E        4       0
                text41                             13FE     13FE       10        4       0
                text40                             13A6     13A6       1A        4       0
                text39                             12D8     12D8       28        4       0
                text38                              AAC      AAC       92        4       0
                text37                             10E8     10E8       34        4       0
                text36                             142A     142A        C        4       0
                text35                             140E     140E        E        4       0
                text34                              F1C      F1C       50        4       0
                text33                             144E     144E        4      A25       0
                text32                             1204     1204       2C        4       0
                text31                             13C0     13C0       16        4       0
                text30                             125C     125C       2A        4       0
                text29                              354      354      174        4       0
                text28                             136A     136A       1E        4       0
                text27                              FB8      FB8       4A        4       0
                text26                              5E2      5E2       F2        4       0
                text25                              89A      89A       D6        4       0
                text24                              A16      A16       96        4       0
                text23                               B0       B0      2A4        4       0
                text22                             11D8     11D8       2C        4       0
                text21                              E4A      E4A       6C        4       0
                text20                              7C2      7C2       D8        4       0
                text19                              CE4      CE4       7A        4       0
                text18                              D5E      D5E       78        4       0
                text17                             1326     1326       26        4       0
                text16                              BD0      BD0       8C        4       0
                text15                             11AC     11AC       2C        4       0
                text14                             12B0     12B0       28        4       0
                text13                             10B2     10B2       36        4       0
                text12                             134C     134C       1E        4       0
                text11                             13EC     13EC       12        4       0
                text10                             114E     114E       30        4       0
                text9                               970      970       A6        4       0
                text8                              107A     107A       38        4       0
                text7                              1040     1040       3A        4       0
                text6                              1436     1436        A        4       0
                text5                               6D4      6D4       EE        4       0
                text4                               EB6      EB6       66        4       0
                text3                              144A     144A        4      A25       0
                text2                               DD6      DD6       74        4       0
                text1                              1300     1300       26        4       0
                text0                              1002     1002       3E        4       0
                cstackCOMRAM                          1        1       25        1       1
                cstackBANK0                          D0       D0       1B       60       1
                bssBANK4                            400      400       C8      400       1
                bssBANK3                            300      300       CE      300       1
                bssBANK2                            200      200       CE      200       1
                bssBANK1                            100      100       CE      100       1
                dataBANK0                            EB       EB        9       60       1
                bssBANK0                             60       60       70       60       1
                dataCOMRAM                           44       44        1        1       1
                bssCOMRAM                            26       26       1B        1       1
                cinit                               C5C      C5C       88        4       0
                nvCOMRAM                             41       41        3        1       1
                idataBANK0                         1440     1440        9        4       0
                idataCOMRAM                        1452     1452        1      A25       0

TOTAL           Name                               Link     Load   Length     Space
        CLASS   STACK          

        CLASS   CODE           
                end_init                             AC       AC        4         0
                intcode                               8        8       A4         0
                reset_vec                             0        0        4         0
                text52                             1286     1286       2A         0
                text51                              4C8      4C8      11A         0
                text50                             1388     1388       1E         0
                text49                              B3E      B3E       92         0
                text48                             13D6     13D6       16         0
                text47                             111C     111C       32         0
                text46                             1230     1230       2C         0
                text45                             117E     117E       2E         0
                text43                              F6C      F6C       4C         0
                text42                             141C     141C        E         0
                text41                             13FE     13FE       10         0
                text40                             13A6     13A6       1A         0
                text39                             12D8     12D8       28         0
                text38                              AAC      AAC       92         0
                text37                             10E8     10E8       34         0
                text36                             142A     142A        C         0
                text35                             140E     140E        E         0
                text34                              F1C      F1C       50         0
                text33                             144E     144E        4         0
                text32                             1204     1204       2C         0
                text31                             13C0     13C0       16         0
                text30                             125C     125C       2A         0
                text29                              354      354      174         0
                text28                             136A     136A       1E         0
                text27                              FB8      FB8       4A         0
                text26                              5E2      5E2       F2         0
                text25                              89A      89A       D6         0
                text24                              A16      A16       96         0
                text23                               B0       B0      2A4         0
                text22                             11D8     11D8       2C         0
                text21                              E4A      E4A       6C         0
                text20                              7C2      7C2       D8         0
                text19                              CE4      CE4       7A         0
                text18                              D5E      D5E       78         0
                text17                             1326     1326       26         0
                text16                              BD0      BD0       8C         0
                text15                             11AC     11AC       2C         0
                text14                             12B0     12B0       28         0
                text13                             10B2     10B2       36         0
                text12                             134C     134C       1E         0
                text11                             13EC     13EC       12         0
                text10                             114E     114E       30         0
                text9                               970      970       A6         0
                text8                              107A     107A       38         0
                text7                              1040     1040       3A         0
                text6                              1436     1436        A         0
                text5                               6D4      6D4       EE         0
                text4                               EB6      EB6       66         0
                text3                              144A     144A        4         0
                text2                               DD6      DD6       74         0
                text1                              1300     1300       26         0
                text0                              1002     1002       3E         0
                cinit                               C5C      C5C       88         0
                idataBANK0                         1440     1440        9         0
                idataCOMRAM                        1452     1452        1         0

        CLASS   CONST          

        CLASS   SMALLCONST     

        CLASS   MEDIUMCONST    
                mediumconst                        7DF4     7DF4      20C         0

        CLASS   COMRAM         
                temp                                 45       45        1         1
                cstackCOMRAM                          1        1       25         1
                dataCOMRAM                           44       44        1         1
                bssCOMRAM                            26       26       1B         1
                nvCOMRAM                             41       41        3         1

        CLASS   ABS1           

        CLASS   BIGRAM         

        CLASS   RAM            

        CLASS   BANK0          
                cstackBANK0                          D0       D0       1B         1
                dataBANK0                            EB       EB        9         1
                bssBANK0                             60       60       70         1

        CLASS   BANK1          
                bssBANK1                            100      100       CE         1

        CLASS   BANK2          
                bssBANK2                            200      200       CE         1

        CLASS   BANK3          
                bssBANK3                            300      300       CE         1

        CLASS   BANK4          
                bssBANK4                            400      400       C8         1

        CLASS   BANK5          

        CLASS   SFR            

        CLASS   FARRAM         

        CLASS   CONFIG         
                config                           300000   300000        E         0

        CLASS   IDLOC          
                idloc                            200000   200000        8         0

        CLASS   EEDATA         



SEGMENTS        Name                           Load    Length   Top    Selector   Space  Class

                reset_vec                      000000  000004  000004         0       0  CODE    
                cstackCOMRAM                   000001  000045  000046         1       1  COMRAM  
                intcode                        000008  001441  001449         4       0  CODE    
                bssBANK0                       000060  000094  0000F4        60       1  BANK0   
                bssBANK1                       000100  0000CE  0001CE       100       1  BANK1   
                bssBANK2                       000200  0000CE  0002CE       200       1  BANK2   
                bssBANK3                       000300  0000CE  0003CE       300       1  BANK3   
                bssBANK4                       000400  0000C8  0004C8       400       1  BANK4   
                text3                          00144A  000009  001453       A25       0  CODE    
                mediumconst                    007DF4  00020C  008000      3EFA       0  MEDIUMCO
                idloc                          200000  000008  200008    200000       0  IDLOC   
                config                         300000  00000E  30000E    300000       0  CONFIG  


UNUSED ADDRESS RANGES

        Name                Unused          Largest block    Delta
        BANK0            0000F4-0000FF                C
        BANK1            0001CE-0001FF               32
        BANK2            0002CE-0002FF               32
        BANK3            0003CE-0003FF               32
        BANK4            0004C8-0004FF               38
        BANK5            000500-0005FF              100
        BIGRAM           000046-00005F               1A
                         0000F4-0000FF                C
                         0001CE-0001FF               32
                         0002CE-0002FF               32
                         0003CE-0003FF               32
                         0004C8-0005FF              138
        CODE             000004-000007                4
                         001449-001449                1
                         001453-007DF3             69A1
        COMRAM           000046-00005F               1A
        CONST            000004-000007                4
                         001449-001449                1
                         001453-007DF3             69A1
        EEDATA           F00000-F000FF              100
        MEDIUMCONST      001449-001449                1
                         001453-007DF3             69A1
        RAM              0000F4-0000FF                C
                         0001CE-0001FF               32
                         0002CE-0002FF               32
                         0003CE-0003FF               32
                         0004C8-0005FF               38
        SFR              000F38-000FFF               28
        SMALLCONST       001449-001449                1
                         001453-007DF3              100
        STACK            0004C8-0005FF              138

                                  Symbol Table

?_FastTransfer_buffer_modulo_inc         cstackCOMRAM 00001B
?_UART_buff_modulo_inc                   cstackCOMRAM 000001
?_UART_buff_size                         cstackCOMRAM 000001
?___wmul                                 cstackCOMRAM 00001B
?_printf                                 cstackCOMRAM 00001D
?_time_get                               cstackCOMRAM 00001B
CRC8@crc                                 cstackCOMRAM 000021
CRC8@data                                cstackCOMRAM 00001B
CRC8@extract                             cstackCOMRAM 00001F
CRC8@len                                 cstackCOMRAM 00001D
CRC8@sum                                 cstackCOMRAM 00001E
CRC8@tempI                               cstackCOMRAM 000020
CRCcheck@SentCRC                         cstackBANK0  0000D2
CRCcheck@arrayHolder                     cstackBANK0  0000D4
CRCcheck@calculatedCRC                   cstackBANK0  0000D3
CRCcheck@rt                              cstackBANK0  0000D7
Delay@i                                  cstackCOMRAM 000020
Delay@wait                               cstackCOMRAM 00001B
EUSART1_Receive_ISR@data                 cstackCOMRAM 00000C
EUSART2_Write@txData                     cstackCOMRAM 00001B
FastTransfer_buffer_flush@_this          cstackBANK0  0000D0
FastTransfer_buffer_flush@clearBuffer    cstackBANK0  0000D2
FastTransfer_buffer_modulo_inc@modulus   cstackCOMRAM 00001D
FastTransfer_buffer_modulo_inc@my_value  cstackCOMRAM 00001F
FastTransfer_buffer_modulo_inc@value     cstackCOMRAM 00001B
FastTransfer_buffer_put@_this            cstackCOMRAM 000021
FastTransfer_buffer_put@towhat           cstackCOMRAM 000024
FastTransfer_buffer_put@towhere          cstackCOMRAM 000023
LCDwrite@data                            cstackCOMRAM 000021
LCDwrite@mode                            cstackCOMRAM 000022
LcdCharacter@character                   cstackBANK0  0000D0
LcdCharacter@index                       cstackBANK0  0000D1
NokiaStr@str                             cstackBANK0  0000D3
Precharge@OnOff                          cstackBANK0  0000D0
Precharge@i                              cstackBANK0  0000D1
Precharge@i_1779                         cstackBANK0  0000D3
SPI1_Exchange8bit@data                   cstackCOMRAM 00001B
SetCharger@Current                       cstackCOMRAM 000021
SetCharger@Voltage                       cstackCOMRAM 000022
SetCharger@mode                          cstackCOMRAM 000023
SetMux@channel                           cstackCOMRAM 00001B
ToSend@what                              cstackBANK0  0000D2
ToSend@where                             cstackBANK0  0000D4
UART_buff_get@_this                      cstackCOMRAM 000007
UART_buff_get@c                          cstackCOMRAM 00000B
UART_buff_modulo_inc@modulus             cstackCOMRAM 000003
UART_buff_modulo_inc@my_value            cstackCOMRAM 000005
UART_buff_modulo_inc@value               cstackCOMRAM 000001
UART_buff_put@_this                      cstackCOMRAM 000007
UART_buff_put@c                          cstackCOMRAM 000009
UART_buff_size@_this                     cstackCOMRAM 000001
_AKNAKsend                               bssCOMRAM    000032
_ANSELA                                  (abs)        000F38
_ANSELB                                  (abs)        000F39
_ANSELC                                  (abs)        000F3A
_ANSELD                                  (abs)        000F3B
_ANSELE                                  (abs)        000F3C
_BAUD1CON                                (abs)        000FB8
_BAUD2CON                                (abs)        000F70
_CRC8                                    text27       000FB8
_CRCcheck                                text24       000A16
_ChargerData                             dataBANK0    0000EB
_Delay                                   text43       000F6C
_EUSART1_Receive_ISR                     text50       001388
_EUSART1_Transmit_ISR                    text47       00111C
_EUSART2_Initialize                      text37       0010E8
_EUSART2_Receive_ISR                     text46       001230
_EUSART2_Transmit_ISR                    text45       00117E
_EUSART2_Write                           text7        001040
_FONTLOOKUP                              mediumconst  007DF5
_FastTransfer_buffer_flush               text21       000E4A
_FastTransfer_buffer_modulo_inc          text30       00125C
_FastTransfer_buffer_put                 text29       000354
_GetPowerState                           text3        00144A
_INTCON2bits                             (abs)        000FF1
_INTCONbits                              (abs)        000FF2
_INTERRUPT_Initialize                    text36       00142A
_INTERRUPT_InterruptManager              intcode      000008
_IPR1bits                                (abs)        000F9F
_IPR3bits                                (abs)        000FA5
_LATA                                    (abs)        000F89
_LATA3                                   (abs)        007C4B
_LATB                                    (abs)        000F8A
_LATB0                                   (abs)        007C50
_LATB1                                   (abs)        007C51
_LATB3                                   (abs)        007C53
_LATB4                                   (abs)        007C54
_LATB5                                   (abs)        007C55
_LATBbits                                (abs)        000F8A
_LATC                                    (abs)        000F8B
_LATC0                                   (abs)        007C58
_LATC1                                   (abs)        007C59
_LATCbits                                (abs)        000F8B
_LATD                                    (abs)        000F8C
_LATD0                                   (abs)        007C60
_LATD3                                   (abs)        007C63
_LATE                                    (abs)        000F8D
_LCDwrite                                text40       0013A6
_LEDtime                                 bssBANK0     0000A3
_LcdCharacter                            text16       000BD0
_NokiaStart                              text38       000AAC
_NokiaStr                                text15       0011AC
_OSCCON                                  (abs)        000FD3
_OSCCON2                                 (abs)        000FD2
_OSCILLATOR_Initialize                   text35       00140E
_OSCTUNE                                 (abs)        000F9B
_PIE1bits                                (abs)        000F9D
_PIE3bits                                (abs)        000FA3
_PIN_MANAGER_Initialize                  text34       000F1C
_PIR1bits                                (abs)        000F9E
_PIR3bits                                (abs)        000FA4
_PowerOn                                 bssCOMRAM    000033
_Precharge                               text9        000970
_RC1STA                                  (abs)        000FAB
_RC1STAbits                              (abs)        000FAB
_RC2STA                                  (abs)        000F71
_RC2STAbits                              (abs)        000F71
_RCONbits                                (abs)        000FD0
_RCREG1                                  (abs)        000FAE
_RCREG2                                  (abs)        000F74
_SPBRG1                                  (abs)        000FAF
_SPBRG2                                  (abs)        000F75
_SPBRGH1                                 (abs)        000FB0
_SPBRGH2                                 (abs)        000F76
_SPI1_Exchange8bit                       text41       0013FE
_SPI1_Initialize                         text42       00141C
_SSP1ADD                                 (abs)        000FC8
_SSP1BUF                                 (abs)        000FC9
_SSP1CON1                                (abs)        000FC6
_SSP1CON1bits                            (abs)        000FC6
_SSP1STAT                                (abs)        000FC7
_SSP1STATbits                            (abs)        000FC7
_SYSTEM_Initialize                       text31       0013C0
_SetBMM                                  text18       000D5E
_SetCharger                              text4        000EB6
_SetMux                                  text8        00107A
_Splash                                  text13       0010B2
_Start                                   bssCOMRAM    00002A
_T0CON                                   (abs)        000FD5
_T0CONbits                               (abs)        000FD5
_TMR0H                                   (abs)        000FD7
_TMR0L                                   (abs)        000FD6
_TMR0_Initialize                         text32       001204
_TMR0_StartTimer                         text33       00144E
_TRISA                                   (abs)        000F92
_TRISB                                   (abs)        000F93
_TRISBbits                               (abs)        000F93
_TRISC                                   (abs)        000F94
_TRISD                                   (abs)        000F95
_TRISD0                                  (abs)        007CA8
_TRISD2                                  (abs)        007CAA
_TRISD3                                  (abs)        007CAB
_TRISE                                   (abs)        000F96
_TX1STA                                  (abs)        000FAC
_TX2STA                                  (abs)        000F72
_TXREG1                                  (abs)        000FAD
_TXREG2                                  (abs)        000F73
_ToSend                                  text28       00136A
_Transmit_stall                          dataCOMRAM   000044
_UART_buff_get                           text49       000B3E
_UART_buff_modulo_inc                    text52       001286
_UART_buff_put                           text51       0004C8
_UART_buff_size                          text48       0013D6
_WPUB                                    (abs)        000F61
__CFG_BOREN$SBORDIS                      (abs)        000000
__CFG_BORV$190                           (abs)        000000
__CFG_CCP2MX$PORTC1                      (abs)        000000
__CFG_CCP3MX$PORTB5                      (abs)        000000
__CFG_CP0$OFF                            (abs)        000000
__CFG_CP1$OFF                            (abs)        000000
__CFG_CP2$OFF                            (abs)        000000
__CFG_CP3$OFF                            (abs)        000000
__CFG_CPB$OFF                            (abs)        000000
__CFG_CPD$OFF                            (abs)        000000
__CFG_DEBUG$OFF                          (abs)        000000
__CFG_EBTR0$OFF                          (abs)        000000
__CFG_EBTR1$OFF                          (abs)        000000
__CFG_EBTR2$OFF                          (abs)        000000
__CFG_EBTR3$OFF                          (abs)        000000
__CFG_EBTRB$OFF                          (abs)        000000
__CFG_FCMEN$OFF                          (abs)        000000
__CFG_FOSC$INTIO67                       (abs)        000000
__CFG_HFOFST$ON                          (abs)        000000
__CFG_IESO$OFF                           (abs)        000000
__CFG_LVP$OFF                            (abs)        000000
__CFG_MCLRE$EXTMCLR                      (abs)        000000
__CFG_P2BMX$PORTD2                       (abs)        000000
__CFG_PBADEN$ON                          (abs)        000000
__CFG_PLLCFG$OFF                         (abs)        000000
__CFG_PRICLKEN$OFF                       (abs)        000000
__CFG_PWRTEN$OFF                         (abs)        000000
__CFG_STVREN$ON                          (abs)        000000
__CFG_T3CMX$PORTC0                       (abs)        000000
__CFG_WDTEN$OFF                          (abs)        000000
__CFG_WDTPS$32768                        (abs)        000000
__CFG_WRT0$OFF                           (abs)        000000
__CFG_WRT1$OFF                           (abs)        000000
__CFG_WRT2$OFF                           (abs)        000000
__CFG_WRT3$OFF                           (abs)        000000
__CFG_WRTB$OFF                           (abs)        000000
__CFG_WRTC$OFF                           (abs)        000000
__CFG_WRTD$OFF                           (abs)        000000
__CFG_XINST$OFF                          (abs)        000000
__HRAM                                   (abs)        000000
__Habs1                                  abs1         000000
__Hbank0                                 bank0        000000
__Hbank1                                 bank1        000000
__Hbank2                                 bank2        000000
__Hbank3                                 bank3        000000
__Hbank4                                 bank4        000000
__Hbank5                                 bank5        000000
__Hbigbss                                bigbss       000000
__Hbigdata                               bigdata      000000
__Hbigram                                bigram       000000
__Hbss                                   bss          000000
__HbssBANK0                              bssBANK0     000000
__HbssBANK1                              bssBANK1     000000
__HbssBANK2                              bssBANK2     000000
__HbssBANK3                              bssBANK3     000000
__HbssBANK4                              bssBANK4     000000
__HbssCOMRAM                             bssCOMRAM    000000
__Hcinit                                 cinit        000000
__Hclrtext                               clrtext      000000
__Hcomram                                comram       000000
__Hconfig                                config       30000E
__Hconst                                 const        000000
__HcstackBANK0                           cstackBANK0  000000
__HcstackCOMRAM                          cstackCOMRAM 000000
__Hdata                                  data         000000
__HdataBANK0                             dataBANK0    000000
__HdataCOMRAM                            dataCOMRAM   000000
__Heeprom_data                           eeprom_data  000000
__Hend_init                              end_init     0000B0
__Hfarbss                                farbss       000000
__Hfardata                               fardata      000000
__Hibigdata                              ibigdata     000000
__Hidata                                 idata        000000
__HidataBANK0                            idataBANK0   000000
__HidataCOMRAM                           idataCOMRAM  000000
__Hidloc                                 idloc        200008
__Hifardata                              ifardata     000000
__Hinit                                  init         0000AC
__Hintcode                               intcode      0000AC
__Hintcode_body                          intcode_body 000000
__Hintcodelo                             intcodelo    0000AC
__Hintentry                              intentry     000000
__Hintret                                intret       000000
__Hintsave_regs                          intsave_regs 000000
__Hirdata                                irdata       000000
__Hmediumconst                           mediumconst  008000
__HnvCOMRAM                              nvCOMRAM     000000
__HnvFARRAM                              nvFARRAM     000000
__Hnvbit                                 nvbit        000000
__Hnvrram                                nvrram       000000
__Hparam                                 rparam       000000
__Hpowerup                               powerup      0000AC
__Hram                                   ram          000000
__Hramtop                                ramtop       000600
__Hrbit                                  rbit         000000
__Hrbss                                  rbss         000000
__Hrdata                                 rdata        000000
__Hreset_vec                             reset_vec    000004
__Hrparam                                rparam       000000
__Hsfr                                   sfr          000000
__Hsmallconst                            smallconst   000000
__Hspace_0                               (abs)        30000E
__Hspace_1                               (abs)        0004C8
__Hspace_2                               (abs)        000000
__Hstack                                 stack        000000
__Hstruct                                struct       000000
__Htemp                                  temp         000046
__Htext                                  text         000000
__Htext0                                 text0        000000
__Htext1                                 text1        000000
__Htext10                                text10       000000
__Htext11                                text11       000000
__Htext12                                text12       000000
__Htext13                                text13       000000
__Htext14                                text14       000000
__Htext15                                text15       000000
__Htext16                                text16       000000
__Htext17                                text17       000000
__Htext18                                text18       000000
__Htext19                                text19       000000
__Htext2                                 text2        000000
__Htext20                                text20       000000
__Htext21                                text21       000000
__Htext22                                text22       000000
__Htext23                                text23       000000
__Htext24                                text24       000000
__Htext25                                text25       000000
__Htext26                                text26       000000
__Htext27                                text27       000000
__Htext28                                text28       000000
__Htext29                                text29       000000
__Htext3                                 text3        000000
__Htext30                                text30       000000
__Htext31                                text31       000000
__Htext32                                text32       000000
__Htext33                                text33       000000
__Htext34                                text34       000000
__Htext35                                text35       000000
__Htext36                                text36       000000
__Htext37                                text37       000000
__Htext38                                text38       000000
__Htext39                                text39       000000
__Htext4                                 text4        000000
__Htext40                                text40       000000
__Htext41                                text41       000000
__Htext42                                text42       000000
__Htext43                                text43       000000
__Htext45                                text45       000000
__Htext46                                text46       000000
__Htext47                                text47       000000
__Htext48                                text48       000000
__Htext49                                text49       000000
__Htext5                                 text5        000000
__Htext50                                text50       000000
__Htext51                                text51       000000
__Htext52                                text52       000000
__Htext6                                 text6        000000
__Htext7                                 text7        000000
__Htext8                                 text8        000000
__Htext9                                 text9        000000
__LRAM                                   (abs)        000001
__Labs1                                  abs1         000000
__Lbank0                                 bank0        000000
__Lbank1                                 bank1        000000
__Lbank2                                 bank2        000000
__Lbank3                                 bank3        000000
__Lbank4                                 bank4        000000
__Lbank5                                 bank5        000000
__Lbigbss                                bigbss       000000
__Lbigdata                               bigdata      000000
__Lbigram                                bigram       000000
__Lbss                                   bss          000000
__LbssBANK0                              bssBANK0     000000
__LbssBANK1                              bssBANK1     000000
__LbssBANK2                              bssBANK2     000000
__LbssBANK3                              bssBANK3     000000
__LbssBANK4                              bssBANK4     000000
__LbssCOMRAM                             bssCOMRAM    000000
__Lcinit                                 cinit        000000
__Lclrtext                               clrtext      000000
__Lcomram                                comram       000000
__Lconfig                                config       300000
__Lconst                                 const        000000
__LcstackBANK0                           cstackBANK0  000000
__LcstackCOMRAM                          cstackCOMRAM 000000
__Ldata                                  data         000000
__LdataBANK0                             dataBANK0    000000
__LdataCOMRAM                            dataCOMRAM   000000
__Leeprom_data                           eeprom_data  000000
__Lend_init                              end_init     0000AC
__Lfarbss                                farbss       000000
__Lfardata                               fardata      000000
__Libigdata                              ibigdata     000000
__Lidata                                 idata        000000
__LidataBANK0                            idataBANK0   000000
__LidataCOMRAM                           idataCOMRAM  000000
__Lidloc                                 idloc        200000
__Lifardata                              ifardata     000000
__Linit                                  init         0000AC
__Lintcode                               intcode      000008
__Lintcode_body                          intcode_body 000000
__Lintcodelo                             intcodelo    0000AC
__Lintentry                              intentry     000000
__Lintret                                intret       000000
__Lintsave_regs                          intsave_regs 000000
__Lirdata                                irdata       000000
__Lmediumconst                           mediumconst  007DF4
__LnvCOMRAM                              nvCOMRAM     000000
__LnvFARRAM                              nvFARRAM     000000
__Lnvbit                                 nvbit        000000
__Lnvrram                                nvrram       000000
__Lparam                                 rparam       000000
__Lpowerup                               powerup      0000AC
__Lram                                   ram          000000
__Lramtop                                ramtop       000600
__Lrbit                                  rbit         000000
__Lrbss                                  rbss         000000
__Lrdata                                 rdata        000000
__Lreset_vec                             reset_vec    000000
__Lrparam                                rparam       000000
__Lsfr                                   sfr          000000
__Lsmallconst                            smallconst   000000
__Lspace_0                               (abs)        000000
__Lspace_1                               (abs)        000000
__Lspace_2                               (abs)        000000
__Lstack                                 stack        000000
__Lstruct                                struct       000000
__Ltemp                                  temp         000045
__Ltext                                  text         000000
__Ltext0                                 text0        000000
__Ltext1                                 text1        000000
__Ltext10                                text10       000000
__Ltext11                                text11       000000
__Ltext12                                text12       000000
__Ltext13                                text13       000000
__Ltext14                                text14       000000
__Ltext15                                text15       000000
__Ltext16                                text16       000000
__Ltext17                                text17       000000
__Ltext18                                text18       000000
__Ltext19                                text19       000000
__Ltext2                                 text2        000000
__Ltext20                                text20       000000
__Ltext21                                text21       000000
__Ltext22                                text22       000000
__Ltext23                                text23       000000
__Ltext24                                text24       000000
__Ltext25                                text25       000000
__Ltext26                                text26       000000
__Ltext27                                text27       000000
__Ltext28                                text28       000000
__Ltext29                                text29       000000
__Ltext3                                 text3        000000
__Ltext30                                text30       000000
__Ltext31                                text31       000000
__Ltext32                                text32       000000
__Ltext33                                text33       000000
__Ltext34                                text34       000000
__Ltext35                                text35       000000
__Ltext36                                text36       000000
__Ltext37                                text37       000000
__Ltext38                                text38       000000
__Ltext39                                text39       000000
__Ltext4                                 text4        000000
__Ltext40                                text40       000000
__Ltext41                                text41       000000
__Ltext42                                text42       000000
__Ltext43                                text43       000000
__Ltext45                                text45       000000
__Ltext46                                text46       000000
__Ltext47                                text47       000000
__Ltext48                                text48       000000
__Ltext49                                text49       000000
__Ltext5                                 text5        000000
__Ltext50                                text50       000000
__Ltext51                                text51       000000
__Ltext52                                text52       000000
__Ltext6                                 text6        000000
__Ltext7                                 text7        000000
__Ltext8                                 text8        000000
__Ltext9                                 text9        000000
__S0                                     (abs)        30000E
__S1                                     (abs)        0004C8
__S2                                     (abs)        000000
___inthi_sp                              stack        000000
___intlo_sp                              stack        000000
___param_bank                            (abs)        000010
___rparam_used                           (abs)        000001
___sp                                    stack        000000
___wmul                                  text17       001326
___wmul@multiplicand                     cstackCOMRAM 00001D
___wmul@multiplier                       cstackCOMRAM 00001B
___wmul@product                          cstackCOMRAM 00001F
__accesstop                              (abs)        000060
__activetblptr                           (abs)        000002
__end_of_CRC8                            text27       001002
__end_of_CRCcheck                        text24       000AAC
__end_of_Delay                           text43       000FB8
__end_of_EUSART1_Receive_ISR             text50       0013A6
__end_of_EUSART1_Transmit_ISR            text47       00114E
__end_of_EUSART2_Initialize              text37       00111C
__end_of_EUSART2_Receive_ISR             text46       00125C
__end_of_EUSART2_Transmit_ISR            text45       0011AC
__end_of_EUSART2_Write                   text7        00107A
__end_of_FONTLOOKUP                      mediumconst  007FD5
__end_of_FastTransfer_buffer_flush       text21       000EB6
__end_of_FastTransfer_buffer_modulo_inc  text30       001286
__end_of_FastTransfer_buffer_put         text29       0004C8
__end_of_GetPowerState                   text3        00144E
__end_of_INTERRUPT_Initialize            text36       001436
__end_of_INTERRUPT_InterruptManager      intcode      0000AC
__end_of_LCDwrite                        text40       0013C0
__end_of_LcdCharacter                    text16       000C5C
__end_of_NokiaStart                      text38       000B3E
__end_of_NokiaStr                        text15       0011D8
__end_of_OSCILLATOR_Initialize           text35       00141C
__end_of_PIN_MANAGER_Initialize          text34       000F6C
__end_of_Precharge                       text9        000A16
__end_of_SPI1_Exchange8bit               text41       00140E
__end_of_SPI1_Initialize                 text42       00142A
__end_of_SYSTEM_Initialize               text31       0013D6
__end_of_SetBMM                          text18       000DD6
__end_of_SetCharger                      text4        000F1C
__end_of_SetMux                          text8        0010B2
__end_of_Splash                          text13       0010E8
__end_of_TMR0_Initialize                 text32       001230
__end_of_TMR0_StartTimer                 text33       001452
__end_of_ToSend                          text28       001388
__end_of_UART_buff_get                   text49       000BD0
__end_of_UART_buff_modulo_inc            text52       0012B0
__end_of_UART_buff_put                   text51       0005E2
__end_of_UART_buff_size                  text48       0013EC
__end_of___wmul                          text17       00134C
__end_of__initialization                 cinit        000CD6
__end_of_clearLcd                        text39       001300
__end_of_crcBufS_get                     text26       0006D4
__end_of_crcBufS_put                     text20       00089A
__end_of_crcBufS_status_put              text25       000970
__end_of_gotoXy                          text14       0012D8
__end_of_ledDebug                        text10       00117E
__end_of_main                            text0        001040
__end_of_memset                          text22       001204
__end_of_printf                          text5        0007C2
__end_of_putch                           text6        001440
__end_of_receiveData                     text23       000354
__end_of_respondChargerAsECU             text2        000E4A
__end_of_sendData                        text19       000D5E
__end_of_time_Set                        text12       00136A
__end_of_time_get                        text11       0013FE
__end_of_updateComms                     text1        001326
__initialization                         cinit        000C5C
__mediumconst                            mediumconst  007DF4
__pbssBANK0                              bssBANK0     000060
__pbssBANK1                              bssBANK1     000100
__pbssBANK2                              bssBANK2     000200
__pbssBANK3                              bssBANK3     000300
__pbssBANK4                              bssBANK4     000400
__pbssCOMRAM                             bssCOMRAM    000026
__pcinit                                 cinit        000C5C
__pcstackBANK0                           cstackBANK0  0000D0
__pcstackCOMRAM                          cstackCOMRAM 000001
__pdataBANK0                             dataBANK0    0000EB
__pdataCOMRAM                            dataCOMRAM   000044
__pidataBANK0                            idataBANK0   001440
__pidataCOMRAM                           idataCOMRAM  001452
__pintcode                               intcode      000008
__pmediumconst                           mediumconst  007DF4
__pnvCOMRAM                              nvCOMRAM     000041
__ptext0                                 text0        001002
__ptext1                                 text1        001300
__ptext10                                text10       00114E
__ptext11                                text11       0013EC
__ptext12                                text12       00134C
__ptext13                                text13       0010B2
__ptext14                                text14       0012B0
__ptext15                                text15       0011AC
__ptext16                                text16       000BD0
__ptext17                                text17       001326
__ptext18                                text18       000D5E
__ptext19                                text19       000CE4
__ptext2                                 text2        000DD6
__ptext20                                text20       0007C2
__ptext21                                text21       000E4A
__ptext22                                text22       0011D8
__ptext23                                text23       0000B0
__ptext24                                text24       000A16
__ptext25                                text25       00089A
__ptext26                                text26       0005E2
__ptext27                                text27       000FB8
__ptext28                                text28       00136A
__ptext29                                text29       000354
__ptext3                                 text3        00144A
__ptext30                                text30       00125C
__ptext31                                text31       0013C0
__ptext32                                text32       001204
__ptext33                                text33       00144E
__ptext34                                text34       000F1C
__ptext35                                text35       00140E
__ptext36                                text36       00142A
__ptext37                                text37       0010E8
__ptext38                                text38       000AAC
__ptext39                                text39       0012D8
__ptext4                                 text4        000EB6
__ptext40                                text40       0013A6
__ptext41                                text41       0013FE
__ptext42                                text42       00141C
__ptext43                                text43       000F6C
__ptext45                                text45       00117E
__ptext46                                text46       001230
__ptext47                                text47       00111C
__ptext48                                text48       0013D6
__ptext49                                text49       000B3E
__ptext5                                 text5        0006D4
__ptext50                                text50       001388
__ptext51                                text51       0004C8
__ptext52                                text52       001286
__ptext6                                 text6        001436
__ptext7                                 text7        001040
__ptext8                                 text8        00107A
__ptext9                                 text9        000970
__ramtop                                 ramtop       000600
__size_of_CRC8                           (abs)        000000
__size_of_CRCcheck                       (abs)        000000
__size_of_Delay                          (abs)        000000
__size_of_EUSART1_Receive_ISR            (abs)        000000
__size_of_EUSART1_Transmit_ISR           (abs)        000000
__size_of_EUSART2_Initialize             (abs)        000000
__size_of_EUSART2_Receive_ISR            (abs)        000000
__size_of_EUSART2_Transmit_ISR           (abs)        000000
__size_of_EUSART2_Write                  (abs)        000000
__size_of_FastTransfer_buffer_flush      (abs)        000000
__size_of_FastTransfer_buffer_modulo_inc (abs)        000000
__size_of_FastTransfer_buffer_put        (abs)        000000
__size_of_GetPowerState                  (abs)        000000
__size_of_INTERRUPT_Initialize           (abs)        000000
__size_of_INTERRUPT_InterruptManager     (abs)        000000
__size_of_LCDwrite                       (abs)        000000
__size_of_LcdCharacter                   (abs)        000000
__size_of_NokiaStart                     (abs)        000000
__size_of_NokiaStr                       (abs)        000000
__size_of_OSCILLATOR_Initialize          (abs)        000000
__size_of_PIN_MANAGER_Initialize         (abs)        000000
__size_of_Precharge                      (abs)        000000
__size_of_SPI1_Exchange8bit              (abs)        000000
__size_of_SPI1_Initialize                (abs)        000000
__size_of_SYSTEM_Initialize              (abs)        000000
__size_of_SetBMM                         (abs)        000000
__size_of_SetCharger                     (abs)        000000
__size_of_SetMux                         (abs)        000000
__size_of_Splash                         (abs)        000000
__size_of_TMR0_Initialize                (abs)        000000
__size_of_TMR0_StartTimer                (abs)        000000
__size_of_ToSend                         (abs)        000000
__size_of_UART_buff_get                  (abs)        000000
__size_of_UART_buff_modulo_inc           (abs)        000000
__size_of_UART_buff_put                  (abs)        000000
__size_of_UART_buff_size                 (abs)        000000
__size_of___wmul                         (abs)        000000
__size_of_clearLcd                       (abs)        000000
__size_of_crcBufS_get                    (abs)        000000
__size_of_crcBufS_put                    (abs)        000000
__size_of_crcBufS_status_put             (abs)        000000
__size_of_gotoXy                         (abs)        000000
__size_of_ledDebug                       (abs)        000000
__size_of_main                           (abs)        000000
__size_of_memset                         (abs)        000000
__size_of_printf                         (abs)        000000
__size_of_putch                          (abs)        000000
__size_of_receiveData                    (abs)        000000
__size_of_respondChargerAsECU            (abs)        000000
__size_of_sendData                       (abs)        000000
__size_of_time_Set                       (abs)        000000
__size_of_time_get                       (abs)        000000
__size_of_updateComms                    (abs)        000000
__smallconst                             smallconst   000000
_addressErrorCounter                     bssBANK0     0000AF
_alignErrorCounter                       bssBANK0     0000B1
_calc_CS                                 bssCOMRAM    000034
_clearLcd                                text39       0012D8
_crcBufS_get                             text26       0005E2
_crcBufS_put                             text20       0007C2
_crcBufS_status_put                      text25       00089A
_crcErrorCounter                         bssBANK0     0000B3
_crc_buffer                              bssBANK0     0000BF
_dataAdressErrorCounter                  bssBANK0     0000B5
_ddata                                   bssBANK0     000088
_eusart2RxBuffer                         bssBANK0     000093
_eusart2RxCount                          bssCOMRAM    000035
_eusart2RxHead                           bssCOMRAM    000036
_eusart2RxTail                           bssCOMRAM    000037
_eusart2TxBuffer                         bssBANK0     00009B
_eusart2TxBufferRemaining                nvCOMRAM     000043
_eusart2TxHead                           bssCOMRAM    000038
_eusart2TxTail                           bssCOMRAM    000039
_gotoXy                                  text14       0012B0
_group                                   bssCOMRAM    00002C
_i                                       bssCOMRAM    00003A
_input_buffer                            bssBANK2     000200
_lastLEDTime                             bssBANK0     0000A7
_ledDebug                                text10       00114E
_main                                    text0        001002
_maxDataAddress                          bssCOMRAM    00003B
_memset                                  text22       0011D8
_moduleAddress                           bssCOMRAM    00003C
_output_buffer                           bssBANK3     000300
_printf                                  text5        0006D4
_putch                                   text6        001436
_receiveArray                            bssBANK0     000060
_receiveArrayAddress                     bssCOMRAM    00002E
_receiveData                             text23       0000B0
_respondChargerAsECU                     text2        000DD6
_returnAddress                           bssCOMRAM    00003D
_ring_buffer                             bssBANK1     000100
_rx_address                              bssCOMRAM    00003E
_rx_array_inx                            bssCOMRAM    00003F
_rx_buffer                               bssBANK4     000400
_rx_len                                  bssCOMRAM    000040
_sendData                                text19       000CE4
_sendStructAddress                       bssCOMRAM    000030
_serial_available                        bssBANK0     0000B7
_serial_peek                             bssBANK0     0000B9
_serial_read                             bssBANK0     0000BB
_serial_write                            bssBANK0     0000BD
_talkTime                                bssBANK0     0000AB
_time                                    bssCOMRAM    000026
_time_Set                                text12       00134C
_time_get                                text11       0013EC
_timer0ReloadVal16bit                    nvCOMRAM     000041
_updateComms                             text1        001300
btemp                                    temp         000045
clearLcd@res                             cstackCOMRAM 000023
crcBufS_get@_this                        cstackCOMRAM 00001B
crcBufS_get@space                        cstackCOMRAM 00001E
crcBufS_get@time                         cstackCOMRAM 00001D
crcBufS_get@wantedTime                   cstackBANK0  0000D0
crcBufS_put@_this                        cstackCOMRAM 00001B
crcBufS_put@address                      cstackCOMRAM 00001D
crcBufS_put@oldCRC                       cstackCOMRAM 00001E
crcBufS_put@status                       cstackCOMRAM 00001F
crcBufS_status_put@_this                 cstackCOMRAM 00001B
crcBufS_status_put@status                cstackCOMRAM 00001E
crcBufS_status_put@time                  cstackCOMRAM 00001D
crcBufS_status_put@wantedTime            cstackCOMRAM 000023
end_of_initialization                    cinit        000CD6
gotoXy@x                                 cstackCOMRAM 000024
gotoXy@y                                 cstackCOMRAM 000023
int$flags                                temp         000045
intlevel0                                text         000000
intlevel1                                text         000000
intlevel2                                text         000000
intlevel3                                text         000000
memset@c                                 cstackCOMRAM 00001D
memset@n                                 cstackCOMRAM 00001F
memset@p                                 cstackCOMRAM 000021
memset@p1                                cstackCOMRAM 00001B
printf@ap                                cstackBANK0  0000D1
printf@c                                 cstackBANK0  0000D3
printf@cp                                cstackBANK0  0000D4
printf@f                                 cstackCOMRAM 00001D
printf@flag                              cstackBANK0  0000D0
putch@txData                             cstackCOMRAM 00001C
receiveData@crcHolder                    cstackBANK0  0000DF
receiveData@crcHolder_1496               cstackBANK0  0000E0
receiveData@holder                       cstackBANK0  0000E1
receiveData@holder_1495                  cstackBANK0  0000E4
receiveData@r                            cstackBANK0  0000E9
receiveData@u                            cstackBANK0  0000E7
sendData@CS                              cstackBANK0  0000D5
sendData@i                               cstackBANK0  0000D6
sendData@whereToSend                     cstackBANK0  0000D4
stackhi                                  (abs)        0005FF
stacklo                                  (abs)        0004C8
start                                    init         0000AC
start_initialization                     cinit        000C5C
time_Set@WhatTime                        cstackCOMRAM 00001D
time_Set@value                           cstackCOMRAM 00001B
time_get@WhatTime                        cstackCOMRAM 00001D


FUNCTION INFORMATION:

 *************** function _main *****************
 Defined at:
		line 16 in file "main.c"
 Parameters:    Size  Location     Type
		None
 Auto vars:     Size  Location     Type
		None
 Return value:  Size  Location     Type
		None               void
 Registers used:
		wreg, fsr0l, fsr0h, fsr2l, fsr2h, status,2, status,0, tblptrl, tblptrh, tblptru, prodl, prodh, cstack
 Tracked objects:
		On entry : 
		On exit  : 
		Unchanged: 
 Data sizes:     COMRAM   BANK0   BANK1   BANK2   BANK3   BANK4   BANK5
      Params:         0       0       0       0       0       0       0
      Locals:         0       0       0       0       0       0       0
      Temps:          0       0       0       0       0       0       0
      Totals:         0       0       0       0       0       0       0
Total ram usage:        0 bytes
 Hardware stack levels required when called:    9
 This function calls:
		_Delay
		_NokiaStart
		_SYSTEM_Initialize
		_SetBMM
		_Splash
		_clearLcd
		_ledDebug
		_updateComms
 This function is called by:
		Startup code after reset
 This function uses a non-reentrant model


 *************** function _updateComms *****************
 Defined at:
		line 12 in file "Communications.c"
 Parameters:    Size  Location     Type
		None
 Auto vars:     Size  Location     Type
		None
 Return value:  Size  Location     Type
		None               void
 Registers used:
		wreg, fsr0l, fsr0h, fsr2l, fsr2h, status,2, status,0, tblptrl, tblptrh, tblptru, prodl, prodh, cstack
 Tracked objects:
		On entry : 
		On exit  : 
		Unchanged: 
 Data sizes:     COMRAM   BANK0   BANK1   BANK2   BANK3   BANK4   BANK5
      Params:         0       0       0       0       0       0       0
      Locals:         0       0       0       0       0       0       0
      Temps:          0       0       0       0       0       0       0
      Totals:         0       0       0       0       0       0       0
Total ram usage:        0 bytes
 Hardware stack levels used:    1
 Hardware stack levels required when called:    8
 This function calls:
		_Precharge
		_SetCharger
		_receiveData
		_respondChargerAsECU
 This function is called by:
		_main
 This function uses a non-reentrant model


 *************** function _respondChargerAsECU *****************
 Defined at:
		line 38 in file "Communications.c"
 Parameters:    Size  Location     Type
		None
 Auto vars:     Size  Location     Type
		None
 Return value:  Size  Location     Type
		None               void
 Registers used:
		wreg, fsr2l, fsr2h, status,2, status,0, cstack
 Tracked objects:
		On entry : 
		On exit  : 
		Unchanged: 
 Data sizes:     COMRAM   BANK0   BANK1   BANK2   BANK3   BANK4   BANK5
      Params:         0       0       0       0       0       0       0
      Locals:         0       0       0       0       0       0       0
      Temps:          0       1       0       0       0       0       0
      Totals:         0       1       0       0       0       0       0
Total ram usage:        1 bytes
 Hardware stack levels used:    1
 Hardware stack levels required when called:    7
 This function calls:
		_Delay
		_GetPowerState
		_ToSend
		_sendData
 This function is called by:
		_updateComms
 This function uses a non-reentrant model


 *************** function _GetPowerState *****************
 Defined at:
		line 134 in file "Functions.c"
 Parameters:    Size  Location     Type
		None
 Auto vars:     Size  Location     Type
		None
 Return value:  Size  Location     Type
                  1    wreg      unsigned char 
 Registers used:
		wreg, status,2
 Tracked objects:
		On entry : 
		On exit  : 
		Unchanged: 
 Data sizes:     COMRAM   BANK0   BANK1   BANK2   BANK3   BANK4   BANK5
      Params:         0       0       0       0       0       0       0
      Locals:         0       0       0       0       0       0       0
      Temps:          0       0       0       0       0       0       0
      Totals:         0       0       0       0       0       0       0
Total ram usage:        0 bytes
 Hardware stack levels used:    1
 Hardware stack levels required when called:    4
 This function calls:
		Nothing
 This function is called by:
		_respondChargerAsECU
 This function uses a non-reentrant model


 *************** function _SetCharger *****************
 Defined at:
		line 64 in file "Functions.c"
 Parameters:    Size  Location     Type
  mode            1    wreg     unsigned char 
  Current         1   32[COMRAM] unsigned char 
  Voltage         1   33[COMRAM] unsigned char 
 Auto vars:     Size  Location     Type
  mode            1   34[COMRAM] unsigned char 
 Return value:  Size  Location     Type
		None               void
 Registers used:
		wreg, fsr0l, fsr0h, fsr2l, fsr2h, status,2, status,0, tblptrl, tblptrh, tblptru, prodl, prodh, cstack
 Tracked objects:
		On entry : 
		On exit  : 
		Unchanged: 
 Data sizes:     COMRAM   BANK0   BANK1   BANK2   BANK3   BANK4   BANK5
      Params:         2       0       0       0       0       0       0
      Locals:         1       0       0       0       0       0       0
      Temps:          0       0       0       0       0       0       0
      Totals:         3       0       0       0       0       0       0
Total ram usage:        3 bytes
 Hardware stack levels used:    1
 Hardware stack levels required when called:    7
 This function calls:
		_SetMux
		_printf
 This function is called by:
		_updateComms
 This function uses a non-reentrant model


 *************** function _printf *****************
 Defined at:
		line 464 in file "C:\Program Files (x86)\Microchip\xc8\v1.35\sources\common\doprnt.c"
 Parameters:    Size  Location     Type
  f               2   28[COMRAM] PTR const unsigned char 
		 -> STR_2(3), STR_1(3), 
 Auto vars:     Size  Location     Type
  tmpval          4    0        struct .
  cp              2    4[BANK0 ] PTR const unsigned char 
		 -> STR_5(7), ChargerData(9), 
  ap              2    1[BANK0 ] PTR void [1]
		 -> ?_printf(2), 
  len             2    0        unsigned int 
  val             2    0        unsigned int 
  c               1    3[BANK0 ] char 
  flag            1    0[BANK0 ] unsigned char 
  prec            1    0        char 
 Return value:  Size  Location     Type
                  2   28[COMRAM] int 
 Registers used:
		wreg, fsr0l, fsr0h, fsr2l, fsr2h, status,2, status,0, tblptrl, tblptrh, tblptru, prodl, prodh, cstack
 Tracked objects:
		On entry : 
		On exit  : 
		Unchanged: 
 Data sizes:     COMRAM   BANK0   BANK1   BANK2   BANK3   BANK4   BANK5
      Params:         4       0       0       0       0       0       0
      Locals:         0       6       0       0       0       0       0
      Temps:          0       0       0       0       0       0       0
      Totals:         4       6       0       0       0       0       0
Total ram usage:       10 bytes
 Hardware stack levels used:    1
 Hardware stack levels required when called:    6
 This function calls:
		_putch
 This function is called by:
		_SetCharger
 This function uses a non-reentrant model


 *************** function _putch *****************
 Defined at:
		line 151 in file "mcc_generated_files/eusart2.c"
 Parameters:    Size  Location     Type
  txData          1    wreg     unsigned char 
 Auto vars:     Size  Location     Type
  txData          1   27[COMRAM] unsigned char 
 Return value:  Size  Location     Type
		None               void
 Registers used:
		wreg, fsr2l, fsr2h, status,2, status,0, prodl, prodh, cstack
 Tracked objects:
		On entry : 
		On exit  : 
		Unchanged: 
 Data sizes:     COMRAM   BANK0   BANK1   BANK2   BANK3   BANK4   BANK5
      Params:         0       0       0       0       0       0       0
      Locals:         1       0       0       0       0       0       0
      Temps:          0       0       0       0       0       0       0
      Totals:         1       0       0       0       0       0       0
Total ram usage:        1 bytes
 Hardware stack levels used:    1
 Hardware stack levels required when called:    5
 This function calls:
		_EUSART2_Write
 This function is called by:
		_printf
 This function uses a non-reentrant model


 *************** function _EUSART2_Write *****************
 Defined at:
		line 130 in file "mcc_generated_files/eusart2.c"
 Parameters:    Size  Location     Type
  txData          1    wreg     unsigned char 
 Auto vars:     Size  Location     Type
  txData          1   26[COMRAM] unsigned char 
 Return value:  Size  Location     Type
		None               void
 Registers used:
		wreg, fsr2l, fsr2h, status,2, status,0, prodl, prodh
 Tracked objects:
		On entry : 
		On exit  : 
		Unchanged: 
 Data sizes:     COMRAM   BANK0   BANK1   BANK2   BANK3   BANK4   BANK5
      Params:         0       0       0       0       0       0       0
      Locals:         1       0       0       0       0       0       0
      Temps:          0       0       0       0       0       0       0
      Totals:         1       0       0       0       0       0       0
Total ram usage:        1 bytes
 Hardware stack levels used:    1
 Hardware stack levels required when called:    4
 This function calls:
		Nothing
 This function is called by:
		_putch
 This function uses a non-reentrant model


 *************** function _SetMux *****************
 Defined at:
		line 96 in file "Functions.c"
 Parameters:    Size  Location     Type
  channel         1    wreg     unsigned char 
 Auto vars:     Size  Location     Type
  channel         1   26[COMRAM] unsigned char 
 Return value:  Size  Location     Type
		None               void
 Registers used:
		wreg, status,2, status,0
 Tracked objects:
		On entry : 
		On exit  : 
		Unchanged: 
 Data sizes:     COMRAM   BANK0   BANK1   BANK2   BANK3   BANK4   BANK5
      Params:         0       0       0       0       0       0       0
      Locals:         1       0       0       0       0       0       0
      Temps:          0       0       0       0       0       0       0
      Totals:         1       0       0       0       0       0       0
Total ram usage:        1 bytes
 Hardware stack levels used:    1
 Hardware stack levels required when called:    4
 This function calls:
		Nothing
 This function is called by:
		_SetCharger
 This function uses a non-reentrant model


 *************** function _Precharge *****************
 Defined at:
		line 29 in file "Functions.c"
 Parameters:    Size  Location     Type
  OnOff           1    wreg     unsigned char 
 Auto vars:     Size  Location     Type
  OnOff           1    0[BANK0 ] unsigned char 
  i               2    3[BANK0 ] int 
  i               2    1[BANK0 ] int 
 Return value:  Size  Location     Type
		None               void
 Registers used:
		wreg, status,2, status,0, cstack
 Tracked objects:
		On entry : 
		On exit  : 
		Unchanged: 
 Data sizes:     COMRAM   BANK0   BANK1   BANK2   BANK3   BANK4   BANK5
      Params:         0       0       0       0       0       0       0
      Locals:         0       5       0       0       0       0       0
      Temps:          0       0       0       0       0       0       0
      Totals:         0       5       0       0       0       0       0
Total ram usage:        5 bytes
 Hardware stack levels used:    1
 Hardware stack levels required when called:    5
 This function calls:
		_Delay
 This function is called by:
		_updateComms
 This function uses a non-reentrant model


 *************** function _ledDebug *****************
 Defined at:
		line 127 in file "Functions.c"
 Parameters:    Size  Location     Type
		None
 Auto vars:     Size  Location     Type
		None
 Return value:  Size  Location     Type
		None               void
 Registers used:
		wreg, status,2, status,0, cstack
 Tracked objects:
		On entry : 
		On exit  : 
		Unchanged: 
 Data sizes:     COMRAM   BANK0   BANK1   BANK2   BANK3   BANK4   BANK5
      Params:         0       0       0       0       0       0       0
      Locals:         0       0       0       0       0       0       0
      Temps:          0       0       0       0       0       0       0
      Totals:         0       0       0       0       0       0       0
Total ram usage:        0 bytes
 Hardware stack levels used:    1
 Hardware stack levels required when called:    5
 This function calls:
		_time_Set
		_time_get
 This function is called by:
		_main
 This function uses a non-reentrant model


 *************** function _time_get *****************
 Defined at:
		line 156 in file "mcc_generated_files/tmr0.c"
 Parameters:    Size  Location     Type
  WhatTime        1    wreg     unsigned char 
 Auto vars:     Size  Location     Type
  WhatTime        1   28[COMRAM] unsigned char 
 Return value:  Size  Location     Type
                  2   26[COMRAM] int 
 Registers used:
		wreg, status,2, status,0
 Tracked objects:
		On entry : 
		On exit  : 
		Unchanged: 
 Data sizes:     COMRAM   BANK0   BANK1   BANK2   BANK3   BANK4   BANK5
      Params:         2       0       0       0       0       0       0
      Locals:         1       0       0       0       0       0       0
      Temps:          0       0       0       0       0       0       0
      Totals:         3       0       0       0       0       0       0
Total ram usage:        3 bytes
 Hardware stack levels used:    1
 Hardware stack levels required when called:    4
 This function calls:
		Nothing
 This function is called by:
		_ledDebug
 This function uses a non-reentrant model


 *************** function _time_Set *****************
 Defined at:
		line 162 in file "mcc_generated_files/tmr0.c"
 Parameters:    Size  Location     Type
  WhatTime        1    wreg     unsigned char 
  value           2   26[COMRAM] int 
 Auto vars:     Size  Location     Type
  WhatTime        1   28[COMRAM] unsigned char 
 Return value:  Size  Location     Type
		None               void
 Registers used:
		wreg, status,2, status,0
 Tracked objects:
		On entry : 
		On exit  : 
		Unchanged: 
 Data sizes:     COMRAM   BANK0   BANK1   BANK2   BANK3   BANK4   BANK5
      Params:         2       0       0       0       0       0       0
      Locals:         1       0       0       0       0       0       0
      Temps:          0       0       0       0       0       0       0
      Totals:         3       0       0       0       0       0       0
Total ram usage:        3 bytes
 Hardware stack levels used:    1
 Hardware stack levels required when called:    4
 This function calls:
		Nothing
 This function is called by:
		_ledDebug
 This function uses a non-reentrant model


 *************** function _Splash *****************
 Defined at:
		line 143 in file "NokiaLCD.c"
 Parameters:    Size  Location     Type
		None
 Auto vars:     Size  Location     Type
		None
 Return value:  Size  Location     Type
		None               void
 Registers used:
		wreg, status,2, status,0, tblptrl, tblptrh, tblptru, prodl, prodh, cstack
 Tracked objects:
		On entry : 
		On exit  : 
		Unchanged: 
[...]
Total ram usage:        0 bytes
 Hardware stack levels used:    1
 Hardware stack levels required when called:    7
 This function calls:
		_Delay
		_LCDwrite
		_SPI1_Initialize
		_clearLcd
 This function is called by:
		_main
 This function uses a non-reentrant model


 *************** function _clearLcd *****************
 Defined at:
		line 68 in file "NokiaLCD.c"
 Parameters:    Size  Location     Type
		None
 Auto vars:     Size  Location     Type
  res             2   34[COMRAM] int 
 Return value:  Size  Location     Type
		None               void
 Registers used:
		wreg, status,2, status,0, cstack
 Tracked objects:
		On entry : 
		On exit  : 
		Unchanged: 
 Data sizes:     COMRAM   BANK0   BANK1   BANK2   BANK3   BANK4   BANK5
      Params:         0       0       0       0       0       0       0
      Locals:         2       0       0       0       0       0       0
      Temps:          0       0       0       0       0       0       0
      Totals:         2       0       0       0       0       0       0
Total ram usage:        2 bytes
 Hardware stack levels used:    1
 Hardware stack levels required when called:    6
 This function calls:
		_LCDwrite
 This function is called by:
		_main
		_NokiaStart
 This function uses a non-reentrant model


 *************** function _LCDwrite *****************
 Defined at:
		line 49 in file "NokiaLCD.c"
 Parameters:    Size  Location     Type
  mode            1    wreg     unsigned char 
  data            1   32[COMRAM] unsigned char 
 Auto vars:     Size  Location     Type
  mode            1   33[COMRAM] unsigned char 
 Return value:  Size  Location     Type
		None               void
 Registers used:
		wreg, status,2, cstack
 Tracked objects:
		On entry : 
		On exit  : 
		Unchanged: 
 Data sizes:     COMRAM   BANK0   BANK1   BANK2   BANK3   BANK4   BANK5
      Params:         1       0       0       0       0       0       0
      Locals:         1       0       0       0       0       0       0
      Temps:          0       0       0       0       0       0       0
      Totals:         2       0       0       0       0       0       0
Total ram usage:        2 bytes
 Hardware stack levels used:    1
 Hardware stack levels required when called:    5
 This function calls:
		_SPI1_Exchange8bit
 This function is called by:
		_NokiaStart
		_clearLcd
		_gotoXy
		_LcdCharacter
		_blackLcd
 This function uses a non-reentrant model


 *************** function _SPI1_Exchange8bit *****************
 Defined at:
		line 78 in file "mcc_generated_files/spi1.c"
 Parameters:    Size  Location     Type
  data            1    wreg     unsigned char 
 Auto vars:     Size  Location     Type
  data            1   26[COMRAM] unsigned char 
 Return value:  Size  Location     Type
                  1    wreg      unsigned char 
 Registers used:
		wreg, status,2
 Tracked objects:
		On entry : 
		On exit  : 
		Unchanged: 
 Data sizes:     COMRAM   BANK0   BANK1   BANK2   BANK3   BANK4   BANK5
      Params:         0       0       0       0       0       0       0
      Locals:         1       0       0       0       0       0       0
      Temps:          0       0       0       0       0       0       0
      Totals:         1       0       0       0       0       0       0
Total ram usage:        1 bytes
 Hardware stack levels used:    1
 Hardware stack levels required when called:    4
 This function calls:
		Nothing
 This function is called by:
		_LCDwrite
		_SPI1_Exchange8bitBuffer
 This function uses a non-reentrant model


 *************** function _SPI1_Initialize *****************
 Defined at:
		line 64 in file "mcc_generated_files/spi1.c"
 Parameters:    Size  Location     Type
		None
 Auto vars:     Size  Location     Type
		None
 Return value:  Size  Location     Type
		None               void
 Registers used:
		wreg, status,2
 Tracked objects:
		On entry : 
		On exit  : 
		Unchanged: 
 Data sizes:     COMRAM   BANK0   BANK1   BANK2   BANK3   BANK4   BANK5
      Params:         0       0       0       0       0       0       0
      Locals:         0       0       0       0       0       0       0
      Temps:          0       0       0       0       0       0       0
      Totals:         0       0       0       0       0       0       0
Total ram usage:        0 bytes
 Hardware stack levels used:    1
 Hardware stack levels required when called:    4
 This function calls:
		Nothing
 This function is called by:
		_NokiaStart
 This function uses a non-reentrant model


 *************** function _Delay *****************
 Defined at:
		line 15 in file "Functions.c"
 Parameters:    Size  Location     Type
  wait            4   26[COMRAM] long 
 Auto vars:     Size  Location     Type
  i               4   31[COMRAM] long 
 Return value:  Size  Location     Type
		None               void
 Registers used:
		wreg, status,2, status,0
 Tracked objects:
		On entry : 
		On exit  : 
		Unchanged: 
 Data sizes:     COMRAM   BANK0   BANK1   BANK2   BANK3   BANK4   BANK5
      Params:         4       0       0       0       0       0       0
      Locals:         4       0       0       0       0       0       0
      Temps:          1       0       0       0       0       0       0
      Totals:         9       0       0       0       0       0       0
Total ram usage:        9 bytes
 Hardware stack levels used:    1
 Hardware stack levels required when called:    4
 This function calls:
		Nothing
 This function is called by:
		_main
		_respondChargerAsECU
		_SetBMM
		_Precharge
		_NokiaStart
 This function uses a non-reentrant model


 *************** function _INTERRUPT_InterruptManager *****************
 Defined at:
		line 68 in file "mcc_generated_files/interrupt_manager.c"
 Parameters:    Size  Location     Type
		None
 Auto vars:     Size  Location     Type
		None
 Return value:  Size  Location     Type
		None               void
 Registers used:
		wreg, fsr2l, fsr2h, status,2, status,0, prodl, prodh, cstack
 Tracked objects:
		On entry : 
		On exit  : 
		Unchanged: 
 Data sizes:     COMRAM   BANK0   BANK1   BANK2   BANK3   BANK4   BANK5
      Params:         0       0       0       0       0       0       0
      Locals:         0       0       0       0       0       0       0
      Temps:         14       0       0       0       0       0       0
      Totals:        14       0       0       0       0       0       0
Total ram usage:       14 bytes
 Hardware stack levels used:    1
 Hardware stack levels required when called:    3
 This function calls:
		_EUSART1_Receive_ISR
		_EUSART1_Transmit_ISR
		_EUSART2_Receive_ISR
		_EUSART2_Transmit_ISR
 This function is called by:
		Interrupt level 2
 This function uses a non-reentrant model


 *************** function _EUSART2_Transmit_ISR *****************
 Defined at:
		line 155 in file "mcc_generated_files/eusart2.c"
 Parameters:    Size  Location     Type
		None
 Auto vars:     Size  Location     Type
		None
 Return value:  Size  Location     Type
		None               void
 Registers used:
		wreg, fsr2l, fsr2h, status,2, status,0, prodl, prodh
 Tracked objects:
		On entry : 
		On exit  : 
		Unchanged: 
 Data sizes:     COMRAM   BANK0   BANK1   BANK2   BANK3   BANK4   BANK5
      Params:         0       0       0       0       0       0       0
      Locals:         0       0       0       0       0       0       0
      Temps:          0       0       0       0       0       0       0
      Totals:         0       0       0       0       0       0       0
Total ram usage:        0 bytes
 Hardware stack levels used:    1
 This function calls:
		Nothing
 This function is called by:
		_INTERRUPT_InterruptManager
 This function uses a non-reentrant model


 *************** function _EUSART2_Receive_ISR *****************
 Defined at:
		line 169 in file "mcc_generated_files/eusart2.c"
 Parameters:    Size  Location     Type
		None
 Auto vars:     Size  Location     Type
		None
 Return value:  Size  Location     Type
		None               void
 Registers used:
		wreg, fsr2l, fsr2h, status,2, status,0, prodl, prodh
 Tracked objects:
		On entry : 
		On exit  : 
		Unchanged: 
 Data sizes:     COMRAM   BANK0   BANK1   BANK2   BANK3   BANK4   BANK5
      Params:         0       0       0       0       0       0       0
      Locals:         0       0       0       0       0       0       0
      Temps:          0       0       0       0       0       0       0
      Totals:         0       0       0       0       0       0       0
Total ram usage:        0 bytes
 Hardware stack levels used:    1
 This function calls:
		Nothing
 This function is called by:
		_INTERRUPT_InterruptManager
 This function uses a non-reentrant model


 *************** function _EUSART1_Transmit_ISR *****************
 Defined at:
		line 150 in file "UART.c"
 Parameters:    Size  Location     Type
		None
 Auto vars:     Size  Location     Type
		None
 Return value:  Size  Location     Type
                  2  134[None  ] int 
 Registers used:
		wreg, fsr2l, fsr2h, status,2, status,0, cstack
 Tracked objects:
		On entry : 
		On exit  : 
		Unchanged: 
 Data sizes:     COMRAM   BANK0   BANK1   BANK2   BANK3   BANK4   BANK5
      Params:         0       0       0       0       0       0       0
      Locals:         0       0       0       0       0       0       0
      Temps:          0       0       0       0       0       0       0
      Totals:         0       0       0       0       0       0       0
Total ram usage:        0 bytes
 Hardware stack levels used:    1
 Hardware stack levels required when called:    2
 This function calls:
		_UART_buff_get
		_UART_buff_size
 This function is called by:
		_INTERRUPT_InterruptManager
 This function uses a non-reentrant model


 *************** function _UART_buff_size *****************
 Defined at:
		line 102 in file "UART.c"
 Parameters:    Size  Location     Type
  _this           2    0[COMRAM] PTR struct UART_ring_buf
		 -> output_buffer(206), input_buffer(206), 
 Auto vars:     Size  Location     Type
		None
 Return value:  Size  Location     Type
                  2    0[COMRAM] int 
 Registers used:
		wreg, fsr2l, fsr2h, status,2, status,0
 Tracked objects:
		On entry : 
		On exit  : 
		Unchanged: 
 Data sizes:     COMRAM   BANK0   BANK1   BANK2   BANK3   BANK4   BANK5
      Params:         2       0       0       0       0       0       0
      Locals:         0       0       0       0       0       0       0
      Temps:          0       0       0       0       0       0       0
      Totals:         2       0       0       0       0       0       0
Total ram usage:        2 bytes
 Hardware stack levels used:    1
 This function calls:
		Nothing
 This function is called by:
		_EUSART1_Transmit_ISR
		_Receive_available
 This function uses a non-reentrant model


 *************** function _UART_buff_get *****************
 Defined at:
		line 81 in file "UART.c"
 Parameters:    Size  Location     Type
  _this           2    6[COMRAM] PTR struct UART_ring_buf
		 -> output_buffer(206), input_buffer(206), 
 Auto vars:     Size  Location     Type
  c               1   10[COMRAM] unsigned char 
 Return value:  Size  Location     Type
                  1    wreg      unsigned char 
 Registers used:
		wreg, fsr2l, fsr2h, status,2, status,0, cstack
 Tracked objects:
		On entry : 
		On exit  : 
		Unchanged: 
 Data sizes:     COMRAM   BANK0   BANK1   BANK2   BANK3   BANK4   BANK5
      Params:         2       0       0       0       0       0       0
      Locals:         1       0       0       0       0       0       0
      Temps:          2       0       0       0       0       0       0
      Totals:         5       0       0       0       0       0       0
Total ram usage:        5 bytes
 Hardware stack levels used:    1
 Hardware stack levels required when called:    1
 This function calls:
		_UART_buff_modulo_inc
 This function is called by:
		_EUSART1_Transmit_ISR
		_Receive_get
		_Send_put
 This function uses a non-reentrant model


 *************** function _EUSART1_Receive_ISR *****************
 Defined at:
		line 139 in file "UART.c"
 Parameters:    Size  Location     Type
		None
 Auto vars:     Size  Location     Type
  data            1   11[COMRAM] unsigned char 
 Return value:  Size  Location     Type
                  2  132[None  ] int 
 Registers used:
		wreg, fsr2l, fsr2h, status,2, status,0, cstack
 Tracked objects:
		On entry : 
		On exit  : 
		Unchanged: 
 Data sizes:     COMRAM   BANK0   BANK1   BANK2   BANK3   BANK4   BANK5
      Params:         0       0       0       0       0       0       0
      Locals:         1       0       0       0       0       0       0
      Temps:          0       0       0       0       0       0       0
      Totals:         1       0       0       0       0       0       0
Total ram usage:        1 bytes
 Hardware stack levels used:    1
 Hardware stack levels required when called:    2
 This function calls:
		_UART_buff_put
 This function is called by:
		_INTERRUPT_InterruptManager
 This function uses a non-reentrant model


 *************** function _UART_buff_put *****************
 Defined at:
		line 68 in file "UART.c"
 Parameters:    Size  Location     Type
  _this           2    6[COMRAM] PTR struct UART_ring_buf
		 -> output_buffer(206), input_buffer(206), 
  c               1    8[COMRAM] const unsigned char 
 Auto vars:     Size  Location     Type
		None
 Return value:  Size  Location     Type
		None               void
 Registers used:
		wreg, fsr2l, fsr2h, status,2, status,0, cstack
 Tracked objects:
		On entry : 
		On exit  : 
		Unchanged: 
 Data sizes:     COMRAM   BANK0   BANK1   BANK2   BANK3   BANK4   BANK5
      Params:         3       0       0       0       0       0       0
      Locals:         0       0       0       0       0       0       0
      Temps:          2       0       0       0       0       0       0
      Totals:         5       0       0       0       0       0       0
Total ram usage:        5 bytes
 Hardware stack levels used:    1
 Hardware stack levels required when called:    1
 This function calls:
		_UART_buff_modulo_inc
 This function is called by:
		_EUSART1_Receive_ISR
		_Send_put
 This function uses a non-reentrant model


 *************** function _UART_buff_modulo_inc *****************
 Defined at:
		line 106 in file "UART.c"
 Parameters:    Size  Location     Type
  value           2    0[COMRAM] const unsigned int 
  modulus         2    2[COMRAM] const unsigned int 
 Auto vars:     Size  Location     Type
  my_value        2    4[COMRAM] unsigned int 
 Return value:  Size  Location     Type
                  2    0[COMRAM] unsigned int 
 Registers used:
		wreg, status,2, status,0
 Tracked objects:
		On entry : 
		On exit  : 
		Unchanged: 
 Data sizes:     COMRAM   BANK0   BANK1   BANK2   BANK3   BANK4   BANK5
      Params:         4       0       0       0       0       0       0
      Locals:         2       0       0       0       0       0       0
      Temps:          0       0       0       0       0       0       0
      Totals:         6       0       0       0       0       0       0
Total ram usage:        6 bytes
 Hardware stack levels used:    1
 This function calls:
		Nothing
 This function is called by:
		_UART_buff_put
		_UART_buff_get
 This function uses a non-reentrant model



MODULE INFORMATION

Module		Function		Class		Link	Load	Size
FastTransfer.c
		_FastTransfer_buffer_put		CODE           	0354	0000	373
		_CRC8          		CODE           	0FB8	0000	75
		_receiveData   		CODE           	00B0	0000	677
		_sendData      		CODE           	0CE4	0000	123
		_CRCcheck      		CODE           	0A16	0000	151
		_FastTransfer_buffer_modulo_inc		CODE           	125C	0000	43
		_crcBufS_status_put		CODE           	089A	0000	215
		_crcBufS_get   		CODE           	05E2	0000	243
		_crcBufS_put   		CODE           	07C2	0000	217
		_FastTransfer_buffer_flush		CODE           	0E4A	0000	109
		_ToSend        		CODE           	136A	0000	31

FastTransfer.c estimated size: 2257

UART.c
		_UART_buff_modulo_inc		CODE           	1286	0000	43
		_EUSART1_Receive_ISR		CODE           	1388	0000	31
		_UART_buff_get 		CODE           	0B3E	0000	147
		_UART_buff_put 		CODE           	04C8	0000	283
		_EUSART1_Transmit_ISR		CODE           	111C	0000	51
		_UART_buff_size		CODE           	13D6	0000	23

UART.c estimated size: 578

mcc_generated_files/eusart2.c
		_putch         		CODE           	1436	0000	11
		_EUSART2_Write 		CODE           	1040	0000	59
		_EUSART2_Receive_ISR		CODE           	1230	0000	45
		_EUSART2_Transmit_ISR		CODE           	117E	0000	47
		_EUSART2_Initialize		CODE           	10E8	0000	53

mcc_generated_files/eusart2.c estimated size: 215

Communications.c
		_updateComms   		CODE           	1300	0000	39
		_SetBMM        		CODE           	0D5E	0000	121
		_respondChargerAsECU		CODE           	0DD6	0000	117

Communications.c estimated size: 277

mcc_generated_files/interrupt_manager.c
		_INTERRUPT_Initialize		CODE           	142A	0000	13
		_INTERRUPT_InterruptManager		CODE           	0008	0000	165

mcc_generated_files/interrupt_manager.c estimated size: 178

mcc_generated_files/tmr0.c
		_time_get      		CODE           	13EC	0000	19
		_time_Set      		CODE           	134C	0000	31
		_TMR0_StartTimer		CODE           	144E	0000	5
		_TMR0_Initialize		CODE           	1204	0000	45

mcc_generated_files/tmr0.c estimated size: 100

mcc_generated_files/pin_manager.c
		_PIN_MANAGER_Initialize		CODE           	0F1C	0000	81

mcc_generated_files/pin_manager.c estimated size: 81

C:\Program Files (x86)\Microchip\xc8\v1.35\sources\common\memset.c
		_memset        		CODE           	11D8	0000	45

C:\Program Files (x86)\Microchip\xc8\v1.35\sources\common\memset.c estimated size: 45

mcc_generated_files/spi1.c
		_SPI1_Initialize		CODE           	141C	0000	15
		_SPI1_Exchange8bit		CODE           	13FE	0000	17

mcc_generated_files/spi1.c estimated size: 32

C:\Program Files (x86)\Microchip\xc8\v1.35\sources\common\doprnt.c
		_printf        		CODE           	06D4	0000	239

C:\Program Files (x86)\Microchip\xc8\v1.35\sources\common\doprnt.c estimated size: 239

Functions.c
		_ledDebug      		CODE           	114E	0000	49
		_SetMux        		CODE           	107A	0000	57
		_GetPowerState 		CODE           	144A	0000	5
		_SetCharger    		CODE           	0EB6	0000	103
		_Delay         		CODE           	0F6C	0000	77
		_Precharge     		CODE           	0970	0000	167

Functions.c estimated size: 458

shared
		__initialization		CODE           	0C5C	0000	123
		_FONTLOOKUP    		MEDIUMCONST    	7DF5	0000	481

shared estimated size: 604

mcc_generated_files/mcc.c
		_OSCILLATOR_Initialize		CODE           	140E	0000	15
		_SYSTEM_Initialize		CODE           	13C0	0000	23

mcc_generated_files/mcc.c estimated size: 38

C:\Program Files (x86)\Microchip\xc8\v1.35\sources\common\Umul16.c
		___wmul        		CODE           	1326	0000	39

C:\Program Files (x86)\Microchip\xc8\v1.35\sources\common\Umul16.c estimated size: 39

NokiaLCD.c
		_LCDwrite      		CODE           	13A6	0000	27
		_LcdCharacter  		CODE           	0BD0	0000	141
		_gotoXy        		CODE           	12B0	0000	41
		_Splash        		CODE           	10B2	0000	55
		_NokiaStr      		CODE           	11AC	0000	45
		_NokiaStart    		CODE           	0AAC	0000	147
		_clearLcd      		CODE           	12D8	0000	41

NokiaLCD.c estimated size: 497

main.c
		_main          		CODE           	1002	0000	63

main.c estimated size: 63

