Microchip MPLAB XC8 Compiler V1.33 ()

Linker command line:

--edf=C:\Program Files (x86)\Microchip\xc8\v1.33\dat\en_msgs.txt -cs \
  -h+dist/default/production\BMS-LV.X.production.sym \
  --cmf=dist/default/production\BMS-LV.X.production.cmf -z -Q18F45K22 \
  -oC:\Users\Rick\AppData\Local\Temp\s4lc.6 \
  -Mdist/default/production/BMS-LV.X.production.map -E1 -ver=XC8 \
  -ASTACK=01BBh-05ffh -pstack=STACK -ACODE=00h-07FFFh -ACONST=00h-07FFFh \
  -ASMALLCONST=0600h-06FFhx122 -AMEDIUMCONST=0600h-07FFFh -ACOMRAM=01h-05Fh \
  -AABS1=00h-05FFh -ABIGRAM=01h-05FFh -ARAM=060h-0FFh,0100h-01FFhx5 \
  -ABANK0=060h-0FFh -ABANK1=0100h-01FFh -ABANK2=0200h-02FFh \
  -ABANK3=0300h-03FFh -ABANK4=0400h-04FFh -ABANK5=0500h-05FFh \
  -ASFR=0F38h-0F5Fh,0F60h-0FFFh \
  -preset_vec=00h,intcode=08h,intcodelo,powerup,init,end_init \
  -pramtop=0600h -psmallconst=SMALLCONST -pmediumconst=MEDIUMCONST \
  -pconst=CONST -AFARRAM=00h-00h -ACONFIG=0300000h-030000Dh -pconfig=CONFIG \
  -AIDLOC=0200000h-0200007h -pidloc=IDLOC -AEEDATA=0F00000h-0F000FFh \
  -peeprom_data=EEDATA \
  -prdata=COMRAM,nvrram=COMRAM,nvbit=COMRAM,rbss=COMRAM,rbit=COMRAM \
  -pfarbss=FARRAM,fardata=FARRAM,nvFARRAM=FARRAM \
  -pintsave_regs=BIGRAM,bigbss=BIGRAM,bigdata=BIGRAM -pbss=RAM \
  -pidata=CODE,irdata=CODE,ibigdata=CODE,ifardata=CODE \
  C:\Users\Rick\AppData\Local\Temp\s4lc.obj \
  dist/default/production\BMS-LV.X.production.obj 

Object code version is 3.11

Machine type is 18F45K22

Call graph: (short form)




                Name                               Link     Load   Length Selector   Space Scale
C:\Users\Rick\AppData\Local\Temp\s4lc.obj
                end_init                             A8       A8        4        4       0
                reset_vec                             0        0        4        0       0
                idloc                            200000   200000        8   200000       0
                config                           300000   300000        E   300000       0
dist/default/production\BMS-LV.X.production.obj
                intcode                               8        8       A0        4       0
                smallconst                          600      600       78      300       0
                text48                             2724     2724       14      33C       0
                text47                             26AA     26AA       1A      33C       0
                text46                             23CE     23CE       4A      33C       0
                text45                              678      678      4EA      33C       0
                text44                             2574     2574       30      33C       0
                text43                             250E     250E       34      33C       0
                text42                             270C     270C       18      33C       0
                text41                             266E     266E       22      33C       0
                text40                             26F4     26F4       18      33C       0
                text39                             26DC     26DC       18      33C       0
                text38                             22A2     22A2       70      33C       0
                text36                             1F9C     1F9C       A8      33C       0
                text35                              B62      B62      280      33C       0
                text34                             15A4     15A4      16A      33C       0
                text33                             2626     2626       26      33C       0
                text32                             1870     1870      162      33C       0
                text31                             2418     2418       48      33C       0
                text30                             19D2     19D2      106      33C       0
                text29                             1CA4     1CA4       CC      33C       0
                text28                             2212     2212       90      33C       0
                text27                             1E3A     1E3A       B2      33C       0
                text26                             1258     1258      1DE      33C       0
                text25                             2044     2044       A4      33C       0
                text24                             1BCA     1BCA       DA      33C       0
                text23                             20E8     20E8       98      33C       0
                text22                             25D2     25D2       2C      33C       0
                text21                             2542     2542       32      33C       0
                text20                             1EEC     1EEC       B0      33C       0
                text19                             1D70     1D70       CA      33C       0
                text18                             26C4     26C4       18      33C       0
                text17                             24DA     24DA       34      33C       0
                text16                             2746     2746        C      33C       0
                text15                             2738     2738        E      33C       0
                text14                             2380     2380       4E      33C       0
                text13                             275C     275C        4      33C       0
                text12                             264C     264C       22      33C       0
                text11                             2690     2690       1A      33C       0
                text10                             170E     170E      162      33C       0
                text9                              249E     249E       3C      33C       0
                text8                              1AD8     1AD8       F2      33C       0
                text7                              2180     2180       92      33C       0
                text6                              1436     1436      16E      33C       0
                text5                               DE2      DE2      244      33C       0
                text4                              2312     2312       6E      33C       0
                text3                              2460     2460       3E      33C       0
                text2                              2752     2752        A      33C       0
                text1                              25FE     25FE       28      33C       0
                text0                              1026     1026      232      33C       0
                cstackCOMRAM                          1        1       35        1       1
                cstackBANK0                          C8       C8       38       60       1
                cstackBANK1                         1AE      1AE        D      100       1
                bssBANK1                            100      100       AE      100       1
                bssBANK0                             60       60       68       60       1
                bssCOMRAM                            36       36       10        1       1
                cinit                              25A4     25A4       2E      33C       0
                nvCOMRAM                             46       46        3        1       1

TOTAL           Name                               Link     Load   Length     Space
        CLASS   STACK          

        CLASS   CODE           
                end_init                             A8       A8        4         0
                intcode                               8        8       A0         0
                reset_vec                             0        0        4         0
                text48                             2724     2724       14         0
                text47                             26AA     26AA       1A         0
                text46                             23CE     23CE       4A         0
                text45                              678      678      4EA         0
                text44                             2574     2574       30         0
                text43                             250E     250E       34         0
                text42                             270C     270C       18         0
                text41                             266E     266E       22         0
                text40                             26F4     26F4       18         0
                text39                             26DC     26DC       18         0
                text38                             22A2     22A2       70         0
                text36                             1F9C     1F9C       A8         0
                text35                              B62      B62      280         0
                text34                             15A4     15A4      16A         0
                text33                             2626     2626       26         0
                text32                             1870     1870      162         0
                text31                             2418     2418       48         0
                text30                             19D2     19D2      106         0
                text29                             1CA4     1CA4       CC         0
                text28                             2212     2212       90         0
                text27                             1E3A     1E3A       B2         0
                text26                             1258     1258      1DE         0
                text25                             2044     2044       A4         0
                text24                             1BCA     1BCA       DA         0
                text23                             20E8     20E8       98         0
                text22                             25D2     25D2       2C         0
                text21                             2542     2542       32         0
                text20                             1EEC     1EEC       B0         0
                text19                             1D70     1D70       CA         0
                text18                             26C4     26C4       18         0
                text17                             24DA     24DA       34         0
                text16                             2746     2746        C         0
                text15                             2738     2738        E         0
                text14                             2380     2380       4E         0
                text13                             275C     275C        4         0
                text12                             264C     264C       22         0
                text11                             2690     2690       1A         0
                text10                             170E     170E      162         0
                text9                              249E     249E       3C         0
                text8                              1AD8     1AD8       F2         0
                text7                              2180     2180       92         0
                text6                              1436     1436      16E         0
                text5                               DE2      DE2      244         0
                text4                              2312     2312       6E         0
                text3                              2460     2460       3E         0
                text2                              2752     2752        A         0
                text1                              25FE     25FE       28         0
                text0                              1026     1026      232         0
                cinit                              25A4     25A4       2E         0

        CLASS   CONST          

        CLASS   SMALLCONST     
                smallconst                          600      600       78         0

        CLASS   MEDIUMCONST    

        CLASS   COMRAM         
                cstackCOMRAM                          1        1       35         1
                bssCOMRAM                            36       36       10         1
                nvCOMRAM                             46       46        3         1

        CLASS   ABS1           

        CLASS   BIGRAM         

        CLASS   RAM            

        CLASS   BANK0          
                cstackBANK0                          C8       C8       38         1
                bssBANK0                             60       60       68         1

        CLASS   BANK1          
                cstackBANK1                         1AE      1AE        D         1
                bssBANK1                            100      100       AE         1

        CLASS   BANK2          

        CLASS   BANK3          

        CLASS   BANK4          

        CLASS   BANK5          

        CLASS   SFR            

        CLASS   FARRAM         

        CLASS   CONFIG         
                config                           300000   300000        E         0

        CLASS   IDLOC          
                idloc                            200000   200000        8         0

        CLASS   EEDATA         



SEGMENTS        Name                           Load    Length   Top    Selector   Space  Class

                reset_vec                      000000  000004  000004         0       0  CODE    
                cstackCOMRAM                   000001  000048  000049         1       1  COMRAM  
                intcode                        000008  0000A4  0000AC         4       0  CODE    
                bssBANK0                       000060  0000A0  000100        60       1  BANK0   
                bssBANK1                       000100  0000BB  0001BB       100       1  BANK1   
                smallconst                     000600  000078  000678       300       0  SMALLCON
                text45                         000678  0020E8  002760       33C       0  CODE    
                idloc                          200000  000008  200008    200000       0  IDLOC   
                config                         300000  00000E  30000E    300000       0  CONFIG  


UNUSED ADDRESS RANGES

        Name                Unused          Largest block    Delta
        BANK1            0001BB-0001FF               45
        BANK2            000200-0002FF              100
        BANK3            000300-0003FF              100
        BANK4            000400-0004FF              100
        BANK5            000500-0005FF              100
        BIGRAM           000049-00005F               17
                         0001BB-0005FF              445
        CODE             000004-000007                4
                         0000AC-0005FF              554
                         002760-007FFF             58A0
        COMRAM           000049-00005F               17
        CONST            000004-000007                4
                         0000AC-0005FF              554
                         002760-007FFF             58A0
        EEDATA           F00000-F000FF              100
        MEDIUMCONST      002760-007FFF             58A0
        RAM              0001BB-0005FF              100
        SFR              000F38-000FFF               28
        SMALLCONST       002760-007FFF              100
        STACK            0001BB-0005FF              445

                                  Symbol Table

?_ADC_GetConversionResult            cstackCOMRAM 000001
?_Battery_Get                        cstackCOMRAM 000026
?___awdiv                            cstackCOMRAM 000018
?___awtoft                           cstackCOMRAM 000026
?___ftadd                            cstackBANK0  0000DA
?___ftdiv                            cstackCOMRAM 00002A
?___ftmul                            cstackBANK0  0000CE
?___ftpack                           cstackCOMRAM 000018
?___ftsub                            cstackBANK0  0000E6
?___wmul                             cstackCOMRAM 000020
?_eval_poly                          cstackBANK0  0000E6
?_frexp                              cstackCOMRAM 000018
?_log                                cstackBANK0  0000F2
?_printf                             cstackCOMRAM 00001A
ADC_GetConversion@channel            cstackCOMRAM 000002
ADC_ISR@ADC_Result                   cstackCOMRAM 000008
ADC_StartConversion@channel          cstackCOMRAM 000002
Battery_Convert@x                    cstackBANK0  0000EA
Battery_Fault@fault                  cstackCOMRAM 00002F
Battery_Fault@i                      cstackCOMRAM 000030
Battery_Filter@x                     cstackBANK0  0000E6
Battery_Get@channelnum               cstackCOMRAM 000026
Current_Convert@x                    cstackBANK0  0000EC
Current_Fault@fault                  cstackCOMRAM 00002F
Current_Fault@i                      cstackCOMRAM 000030
Current_Filter@x                     cstackBANK0  0000E6
Delay@wait                           cstackCOMRAM 000018
Delay@x                              cstackCOMRAM 00001B
EUSART1_Write@txData                 cstackCOMRAM 000018
RunBypas@batvolt                     cstackCOMRAM 000031
RunBypas@cellbyp                     cstackCOMRAM 00002F
RunBypas@i                           cstackCOMRAM 000034
SetBypas@pin                         cstackCOMRAM 000018
SetBypas@state                       cstackCOMRAM 00001A
Set_4051@Channel                     cstackCOMRAM 000001
Set_4051@enable                      cstackCOMRAM 000003
TMR1_ISR@CountCallBack               bssCOMRAM    000039
Temp_Convert@steinhart               cstackBANK1  0001B6
Temp_Convert@x                       cstackBANK1  0001B4
Temp_Fault@fault                     cstackCOMRAM 00002F
Temp_Fault@i                         cstackCOMRAM 000030
Temp_Filter@x                        cstackBANK0  0000E6
_ADCON0                              (abs)        000FC2
_ADCON0bits                          (abs)        000FC2
_ADCON1                              (abs)        000FC1
_ADCON2                              (abs)        000FC0
_ADC_Buffer_Point                    bssCOMRAM    00003B
_ADC_GetConversion                   text41       00266E
_ADC_GetConversionResult             text48       002724
_ADC_ISR                             text45       000678
_ADC_Initialize                      text18       0026C4
_ADC_StartConversion                 text47       0026AA
_ADRESH                              (abs)        000FC4
_ADRESL                              (abs)        000FC3
_ANSELA                              (abs)        000F38
_ANSELB                              (abs)        000F39
_ANSELC                              (abs)        000F3A
_ANSELD                              (abs)        000F3B
_ANSELE                              (abs)        000F3C
_BAUD1CON                            (abs)        000FB8
_Battery_Adc                         bssBANK0     000060
_Battery_Convert                     text29       001CA4
_Battery_Current                     bssBANK0     000088
_Battery_Fault                       text27       001E3A
_Battery_Filter                      text32       001870
_Battery_Get                         text21       002542
_Battery_Read                        text42       00270C
_Battery_Volt                        bssBANK1     000100
_CodeRuning                          bssBANK0     0000B2
_Current_Adc                         bssBANK0     000074
_Current_Aquire                      bssCOMRAM    00003D
_Current_Convert                     text24       001BCA
_Current_Convert$1787                cstackBANK0  0000EA
_Current_Done                        bssBANK0     0000AA
_Current_Fault                       text23       0020E8
_Current_Filter                      text26       001258
_Current_Mean                        bssCOMRAM    000036
_Current_Read                        text40       0026F4
_Delay                               text22       0025D2
_EUSART1_Initialize                  text17       0024DA
_EUSART1_Receive_ISR                 text44       002574
_EUSART1_Transmit_ISR                text43       00250E
_EUSART1_Write                       text3        002460
_INTCON2bits                         (abs)        000FF1
_INTCONbits                          (abs)        000FF2
_INTERRUPT_Initialize                text16       002746
_INTERRUPT_InterruptManager          intcode      000008
_IPR1bits                            (abs)        000F9F
_LATA                                (abs)        000F89
_LATA4                               (abs)        007C4C
_LATA6                               (abs)        007C4E
_LATA7                               (abs)        007C4F
_LATB                                (abs)        000F8A
_LATB0                               (abs)        007C50
_LATB1                               (abs)        007C51
_LATB2                               (abs)        007C52
_LATC                                (abs)        000F8B
_LATC0                               (abs)        007C58
_LATC3                               (abs)        007C5B
_LATCbits                            (abs)        000F8B
_LATD                                (abs)        000F8C
_LATD2                               (abs)        007C62
_LATD3                               (abs)        007C63
_LATD4                               (abs)        007C64
_LATD5                               (abs)        007C65
_LATD6                               (abs)        007C66
_LATD7                               (abs)        007C67
_LATE                                (abs)        000F8D
_OSCCON                              (abs)        000FD3
_OSCCON2                             (abs)        000FD2
_OSCILLATOR_Initialize               text15       002738
_OSCTUNE                             (abs)        000F9B
_PIE1bits                            (abs)        000F9D
_PIN_MANAGER_Initialize              text14       002380
_PIR1bits                            (abs)        000F9E
_PrevBattery_Current                 bssBANK1     000160
_PrevBattery_Volt                    bssBANK1     000118
_PrevTemp_DegF                       bssBANK1     000130
_RC1STA                              (abs)        000FAB
_RC1STAbits                          (abs)        000FAB
_RCONbits                            (abs)        000FD0
_RCREG1                              (abs)        000FAE
_RunBypas                            text19       001D70
_SPBRG1                              (abs)        000FAF
_SPBRGH1                             (abs)        000FB0
_SYSTEM_Initialize                   text11       002690
_SetBypas                            text20       001EEC
_Set_4051                            text46       0023CE
_T1CON                               (abs)        000FCD
_T1CONbits                           (abs)        000FCD
_T1GCON                              (abs)        000FCC
_T1GCONbits                          (abs)        000FCC
_TMR1                                (abs)        000FCE
_TMR1H                               (abs)        000FCF
_TMR1L                               (abs)        000FCE
_TMR1_ISR                            text38       0022A2
_TMR1_Initialize                     text12       00264C
_TMR1_StartTimer                     text13       00275C
_TRISA                               (abs)        000F92
_TRISB                               (abs)        000F93
_TRISC                               (abs)        000F94
_TRISD                               (abs)        000F95
_TRISE                               (abs)        000F96
_TX1STA                              (abs)        000FAC
_TXREG1                              (abs)        000FAD
_TempBattery_Current                 bssBANK1     00019F
_TempBattery_Volt                    bssBANK1     00016F
_Temp_Adc                            bssBANK0     0000B4
_Temp_Aquire                         bssCOMRAM    00003E
_Temp_Convert                        text5        000DE2
_Temp_Convert$1785                   cstackBANK1  0001AE
_Temp_Convert$1786                   cstackBANK1  0001B1
_Temp_DegF                           bssBANK1     000148
_Temp_Done                           bssBANK0     0000AC
_Temp_Fault                          text4        002312
_Temp_Filter                         text10       00170E
_Temp_Read                           text39       0026DC
_TmpTemp_DegF                        bssBANK1     000187
_Volt_Aquire                         bssCOMRAM    00003F
_Volt_Done                           bssBANK0     0000AE
_WPUB                                (abs)        000F61
__CFG_BOREN$SBORDIS                  (abs)        000000
__CFG_BORV$190                       (abs)        000000
__CFG_CCP2MX$PORTC1                  (abs)        000000
__CFG_CCP3MX$PORTB5                  (abs)        000000
__CFG_CP0$OFF                        (abs)        000000
__CFG_CP1$OFF                        (abs)        000000
__CFG_CP2$OFF                        (abs)        000000
__CFG_CP3$OFF                        (abs)        000000
__CFG_CPB$OFF                        (abs)        000000
__CFG_CPD$OFF                        (abs)        000000
__CFG_DEBUG$OFF                      (abs)        000000
__CFG_EBTR0$OFF                      (abs)        000000
__CFG_EBTR1$OFF                      (abs)        000000
__CFG_EBTR2$OFF                      (abs)        000000
__CFG_EBTR3$OFF                      (abs)        000000
__CFG_EBTRB$OFF                      (abs)        000000
__CFG_FCMEN$OFF                      (abs)        000000
__CFG_FOSC$INTIO67                   (abs)        000000
__CFG_HFOFST$ON                      (abs)        000000
__CFG_IESO$OFF                       (abs)        000000
__CFG_LVP$OFF                        (abs)        000000
__CFG_MCLRE$EXTMCLR                  (abs)        000000
__CFG_P2BMX$PORTD2                   (abs)        000000
__CFG_PBADEN$ON                      (abs)        000000
__CFG_PLLCFG$OFF                     (abs)        000000
__CFG_PRICLKEN$OFF                   (abs)        000000
__CFG_PWRTEN$OFF                     (abs)        000000
__CFG_STVREN$ON                      (abs)        000000
__CFG_T3CMX$PORTC0                   (abs)        000000
__CFG_WDTEN$OFF                      (abs)        000000
__CFG_WDTPS$32768                    (abs)        000000
__CFG_WRT0$OFF                       (abs)        000000
__CFG_WRT1$OFF                       (abs)        000000
__CFG_WRT2$OFF                       (abs)        000000
__CFG_WRT3$OFF                       (abs)        000000
__CFG_WRTB$OFF                       (abs)        000000
__CFG_WRTC$OFF                       (abs)        000000
__CFG_WRTD$OFF                       (abs)        000000
__CFG_XINST$OFF                      (abs)        000000
__HRAM                               (abs)        000000
__Habs1                              abs1         000000
__Hbank0                             bank0        000000
__Hbank1                             bank1        000000
__Hbank2                             bank2        000000
__Hbank3                             bank3        000000
__Hbank4                             bank4        000000
__Hbank5                             bank5        000000
__Hbigbss                            bigbss       000000
__Hbigdata                           bigdata      000000
__Hbigram                            bigram       000000
__Hbss                               bss          000000
__HbssBANK0                          bssBANK0     000000
__HbssBANK1                          bssBANK1     000000
__HbssCOMRAM                         bssCOMRAM    000000
__Hcinit                             cinit        000000
__Hclrtext                           clrtext      000000
__Hcomram                            comram       000000
__Hconfig                            config       30000E
__Hconst                             const        000000
__HcstackBANK0                       cstackBANK0  000000
__HcstackBANK1                       cstackBANK1  000000
__HcstackCOMRAM                      cstackCOMRAM 000000
__Hdata                              data         000000
__Heeprom_data                       eeprom_data  000000
__Hend_init                          end_init     0000AC
__Hfarbss                            farbss       000000
__Hfardata                           fardata      000000
__Hibigdata                          ibigdata     000000
__Hidata                             idata        000000
__Hidloc                             idloc        200008
__Hifardata                          ifardata     000000
__Hinit                              init         0000A8
__Hintcode                           intcode      0000A8
__Hintcode_body                      intcode_body 000000
__Hintcodelo                         intcodelo    0000A8
__Hintentry                          intentry     000000
__Hintret                            intret       000000
__Hintsave_regs                      intsave_regs 000000
__Hirdata                            irdata       000000
__Hmediumconst                       mediumconst  000000
__HnvCOMRAM                          nvCOMRAM     000000
__HnvFARRAM                          nvFARRAM     000000
__Hnvbit                             nvbit        000000
__Hnvrram                            nvrram       000000
__Hparam                             rparam       000000
__Hpowerup                           powerup      0000A8
__Hram                               ram          000000
__Hramtop                            ramtop       000600
__Hrbit                              rbit         000000
__Hrbss                              rbss         000000
__Hrdata                             rdata        000000
__Hreset_vec                         reset_vec    000004
__Hrparam                            rparam       000000
__Hsfr                               sfr          000000
__Hsmallconst                        smallconst   000678
__Hspace_0                           (abs)        30000E
__Hspace_1                           (abs)        0001BB
__Hspace_2                           (abs)        000000
__Hstack                             stack        000000
__Hstruct                            struct       000000
__Htemp                              temp         000000
__Htext                              text         000000
__Htext0                             text0        000000
__Htext1                             text1        000000
__Htext10                            text10       000000
__Htext11                            text11       000000
__Htext12                            text12       000000
__Htext13                            text13       000000
__Htext14                            text14       000000
__Htext15                            text15       000000
__Htext16                            text16       000000
__Htext17                            text17       000000
__Htext18                            text18       000000
__Htext19                            text19       000000
__Htext2                             text2        000000
__Htext20                            text20       000000
__Htext21                            text21       000000
__Htext22                            text22       000000
__Htext23                            text23       000000
__Htext24                            text24       000000
__Htext25                            text25       000000
__Htext26                            text26       000000
__Htext27                            text27       000000
__Htext28                            text28       000000
__Htext29                            text29       000000
__Htext3                             text3        000000
__Htext30                            text30       000000
__Htext31                            text31       000000
__Htext32                            text32       000000
__Htext33                            text33       000000
__Htext34                            text34       000000
__Htext35                            text35       000000
__Htext36                            text36       000000
__Htext38                            text38       000000
__Htext39                            text39       000000
__Htext4                             text4        000000
__Htext40                            text40       000000
__Htext41                            text41       000000
__Htext42                            text42       000000
__Htext43                            text43       000000
__Htext44                            text44       000000
__Htext45                            text45       000000
__Htext46                            text46       000000
__Htext47                            text47       000000
__Htext48                            text48       000000
__Htext5                             text5        000000
__Htext6                             text6        000000
__Htext7                             text7        000000
__Htext8                             text8        000000
__Htext9                             text9        000000
__LRAM                               (abs)        000001
__Labs1                              abs1         000000
__Lbank0                             bank0        000000
__Lbank1                             bank1        000000
__Lbank2                             bank2        000000
__Lbank3                             bank3        000000
__Lbank4                             bank4        000000
__Lbank5                             bank5        000000
__Lbigbss                            bigbss       000000
__Lbigdata                           bigdata      000000
__Lbigram                            bigram       000000
__Lbss                               bss          000000
__LbssBANK0                          bssBANK0     000000
__LbssBANK1                          bssBANK1     000000
__LbssCOMRAM                         bssCOMRAM    000000
__Lcinit                             cinit        000000
__Lclrtext                           clrtext      000000
__Lcomram                            comram       000000
__Lconfig                            config       300000
__Lconst                             const        000000
__LcstackBANK0                       cstackBANK0  000000
__LcstackBANK1                       cstackBANK1  000000
__LcstackCOMRAM                      cstackCOMRAM 000000
__Ldata                              data         000000
__Leeprom_data                       eeprom_data  000000
__Lend_init                          end_init     0000A8
__Lfarbss                            farbss       000000
__Lfardata                           fardata      000000
__Libigdata                          ibigdata     000000
__Lidata                             idata        000000
__Lidloc                             idloc        200000
__Lifardata                          ifardata     000000
__Linit                              init         0000A8
__Lintcode                           intcode      000008
__Lintcode_body                      intcode_body 000000
__Lintcodelo                         intcodelo    0000A8
__Lintentry                          intentry     000000
__Lintret                            intret       000000
__Lintsave_regs                      intsave_regs 000000
__Lirdata                            irdata       000000
__Lmediumconst                       mediumconst  000000
__LnvCOMRAM                          nvCOMRAM     000000
__LnvFARRAM                          nvFARRAM     000000
__Lnvbit                             nvbit        000000
__Lnvrram                            nvrram       000000
__Lparam                             rparam       000000
__Lpowerup                           powerup      0000A8
__Lram                               ram          000000
__Lramtop                            ramtop       000600
__Lrbit                              rbit         000000
__Lrbss                              rbss         000000
__Lrdata                             rdata        000000
__Lreset_vec                         reset_vec    000000
__Lrparam                            rparam       000000
__Lsfr                               sfr          000000
__Lsmallconst                        smallconst   000600
__Lspace_0                           (abs)        000000
__Lspace_1                           (abs)        000000
__Lspace_2                           (abs)        000000
__Lstack                             stack        000000
__Lstruct                            struct       000000
__Ltemp                              temp         000000
__Ltext                              text         000000
__Ltext0                             text0        000000
__Ltext1                             text1        000000
__Ltext10                            text10       000000
__Ltext11                            text11       000000
__Ltext12                            text12       000000
__Ltext13                            text13       000000
__Ltext14                            text14       000000
__Ltext15                            text15       000000
__Ltext16                            text16       000000
__Ltext17                            text17       000000
__Ltext18                            text18       000000
__Ltext19                            text19       000000
__Ltext2                             text2        000000
__Ltext20                            text20       000000
__Ltext21                            text21       000000
__Ltext22                            text22       000000
__Ltext23                            text23       000000
__Ltext24                            text24       000000
__Ltext25                            text25       000000
__Ltext26                            text26       000000
__Ltext27                            text27       000000
__Ltext28                            text28       000000
__Ltext29                            text29       000000
__Ltext3                             text3        000000
__Ltext30                            text30       000000
__Ltext31                            text31       000000
__Ltext32                            text32       000000
__Ltext33                            text33       000000
__Ltext34                            text34       000000
__Ltext35                            text35       000000
__Ltext36                            text36       000000
__Ltext38                            text38       000000
__Ltext39                            text39       000000
__Ltext4                             text4        000000
__Ltext40                            text40       000000
__Ltext41                            text41       000000
__Ltext42                            text42       000000
__Ltext43                            text43       000000
__Ltext44                            text44       000000
__Ltext45                            text45       000000
__Ltext46                            text46       000000
__Ltext47                            text47       000000
__Ltext48                            text48       000000
__Ltext5                             text5        000000
__Ltext6                             text6        000000
__Ltext7                             text7        000000
__Ltext8                             text8        000000
__Ltext9                             text9        000000
__S0                                 (abs)        30000E
__S1                                 (abs)        0001BB
__S2                                 (abs)        000000
___awdiv                             text25       002044
___awdiv@counter                     cstackCOMRAM 00001C
___awdiv@dividend                    cstackCOMRAM 000018
___awdiv@divisor                     cstackCOMRAM 00001A
___awdiv@quotient                    cstackCOMRAM 00001E
___awdiv@sign                        cstackCOMRAM 00001D
___awtoft                            text31       002418
___awtoft@c                          cstackCOMRAM 000026
___awtoft@sign                       cstackCOMRAM 000029
___ftadd                             text35       000B62
___ftadd@exp1                        cstackBANK0  0000E5
___ftadd@exp2                        cstackBANK0  0000E4
___ftadd@f1                          cstackBANK0  0000DA
___ftadd@f2                          cstackBANK0  0000DD
___ftadd@sign                        cstackBANK0  0000E3
___ftdiv                             text30       0019D2
___ftdiv@cntr                        cstackBANK0  0000C8
___ftdiv@exp                         cstackBANK0  0000CC
___ftdiv@f1                          cstackCOMRAM 00002A
___ftdiv@f2                          cstackCOMRAM 00002D
___ftdiv@f3                          cstackBANK0  0000C9
___ftdiv@sign                        cstackBANK0  0000CD
___ftge                              text28       002212
___ftge@ff1                          cstackCOMRAM 000026
___ftge@ff2                          cstackCOMRAM 000029
___ftmul                             text34       0015A4
___ftmul@cntr                        cstackBANK0  0000D8
___ftmul@exp                         cstackBANK0  0000D4
___ftmul@f1                          cstackBANK0  0000CE
___ftmul@f2                          cstackBANK0  0000D1
___ftmul@f3_as_product               cstackBANK0  0000D5
___ftmul@sign                        cstackBANK0  0000D9
___ftpack                            text36       001F9C
___ftpack@arg                        cstackCOMRAM 000018
___ftpack@exp                        cstackCOMRAM 00001B
___ftpack@sign                       cstackCOMRAM 00001C
___ftsub                             text9        00249E
___ftsub@f1                          cstackBANK0  0000E6
___ftsub@f2                          cstackBANK0  0000E9
___inthi_sp                          stack        000000
___intlo_sp                          stack        000000
___sp                                stack        000000
___wmul                              text33       002626
___wmul@multiplicand                 cstackCOMRAM 000022
___wmul@multiplier                   cstackCOMRAM 000020
___wmul@product                      cstackCOMRAM 000024
__accesstop                          (abs)        000060
__activetblptr                       (abs)        000002
__end_of_ADC_GetConversion           text41       002690
__end_of_ADC_GetConversionResult     text48       002738
__end_of_ADC_ISR                     text45       000B62
__end_of_ADC_Initialize              text18       0026DC
__end_of_ADC_StartConversion         text47       0026C4
__end_of_Battery_Convert             text29       001D70
__end_of_Battery_Fault               text27       001EEC
__end_of_Battery_Filter              text32       0019D2
__end_of_Battery_Get                 text21       002574
__end_of_Battery_Read                text42       002724
__end_of_Current_Convert             text24       001CA4
__end_of_Current_Fault               text23       002180
__end_of_Current_Filter              text26       001436
__end_of_Current_Read                text40       00270C
__end_of_Delay                       text22       0025FE
__end_of_EUSART1_Initialize          text17       00250E
__end_of_EUSART1_Receive_ISR         text44       0025A4
__end_of_EUSART1_Transmit_ISR        text43       002542
__end_of_EUSART1_Write               text3        00249E
__end_of_INTERRUPT_Initialize        text16       002752
__end_of_INTERRUPT_InterruptManager  intcode      0000A8
__end_of_OSCILLATOR_Initialize       text15       002746
__end_of_PIN_MANAGER_Initialize      text14       0023CE
__end_of_RunBypas                    text19       001E3A
__end_of_SYSTEM_Initialize           text11       0026AA
__end_of_SetBypas                    text20       001F9C
__end_of_Set_4051                    text46       002418
__end_of_TMR1_ISR                    text38       002312
__end_of_TMR1_Initialize             text12       00266E
__end_of_TMR1_StartTimer             text13       002760
__end_of_Temp_Convert                text5        001026
__end_of_Temp_Fault                  text4        002380
__end_of_Temp_Filter                 text10       001870
__end_of_Temp_Read                   text39       0026F4
__end_of___awdiv                     text25       0020E8
__end_of___awtoft                    text31       002460
__end_of___ftadd                     text35       000DE2
__end_of___ftdiv                     text30       001AD8
__end_of___ftge                      text28       0022A2
__end_of___ftmul                     text34       00170E
__end_of___ftpack                    text36       002044
__end_of___ftsub                     text9        0024DA
__end_of___wmul                      text33       00264C
__end_of__initialization             cinit        0025C8
__end_of__stringdata                 smallconst   000677
__end_of_eval_poly                   text8        001BCA
__end_of_frexp                       text7        002212
__end_of_log                         text6        0015A4
__end_of_main                        text0        001258
__end_of_printf                      text1        002626
__end_of_putch                       text2        00275C
__end_oflog@coeff                    smallconst   00061C
__initialization                     cinit        0025A4
__mediumconst                        mediumconst  000000
__pbssBANK0                          bssBANK0     000060
__pbssBANK1                          bssBANK1     000100
__pbssCOMRAM                         bssCOMRAM    000036
__pcinit                             cinit        0025A4
__pcstackBANK0                       cstackBANK0  0000C8
__pcstackBANK1                       cstackBANK1  0001AE
__pcstackCOMRAM                      cstackCOMRAM 000001
__pintcode                           intcode      000008
__pnvCOMRAM                          nvCOMRAM     000046
__psmallconst                        smallconst   000600
__ptext0                             text0        001026
__ptext1                             text1        0025FE
__ptext10                            text10       00170E
__ptext11                            text11       002690
__ptext12                            text12       00264C
__ptext13                            text13       00275C
__ptext14                            text14       002380
__ptext15                            text15       002738
__ptext16                            text16       002746
__ptext17                            text17       0024DA
__ptext18                            text18       0026C4
__ptext19                            text19       001D70
__ptext2                             text2        002752
__ptext20                            text20       001EEC
__ptext21                            text21       002542
__ptext22                            text22       0025D2
__ptext23                            text23       0020E8
__ptext24                            text24       001BCA
__ptext25                            text25       002044
__ptext26                            text26       001258
__ptext27                            text27       001E3A
__ptext28                            text28       002212
__ptext29                            text29       001CA4
__ptext3                             text3        002460
__ptext30                            text30       0019D2
__ptext31                            text31       002418
__ptext32                            text32       001870
__ptext33                            text33       002626
__ptext34                            text34       0015A4
__ptext35                            text35       000B62
__ptext36                            text36       001F9C
__ptext38                            text38       0022A2
__ptext39                            text39       0026DC
__ptext4                             text4        002312
__ptext40                            text40       0026F4
__ptext41                            text41       00266E
__ptext42                            text42       00270C
__ptext43                            text43       00250E
__ptext44                            text44       002574
__ptext45                            text45       000678
__ptext46                            text46       0023CE
__ptext47                            text47       0026AA
__ptext48                            text48       002724
__ptext5                             text5        000DE2
__ptext6                             text6        001436
__ptext7                             text7        002180
__ptext8                             text8        001AD8
__ptext9                             text9        00249E
__ramtop                             ramtop       000600
__size_of_ADC_GetConversion          (abs)        000000
__size_of_ADC_GetConversionResult    (abs)        000000
__size_of_ADC_ISR                    (abs)        000000
__size_of_ADC_Initialize             (abs)        000000
__size_of_ADC_StartConversion        (abs)        000000
__size_of_Battery_Convert            (abs)        000000
__size_of_Battery_Fault              (abs)        000000
__size_of_Battery_Filter             (abs)        000000
__size_of_Battery_Get                (abs)        000000
__size_of_Battery_Read               (abs)        000000
__size_of_Current_Convert            (abs)        000000
__size_of_Current_Fault              (abs)        000000
__size_of_Current_Filter             (abs)        000000
__size_of_Current_Read               (abs)        000000
__size_of_Delay                      (abs)        000000
__size_of_EUSART1_Initialize         (abs)        000000
__size_of_EUSART1_Receive_ISR        (abs)        000000
__size_of_EUSART1_Transmit_ISR       (abs)        000000
__size_of_EUSART1_Write              (abs)        000000
__size_of_INTERRUPT_Initialize       (abs)        000000
__size_of_INTERRUPT_InterruptManager (abs)        000000
__size_of_OSCILLATOR_Initialize      (abs)        000000
__size_of_PIN_MANAGER_Initialize     (abs)        000000
__size_of_RunBypas                   (abs)        000000
__size_of_SYSTEM_Initialize          (abs)        000000
__size_of_SetBypas                   (abs)        000000
__size_of_Set_4051                   (abs)        000000
__size_of_TMR1_ISR                   (abs)        000000
__size_of_TMR1_Initialize            (abs)        000000
__size_of_TMR1_StartTimer            (abs)        000000
__size_of_Temp_Convert               (abs)        000000
__size_of_Temp_Fault                 (abs)        000000
__size_of_Temp_Filter                (abs)        000000
__size_of_Temp_Read                  (abs)        000000
__size_of___awdiv                    (abs)        000000
__size_of___awtoft                   (abs)        000000
__size_of___ftadd                    (abs)        000000
__size_of___ftdiv                    (abs)        000000
__size_of___ftge                     (abs)        000000
__size_of___ftmul                    (abs)        000000
__size_of___ftpack                   (abs)        000000
__size_of___ftsub                    (abs)        000000
__size_of___wmul                     (abs)        000000
__size_of_eval_poly                  (abs)        000000
__size_of_frexp                      (abs)        000000
__size_of_log                        (abs)        000000
__size_of_main                       (abs)        000000
__size_of_printf                     (abs)        000000
__size_of_putch                      (abs)        000000
__smallconst                         smallconst   000600
__stringdata                         smallconst   00061C
_errno                               bssBANK0     0000B0
_eusart1RxBuffer                     bssBANK0     000097
_eusart1RxCount                      bssCOMRAM    000040
_eusart1RxHead                       bssCOMRAM    000041
_eusart1RxTail                       bssCOMRAM    000042
_eusart1TxBuffer                     bssBANK0     00009F
_eusart1TxBufferRemaining            nvCOMRAM     000048
_eusart1TxHead                       bssCOMRAM    000043
_eusart1TxTail                       bssCOMRAM    000044
_eval_poly                           text8        001AD8
_fault                               bssBANK0     0000A7
_fault_flag                          bssCOMRAM    000045
_frexp                               text7        002180
_infault                             bssBANK0     0000B3
_log                                 text6        001436
_main                                text0        001026
_printf                              text1        0025FE
_putch                               text2        002752
_timer1ReloadVal                     nvCOMRAM     000046
end_of_initialization                cinit        0025C8
eval_poly@d                          cstackBANK0  0000E9
eval_poly@n                          cstackBANK0  0000EB
eval_poly@res                        cstackBANK0  0000EF
eval_poly@x                          cstackBANK0  0000E6
frexp@eptr                           cstackCOMRAM 00001B
frexp@value                          cstackCOMRAM 000018
intlevel0                            text         000000
intlevel1                            text         000000
intlevel2                            text         000000
intlevel3                            text         000000
log@coeff                            smallconst   000601
log@exponent                         cstackBANK0  0000F5
log@x                                cstackBANK0  0000F2
main@next                            cstackBANK1  0001B9
printf@ap                            cstackCOMRAM 00001C
printf@c                             cstackCOMRAM 00001E
printf@f                             cstackCOMRAM 00001A
putch@txData                         cstackCOMRAM 000019
stackhi                              (abs)        0005FF
stacklo                              (abs)        0001BB
start                                init         0000A8
start_initialization                 cinit        0025A4


FUNCTION INFORMATION:

 *************** function _main *****************
 Defined at:
		line 36 in file "Main.c"
 Parameters:    Size  Location     Type
  argc            2   49[BANK0 ] int 
  argv            3   51[BANK0 ] PTR PTR unsigned char 
 Auto vars:     Size  Location     Type
  next            2   11[BANK1 ] int 
 Return value:  Size  Location     Type
                  2   49[BANK0 ] int 
 Registers used:
		wreg, fsr1l, fsr1h, fsr2l, fsr2h, status,2, status,0, tblptrl, tblptrh, tblptru, prodl, prodh, cstack
 Tracked objects:
		On entry : 
		On exit  : 
		Unchanged: 
 Data sizes:     COMRAM   BANK0   BANK1   BANK2   BANK3   BANK4   BANK5
      Params:         0       5       0       0       0       0       0
      Locals:         0       0       2       0       0       0       0
      Temps:          0       2       0       0       0       0       0
      Totals:         0       7       2       0       0       0       0
Total ram usage:        9 bytes
 Hardware stack levels required when called:    9
 This function calls:
		_Battery_Convert
		_Battery_Fault
		_Current_Convert
		_Current_Fault
		_Delay
		_RunBypas
		_SYSTEM_Initialize
		_Temp_Convert
		_Temp_Fault
		_printf
 This function is called by:
		Startup code after reset
 This function uses a non-reentrant model


 *************** function _printf *****************
 Defined at:
		line 464 in file "C:\Program Files (x86)\Microchip\xc8\v1.33\sources\common\doprnt.c"
 Parameters:    Size  Location     Type
  f               2   25[COMRAM] PTR const unsigned char 
		 -> STR_8(4), STR_7(14), STR_6(22), STR_5(11), 
		 -> STR_4(7), STR_3(17), STR_2(15), STR_1(5), 
 Auto vars:     Size  Location     Type
  _val            5    0        struct .
  ap              2   27[COMRAM] PTR void [1]
		 -> ?_printf(2), 
  c               1   29[COMRAM] char 
  flag            1    0        unsigned char 
  prec            1    0        char 
 Return value:  Size  Location     Type
                  2   25[COMRAM] int 
 Registers used:
		wreg, fsr2l, fsr2h, status,2, status,0, tblptrl, tblptrh, tblptru, prodl, prodh, cstack
 Tracked objects:
		On entry : 
		On exit  : 
		Unchanged: 
 Data sizes:     COMRAM   BANK0   BANK1   BANK2   BANK3   BANK4   BANK5
      Params:         2       0       0       0       0       0       0
      Locals:         3       0       0       0       0       0       0
      Temps:          0       0       0       0       0       0       0
      Totals:         5       0       0       0       0       0       0
Total ram usage:        5 bytes
 Hardware stack levels used:    1
 Hardware stack levels required when called:    6
 This function calls:
		_putch
 This function is called by:
		_main
 This function uses a non-reentrant model


 *************** function _putch *****************
 Defined at:
		line 151 in file "mcc_generated_files/eusart1.c"
 Parameters:    Size  Location     Type
  txData          1    wreg     unsigned char 
 Auto vars:     Size  Location     Type
  txData          1   24[COMRAM] unsigned char 
 Return value:  Size  Location     Type
		None               void
 Registers used:
		wreg, fsr2l, fsr2h, status,2, status,0, prodl, prodh, cstack
 Tracked objects:
		On entry : 
		On exit  : 
		Unchanged: 
 Data sizes:     COMRAM   BANK0   BANK1   BANK2   BANK3   BANK4   BANK5
      Params:         0       0       0       0       0       0       0
      Locals:         1       0       0       0       0       0       0
      Temps:          0       0       0       0       0       0       0
      Totals:         1       0       0       0       0       0       0
Total ram usage:        1 bytes
 Hardware stack levels used:    1
 Hardware stack levels required when called:    5
 This function calls:
		_EUSART1_Write
 This function is called by:
		_printf
 This function uses a non-reentrant model


 *************** function _EUSART1_Write *****************
 Defined at:
		line 130 in file "mcc_generated_files/eusart1.c"
 Parameters:    Size  Location     Type
  txData          1    wreg     unsigned char 
 Auto vars:     Size  Location     Type
  txData          1   23[COMRAM] unsigned char 
 Return value:  Size  Location     Type
		None               void
 Registers used:
		wreg, fsr2l, fsr2h, status,2, status,0, prodl, prodh
 Tracked objects:
		On entry : 
		On exit  : 
		Unchanged: 
 Data sizes:     COMRAM   BANK0   BANK1   BANK2   BANK3   BANK4   BANK5
      Params:         0       0       0       0       0       0       0
      Locals:         1       0       0       0       0       0       0
      Temps:          0       0       0       0       0       0       0
      Totals:         1       0       0       0       0       0       0
Total ram usage:        1 bytes
 Hardware stack levels used:    1
 Hardware stack levels required when called:    4
 This function calls:
		Nothing
 This function is called by:
		_putch
 This function uses a non-reentrant model


 *************** function _Temp_Fault *****************
 Defined at:
		line 12 in file "Tempeture.c"
 Parameters:    Size  Location     Type
		None
 Auto vars:     Size  Location     Type
  i               2   47[COMRAM] int 
  fault           1   46[COMRAM] unsigned char 
 Return value:  Size  Location     Type
                  1    wreg      unsigned char 
 Registers used:
		wreg, fsr2l, fsr2h, status,2, status,0, prodl, prodh, cstack
 Tracked objects:
		On entry : 
		On exit  : 
		Unchanged: 
 Data sizes:     COMRAM   BANK0   BANK1   BANK2   BANK3   BANK4   BANK5
      Params:         0       0       0       0       0       0       0
      Locals:         3       0       0       0       0       0       0
      Temps:          0       0       0       0       0       0       0
      Totals:         3       0       0       0       0       0       0
Total ram usage:        3 bytes
 Hardware stack levels used:    1
 Hardware stack levels required when called:    5
 This function calls:
		___ftge
		___wmul
 This function is called by:
		_main
 This function uses a non-reentrant model


 *************** function _Temp_Convert *****************
 Defined at:
		line 45 in file "Tempeture.c"
 Parameters:    Size  Location     Type
		None
 Auto vars:     Size  Location     Type
  x               2    6[BANK1 ] int 
  steinhart       3    8[BANK1 ] float 
 Return value:  Size  Location     Type
		None               void
 Registers used:
		wreg, fsr1l, fsr1h, fsr2l, fsr2h, status,2, status,0, tblptrl, tblptrh, tblptru, prodl, prodh, cstack
 Tracked objects:
		On entry : 
		On exit  : 
		Unchanged: 
 Data sizes:     COMRAM   BANK0   BANK1   BANK2   BANK3   BANK4   BANK5
      Params:         0       0       0       0       0       0       0
      Locals:         0       0      11       0       0       0       0
      Temps:          0       2       0       0       0       0       0
      Totals:         0       2      11       0       0       0       0
Total ram usage:       13 bytes
 Hardware stack levels used:    1
 Hardware stack levels required when called:    8
 This function calls:
		_Temp_Filter
		___awtoft
		___ftadd
		___ftdiv
		___ftmul
		___ftsub
		___wmul
		_log
 This function is called by:
		_main
 This function uses a non-reentrant model


 *************** function _log *****************
 Defined at:
		line 5 in file "C:\Program Files (x86)\Microchip\xc8\v1.33\sources\common\log.c"
 Parameters:    Size  Location     Type
  x               3   42[BANK0 ] float 
 Auto vars:     Size  Location     Type
  exponent        2   45[BANK0 ] int 
 Return value:  Size  Location     Type
                  3   42[BANK0 ] int 
 Registers used:
		wreg, fsr2l, fsr2h, status,2, status,0, tblptrl, tblptrh, tblptru, prodl, prodh, cstack
 Tracked objects:
		On entry : 
		On exit  : 
		Unchanged: 
 Data sizes:     COMRAM   BANK0   BANK1   BANK2   BANK3   BANK4   BANK5
      Params:         0       3       0       0       0       0       0
      Locals:         0       2       0       0       0       0       0
      Temps:          0       0       0       0       0       0       0
      Totals:         0       5       0       0       0       0       0
Total ram usage:        5 bytes
 Hardware stack levels used:    1
 Hardware stack levels required when called:    7
 This function calls:
		___awtoft
		___ftadd
		___ftmul
		_eval_poly
		_frexp
 This function is called by:
		_Temp_Convert
 This function uses a non-reentrant model


 *************** function _frexp *****************
 Defined at:
		line 254 in file "C:\Program Files (x86)\Microchip\xc8\v1.33\sources\common\frexp.c"
 Parameters:    Size  Location     Type
  value           3   23[COMRAM] int 
  eptr            2   26[COMRAM] PTR int 
		 -> log@exponent(2), 
 Auto vars:     Size  Location     Type
		None
 Return value:  Size  Location     Type
                  3   23[COMRAM] PTR int 
 Registers used:
		wreg, fsr2l, fsr2h, status,2, status,0
 Tracked objects:
		On entry : 
		On exit  : 
		Unchanged: 
 Data sizes:     COMRAM   BANK0   BANK1   BANK2   BANK3   BANK4   BANK5
      Params:         5       0       0       0       0       0       0
      Locals:         0       0       0       0       0       0       0
      Temps:          2       0       0       0       0       0       0
      Totals:         7       0       0       0       0       0       0
Total ram usage:        7 bytes
 Hardware stack levels used:    1
 Hardware stack levels required when called:    4
 This function calls:
		Nothing
 This function is called by:
		_log
 This function uses a non-reentrant model


 *************** function _eval_poly *****************
 Defined at:
		line 4 in file "C:\Program Files (x86)\Microchip\xc8\v1.33\sources\common\evalpoly.c"
 Parameters:    Size  Location     Type
  x               3   30[BANK0 ] PTR int 
  d               2   33[BANK0 ] PTR const 
		 -> log@coeff(27), 
  n               2   35[BANK0 ] int 
 Auto vars:     Size  Location     Type
  res             3   39[BANK0 ] int 
 Return value:  Size  Location     Type
                  3   30[BANK0 ] int 
 Registers used:
		wreg, status,2, status,0, tblptrl, tblptrh, tblptru, prodl, prodh, cstack
 Tracked objects:
		On entry : 
		On exit  : 
		Unchanged: 
 Data sizes:     COMRAM   BANK0   BANK1   BANK2   BANK3   BANK4   BANK5
      Params:         0       7       0       0       0       0       0
      Locals:         0       3       0       0       0       0       0
      Temps:          0       2       0       0       0       0       0
      Totals:         0      12       0       0       0       0       0
Total ram usage:       12 bytes
 Hardware stack levels used:    1
 Hardware stack levels required when called:    6
 This function calls:
		___ftadd
		___ftmul
		___wmul
 This function is called by:
		_log
 This function uses a non-reentrant model


 *************** function ___ftsub *****************
 Defined at:
		line 20 in file "C:\Program Files (x86)\Microchip\xc8\v1.33\sources\common\ftsub.c"
 Parameters:    Size  Location     Type
  f1              3   30[BANK0 ] float 
  f2              3   33[BANK0 ] float 
 Auto vars:     Size  Location     Type
		None
 Return value:  Size  Location     Type
                  3   30[BANK0 ] float 
 Registers used:
		wreg, status,2, status,0, cstack
 Tracked objects:
		On entry : 
		On exit  : 
		Unchanged: 
 Data sizes:     COMRAM   BANK0   BANK1   BANK2   BANK3   BANK4   BANK5
      Params:         0       6       0       0       0       0       0
      Locals:         0       0       0       0       0       0       0
      Temps:          0       0       0       0       0       0       0
      Totals:         0       6       0       0       0       0       0
Total ram usage:        6 bytes
 Hardware stack levels used:    1
 Hardware stack levels required when called:    6
 This function calls:
		___ftadd
 This function is called by:
		_Temp_Convert
 This function uses a non-reentrant model


 *************** function _Temp_Filter *****************
 Defined at:
		line 35 in file "Tempeture.c"
 Parameters:    Size  Location     Type
		None
 Auto vars:     Size  Location     Type
  x               2   30[BANK0 ] int 
 Return value:  Size  Location     Type
		None               void
 Registers used:
		wreg, fsr1l, fsr1h, fsr2l, fsr2h, status,2, status,0, prodl, prodh, cstack
 Tracked objects:
		On entry : 
		On exit  : 
		Unchanged: 
 Data sizes:     COMRAM   BANK0   BANK1   BANK2   BANK3   BANK4   BANK5
      Params:         0       0       0       0       0       0       0
      Locals:         0       2       0       0       0       0       0
      Temps:          0       0       0       0       0       0       0
      Totals:         0       2       0       0       0       0       0
Total ram usage:        2 bytes
 Hardware stack levels used:    1
 Hardware stack levels required when called:    6
 This function calls:
		___ftadd
		___ftmul
		___wmul
 This function is called by:
		_Temp_Convert
 This function uses a non-reentrant model


 *************** function _SYSTEM_Initialize *****************
 Defined at:
		line 112 in file "mcc_generated_files/mcc.c"
 Parameters:    Size  Location     Type
		None
 Auto vars:     Size  Location     Type
		None
 Return value:  Size  Location     Type
		None               void
 Registers used:
		wreg, status,2, cstack
 Tracked objects:
		On entry : 
		On exit  : 
		Unchanged: 
 Data sizes:     COMRAM   BANK0   BANK1   BANK2   BANK3   BANK4   BANK5
      Params:         0       0       0       0       0       0       0
      Locals:         0       0       0       0       0       0       0
      Temps:          0       0       0       0       0       0       0
      Totals:         0       0       0       0       0       0       0
Total ram usage:        0 bytes
 Hardware stack levels used:    1
 Hardware stack levels required when called:    6
 This function calls:
		_ADC_Initialize
		_EUSART1_Initialize
		_INTERRUPT_Initialize
		_OSCILLATOR_Initialize
		_PIN_MANAGER_Initialize
		_TMR1_Initialize
 This function is called by:
		_main
 This function uses a non-reentrant model


 *************** function _TMR1_Initialize *****************
 Defined at:
		line 24 in file "mcc_generated_files/tmr1.c"
 Parameters:    Size  Location     Type
		None
 Auto vars:     Size  Location     Type
		None
 Return value:  Size  Location     Type
		None               void
 Registers used:
		wreg, status,2, cstack
 Tracked objects:
		On entry : 
		On exit  : 
		Unchanged: 
 Data sizes:     COMRAM   BANK0   BANK1   BANK2   BANK3   BANK4   BANK5
      Params:         0       0       0       0       0       0       0
      Locals:         0       0       0       0       0       0       0
      Temps:          0       0       0       0       0       0       0
      Totals:         0       0       0       0       0       0       0
Total ram usage:        0 bytes
 Hardware stack levels used:    1
 Hardware stack levels required when called:    5
 This function calls:
		_TMR1_StartTimer
 This function is called by:
		_SYSTEM_Initialize
 This function uses a non-reentrant model


 *************** function _TMR1_StartTimer *****************
 Defined at:
		line 52 in file "mcc_generated_files/tmr1.c"
 Parameters:    Size  Location     Type
		None
 Auto vars:     Size  Location     Type
		None
 Return value:  Size  Location     Type
		None               void
 Registers used:
		None
 Tracked objects:
		On entry : 
		On exit  : 
		Unchanged: 
 Data sizes:     COMRAM   BANK0   BANK1   BANK2   BANK3   BANK4   BANK5
      Params:         0       0       0       0       0       0       0
      Locals:         0       0       0       0       0       0       0
      Temps:          0       0       0       0       0       0       0
      Totals:         0       0       0       0       0       0       0
Total ram usage:        0 bytes
 Hardware stack levels used:    1
 Hardware stack levels required when called:    4
 This function calls:
		Nothing
 This function is called by:
		_TMR1_Initialize
 This function uses a non-reentrant model


 *************** function _PIN_MANAGER_Initialize *****************
 Defined at:
		line 50 in file "mcc_generated_files/pin_manager.c"
 Parameters:    Size  Location     Type
		None
 Auto vars:     Size  Location     Type
		None
 Return value:  Size  Location     Type
		None               void
 Registers used:
		wreg, status,2
 Tracked objects:
		On entry : 
		On exit  : 
		Unchanged: 
 Data sizes:     COMRAM   BANK0   BANK1   BANK2   BANK3   BANK4   BANK5
      Params:         0       0       0       0       0       0       0
      Locals:         0       0       0       0       0       0       0
      Temps:          0       0       0       0       0       0       0
      Totals:         0       0       0       0       0       0       0
Total ram usage:        0 bytes
 Hardware stack levels used:    1
 Hardware stack levels required when called:    4
 This function calls:
		Nothing
 This function is called by:
		_SYSTEM_Initialize
 This function uses a non-reentrant model


 *************** function _OSCILLATOR_Initialize *****************
 Defined at:
		line 121 in file "mcc_generated_files/mcc.c"
 Parameters:    Size  Location     Type
		None
 Auto vars:     Size  Location     Type
		None
 Return value:  Size  Location     Type
		None               void
 Registers used:
		wreg, status,2
 Tracked objects:
		On entry : 
		On exit  : 
		Unchanged: 
 Data sizes:     COMRAM   BANK0   BANK1   BANK2   BANK3   BANK4   BANK5
      Params:         0       0       0       0       0       0       0
      Locals:         0       0       0       0       0       0       0
      Temps:          0       0       0       0       0       0       0
      Totals:         0       0       0       0       0       0       0
Total ram usage:        0 bytes
 Hardware stack levels used:    1
 Hardware stack levels required when called:    4
 This function calls:
		Nothing
 This function is called by:
		_SYSTEM_Initialize
 This function uses a non-reentrant model


 *************** function _INTERRUPT_Initialize *****************
 Defined at:
		line 52 in file "mcc_generated_files/interrupt_manager.c"
 Parameters:    Size  Location     Type
		None
 Auto vars:     Size  Location     Type
		None
 Return value:  Size  Location     Type
		None               void
 Registers used:
		None
 Tracked objects:
		On entry : 
		On exit  : 
		Unchanged: 
 Data sizes:     COMRAM   BANK0   BANK1   BANK2   BANK3   BANK4   BANK5
      Params:         0       0       0       0       0       0       0
      Locals:         0       0       0       0       0       0       0
      Temps:          0       0       0       0       0       0       0
      Totals:         0       0       0       0       0       0       0
Total ram usage:        0 bytes
 Hardware stack levels used:    1
 Hardware stack levels required when called:    4
 This function calls:
		Nothing
 This function is called by:
		_SYSTEM_Initialize
 This function uses a non-reentrant model


 *************** function _EUSART1_Initialize *****************
 Defined at:
		line 76 in file "mcc_generated_files/eusart1.c"
 Parameters:    Size  Location     Type
		None
 Auto vars:     Size  Location     Type
		None
 Return value:  Size  Location     Type
		None               void
 Registers used:
		wreg, status,2
 Tracked objects:
		On entry : 
		On exit  : 
		Unchanged: 
 Data sizes:     COMRAM   BANK0   BANK1   BANK2   BANK3   BANK4   BANK5
      Params:         0       0       0       0       0       0       0
      Locals:         0       0       0       0       0       0       0
      Temps:          0       0       0       0       0       0       0
      Totals:         0       0       0       0       0       0       0
Total ram usage:        0 bytes
 Hardware stack levels used:    1
 Hardware stack levels required when called:    4
 This function calls:
		Nothing
 This function is called by:
		_SYSTEM_Initialize
 This function uses a non-reentrant model


 *************** function _ADC_Initialize *****************
 Defined at:
		line 15 in file "mcc_generated_files/adc.c"
 Parameters:    Size  Location     Type
		None
 Auto vars:     Size  Location     Type
		None
 Return value:  Size  Location     Type
		None               void
 Registers used:
		wreg, status,2
 Tracked objects:
		On entry : 
		On exit  : 
		Unchanged: 
 Data sizes:     COMRAM   BANK0   BANK1   BANK2   BANK3   BANK4   BANK5
      Params:         0       0       0       0       0       0       0
      Locals:         0       0       0       0       0       0       0
      Temps:          0       0       0       0       0       0       0
      Totals:         0       0       0       0       0       0       0
Total ram usage:        0 bytes
 Hardware stack levels used:    1
 Hardware stack levels required when called:    4
 This function calls:
		Nothing
 This function is called by:
		_SYSTEM_Initialize
 This function uses a non-reentrant model


 *************** function _RunBypas *****************
 Defined at:
		line 84 in file "Bypass.c"
 Parameters:    Size  Location     Type
		None
 Auto vars:     Size  Location     Type
  batvolt         3   48[COMRAM] float 
  i               2   51[COMRAM] int 
  cellbyp         2   46[COMRAM] int 
 Return value:  Size  Location     Type
                  2  497[COMRAM] int 
 Registers used:
		wreg, fsr2l, fsr2h, status,2, status,0, prodl, prodh, cstack
 Tracked objects:
		On entry : 
		On exit  : 
		Unchanged: 
 Data sizes:     COMRAM   BANK0   BANK1   BANK2   BANK3   BANK4   BANK5
      Params:         0       0       0       0       0       0       0
      Locals:         7       0       0       0       0       0       0
      Temps:          0       0       0       0       0       0       0
      Totals:         7       0       0       0       0       0       0
Total ram usage:        7 bytes
 Hardware stack levels used:    1
 Hardware stack levels required when called:    6
 This function calls:
		_Battery_Get
		_SetBypas
		___ftge
 This function is called by:
		_main
 This function uses a non-reentrant model


 *************** function _SetBypas *****************
 Defined at:
		line 8 in file "Bypass.c"
 Parameters:    Size  Location     Type
  pin             2   23[COMRAM] int 
  state           2   25[COMRAM] int 
 Auto vars:     Size  Location     Type
		None
 Return value:  Size  Location     Type
                  2   23[COMRAM] int 
 Registers used:
		wreg, status,2, status,0
 Tracked objects:
		On entry : 
		On exit  : 
		Unchanged: 
 Data sizes:     COMRAM   BANK0   BANK1   BANK2   BANK3   BANK4   BANK5
      Params:         4       0       0       0       0       0       0
      Locals:         0       0       0       0       0       0       0
      Temps:          2       0       0       0       0       0       0
      Totals:         6       0       0       0       0       0       0
Total ram usage:        6 bytes
 Hardware stack levels used:    1
 Hardware stack levels required when called:    4
 This function calls:
		Nothing
 This function is called by:
		_RunBypas
 This function uses a non-reentrant model


 *************** function _Battery_Get *****************
 Defined at:
		line 52 in file "Battery.c"
 Parameters:    Size  Location     Type
  channelnum      2   37[COMRAM] int 
 Auto vars:     Size  Location     Type
		None
 Return value:  Size  Location     Type
                  3   37[COMRAM] float 
 Registers used:
		wreg, fsr2l, fsr2h, status,2, status,0, prodl, prodh, cstack
 Tracked objects:
		On entry : 
		On exit  : 
		Unchanged: 
 Data sizes:     COMRAM   BANK0   BANK1   BANK2   BANK3   BANK4   BANK5
      Params:         3       0       0       0       0       0       0
      Locals:         0       0       0       0       0       0       0
      Temps:          0       0       0       0       0       0       0
      Totals:         3       0       0       0       0       0       0
Total ram usage:        3 bytes
 Hardware stack levels used:    1
 Hardware stack levels required when called:    5
 This function calls:
		___wmul
 This function is called by:
		_RunBypas
[...]
		On entry : 
		On exit  : 
		Unchanged: 
 Data sizes:     COMRAM   BANK0   BANK1   BANK2   BANK3   BANK4   BANK5
      Params:         0       6       0       0       0       0       0
      Locals:         0       3       0       0       0       0       0
      Temps:          0       3       0       0       0       0       0
      Totals:         0      12       0       0       0       0       0
Total ram usage:       12 bytes
 Hardware stack levels used:    1
 Hardware stack levels required when called:    5
 This function calls:
		___ftpack
 This function is called by:
		_Battery_Filter
		_Temp_Filter
		_Temp_Convert
		_Current_Filter
		___ftsub
		_log
		_eval_poly
 This function uses a non-reentrant model


 *************** function ___ftpack *****************
 Defined at:
		line 62 in file "C:\Program Files (x86)\Microchip\xc8\v1.33\sources\common\float.c"
 Parameters:    Size  Location     Type
  arg             3   23[COMRAM] unsigned um
  exp             1   26[COMRAM] unsigned char 
  sign            1   27[COMRAM] unsigned char 
 Auto vars:     Size  Location     Type
		None
 Return value:  Size  Location     Type
                  3   23[COMRAM] float 
 Registers used:
		wreg, status,2, status,0
 Tracked objects:
		On entry : 
		On exit  : 
		Unchanged: 
 Data sizes:     COMRAM   BANK0   BANK1   BANK2   BANK3   BANK4   BANK5
      Params:         5       0       0       0       0       0       0
      Locals:         0       0       0       0       0       0       0
      Temps:          3       0       0       0       0       0       0
      Totals:         8       0       0       0       0       0       0
Total ram usage:        8 bytes
 Hardware stack levels used:    1
 Hardware stack levels required when called:    4
 This function calls:
		Nothing
 This function is called by:
		___awtoft
		___ftadd
		___ftdiv
		___ftmul
 This function uses a non-reentrant model


 *************** function _INTERRUPT_InterruptManager *****************
 Defined at:
		line 68 in file "mcc_generated_files/interrupt_manager.c"
 Parameters:    Size  Location     Type
		None
 Auto vars:     Size  Location     Type
		None
 Return value:  Size  Location     Type
		None               void
 Registers used:
		wreg, fsr2l, fsr2h, status,2, status,0, prodl, prodh, cstack
 Tracked objects:
		On entry : 
		On exit  : 
		Unchanged: 
 Data sizes:     COMRAM   BANK0   BANK1   BANK2   BANK3   BANK4   BANK5
      Params:         0       0       0       0       0       0       0
      Locals:         0       0       0       0       0       0       0
      Temps:         14       0       0       0       0       0       0
      Totals:        14       0       0       0       0       0       0
Total ram usage:       14 bytes
 Hardware stack levels used:    1
 Hardware stack levels required when called:    3
 This function calls:
		_ADC_ISR
		_EUSART1_Receive_ISR
		_EUSART1_Transmit_ISR
		_TMR1_ISR
 This function is called by:
		Interrupt level 2
 This function uses a non-reentrant model


 *************** function _TMR1_ISR *****************
 Defined at:
		line 107 in file "mcc_generated_files/tmr1.c"
 Parameters:    Size  Location     Type
		None
 Auto vars:     Size  Location     Type
		None
 Return value:  Size  Location     Type
		None               void
 Registers used:
		wreg, status,2, status,0, cstack
 Tracked objects:
		On entry : 
		On exit  : 
		Unchanged: 
 Data sizes:     COMRAM   BANK0   BANK1   BANK2   BANK3   BANK4   BANK5
      Params:         0       0       0       0       0       0       0
      Locals:         0       0       0       0       0       0       0
      Temps:          3       0       0       0       0       0       0
      Totals:         3       0       0       0       0       0       0
Total ram usage:        3 bytes
 Hardware stack levels used:    1
 Hardware stack levels required when called:    2
 This function calls:
		_Battery_Read
		_Current_Read
		_Temp_Read
 This function is called by:
		_INTERRUPT_InterruptManager
 This function uses a non-reentrant model


 *************** function _Temp_Read *****************
 Defined at:
		line 26 in file "Tempeture.c"
 Parameters:    Size  Location     Type
		None
 Auto vars:     Size  Location     Type
		None
 Return value:  Size  Location     Type
		None               void
 Registers used:
		wreg, status,2, status,0, cstack
 Tracked objects:
		On entry : 
		On exit  : 
		Unchanged: 
 Data sizes:     COMRAM   BANK0   BANK1   BANK2   BANK3   BANK4   BANK5
      Params:         0       0       0       0       0       0       0
      Locals:         0       0       0       0       0       0       0
      Temps:          0       0       0       0       0       0       0
      Totals:         0       0       0       0       0       0       0
Total ram usage:        0 bytes
 Hardware stack levels used:    1
 Hardware stack levels required when called:    1
 This function calls:
		_ADC_StartConversion
 This function is called by:
		_TMR1_ISR
 This function uses a non-reentrant model


 *************** function _Current_Read *****************
 Defined at:
		line 33 in file "Current.c"
 Parameters:    Size  Location     Type
		None
 Auto vars:     Size  Location     Type
		None
 Return value:  Size  Location     Type
		None               void
 Registers used:
		wreg, status,2, status,0, cstack
 Tracked objects:
		On entry : 
		On exit  : 
		Unchanged: 
 Data sizes:     COMRAM   BANK0   BANK1   BANK2   BANK3   BANK4   BANK5
      Params:         0       0       0       0       0       0       0
      Locals:         0       0       0       0       0       0       0
      Temps:          0       0       0       0       0       0       0
      Totals:         0       0       0       0       0       0       0
Total ram usage:        0 bytes
 Hardware stack levels used:    1
 Hardware stack levels required when called:    1
 This function calls:
		_ADC_GetConversion
 This function is called by:
		_TMR1_ISR
 This function uses a non-reentrant model


 *************** function _ADC_GetConversion *****************
 Defined at:
		line 59 in file "mcc_generated_files/adc.c"
 Parameters:    Size  Location     Type
  channel         1    wreg     enum E8837
 Auto vars:     Size  Location     Type
  channel         1    1[COMRAM] enum E8837
 Return value:  Size  Location     Type
                  2  127[COMRAM] unsigned int 
 Registers used:
		wreg, status,2, status,0
 Tracked objects:
		On entry : 
		On exit  : 
		Unchanged: 
 Data sizes:     COMRAM   BANK0   BANK1   BANK2   BANK3   BANK4   BANK5
      Params:         0       0       0       0       0       0       0
      Locals:         1       0       0       0       0       0       0
      Temps:          1       0       0       0       0       0       0
      Totals:         2       0       0       0       0       0       0
Total ram usage:        2 bytes
 Hardware stack levels used:    1
 This function calls:
		Nothing
 This function is called by:
		_Current_Read
 This function uses a non-reentrant model


 *************** function _Battery_Read *****************
 Defined at:
		line 24 in file "Battery.c"
 Parameters:    Size  Location     Type
		None
 Auto vars:     Size  Location     Type
		None
 Return value:  Size  Location     Type
		None               void
 Registers used:
		wreg, status,2, status,0, cstack
 Tracked objects:
		On entry : 
		On exit  : 
		Unchanged: 
 Data sizes:     COMRAM   BANK0   BANK1   BANK2   BANK3   BANK4   BANK5
      Params:         0       0       0       0       0       0       0
      Locals:         0       0       0       0       0       0       0
      Temps:          0       0       0       0       0       0       0
      Totals:         0       0       0       0       0       0       0
Total ram usage:        0 bytes
 Hardware stack levels used:    1
 Hardware stack levels required when called:    1
 This function calls:
		_ADC_StartConversion
 This function is called by:
		_TMR1_ISR
 This function uses a non-reentrant model


 *************** function _EUSART1_Transmit_ISR *****************
 Defined at:
		line 155 in file "mcc_generated_files/eusart1.c"
 Parameters:    Size  Location     Type
		None
 Auto vars:     Size  Location     Type
		None
 Return value:  Size  Location     Type
		None               void
 Registers used:
		wreg, fsr2l, fsr2h, status,2, status,0, prodl, prodh
 Tracked objects:
		On entry : 
		On exit  : 
		Unchanged: 
 Data sizes:     COMRAM   BANK0   BANK1   BANK2   BANK3   BANK4   BANK5
      Params:         0       0       0       0       0       0       0
      Locals:         0       0       0       0       0       0       0
      Temps:          0       0       0       0       0       0       0
      Totals:         0       0       0       0       0       0       0
Total ram usage:        0 bytes
 Hardware stack levels used:    1
 This function calls:
		Nothing
 This function is called by:
		_INTERRUPT_InterruptManager
 This function uses a non-reentrant model


 *************** function _EUSART1_Receive_ISR *****************
 Defined at:
		line 169 in file "mcc_generated_files/eusart1.c"
 Parameters:    Size  Location     Type
		None
 Auto vars:     Size  Location     Type
		None
 Return value:  Size  Location     Type
		None               void
 Registers used:
		wreg, fsr2l, fsr2h, status,2, status,0, prodl, prodh
 Tracked objects:
		On entry : 
		On exit  : 
		Unchanged: 
 Data sizes:     COMRAM   BANK0   BANK1   BANK2   BANK3   BANK4   BANK5
      Params:         0       0       0       0       0       0       0
      Locals:         0       0       0       0       0       0       0
      Temps:          0       0       0       0       0       0       0
      Totals:         0       0       0       0       0       0       0
Total ram usage:        0 bytes
 Hardware stack levels used:    1
 This function calls:
		Nothing
 This function is called by:
		_INTERRUPT_InterruptManager
 This function uses a non-reentrant model


 *************** function _ADC_ISR *****************
 Defined at:
		line 78 in file "mcc_generated_files/adc.c"
 Parameters:    Size  Location     Type
		None
 Auto vars:     Size  Location     Type
  ADC_Result      2    7[COMRAM] int 
 Return value:  Size  Location     Type
		None               void
 Registers used:
		wreg, fsr2l, fsr2h, status,2, status,0, cstack
 Tracked objects:
		On entry : 
		On exit  : 
		Unchanged: 
 Data sizes:     COMRAM   BANK0   BANK1   BANK2   BANK3   BANK4   BANK5
      Params:         0       0       0       0       0       0       0
      Locals:         2       0       0       0       0       0       0
      Temps:          2       0       0       0       0       0       0
      Totals:         4       0       0       0       0       0       0
Total ram usage:        4 bytes
 Hardware stack levels used:    1
 Hardware stack levels required when called:    1
 This function calls:
		_ADC_GetConversionResult
		_ADC_StartConversion
		_Set_4051
 This function is called by:
		_INTERRUPT_InterruptManager
 This function uses a non-reentrant model


 *************** function _Set_4051 *****************
 Defined at:
		line 8 in file "Functions.c"
 Parameters:    Size  Location     Type
  Channel         2    0[COMRAM] int 
  enable          1    2[COMRAM] unsigned char 
 Auto vars:     Size  Location     Type
		None
 Return value:  Size  Location     Type
		None               void
 Registers used:
		wreg, status,2, status,0
 Tracked objects:
		On entry : 
		On exit  : 
		Unchanged: 
 Data sizes:     COMRAM   BANK0   BANK1   BANK2   BANK3   BANK4   BANK5
      Params:         3       0       0       0       0       0       0
      Locals:         0       0       0       0       0       0       0
      Temps:          2       0       0       0       0       0       0
      Totals:         5       0       0       0       0       0       0
Total ram usage:        5 bytes
 Hardware stack levels used:    1
 This function calls:
		Nothing
 This function is called by:
		_ADC_ISR
 This function uses a non-reentrant model


 *************** function _ADC_StartConversion *****************
 Defined at:
		line 37 in file "mcc_generated_files/adc.c"
 Parameters:    Size  Location     Type
  channel         1    wreg     enum E8837
 Auto vars:     Size  Location     Type
  channel         1    1[COMRAM] enum E8837
 Return value:  Size  Location     Type
		None               void
 Registers used:
		wreg, status,2, status,0
 Tracked objects:
		On entry : 
		On exit  : 
		Unchanged: 
 Data sizes:     COMRAM   BANK0   BANK1   BANK2   BANK3   BANK4   BANK5
      Params:         0       0       0       0       0       0       0
      Locals:         1       0       0       0       0       0       0
      Temps:          1       0       0       0       0       0       0
      Totals:         2       0       0       0       0       0       0
Total ram usage:        2 bytes
 Hardware stack levels used:    1
 This function calls:
		Nothing
 This function is called by:
		_ADC_ISR
		_Battery_Read
		_Temp_Read
 This function uses a non-reentrant model


 *************** function _ADC_GetConversionResult *****************
 Defined at:
		line 54 in file "mcc_generated_files/adc.c"
 Parameters:    Size  Location     Type
		None
 Auto vars:     Size  Location     Type
		None
 Return value:  Size  Location     Type
                  2    0[COMRAM] unsigned int 
 Registers used:
		wreg, status,2, status,0
 Tracked objects:
		On entry : 
		On exit  : 
		Unchanged: 
 Data sizes:     COMRAM   BANK0   BANK1   BANK2   BANK3   BANK4   BANK5
      Params:         2       0       0       0       0       0       0
      Locals:         0       0       0       0       0       0       0
      Temps:          2       0       0       0       0       0       0
      Totals:         4       0       0       0       0       0       0
Total ram usage:        4 bytes
 Hardware stack levels used:    1
 This function calls:
		Nothing
 This function is called by:
		_ADC_ISR
 This function uses a non-reentrant model



MODULE INFORMATION

Module		Function		Class		Link	Load	Size
C:\Program Files (x86)\Microchip\xc8\v1.33\sources\common\ftge.c
		___ftge        		CODE           	2212	0000	144

C:\Program Files (x86)\Microchip\xc8\v1.33\sources\common\ftge.c estimated size: 144

C:\Program Files (x86)\Microchip\xc8\v1.33\sources\common\doprnt.c
		_printf        		CODE           	25FE	0000	40

C:\Program Files (x86)\Microchip\xc8\v1.33\sources\common\doprnt.c estimated size: 40

C:\Program Files (x86)\Microchip\xc8\v1.33\sources\common\ftsub.c
		___ftsub       		CODE           	249E	0000	60

C:\Program Files (x86)\Microchip\xc8\v1.33\sources\common\ftsub.c estimated size: 60

C:\Program Files (x86)\Microchip\xc8\v1.33\sources\common\float.c
		___ftpack      		CODE           	1F9C	0000	168

C:\Program Files (x86)\Microchip\xc8\v1.33\sources\common\float.c estimated size: 168

C:\Program Files (x86)\Microchip\xc8\v1.33\sources\common\evalpoly.c
		_eval_poly     		CODE           	1AD8	0000	242

C:\Program Files (x86)\Microchip\xc8\v1.33\sources\common\evalpoly.c estimated size: 242

mcc_generated_files/interrupt_manager.c
		_INTERRUPT_Init		CODE           	2746	0000	12
		_INTERRUPT_Inte		CODE           	0008	0000	160

mcc_generated_files/interrupt_manager.c estimated size: 172

C:\Program Files (x86)\Microchip\xc8\v1.33\sources\common\log.c
		_log           		CODE           	1436	0000	366

C:\Program Files (x86)\Microchip\xc8\v1.33\sources\common\log.c estimated size: 366

C:\Program Files (x86)\Microchip\xc8\v1.33\sources\common\Umul16.c
		___wmul        		CODE           	2626	0000	38

C:\Program Files (x86)\Microchip\xc8\v1.33\sources\common\Umul16.c estimated size: 38

mcc_generated_files/pin_manager.c
		_PIN_MANAGER_In		CODE           	2380	0000	78

mcc_generated_files/pin_manager.c estimated size: 78

C:\Program Files (x86)\Microchip\xc8\v1.33\sources\common\frexp.c
		_frexp         		CODE           	2180	0000	146

C:\Program Files (x86)\Microchip\xc8\v1.33\sources\common\frexp.c estimated size: 146

Tempeture.c
		_Temp_Filter   		CODE           	170E	0000	354
		_Temp_Convert  		CODE           	0DE2	0000	580
		_Temp_Read     		CODE           	26DC	0000	24
		_Temp_Fault    		CODE           	2312	0000	110

Tempeture.c estimated size: 1068

Bypass.c
		_SetBypas      		CODE           	1EEC	0000	176
		_RunBypas      		CODE           	1D70	0000	202

Bypass.c estimated size: 378

mcc_generated_files/adc.c
		_ADC_Initialize		CODE           	26C4	0000	24
		_ADC_GetConvers		CODE           	266E	0000	34
		_ADC_GetConvers		CODE           	2724	0000	20
		_ADC_StartConve		CODE           	26AA	0000	26
		_ADC_ISR       		CODE           	0678	0000	1258

mcc_generated_files/adc.c estimated size: 1362

Current.c
		_Current_Read  		CODE           	26F4	0000	24
		_Current_Fault 		CODE           	20E8	0000	152
		_Current_Filter		CODE           	1258	0000	478
		_Current_Conver		CODE           	1BCA	0000	218

Current.c estimated size: 872

C:\Program Files (x86)\Microchip\xc8\v1.33\sources\common\ftmul.c
		___ftmul       		CODE           	15A4	0000	362

C:\Program Files (x86)\Microchip\xc8\v1.33\sources\common\ftmul.c estimated size: 362

C:\Program Files (x86)\Microchip\xc8\v1.33\sources\common\ftdiv.c
		___ftdiv       		CODE           	19D2	0000	262

C:\Program Files (x86)\Microchip\xc8\v1.33\sources\common\ftdiv.c estimated size: 262

Functions.c
		_Set_4051      		CODE           	23CE	0000	74
		_Delay         		CODE           	25D2	0000	44

Functions.c estimated size: 118

C:\Program Files (x86)\Microchip\xc8\v1.33\sources\common\awdiv.c
		___awdiv       		CODE           	2044	0000	164

C:\Program Files (x86)\Microchip\xc8\v1.33\sources\common\awdiv.c estimated size: 164

Main.c
		_main          		CODE           	1026	0000	562

Main.c estimated size: 562

shared
		__stringdata   		SMALLCONST     	061C	0000	91
		__initializatio		CODE           	25A4	0000	36
		log@coeff      		SMALLCONST     	0601	0000	27

shared estimated size: 154

mcc_generated_files/eusart1.c
		_EUSART1_Initia		CODE           	24DA	0000	52
		_putch         		CODE           	2752	0000	10
		_EUSART1_Write 		CODE           	2460	0000	62
		_EUSART1_Receiv		CODE           	2574	0000	48
		_EUSART1_Transm		CODE           	250E	0000	52

mcc_generated_files/eusart1.c estimated size: 224

mcc_generated_files/mcc.c
		_OSCILLATOR_Ini		CODE           	2738	0000	14
		_SYSTEM_Initial		CODE           	2690	0000	26

mcc_generated_files/mcc.c estimated size: 40

C:\Program Files (x86)\Microchip\xc8\v1.33\sources\common\awtoft.c
		___awtoft      		CODE           	2418	0000	72

C:\Program Files (x86)\Microchip\xc8\v1.33\sources\common\awtoft.c estimated size: 72

mcc_generated_files/tmr1.c
		_TMR1_Initializ		CODE           	264C	0000	34
		_TMR1_StartTime		CODE           	275C	0000	4
		_TMR1_ISR      		CODE           	22A2	0000	112

mcc_generated_files/tmr1.c estimated size: 150

Battery.c
		_Battery_Conver		CODE           	1CA4	0000	204
		_Battery_Get   		CODE           	2542	0000	50
		_Battery_Read  		CODE           	270C	0000	24
		_Battery_Fault 		CODE           	1E3A	0000	178
		_Battery_Filter		CODE           	1870	0000	354

Battery.c estimated size: 810

C:\Program Files (x86)\Microchip\xc8\v1.33\sources\common\ftadd.c
		___ftadd       		CODE           	0B62	0000	640

C:\Program Files (x86)\Microchip\xc8\v1.33\sources\common\ftadd.c estimated size: 640

