Microchip MPLAB XC8 Compiler V1.35 ()

Linker command line:

--edf=C:\Program Files (x86)\Microchip\xc8\v1.35\dat\en_msgs.txt -cs \
  -h+dist/default/production\BMS-LV.X.production.sym \
  --cmf=dist/default/production\BMS-LV.X.production.cmf -z -Q18F45K22 \
  -oC:\Users\richc\AppData\Local\Temp\s7o.2 \
  -Mdist/default/production/BMS-LV.X.production.map -E1 -ver=XC8 \
  -ASTACK=01A8h-05ffh -pstack=STACK -ACODE=00h-07FFFh -ACONST=00h-07FFFh \
  -ASMALLCONST=0600h-06FFhx122 -AMEDIUMCONST=0600h-07FFFh -ACOMRAM=01h-05Fh \
  -AABS1=00h-05FFh -ABIGRAM=01h-05FFh -ARAM=060h-0FFh,0100h-01FFhx5 \
  -ABANK0=060h-0FFh -ABANK1=0100h-01FFh -ABANK2=0200h-02FFh \
  -ABANK3=0300h-03FFh -ABANK4=0400h-04FFh -ABANK5=0500h-05FFh \
  -ASFR=0F38h-0F5Fh,0F60h-0FFFh \
  -preset_vec=00h,intcode=08h,intcodelo,powerup,init,end_init \
  -pramtop=0600h -psmallconst=SMALLCONST -pmediumconst=MEDIUMCONST \
  -pconst=CONST -AFARRAM=00h-00h -ACONFIG=0300000h-030000Dh -pconfig=CONFIG \
  -AIDLOC=0200000h-0200007h -pidloc=IDLOC -AEEDATA=0F00000h-0F000FFh \
  -peeprom_data=EEDATA \
  -prdata=COMRAM,nvrram=COMRAM,nvbit=COMRAM,rbss=COMRAM,rbit=COMRAM \
  -pfarbss=FARRAM,fardata=FARRAM,nvFARRAM=FARRAM \
  -pintsave_regs=BIGRAM,bigbss=BIGRAM,bigdata=BIGRAM -pbss=RAM \
  -pidata=CODE,irdata=CODE,ibigdata=CODE,ifardata=CODE -prparam=COMRAM \
  C:\Users\richc\AppData\Local\Temp\s7o.obj \
  dist/default/production\BMS-LV.X.production.obj 

Object code version is 3.11

Machine type is 18F45K22

Call graph: (short form)




                Name                               Link     Load   Length Selector   Space Scale
C:\Users\richc\AppData\Local\Temp\s7o.obj
                end_init                             AC       AC        4        4       0
                reset_vec                             0        0        4        0       0
                idloc                            200000   200000        8   200000       0
                config                           300000   300000        E   300000       0
dist/default/production\BMS-LV.X.production.obj
                intcode                               8        8       A4        4       0
                temp                                 53       53        1        1       1
                mediumconst                        7BC0     7BC0      440     3DE0       0
                text19                              37C      37C        4        4       0
                text18                              2CA      2CA       2C        4       0
                text17                              29C      29C       2E        4       0
                text16                              380      380        2        4       0
                text15                              32C      32C       10        4       0
                text13                              150      150       46        4       0
                text12                              314      314       18        4       0
                text11                              23A      23A       34        4       0
                text10                              366      366        C        4       0
                text9                               358      358        E        4       0
                text8                               102      102       4E        4       0
                text7                               34A      34A        E        4       0
                text6                               378      378        4        4       0
                text5                               206      206       34        4       0
                text4                               2F6      2F6       1E        4       0
                text3                               196      196       3C        4       0
                text2                               33C      33C        E        4       0
                text1                               1D2      1D2       34        4       0
                text0                               26E      26E       2E        4       0
                cstackCOMRAM                         3C       3C        E        1       1
                cstackBANK1                         19C      19C        C      100       1
                bssBANK1                            100      100       9C      100       1
                bssBANK0                             60       60       A0       60       1
                dataCOMRAM                           4A       4A        6        1       1
                bssCOMRAM                             1        1       3B        1       1
                cinit                                B0       B0       52        4       0
                nvCOMRAM                             50       50        3        1       1
                idataCOMRAM                         372      372        6        4       0

TOTAL           Name                               Link     Load   Length     Space
        CLASS   STACK          

        CLASS   CODE           
                end_init                             AC       AC        4         0
                intcode                               8        8       A4         0
                reset_vec                             0        0        4         0
                text19                              37C      37C        4         0
                text18                              2CA      2CA       2C         0
                text17                              29C      29C       2E         0
                text16                              380      380        2         0
                text15                              32C      32C       10         0
                text13                              150      150       46         0
                text12                              314      314       18         0
                text11                              23A      23A       34         0
                text10                              366      366        C         0
                text9                               358      358        E         0
                text8                               102      102       4E         0
                text7                               34A      34A        E         0
                text6                               378      378        4         0
                text5                               206      206       34         0
                text4                               2F6      2F6       1E         0
                text3                               196      196       3C         0
                text2                               33C      33C        E         0
                text1                               1D2      1D2       34         0
                text0                               26E      26E       2E         0
                cinit                                B0       B0       52         0
                idataCOMRAM                         372      372        6         0

        CLASS   CONST          

        CLASS   SMALLCONST     

        CLASS   MEDIUMCONST    
                mediumconst                        7BC0     7BC0      440         0

        CLASS   COMRAM         
                temp                                 53       53        1         1
                cstackCOMRAM                         3C       3C        E         1
                dataCOMRAM                           4A       4A        6         1
                bssCOMRAM                             1        1       3B         1
                nvCOMRAM                             50       50        3         1

        CLASS   ABS1           

        CLASS   BIGRAM         

        CLASS   RAM            

        CLASS   BANK0          
                bssBANK0                             60       60       A0         1

        CLASS   BANK1          
                cstackBANK1                         19C      19C        C         1
                bssBANK1                            100      100       9C         1

        CLASS   BANK2          

        CLASS   BANK3          

        CLASS   BANK4          

        CLASS   BANK5          

        CLASS   SFR            

        CLASS   FARRAM         

        CLASS   CONFIG         
                config                           300000   300000        E         0

        CLASS   IDLOC          
                idloc                            200000   200000        8         0

        CLASS   EEDATA         



SEGMENTS        Name                           Load    Length   Top    Selector   Space  Class

                reset_vec                      000000  000004  000004         0       0  CODE    
                bssCOMRAM                      000001  000053  000054         1       1  COMRAM  
                intcode                        000008  00037A  000382         4       0  CODE    
                bssBANK0                       000060  0000A0  000100        60       1  BANK0   
                bssBANK1                       000100  0000A8  0001A8       100       1  BANK1   
                mediumconst                    007BC0  000440  008000      3DE0       0  MEDIUMCO
                idloc                          200000  000008  200008    200000       0  IDLOC   
                config                         300000  00000E  30000E    300000       0  CONFIG  


UNUSED ADDRESS RANGES

        Name                Unused          Largest block    Delta
        BANK1            0001A8-0001FF               58
        BANK2            000200-0002FF              100
        BANK3            000300-0003FF              100
        BANK4            000400-0004FF              100
        BANK5            000500-0005FF              100
        BIGRAM           000054-00005F                C
                         0001A8-0005FF              458
        CODE             000004-000007                4
                         000382-007BBF             783E
        COMRAM           000054-00005F                C
        CONST            000004-000007                4
                         000382-007BBF             783E
        EEDATA           F00000-F000FF              100
        MEDIUMCONST      000600-007BBF             75C0
        RAM              0001A8-0005FF              100
        SFR              000F38-000FFF               28
        SMALLCONST       000600-007BBF              100
        STACK            0001A8-0005FF              458

                                  Symbol Table

?_printf                             cstackBANK1  00019E
Delay@wait                           cstackBANK1  00019C
Delay@x                              cstackBANK1  00019F
EUSART1_Write@txData                 cstackBANK1  00019C
LT6804@crc15Table                    mediumconst  007BC1
_ADAX                                bssCOMRAM    000030
_ADCON0                              (abs)        000FC2
_ADCON0bits                          (abs)        000FC2
_ADCON1                              (abs)        000FC1
_ADCON2                              (abs)        000FC0
_ADCV                                bssCOMRAM    000034
_ADC_ISR                             text19       00037C
_ADC_Initialize                      text12       000314
_ADRESH                              (abs)        000FC4
_ADRESL                              (abs)        000FC3
_ADSTAT                              bssCOMRAM    000038
_ANSELA                              (abs)        000F38
_ANSELB                              (abs)        000F39
_ANSELC                              (abs)        000F3A
_ANSELD                              (abs)        000F3B
_ANSELE                              (abs)        000F3C
_Aux_codes_Bank1                     bssBANK1     00013C
_Aux_codes_Bank2                     bssBANK1     000148
_Aux_data                            bssBANK0     000090
_BAUDCON1                            (abs)        000FB8
_CC1                                 bssCOMRAM    000001
_CC2                                 bssCOMRAM    000004
_CC3                                 bssCOMRAM    000007
_CFGR0                               bssCOMRAM    000023
_CFGR1                               bssCOMRAM    000024
_CFGR2                               bssCOMRAM    000025
_CFGR3                               bssCOMRAM    000026
_CFGR4                               bssCOMRAM    000027
_CFGR5                               bssCOMRAM    000028
_CVolt                               bssBANK1     000118
_CarOn                               dataCOMRAM   00004E
_Current                             bssBANK0     00009C
_CurrentDir                          dataCOMRAM   00004F
_CurrentOffset                       bssBANK1     00012A
_Delay                               text13       000150
_EUSART1_Initialize                  text11       00023A
_EUSART1_Receive_ISR                 text18       0002CA
_EUSART1_Transmit_ISR                text17       00029C
_EUSART1_Write                       text3        000196
_INTCON2bits                         (abs)        000FF1
_INTCONbits                          (abs)        000FF2
_INTERRUPT_Initialize                text10       000366
_INTERRUPT_InterruptManager          intcode      000008
_IPR1bits                            (abs)        000F9F
_LATA                                (abs)        000F89
_LATB                                (abs)        000F8A
_LATC                                (abs)        000F8B
_LATCbits                            (abs)        000F8B
_LATD                                (abs)        000F8C
_LATD3                               (abs)        007C63
_LATD6                               (abs)        007C66
_LATE                                (abs)        000F8D
_LTC6804_DATA_ConfigBank1            bssBANK0     0000E8
_LTC6804_DATA_ConfigBank2            bssBANK0     0000F4
_OSCCON                              (abs)        000FD3
_OSCCON2                             (abs)        000FD2
_OSCILLATOR_Initialize               text9        000358
_OSCTUNE                             (abs)        000F9B
_Over_Voltage_Value                  dataCOMRAM   00004A
_PIE1bits                            (abs)        000F9D
_PIN_MANAGER_Initialize              text8        000102
_PIR1bits                            (abs)        000F9E
_PrevTemp_DegF                       bssBANK0     000060
_RCONbits                            (abs)        000FD0
_RCREG1                              (abs)        000FAE
_RCSTA1                              (abs)        000FAB
_RCSTA1bits                          (abs)        000FAB
_Read_Status_INC                     bssCOMRAM    000013
_SPBRG1                              (abs)        000FAF
_SPBRGH1                             (abs)        000FB0
_SPI2_Initialize                     text7        00034A
_SSP2ADD                             (abs)        000F6E
_SSP2BUF                             (abs)        000F6F
_SSP2CON1                            (abs)        000F6C
_SSP2CON1bits                        (abs)        000F6C
_SSP2STAT                            (abs)        000F6D
_SSP2STATbits                        (abs)        000F6D
_SYSTEM_Initialize                   text4        0002F6
_Stat_codes_Bank1                    bssBANK1     000154
_Stat_codes_Bank2                    bssBANK1     000160
_T0CON                               (abs)        000FD5
_T0CONbits                           (abs)        000FD5
_TMR0H                               (abs)        000FD7
_TMR0L                               (abs)        000FD6
_TMR0_CallBack                       text16       000380
_TMR0_ISR                            text15       00032C
_TMR0_Initialize                     text5        000206
_TMR0_StartTimer                     text6        000378
_TRISA                               (abs)        000F92
_TRISB                               (abs)        000F93
_TRISC                               (abs)        000F94
_TRISD                               (abs)        000F95
_TRISE                               (abs)        000F96
_TXREG1                              (abs)        000FAD
_TXSTA1                              (abs)        000FAC
_Temp_DegF                           bssBANK0     000078
_TmpTemp_DegF                        bssBANK0     0000B8
_Under_Voltage_Value                 dataCOMRAM   00004C
_Volt1                               bssCOMRAM    00000A
_Volt2                               bssCOMRAM    00000D
_Voltage_data                        bssBANK1     000100
_WPUB                                (abs)        000F61
__CFG_BOREN$SBORDIS                  (abs)        000000
__CFG_BORV$190                       (abs)        000000
__CFG_CCP2MX$PORTC1                  (abs)        000000
__CFG_CCP3MX$PORTB5                  (abs)        000000
__CFG_CP0$OFF                        (abs)        000000
__CFG_CP1$OFF                        (abs)        000000
__CFG_CP2$OFF                        (abs)        000000
__CFG_CP3$OFF                        (abs)        000000
__CFG_CPB$OFF                        (abs)        000000
__CFG_CPD$OFF                        (abs)        000000
__CFG_DEBUG$OFF                      (abs)        000000
__CFG_EBTR0$OFF                      (abs)        000000
__CFG_EBTR1$OFF                      (abs)        000000
__CFG_EBTR2$OFF                      (abs)        000000
__CFG_EBTR3$OFF                      (abs)        000000
__CFG_EBTRB$OFF                      (abs)        000000
__CFG_FCMEN$OFF                      (abs)        000000
__CFG_FOSC$INTIO67                   (abs)        000000
__CFG_HFOFST$ON                      (abs)        000000
__CFG_IESO$OFF                       (abs)        000000
__CFG_LVP$ON                         (abs)        000000
__CFG_MCLRE$EXTMCLR                  (abs)        000000
__CFG_P2BMX$PORTD2                   (abs)        000000
__CFG_PBADEN$ON                      (abs)        000000
__CFG_PLLCFG$OFF                     (abs)        000000
__CFG_PRICLKEN$ON                    (abs)        000000
__CFG_PWRTEN$OFF                     (abs)        000000
__CFG_STVREN$ON                      (abs)        000000
__CFG_T3CMX$PORTC0                   (abs)        000000
__CFG_WDTEN$OFF                      (abs)        000000
__CFG_WDTPS$32768                    (abs)        000000
__CFG_WRT0$OFF                       (abs)        000000
__CFG_WRT1$OFF                       (abs)        000000
__CFG_WRT2$OFF                       (abs)        000000
__CFG_WRT3$OFF                       (abs)        000000
__CFG_WRTB$OFF                       (abs)        000000
__CFG_WRTC$OFF                       (abs)        000000
__CFG_WRTD$OFF                       (abs)        000000
__CFG_XINST$OFF                      (abs)        000000
__HRAM                               (abs)        000000
__Habs1                              abs1         000000
__Hbank0                             bank0        000000
__Hbank1                             bank1        000000
__Hbank2                             bank2        000000
__Hbank3                             bank3        000000
__Hbank4                             bank4        000000
__Hbank5                             bank5        000000
__Hbigbss                            bigbss       000000
__Hbigdata                           bigdata      000000
__Hbigram                            bigram       000000
__Hbss                               bss          000000
__HbssBANK0                          bssBANK0     000000
__HbssBANK1                          bssBANK1     000000
__HbssCOMRAM                         bssCOMRAM    000000
__Hcinit                             cinit        000000
__Hclrtext                           clrtext      000000
__Hcomram                            comram       000000
__Hconfig                            config       30000E
__Hconst                             const        000000
__HcstackBANK0                       cstackBANK0  000000
__HcstackBANK1                       cstackBANK1  000000
__HcstackCOMRAM                      cstackCOMRAM 000000
__Hdata                              data         000000
__HdataCOMRAM                        dataCOMRAM   000000
__Heeprom_data                       eeprom_data  000000
__Hend_init                          end_init     0000B0
__Hfarbss                            farbss       000000
__Hfardata                           fardata      000000
__Hibigdata                          ibigdata     000000
__Hidata                             idata        000000
__HidataCOMRAM                       idataCOMRAM  000000
__Hidloc                             idloc        200008
__Hifardata                          ifardata     000000
__Hinit                              init         0000AC
__Hintcode                           intcode      0000AC
__Hintcode_body                      intcode_body 000000
__Hintcodelo                         intcodelo    0000AC
__Hintentry                          intentry     000000
__Hintret                            intret       000000
__Hintsave_regs                      intsave_regs 000000
__Hirdata                            irdata       000000
__Hmediumconst                       mediumconst  008000
__HnvCOMRAM                          nvCOMRAM     000000
__HnvFARRAM                          nvFARRAM     000000
__Hnvbit                             nvbit        000000
__Hnvrram                            nvrram       000000
__Hparam                             rparam       000000
__Hpowerup                           powerup      0000AC
__Hram                               ram          000000
__Hramtop                            ramtop       000600
__Hrbit                              rbit         000000
__Hrbss                              rbss         000000
__Hrdata                             rdata        000000
__Hreset_vec                         reset_vec    000004
__Hrparam                            rparam       000000
__Hsfr                               sfr          000000
__Hsmallconst                        smallconst   000000
__Hspace_0                           (abs)        30000E
__Hspace_1                           (abs)        0001A8
__Hspace_2                           (abs)        000000
__Hstack                             stack        000000
__Hstruct                            struct       000000
__Htemp                              temp         000054
__Htext                              text         000000
__Htext0                             text0        000000
__Htext1                             text1        000000
__Htext10                            text10       000000
__Htext11                            text11       000000
__Htext12                            text12       000000
__Htext13                            text13       000000
__Htext15                            text15       000000
__Htext16                            text16       000000
__Htext17                            text17       000000
__Htext18                            text18       000000
__Htext19                            text19       000000
__Htext2                             text2        000000
__Htext3                             text3        000000
__Htext4                             text4        000000
__Htext5                             text5        000000
__Htext6                             text6        000000
__Htext7                             text7        000000
__Htext8                             text8        000000
__Htext9                             text9        000000
__LRAM                               (abs)        000001
__Labs1                              abs1         000000
__Lbank0                             bank0        000000
__Lbank1                             bank1        000000
__Lbank2                             bank2        000000
__Lbank3                             bank3        000000
__Lbank4                             bank4        000000
__Lbank5                             bank5        000000
__Lbigbss                            bigbss       000000
__Lbigdata                           bigdata      000000
__Lbigram                            bigram       000000
__Lbss                               bss          000000
__LbssBANK0                          bssBANK0     000000
__LbssBANK1                          bssBANK1     000000
__LbssCOMRAM                         bssCOMRAM    000000
__Lcinit                             cinit        000000
__Lclrtext                           clrtext      000000
__Lcomram                            comram       000000
__Lconfig                            config       300000
__Lconst                             const        000000
__LcstackBANK0                       cstackBANK0  000000
__LcstackBANK1                       cstackBANK1  000000
__LcstackCOMRAM                      cstackCOMRAM 000000
__Ldata                              data         000000
__LdataCOMRAM                        dataCOMRAM   000000
__Leeprom_data                       eeprom_data  000000
__Lend_init                          end_init     0000AC
__Lfarbss                            farbss       000000
__Lfardata                           fardata      000000
__Libigdata                          ibigdata     000000
__Lidata                             idata        000000
__LidataCOMRAM                       idataCOMRAM  000000
__Lidloc                             idloc        200000
__Lifardata                          ifardata     000000
__Linit                              init         0000AC
__Lintcode                           intcode      000008
__Lintcode_body                      intcode_body 000000
__Lintcodelo                         intcodelo    0000AC
__Lintentry                          intentry     000000
__Lintret                            intret       000000
__Lintsave_regs                      intsave_regs 000000
__Lirdata                            irdata       000000
__Lmediumconst                       mediumconst  007BC0
__LnvCOMRAM                          nvCOMRAM     000000
__LnvFARRAM                          nvFARRAM     000000
__Lnvbit                             nvbit        000000
__Lnvrram                            nvrram       000000
__Lparam                             rparam       000000
__Lpowerup                           powerup      0000AC
__Lram                               ram          000000
__Lramtop                            ramtop       000600
__Lrbit                              rbit         000000
__Lrbss                              rbss         000000
__Lrdata                             rdata        000000
__Lreset_vec                         reset_vec    000000
__Lrparam                            rparam       000000
__Lsfr                               sfr          000000
__Lsmallconst                        smallconst   000000
__Lspace_0                           (abs)        000000
__Lspace_1                           (abs)        000000
__Lspace_2                           (abs)        000000
__Lstack                             stack        000000
__Lstruct                            struct       000000
__Ltemp                              temp         000053
__Ltext                              text         000000
__Ltext0                             text0        000000
__Ltext1                             text1        000000
__Ltext10                            text10       000000
__Ltext11                            text11       000000
__Ltext12                            text12       000000
__Ltext13                            text13       000000
__Ltext15                            text15       000000
__Ltext16                            text16       000000
__Ltext17                            text17       000000
__Ltext18                            text18       000000
__Ltext19                            text19       000000
__Ltext2                             text2        000000
__Ltext3                             text3        000000
__Ltext4                             text4        000000
__Ltext5                             text5        000000
__Ltext6                             text6        000000
__Ltext7                             text7        000000
__Ltext8                             text8        000000
__Ltext9                             text9        000000
__S0                                 (abs)        30000E
__S1                                 (abs)        0001A8
__S2                                 (abs)        000000
___inthi_sp                          stack        000000
___intlo_sp                          stack        000000
___param_bank                        (abs)        000010
___rparam_used                       (abs)        000001
___sp                                stack        000000
__accesstop                          (abs)        000060
__activetblptr                       (abs)        000002
__end_ofLT6804@crc15Table            mediumconst  007DC1
__end_of_ADC_ISR                     text19       000380
__end_of_ADC_Initialize              text12       00032C
__end_of_Delay                       text13       000196
__end_of_EUSART1_Initialize          text11       00026E
__end_of_EUSART1_Receive_ISR         text18       0002F6
__end_of_EUSART1_Transmit_ISR        text17       0002CA
__end_of_EUSART1_Write               text3        0001D2
__end_of_INTERRUPT_Initialize        text10       000372
__end_of_INTERRUPT_InterruptManager  intcode      0000AC
__end_of_OSCILLATOR_Initialize       text9        000366
__end_of_PIN_MANAGER_Initialize      text8        000150
__end_of_SPI2_Initialize             text7        000358
__end_of_SYSTEM_Initialize           text4        000314
__end_of_TMR0_CallBack               text16       000382
__end_of_TMR0_ISR                    text15       00033C
__end_of_TMR0_Initialize             text5        00023A
__end_of_TMR0_StartTimer             text6        00037C
__end_of__initialization             cinit        0000F4
__end_of_crc15Table                  mediumconst  007FC1
__end_of_main                        text0        00029C
__end_of_printf                      text1        000206
__end_of_putch                       text2        00034A
__end_ofexp@coeff                    mediumconst  007FDF
__end_oflog@coeff                    mediumconst  007FFA
__initialization                     cinit        0000B0
__mediumconst                        mediumconst  007BC0
__pbssBANK0                          bssBANK0     000060
__pbssBANK1                          bssBANK1     000100
__pbssCOMRAM                         bssCOMRAM    000001
__pcinit                             cinit        0000B0
__pcstackBANK0                       cstackBANK0  000000
__pcstackBANK1                       cstackBANK1  00019C
__pcstackCOMRAM                      cstackCOMRAM 00003C
__pdataCOMRAM                        dataCOMRAM   00004A
__pidataCOMRAM                       idataCOMRAM  000372
__pintcode                           intcode      000008
__pmediumconst                       mediumconst  007BC0
__pnvCOMRAM                          nvCOMRAM     000050
__ptext0                             text0        00026E
__ptext1                             text1        0001D2
__ptext10                            text10       000366
__ptext11                            text11       00023A
__ptext12                            text12       000314
__ptext13                            text13       000150
__ptext15                            text15       00032C
__ptext16                            text16       000380
__ptext17                            text17       00029C
__ptext18                            text18       0002CA
__ptext19                            text19       00037C
__ptext2                             text2        00033C
__ptext3                             text3        000196
__ptext4                             text4        0002F6
__ptext5                             text5        000206
__ptext6                             text6        000378
__ptext7                             text7        00034A
__ptext8                             text8        000102
__ptext9                             text9        000358
__ramtop                             ramtop       000600
__size_of_ADC_ISR                    (abs)        000000
__size_of_ADC_Initialize             (abs)        000000
__size_of_Delay                      (abs)        000000
__size_of_EUSART1_Initialize         (abs)        000000
__size_of_EUSART1_Receive_ISR        (abs)        000000
__size_of_EUSART1_Transmit_ISR       (abs)        000000
__size_of_EUSART1_Write              (abs)        000000
__size_of_INTERRUPT_Initialize       (abs)        000000
__size_of_INTERRUPT_InterruptManager (abs)        000000
__size_of_OSCILLATOR_Initialize      (abs)        000000
__size_of_PIN_MANAGER_Initialize     (abs)        000000
__size_of_SPI2_Initialize            (abs)        000000
__size_of_SYSTEM_Initialize          (abs)        000000
__size_of_TMR0_CallBack              (abs)        000000
__size_of_TMR0_ISR                   (abs)        000000
__size_of_TMR0_Initialize            (abs)        000000
__size_of_TMR0_StartTimer            (abs)        000000
__size_of_main                       (abs)        000000
__size_of_printf                     (abs)        000000
__size_of_putch                      (abs)        000000
__smallconst                         smallconst   000000
_aux_codes_Bank1                     bssBANK1     00016C
_aux_codes_Bank2                     bssBANK1     000178
_cell_codes_Bank1                    bssBANK0     0000D0
_cell_codes_Bank2                    bssBANK1     000184
_current_byte                        bssCOMRAM    000015
_current_ic                          bssCOMRAM    000017
_errno                               bssCOMRAM    000019
_eusart1RxBuffer                     bssBANK0     0000A8
_eusart1RxCount                      bssCOMRAM    000029
_eusart1RxHead                       bssCOMRAM    00002A
_eusart1RxTail                       bssCOMRAM    00002B
_eusart1TxBuffer                     bssBANK0     0000B0
_eusart1TxBufferRemaining            nvCOMRAM     000052
_eusart1TxHead                       bssCOMRAM    00002C
_eusart1TxTail                       bssCOMRAM    00002D
_fault                               bssCOMRAM    000010
_fault_flag                          bssCOMRAM    00002E
_faultvalue                          bssCOMRAM    00001B
_i                                   bssCOMRAM    00001D
_infault                             bssCOMRAM    00002F
_j                                   bssCOMRAM    00001F
_k                                   bssCOMRAM    000021
_main                                text0        00026E
_printf                              text1        0001D2
_putch                               text2        00033C
_timer0ReloadVal16bit                nvCOMRAM     000050
btemp                                temp         000053
end_of_initialization                cinit        0000F4
exp@coeff                            mediumconst  007FC1
int$flags                            temp         000053
intlevel0                            text         000000
intlevel1                            text         000000
intlevel2                            text         000000
intlevel3                            text         000000
log@coeff                            mediumconst  007FDF
printf@ap                            cstackBANK1  0001A0
printf@c                             cstackBANK1  0001A2
printf@f                             cstackBANK1  00019E
putch@txData                         cstackBANK1  00019D
stackhi                              (abs)        0005FF
stacklo                              (abs)        0001A8
start                                init         0000AC
start_initialization                 cinit        0000B0


FUNCTION INFORMATION:

 *************** function _main *****************
 Defined at:
		line 32 in file "Main.c"
 Parameters:    Size  Location     Type
  argc            2    7[BANK1 ] int 
  argv            3    9[BANK1 ] PTR PTR unsigned char 
 Auto vars:     Size  Location     Type
		None
 Return value:  Size  Location     Type
                  2    7[BANK1 ] int 
 Registers used:
		wreg, fsr2l, fsr2h, status,2, status,0, tblptrl, tblptrh, tblptru, prodl, prodh, cstack
 Tracked objects:
		On entry : 
		On exit  : 
		Unchanged: 
 Data sizes:     COMRAM   BANK0   BANK1   BANK2   BANK3   BANK4   BANK5
      Params:         0       0       5       0       0       0       0
      Locals:         0       0       0       0       0       0       0
      Temps:          0       0       0       0       0       0       0
      Totals:         0       0       5       0       0       0       0
Total ram usage:        5 bytes
 Hardware stack levels required when called:    6
 This function calls:
		_Delay
		_SYSTEM_Initialize
		_printf
 This function is called by:
		Startup code after reset
 This function uses a non-reentrant model


 *************** function _printf *****************
 Defined at:
		line 464 in file "C:\Program Files (x86)\Microchip\xc8\v1.35\sources\common\doprnt.c"
 Parameters:    Size  Location     Type
  f               2    2[BANK1 ] PTR const unsigned char 
		 -> STR_1(5), 
 Auto vars:     Size  Location     Type
  tmpval          4    0        struct .
  cp              3    0        PTR const unsigned char 
  ap              2    4[BANK1 ] PTR void [1]
		 -> ?_printf(2), 
  len             2    0        unsigned int 
  val             2    0        unsigned int 
  c               1    6[BANK1 ] char 
  flag            1    0        unsigned char 
  prec            1    0        char 
 Return value:  Size  Location     Type
                  2    2[BANK1 ] int 
 Registers used:
		wreg, fsr2l, fsr2h, status,2, status,0, tblptrl, tblptrh, tblptru, prodl, prodh, cstack
 Tracked objects:
		On entry : 
		On exit  : 
		Unchanged: 
 Data sizes:     COMRAM   BANK0   BANK1   BANK2   BANK3   BANK4   BANK5
      Params:         0       0       2       0       0       0       0
      Locals:         0       0       3       0       0       0       0
      Temps:          0       0       0       0       0       0       0
      Totals:         0       0       5       0       0       0       0
Total ram usage:        5 bytes
 Hardware stack levels used:    1
 Hardware stack levels required when called:    5
 This function calls:
		_putch
 This function is called by:
		_main
 This function uses a non-reentrant model


 *************** function _putch *****************
 Defined at:
		line 162 in file "mcc_generated_files/eusart1.c"
 Parameters:    Size  Location     Type
  txData          1    wreg     unsigned char 
 Auto vars:     Size  Location     Type
  txData          1    1[BANK1 ] unsigned char 
 Return value:  Size  Location     Type
		None               void
 Registers used:
		wreg, fsr2l, fsr2h, status,2, status,0, prodl, prodh, cstack
 Tracked objects:
		On entry : 
		On exit  : 
		Unchanged: 
 Data sizes:     COMRAM   BANK0   BANK1   BANK2   BANK3   BANK4   BANK5
      Params:         0       0       0       0       0       0       0
      Locals:         0       0       1       0       0       0       0
      Temps:          0       0       0       0       0       0       0
      Totals:         0       0       1       0       0       0       0
Total ram usage:        1 bytes
 Hardware stack levels used:    1
 Hardware stack levels required when called:    4
 This function calls:
		_EUSART1_Write
 This function is called by:
		_printf
 This function uses a non-reentrant model


 *************** function _EUSART1_Write *****************
 Defined at:
		line 134 in file "mcc_generated_files/eusart1.c"
 Parameters:    Size  Location     Type
  txData          1    wreg     unsigned char 
 Auto vars:     Size  Location     Type
  txData          1    0[BANK1 ] unsigned char 
 Return value:  Size  Location     Type
		None               void
 Registers used:
		wreg, fsr2l, fsr2h, status,2, status,0, prodl, prodh
 Tracked objects:
		On entry : 
		On exit  : 
		Unchanged: 
 Data sizes:     COMRAM   BANK0   BANK1   BANK2   BANK3   BANK4   BANK5
      Params:         0       0       0       0       0       0       0
      Locals:         0       0       1       0       0       0       0
      Temps:          0       0       0       0       0       0       0
      Totals:         0       0       1       0       0       0       0
Total ram usage:        1 bytes
 Hardware stack levels used:    1
 Hardware stack levels required when called:    3
 This function calls:
		Nothing
 This function is called by:
		_putch
 This function uses a non-reentrant model


 *************** function _SYSTEM_Initialize *****************
 Defined at:
		line 112 in file "mcc_generated_files/mcc.c"
 Parameters:    Size  Location     Type
		None
 Auto vars:     Size  Location     Type
		None
 Return value:  Size  Location     Type
		None               void
 Registers used:
		wreg, status,2, status,0, cstack
 Tracked objects:
		On entry : 
		On exit  : 
		Unchanged: 
 Data sizes:     COMRAM   BANK0   BANK1   BANK2   BANK3   BANK4   BANK5
      Params:         0       0       0       0       0       0       0
      Locals:         0       0       0       0       0       0       0
      Temps:          0       0       0       0       0       0       0
      Totals:         0       0       0       0       0       0       0
Total ram usage:        0 bytes
 Hardware stack levels used:    1
 Hardware stack levels required when called:    5
 This function calls:
		_ADC_Initialize
		_EUSART1_Initialize
		_INTERRUPT_Initialize
		_OSCILLATOR_Initialize
		_PIN_MANAGER_Initialize
		_SPI2_Initialize
		_TMR0_Initialize
 This function is called by:
		_main
 This function uses a non-reentrant model


 *************** function _TMR0_Initialize *****************
 Defined at:
		line 64 in file "mcc_generated_files/tmr0.c"
 Parameters:    Size  Location     Type
		None
 Auto vars:     Size  Location     Type
		None
 Return value:  Size  Location     Type
		None               void
 Registers used:
		wreg, status,2, status,0, cstack
 Tracked objects:
		On entry : 
		On exit  : 
		Unchanged: 
 Data sizes:     COMRAM   BANK0   BANK1   BANK2   BANK3   BANK4   BANK5
      Params:         0       0       0       0       0       0       0
      Locals:         0       0       0       0       0       0       0
      Temps:          0       0       2       0       0       0       0
      Totals:         0       0       2       0       0       0       0
Total ram usage:        2 bytes
 Hardware stack levels used:    1
 Hardware stack levels required when called:    4
 This function calls:
		_TMR0_StartTimer
 This function is called by:
		_SYSTEM_Initialize
 This function uses a non-reentrant model


 *************** function _TMR0_StartTimer *****************
 Defined at:
		line 90 in file "mcc_generated_files/tmr0.c"
 Parameters:    Size  Location     Type
		None
 Auto vars:     Size  Location     Type
		None
 Return value:  Size  Location     Type
		None               void
 Registers used:
		None
 Tracked objects:
		On entry : 
		On exit  : 
		Unchanged: 
 Data sizes:     COMRAM   BANK0   BANK1   BANK2   BANK3   BANK4   BANK5
      Params:         0       0       0       0       0       0       0
      Locals:         0       0       0       0       0       0       0
      Temps:          0       0       0       0       0       0       0
      Totals:         0       0       0       0       0       0       0
Total ram usage:        0 bytes
 Hardware stack levels used:    1
 Hardware stack levels required when called:    3
 This function calls:
		Nothing
 This function is called by:
		_TMR0_Initialize
 This function uses a non-reentrant model


 *************** function _SPI2_Initialize *****************
 Defined at:
		line 64 in file "mcc_generated_files/spi2.c"
 Parameters:    Size  Location     Type
		None
 Auto vars:     Size  Location     Type
		None
 Return value:  Size  Location     Type
		None               void
 Registers used:
		wreg, status,2
 Tracked objects:
		On entry : 
		On exit  : 
		Unchanged: 
 Data sizes:     COMRAM   BANK0   BANK1   BANK2   BANK3   BANK4   BANK5
      Params:         0       0       0       0       0       0       0
      Locals:         0       0       0       0       0       0       0
      Temps:          0       0       0       0       0       0       0
      Totals:         0       0       0       0       0       0       0
Total ram usage:        0 bytes
 Hardware stack levels used:    1
 Hardware stack levels required when called:    3
 This function calls:
		Nothing
 This function is called by:
		_SYSTEM_Initialize
		_LTC6804_initialize
 This function uses a non-reentrant model


 *************** function _PIN_MANAGER_Initialize *****************
 Defined at:
		line 49 in file "mcc_generated_files/pin_manager.c"
 Parameters:    Size  Location     Type
		None
 Auto vars:     Size  Location     Type
		None
 Return value:  Size  Location     Type
		None               void
 Registers used:
		wreg, status,2
 Tracked objects:
		On entry : 
		On exit  : 
		Unchanged: 
 Data sizes:     COMRAM   BANK0   BANK1   BANK2   BANK3   BANK4   BANK5
      Params:         0       0       0       0       0       0       0
      Locals:         0       0       0       0       0       0       0
      Temps:          0       0       0       0       0       0       0
      Totals:         0       0       0       0       0       0       0
Total ram usage:        0 bytes
 Hardware stack levels used:    1
 Hardware stack levels required when called:    3
 This function calls:
		Nothing
 This function is called by:
		_SYSTEM_Initialize
 This function uses a non-reentrant model


 *************** function _OSCILLATOR_Initialize *****************
 Defined at:
		line 124 in file "mcc_generated_files/mcc.c"
 Parameters:    Size  Location     Type
		None
 Auto vars:     Size  Location     Type
		None
 Return value:  Size  Location     Type
		None               void
 Registers used:
		wreg, status,2
 Tracked objects:
		On entry : 
		On exit  : 
		Unchanged: 
 Data sizes:     COMRAM   BANK0   BANK1   BANK2   BANK3   BANK4   BANK5
      Params:         0       0       0       0       0       0       0
      Locals:         0       0       0       0       0       0       0
      Temps:          0       0       0       0       0       0       0
      Totals:         0       0       0       0       0       0       0
Total ram usage:        0 bytes
 Hardware stack levels used:    1
 Hardware stack levels required when called:    3
 This function calls:
		Nothing
 This function is called by:
		_SYSTEM_Initialize
 This function uses a non-reentrant model


 *************** function _INTERRUPT_Initialize *****************
 Defined at:
		line 52 in file "mcc_generated_files/interrupt_manager.c"
 Parameters:    Size  Location     Type
		None
 Auto vars:     Size  Location     Type
		None
 Return value:  Size  Location     Type
		None               void
 Registers used:
		None
 Tracked objects:
		On entry : 
		On exit  : 
		Unchanged: 
 Data sizes:     COMRAM   BANK0   BANK1   BANK2   BANK3   BANK4   BANK5
      Params:         0       0       0       0       0       0       0
      Locals:         0       0       0       0       0       0       0
      Temps:          0       0       0       0       0       0       0
      Totals:         0       0       0       0       0       0       0
Total ram usage:        0 bytes
 Hardware stack levels used:    1
 Hardware stack levels required when called:    3
 This function calls:
		Nothing
 This function is called by:
		_SYSTEM_Initialize
 This function uses a non-reentrant model


 *************** function _EUSART1_Initialize *****************
 Defined at:
		line 76 in file "mcc_generated_files/eusart1.c"
 Parameters:    Size  Location     Type
		None
 Auto vars:     Size  Location     Type
		None
 Return value:  Size  Location     Type
		None               void
 Registers used:
		wreg, status,2
 Tracked objects:
		On entry : 
		On exit  : 
		Unchanged: 
 Data sizes:     COMRAM   BANK0   BANK1   BANK2   BANK3   BANK4   BANK5
      Params:         0       0       0       0       0       0       0
      Locals:         0       0       0       0       0       0       0
      Temps:          0       0       0       0       0       0       0
      Totals:         0       0       0       0       0       0       0
Total ram usage:        0 bytes
 Hardware stack levels used:    1
 Hardware stack levels required when called:    3
 This function calls:
		Nothing
 This function is called by:
		_SYSTEM_Initialize
 This function uses a non-reentrant model


 *************** function _ADC_Initialize *****************
 Defined at:
		line 59 in file "mcc_generated_files/adc.c"
 Parameters:    Size  Location     Type
		None
 Auto vars:     Size  Location     Type
		None
 Return value:  Size  Location     Type
		None               void
 Registers used:
		wreg, status,2
 Tracked objects:
		On entry : 
		On exit  : 
		Unchanged: 
 Data sizes:     COMRAM   BANK0   BANK1   BANK2   BANK3   BANK4   BANK5
      Params:         0       0       0       0       0       0       0
      Locals:         0       0       0       0       0       0       0
      Temps:          0       0       0       0       0       0       0
      Totals:         0       0       0       0       0       0       0
Total ram usage:        0 bytes
 Hardware stack levels used:    1
 Hardware stack levels required when called:    3
 This function calls:
		Nothing
 This function is called by:
		_SYSTEM_Initialize
 This function uses a non-reentrant model


 *************** function _Delay *****************
 Defined at:
		line 9 in file "Functions.c"
 Parameters:    Size  Location     Type
  wait            2    0[BANK1 ] int 
 Auto vars:     Size  Location     Type
  x               2    3[BANK1 ] int 
 Return value:  Size  Location     Type
		None               void
 Registers used:
		wreg, status,2, status,0
 Tracked objects:
		On entry : 
		On exit  : 
		Unchanged: 
 Data sizes:     COMRAM   BANK0   BANK1   BANK2   BANK3   BANK4   BANK5
      Params:         0       0       2       0       0       0       0
      Locals:         0       0       2       0       0       0       0
      Temps:          0       0       1       0       0       0       0
      Totals:         0       0       5       0       0       0       0
Total ram usage:        5 bytes
 Hardware stack levels used:    1
 Hardware stack levels required when called:    3
 This function calls:
		Nothing
 This function is called by:
		_main
		_addressFault
		_wakeup_idle
		_wakeup_sleep
 This function uses a non-reentrant model


 *************** function _INTERRUPT_InterruptManager *****************
 Defined at:
		line 69 in file "mcc_generated_files/interrupt_manager.c"
 Parameters:    Size  Location     Type
		None
 Auto vars:     Size  Location     Type
		None
 Return value:  Size  Location     Type
		None               void
 Registers used:
		wreg, fsr2l, fsr2h, status,2, status,0, prodl, prodh, cstack
 Tracked objects:
		On entry : 
		On exit  : 
		Unchanged: 
 Data sizes:     COMRAM   BANK0   BANK1   BANK2   BANK3   BANK4   BANK5
      Params:         0       0       0       0       0       0       0
      Locals:         0       0       0       0       0       0       0
      Temps:         14       0       0       0       0       0       0
      Totals:        14       0       0       0       0       0       0
Total ram usage:       14 bytes
 Hardware stack levels used:    1
 Hardware stack levels required when called:    2
 This function calls:
		_ADC_ISR
		_EUSART1_Receive_ISR
		_EUSART1_Transmit_ISR
		_TMR0_ISR
 This function is called by:
		Interrupt level 2
 This function uses a non-reentrant model


 *************** function _TMR0_ISR *****************
 Defined at:
		line 131 in file "mcc_generated_files/tmr0.c"
 Parameters:    Size  Location     Type
		None
 Auto vars:     Size  Location     Type
		None
 Return value:  Size  Location     Type
		None               void
 Registers used:
		wreg, status,2, cstack
 Tracked objects:
		On entry : 
		On exit  : 
		Unchanged: 
 Data sizes:     COMRAM   BANK0   BANK1   BANK2   BANK3   BANK4   BANK5
      Params:         0       0       0       0       0       0       0
      Locals:         0       0       0       0       0       0       0
      Temps:          0       0       0       0       0       0       0
      Totals:         0       0       0       0       0       0       0
Total ram usage:        0 bytes
 Hardware stack levels used:    1
 Hardware stack levels required when called:    1
 This function calls:
		_TMR0_CallBack
 This function is called by:
		_INTERRUPT_InterruptManager
 This function uses a non-reentrant model


 *************** function _TMR0_CallBack *****************
 Defined at:
		line 149 in file "mcc_generated_files/tmr0.c"
 Parameters:    Size  Location     Type
		None
 Auto vars:     Size  Location     Type
		None
 Return value:  Size  Location     Type
		None               void
 Registers used:
		None
 Tracked objects:
		On entry : 
		On exit  : 
		Unchanged: 
 Data sizes:     COMRAM   BANK0   BANK1   BANK2   BANK3   BANK4   BANK5
      Params:         0       0       0       0       0       0       0
      Locals:         0       0       0       0       0       0       0
      Temps:          0       0       0       0       0       0       0
      Totals:         0       0       0       0       0       0       0
Total ram usage:        0 bytes
 Hardware stack levels used:    1
 This function calls:
		Nothing
 This function is called by:
		_TMR0_ISR
 This function uses a non-reentrant model


 *************** function _EUSART1_Transmit_ISR *****************
 Defined at:
		line 167 in file "mcc_generated_files/eusart1.c"
 Parameters:    Size  Location     Type
		None
 Auto vars:     Size  Location     Type
		None
 Return value:  Size  Location     Type
		None               void
 Registers used:
		wreg, fsr2l, fsr2h, status,2, status,0, prodl, prodh
 Tracked objects:
		On entry : 
		On exit  : 
		Unchanged: 
 Data sizes:     COMRAM   BANK0   BANK1   BANK2   BANK3   BANK4   BANK5
      Params:         0       0       0       0       0       0       0
      Locals:         0       0       0       0       0       0       0
      Temps:          0       0       0       0       0       0       0
      Totals:         0       0       0       0       0       0       0
Total ram usage:        0 bytes
 Hardware stack levels used:    1
 This function calls:
		Nothing
 This function is called by:
		_INTERRUPT_InterruptManager
 This function uses a non-reentrant model


 *************** function _EUSART1_Receive_ISR *****************
 Defined at:
		line 186 in file "mcc_generated_files/eusart1.c"
 Parameters:    Size  Location     Type
		None
 Auto vars:     Size  Location     Type
		None
 Return value:  Size  Location     Type
		None               void
 Registers used:
		wreg, fsr2l, fsr2h, status,2, status,0, prodl, prodh
 Tracked objects:
		On entry : 
		On exit  : 
		Unchanged: 
 Data sizes:     COMRAM   BANK0   BANK1   BANK2   BANK3   BANK4   BANK5
      Params:         0       0       0       0       0       0       0
      Locals:         0       0       0       0       0       0       0
      Temps:          0       0       0       0       0       0       0
      Totals:         0       0       0       0       0       0       0
Total ram usage:        0 bytes
 Hardware stack levels used:    1
 This function calls:
		Nothing
 This function is called by:
		_INTERRUPT_InterruptManager
 This function uses a non-reentrant model


 *************** function _ADC_ISR *****************
 Defined at:
		line 128 in file "mcc_generated_files/adc.c"
 Parameters:    Size  Location     Type
		None
 Auto vars:     Size  Location     Type
		None
 Return value:  Size  Location     Type
		None               void
 Registers used:
		None
 Tracked objects:
		On entry : 
		On exit  : 
		Unchanged: 
 Data sizes:     COMRAM   BANK0   BANK1   BANK2   BANK3   BANK4   BANK5
      Params:         0       0       0       0       0       0       0
      Locals:         0       0       0       0       0       0       0
      Temps:          0       0       0       0       0       0       0
      Totals:         0       0       0       0       0       0       0
Total ram usage:        0 bytes
 Hardware stack levels used:    1
 This function calls:
		Nothing
 This function is called by:
		_INTERRUPT_InterruptManager
 This function uses a non-reentrant model



MODULE INFORMATION

Module		Function		Class		Link	Load	Size
mcc_generated_files/interrupt_manager.c
		_INTERRUPT_Initialize		CODE           	0366	0000	13
		_INTERRUPT_InterruptManager		CODE           	0008	0000	165

mcc_generated_files/interrupt_manager.c estimated size: 178

mcc_generated_files/tmr0.c
		_TMR0_CallBack 		CODE           	0380	0000	3
		_TMR0_StartTimer		CODE           	0378	0000	5
		_TMR0_ISR      		CODE           	032C	0000	17
		_TMR0_Initialize		CODE           	0206	0000	53

mcc_generated_files/tmr0.c estimated size: 78

mcc_generated_files/pin_manager.c
		_PIN_MANAGER_Initialize		CODE           	0102	0000	79

mcc_generated_files/pin_manager.c estimated size: 79

mcc_generated_files/adc.c
		_ADC_Initialize		CODE           	0314	0000	25
		_ADC_ISR       		CODE           	037C	0000	5

mcc_generated_files/adc.c estimated size: 30

C:\Program Files (x86)\Microchip\xc8\v1.35\sources\common\doprnt.c
		_printf        		CODE           	01D2	0000	53

C:\Program Files (x86)\Microchip\xc8\v1.35\sources\common\doprnt.c estimated size: 53

Functions.c
		_Delay         		CODE           	0150	0000	71

Functions.c estimated size: 71

Main.c
		_main          		CODE           	026E	0000	47

Main.c estimated size: 47

shared
		exp@coeff      		MEDIUMCONST    	7FC1	0000	31
		__initialization		CODE           	00B0	0000	69
		LT6804@crc15Table		MEDIUMCONST    	7BC1	0000	513
		_crc15Table    		MEDIUMCONST    	0000	0000	0
		log@coeff      		MEDIUMCONST    	7FDF	0000	28

shared estimated size: 641

mcc_generated_files/eusart1.c
		_EUSART1_Initialize		CODE           	023A	0000	53
		_putch         		CODE           	033C	0000	15
		_EUSART1_Write 		CODE           	0196	0000	61
		_EUSART1_Receive_ISR		CODE           	02CA	0000	45
		_EUSART1_Transmit_ISR		CODE           	029C	0000	47

mcc_generated_files/eusart1.c estimated size: 221

mcc_generated_files/mcc.c
		_OSCILLATOR_Initialize		CODE           	0358	0000	15
		_SYSTEM_Initialize		CODE           	02F6	0000	31

mcc_generated_files/mcc.c estimated size: 46

mcc_generated_files/spi2.c
		_SPI2_Initialize		CODE           	034A	0000	15

mcc_generated_files/spi2.c estimated size: 15

