Microchip MPLAB XC8 Compiler V1.35 ()

Linker command line:

--edf=C:\Program Files (x86)\Microchip\xc8\v1.35\dat\en_msgs.txt -cs \
  -h+dist/default/production\BMS-LV.X.production.sym \
  --cmf=dist/default/production\BMS-LV.X.production.cmf -z -Q18F45K22 \
  -oC:\Users\richc\AppData\Local\Temp\s628.2 \
  -Mdist/default/production/BMS-LV.X.production.map -E1 -ver=XC8 \
  -ASTACK=02A9h-05ffh -pstack=STACK -ACODE=00h-07FFFh -ACONST=00h-07FFFh \
  -ASMALLCONST=0600h-06FFhx122 -AMEDIUMCONST=0600h-07FFFh -ACOMRAM=01h-05Fh \
  -AABS1=00h-05FFh -ABIGRAM=01h-05FFh -ARAM=060h-0FFh,0100h-01FFhx5 \
  -ABANK0=060h-0FFh -ABANK1=0100h-01FFh -ABANK2=0200h-02FFh \
  -ABANK3=0300h-03FFh -ABANK4=0400h-04FFh -ABANK5=0500h-05FFh \
  -ASFR=0F38h-0F5Fh,0F60h-0FFFh \
  -preset_vec=00h,intcode=08h,intcodelo,powerup,init,end_init \
  -pramtop=0600h -psmallconst=SMALLCONST -pmediumconst=MEDIUMCONST \
  -pconst=CONST -AFARRAM=00h-00h -ACONFIG=0300000h-030000Dh -pconfig=CONFIG \
  -AIDLOC=0200000h-0200007h -pidloc=IDLOC -AEEDATA=0F00000h-0F000FFh \
  -peeprom_data=EEDATA \
  -prdata=COMRAM,nvrram=COMRAM,nvbit=COMRAM,rbss=COMRAM,rbit=COMRAM \
  -pfarbss=FARRAM,fardata=FARRAM,nvFARRAM=FARRAM \
  -pintsave_regs=BIGRAM,bigbss=BIGRAM,bigdata=BIGRAM -pbss=RAM \
  -pidata=CODE,irdata=CODE,ibigdata=CODE,ifardata=CODE -prparam=COMRAM \
  C:\Users\richc\AppData\Local\Temp\s628.obj \
  dist/default/production\BMS-LV.X.production.obj 

Object code version is 3.11

Machine type is 18F45K22

Call graph: (short form)




                Name                               Link     Load   Length Selector   Space Scale
C:\Users\richc\AppData\Local\Temp\s628.obj
                end_init                             AC       AC        4        4       0
                reset_vec                             0        0        4        0       0
                idloc                            200000   200000        8   200000       0
                config                           300000   300000        E   300000       0
dist/default/production\BMS-LV.X.production.obj
                intcode                               8        8       A4        4       0
                temp                                 51       51        1        1       1
                mediumconst                        7BA8     7BA8      458     3DD4       0
                text44                             1644     1644        4        4       0
                text43                             14B2     14B2       2E        4       0
                text42                             1480     1480       32        4       0
                text41                             1648     1648        2        4       0
                text40                             15E4     15E4       10        4       0
                text38                             144C     144C       34        4       0
                text37                              E20      E20       A4        4       0
                text36                             1610     1610        E        4       0
                text35                             139E     139E       3C        4       0
                text34                             1052     1052       6A        4       0
                text33                              F50      F50       82        4       0
                text32                             150C     150C       28        4       0
                text31                             15D2     15D2       12        4       0
                text30                              B06      B06      120        4       0
                text29                             155A     155A       26        4       0
                text28                               B0       B0      484        4       0
                text27                              D44      D44       DC        4       0
                text26                              534      534      368        4       0
                text25                             116C     116C       52        4       0
                text24                             12E2     12E2       42        4       0
                text23                             1324     1324       3E        4       0
                text22                             162A     162A        A        4       0
                text21                              C26      C26      11E        4       0
                text20                             13DA     13DA       3A        4       0
                text19                             15A4     15A4       18        4       0
                text18                             1414     1414       38        4       0
                text17                             161E     161E        C        4       0
                text16                             1602     1602        E        4       0
                text15                             111A     111A       52        4       0
                text14                             15F4     15F4        E        4       0
                text13                             1640     1640        4        4       0
                text12                             14E0     14E0       2C        4       0
                text11                             1580     1580       24        4       0
                text10                             1252     1252       4A        4       0
                text9                              1208     1208       4A        4       0
                text8                               FD2      FD2       80        4       0
                text7                              129C     129C       46        4       0
                text6                              11BE     11BE       4A        4       0
                text5                               89C      89C      26A        4       0
                text4                              15BC     15BC       16        4       0
                text3                              1534     1534       26        4       0
                text2                               EC4      EC4       8C        4       0
                text1                              163A     163A        6        4       0
                text0                              1362     1362       3C        4       0
                cstackCOMRAM                          1        1       41        1       1
                cstackBANK0                          DD       DD       1C       60       1
                cstackBANK1                         100      100       F0      100       1
                cstackBANK2                         2A2      2A2        7      200       1
                bssBANK2                            200      200       A2      200       1
                bssBANK1                            1F0      1F0        F      100       1
                dataBANK0                            F9       F9        6       60       1
                bssBANK0                             60       60       7D       60       1
                bssCOMRAM                            42       42        D        1       1
                cinit                              10BC     10BC       5E        4       0
                nvBANK0                              FF       FF        1       60       1
                nvCOMRAM                             4F       4F        2        1       1
                idataBANK0                         1634     1634        6        4       0

TOTAL           Name                               Link     Load   Length     Space
        CLASS   STACK          

        CLASS   CODE           
                end_init                             AC       AC        4         0
                intcode                               8        8       A4         0
                reset_vec                             0        0        4         0
                text44                             1644     1644        4         0
                text43                             14B2     14B2       2E         0
                text42                             1480     1480       32         0
                text41                             1648     1648        2         0
                text40                             15E4     15E4       10         0
                text38                             144C     144C       34         0
                text37                              E20      E20       A4         0
                text36                             1610     1610        E         0
                text35                             139E     139E       3C         0
                text34                             1052     1052       6A         0
                text33                              F50      F50       82         0
                text32                             150C     150C       28         0
                text31                             15D2     15D2       12         0
                text30                              B06      B06      120         0
                text29                             155A     155A       26         0
                text28                               B0       B0      484         0
                text27                              D44      D44       DC         0
                text26                              534      534      368         0
                text25                             116C     116C       52         0
                text24                             12E2     12E2       42         0
                text23                             1324     1324       3E         0
                text22                             162A     162A        A         0
                text21                              C26      C26      11E         0
                text20                             13DA     13DA       3A         0
                text19                             15A4     15A4       18         0
                text18                             1414     1414       38         0
                text17                             161E     161E        C         0
                text16                             1602     1602        E         0
                text15                             111A     111A       52         0
                text14                             15F4     15F4        E         0
                text13                             1640     1640        4         0
                text12                             14E0     14E0       2C         0
                text11                             1580     1580       24         0
                text10                             1252     1252       4A         0
                text9                              1208     1208       4A         0
                text8                               FD2      FD2       80         0
                text7                              129C     129C       46         0
                text6                              11BE     11BE       4A         0
                text5                               89C      89C      26A         0
                text4                              15BC     15BC       16         0
                text3                              1534     1534       26         0
                text2                               EC4      EC4       8C         0
                text1                              163A     163A        6         0
                text0                              1362     1362       3C         0
                cinit                              10BC     10BC       5E         0
                idataBANK0                         1634     1634        6         0

        CLASS   CONST          

        CLASS   SMALLCONST     

        CLASS   MEDIUMCONST    
                mediumconst                        7BA8     7BA8      458         0

        CLASS   COMRAM         
                temp                                 51       51        1         1
                cstackCOMRAM                          1        1       41         1
                bssCOMRAM                            42       42        D         1
                nvCOMRAM                             4F       4F        2         1

        CLASS   ABS1           

        CLASS   BIGRAM         

        CLASS   RAM            

        CLASS   BANK0          
                cstackBANK0                          DD       DD       1C         1
                dataBANK0                            F9       F9        6         1
                bssBANK0                             60       60       7D         1
                nvBANK0                              FF       FF        1         1

        CLASS   BANK1          
                cstackBANK1                         100      100       F0         1
                bssBANK1                            1F0      1F0        F         1

        CLASS   BANK2          
                cstackBANK2                         2A2      2A2        7         1
                bssBANK2                            200      200       A2         1

        CLASS   BANK3          

        CLASS   BANK4          

        CLASS   BANK5          

        CLASS   SFR            

        CLASS   FARRAM         

        CLASS   CONFIG         
                config                           300000   300000        E         0

        CLASS   IDLOC          
                idloc                            200000   200000        8         0

        CLASS   EEDATA         



SEGMENTS        Name                           Load    Length   Top    Selector   Space  Class

                reset_vec                      000000  000004  000004         0       0  CODE    
                cstackCOMRAM                   000001  000051  000052         1       1  COMRAM  
                intcode                        000008  001642  00164A         4       0  CODE    
                bssBANK0                       000060  0000A0  000100        60       1  BANK0   
                cstackBANK1                    000100  0000FF  0001FF       100       1  BANK1   
                bssBANK2                       000200  0000A9  0002A9       200       1  BANK2   
                mediumconst                    007BA8  000458  008000      3DD4       0  MEDIUMCO
                idloc                          200000  000008  200008    200000       0  IDLOC   
                config                         300000  00000E  30000E    300000       0  CONFIG  


UNUSED ADDRESS RANGES

        Name                Unused          Largest block    Delta
        BANK1            0001FF-0001FF                1
        BANK2            0002A9-0002FF               57
        BANK3            000300-0003FF              100
        BANK4            000400-0004FF              100
        BANK5            000500-0005FF              100
        BIGRAM           000052-00005F                E
                         0001FF-0001FF                1
                         0002A9-0005FF              357
        CODE             000004-000007                4
                         00164A-007BA7             655E
        COMRAM           000052-00005F                E
        CONST            000004-000007                4
                         00164A-007BA7             655E
        EEDATA           F00000-F000FF              100
        MEDIUMCONST      00164A-007BA7             655E
        RAM              0001FF-0001FF                1
                         0002A9-0005FF              100
        SFR              000F38-000FFF               28
        SMALLCONST       00164A-007BA7              100
        STACK            0002A9-0005FF              357

                                  Symbol Table

?_LTC6804_rdcv                       cstackCOMRAM 000034
?_Read_Battery                       cstackBANK0  0000F3
?___lwdiv                            cstackCOMRAM 00000F
?___lwmod                            cstackCOMRAM 000016
?___wmul                             cstackCOMRAM 00000F
?_pec15_calc                         cstackCOMRAM 000015
?_printf                             cstackCOMRAM 00001B
Delay@wait                           cstackCOMRAM 00000F
Delay@x                              cstackCOMRAM 000012
DelayMicro@wait                      cstackCOMRAM 00000F
DelayMicro@x                         cstackCOMRAM 000012
EUSART1_Write@txData                 cstackCOMRAM 00000F
Initalize_LT6804b@IC                 cstackCOMRAM 000028
LT6804@crc15Table                    mediumconst  007BA9
LTC6804_adcv@cmd                     cstackCOMRAM 000024
LTC6804_adcv@temp_pec                cstackCOMRAM 00002C
LTC6804_rdcv@BYT_IN_REG              cstackBANK0  0000E3
LTC6804_rdcv@CELL_IN_REG             cstackBANK0  0000ED
LTC6804_rdcv@NUM_RX_BYT              cstackBANK0  0000E1
LTC6804_rdcv@cell_codes              cstackCOMRAM 000038
LTC6804_rdcv@cell_data               cstackBANK1  000100
LTC6804_rdcv@cell_reg                cstackBANK0  0000EB
LTC6804_rdcv@current_cell            cstackBANK0  0000EF
LTC6804_rdcv@data_counter            cstackBANK0  0000F1
LTC6804_rdcv@data_pec                cstackBANK0  0000E9
LTC6804_rdcv@hi                      cstackCOMRAM 000040
LTC6804_rdcv@parsed_cell             cstackBANK0  0000E5
LTC6804_rdcv@pec_error               cstackBANK0  0000DF
LTC6804_rdcv@received_pec            cstackBANK0  0000E7
LTC6804_rdcv@reg                     cstackCOMRAM 000034
LTC6804_rdcv@total_ic                cstackCOMRAM 000036
LTC6804_rdcv_reg@cmd                 cstackCOMRAM 00002C
LTC6804_rdcv_reg@data                cstackCOMRAM 000026
LTC6804_rdcv_reg@reg                 cstackCOMRAM 000022
LTC6804_rdcv_reg@temp_pec            cstackCOMRAM 00002A
LTC6804_rdcv_reg@total_ic            cstackCOMRAM 000024
LTC6804_wrcfg@BYTES_IN_REG           cstackBANK1  0001C8
LTC6804_wrcfg@cmd                    cstackBANK1  000100
LTC6804_wrcfg@cmd_index              cstackBANK1  0001CC
LTC6804_wrcfg@config                 cstackCOMRAM 000024
LTC6804_wrcfg@temp_pec               cstackBANK1  0001CA
LTC6804_wrcfg@total_ic               cstackCOMRAM 000022
Read_Battery@BatteryPlacement        cstackBANK0  0000F3
Read_Battery@Read_Status             cstackBANK2  0002A2
Read_Battery@cell_codes              cstackBANK0  0000F5
SPI2_Exchange8bit@stuff              cstackCOMRAM 00000F
SetTempEnable@fault_value            cstackCOMRAM 00001A
SetTempEnable@ic                     cstackCOMRAM 000015
SetTempEnable@value                  cstackCOMRAM 000017
Set_ADC_Mode@ADCOPT_Mode             cstackCOMRAM 000017
Set_ADC_Mode@fault_value             cstackCOMRAM 00001A
Set_ADC_Mode@ic                      cstackCOMRAM 000015
Set_DCC_Mode_OFF@fault_value         cstackCOMRAM 000019
Set_DCC_Mode_OFF@ic                  cstackCOMRAM 000015
Set_DCTO_Mode_OFF@fault_value        cstackCOMRAM 000019
Set_DCTO_Mode_OFF@ic                 cstackCOMRAM 000015
Set_REFON_Pin@REFON_Mode             cstackCOMRAM 000017
Set_REFON_Pin@fault_value            cstackCOMRAM 00001A
Set_REFON_Pin@ic                     cstackCOMRAM 000015
_ADAX                                bssBANK0     0000D1
_ADCON0                              (abs)        000FC2
_ADCON0bits                          (abs)        000FC2
_ADCON1                              (abs)        000FC1
_ADCON2                              (abs)        000FC0
_ADCV                                bssBANK0     0000D5
_ADC_ISR                             text44       001644
_ADC_Initialize                      text19       0015A4
_ADRESH                              (abs)        000FC4
_ADRESL                              (abs)        000FC3
_ADSTAT                              bssBANK0     0000D9
_ANSELA                              (abs)        000F38
_ANSELB                              (abs)        000F39
_ANSELC                              (abs)        000F3A
_ANSELD                              (abs)        000F3B
_ANSELE                              (abs)        000F3C
_Aux_codes_Bank                      bssBANK2     000242
_Aux_data                            bssBANK0     00008A
_BAUDCON1                            (abs)        000FB8
_CC1                                 bssBANK0     0000B2
_CC2                                 bssBANK0     0000B5
_CC3                                 bssBANK0     0000B8
_CFGR0                               bssCOMRAM    000046
_CFGR1                               bssBANK1     0001F0
_CFGR2                               bssBANK1     0001F1
_CFGR3                               bssBANK1     0001F2
_CFGR4                               bssCOMRAM    000047
_CFGR5                               bssCOMRAM    000048
_CVolt                               bssBANK0     000078
_CarOn                               dataBANK0    0000FD
_Current                             bssBANK0     000096
_CurrentDir                          dataBANK0    0000FE
_CurrentOffset                       bssBANK2     000230
_Delay                               text38       00144C
_DelayMicro                          text32       00150C
_EUSART1_Initialize                  text18       001414
_EUSART1_Receive_ISR                 text43       0014B2
_EUSART1_Transmit_ISR                text42       001480
_EUSART1_Write                       text23       001324
_INTCON2bits                         (abs)        000FF1
_INTCONbits                          (abs)        000FF2
_INTERRUPT_Initialize                text17       00161E
_INTERRUPT_InterruptManager          intcode      000008
_IPR1bits                            (abs)        000F9F
_Initalize_LT6804b                   text2        000EC4
_LATA                                (abs)        000F89
_LATB                                (abs)        000F8A
_LATC                                (abs)        000F8B
_LATCbits                            (abs)        000F8B
_LATD                                (abs)        000F8C
_LATD3                               (abs)        007C63
_LATD6                               (abs)        007C66
_LATE                                (abs)        000F8D
_LTC6804_DATA_ConfigBank             bssBANK1     0001F3
_LTC6804_adcv                        text34       001052
_LTC6804_rdcv                        text28       0000B0
_LTC6804_rdcv$2731                   cstackBANK0  0000DD
_LTC6804_rdcv_reg                    text30       000B06
_LTC6804_wrcfg                       text5        00089C
_OSCCON                              (abs)        000FD3
_OSCCON2                             (abs)        000FD2
_OSCILLATOR_Initialize               text16       001602
_OSCTUNE                             (abs)        000F9B
_Over_Voltage_Value                  dataBANK0    0000F9
_PIE1bits                            (abs)        000F9D
_PIN_MANAGER_Initialize              text15       00111A
_PIR1bits                            (abs)        000F9E
_PrevTemp_DegF                       bssBANK2     000200
_RCONbits                            (abs)        000FD0
_RCREG1                              (abs)        000FAE
_RCSTA1                              (abs)        000FAB
_RCSTA1bits                          (abs)        000FAB
_Read_Battery                        text26       000534
_Read_Status_INC                     bssBANK0     0000C4
_Run_Mode                            text20       0013DA
_SPBRG1                              (abs)        000FAF
_SPBRGH1                             (abs)        000FB0
_SPI2_Exchange8bit                   text36       001610
_SPI2_Initialize                     text14       0015F4
_SSP2ADD                             (abs)        000F6E
_SSP2BUF                             (abs)        000F6F
_SSP2CON1                            (abs)        000F6C
_SSP2CON1bits                        (abs)        000F6C
_SSP2STAT                            (abs)        000F6D
_SSP2STATbits                        (abs)        000F6D
_SYSTEM_Initialize                   text11       001580
_SetTempEnable                       text10       001252
_Set_ADC_Mode                        text9        001208
_Set_DCC_Mode_OFF                    text8        000FD2
_Set_DCTO_Mode_OFF                   text7        00129C
_Set_REFON_Pin                       text6        0011BE
_Start_BMS                           text1        00163A
_Stat_codes_Bank                     bssBANK2     00024E
_T0CON                               (abs)        000FD5
_T0CONbits                           (abs)        000FD5
_TMR0H                               (abs)        000FD7
_TMR0L                               (abs)        000FD6
_TMR0_CallBack                       text41       001648
_TMR0_ISR                            text40       0015E4
_TMR0_Initialize                     text12       0014E0
_TMR0_StartTimer                     text13       001640
_TRISA                               (abs)        000F92
_TRISB                               (abs)        000F93
_TRISC                               (abs)        000F94
_TRISD                               (abs)        000F95
_TRISD3                              (abs)        007CAB
_TRISDbits                           (abs)        000F95
_TRISE                               (abs)        000F96
_TXREG1                              (abs)        000FAD
_TXSTA1                              (abs)        000FAC
_Temp_DegF                           bssBANK0     000060
_TmpTemp_DegF                        bssBANK2     000272
_Under_Voltage_Value                 dataBANK0    0000FB
_UpdateLT6804                        text4        0015BC
_Volt1                               bssBANK0     0000BB
_Volt2                               bssBANK0     0000BE
_Voltage_data                        bssBANK2     000218
_WPUB                                (abs)        000F61
__CFG_BOREN$SBORDIS                  (abs)        000000
__CFG_BORV$190                       (abs)        000000
__CFG_CCP2MX$PORTC1                  (abs)        000000
__CFG_CCP3MX$PORTB5                  (abs)        000000
__CFG_CP0$OFF                        (abs)        000000
__CFG_CP1$OFF                        (abs)        000000
__CFG_CP2$OFF                        (abs)        000000
__CFG_CP3$OFF                        (abs)        000000
__CFG_CPB$OFF                        (abs)        000000
__CFG_CPD$OFF                        (abs)        000000
__CFG_DEBUG$OFF                      (abs)        000000
__CFG_EBTR0$OFF                      (abs)        000000
__CFG_EBTR1$OFF                      (abs)        000000
__CFG_EBTR2$OFF                      (abs)        000000
__CFG_EBTR3$OFF                      (abs)        000000
__CFG_EBTRB$OFF                      (abs)        000000
__CFG_FCMEN$OFF                      (abs)        000000
__CFG_FOSC$INTIO67                   (abs)        000000
__CFG_HFOFST$ON                      (abs)        000000
__CFG_IESO$OFF                       (abs)        000000
__CFG_LVP$ON                         (abs)        000000
__CFG_MCLRE$EXTMCLR                  (abs)        000000
__CFG_P2BMX$PORTD2                   (abs)        000000
__CFG_PBADEN$ON                      (abs)        000000
__CFG_PLLCFG$OFF                     (abs)        000000
__CFG_PRICLKEN$ON                    (abs)        000000
__CFG_PWRTEN$OFF                     (abs)        000000
__CFG_STVREN$ON                      (abs)        000000
__CFG_T3CMX$PORTC0                   (abs)        000000
__CFG_WDTEN$OFF                      (abs)        000000
__CFG_WDTPS$32768                    (abs)        000000
__CFG_WRT0$OFF                       (abs)        000000
__CFG_WRT1$OFF                       (abs)        000000
__CFG_WRT2$OFF                       (abs)        000000
__CFG_WRT3$OFF                       (abs)        000000
__CFG_WRTB$OFF                       (abs)        000000
__CFG_WRTC$OFF                       (abs)        000000
__CFG_WRTD$OFF                       (abs)        000000
__CFG_XINST$OFF                      (abs)        000000
__HRAM                               (abs)        000000
__Habs1                              abs1         000000
__Hbank0                             bank0        000000
__Hbank1                             bank1        000000
__Hbank2                             bank2        000000
__Hbank3                             bank3        000000
__Hbank4                             bank4        000000
__Hbank5                             bank5        000000
__Hbigbss                            bigbss       000000
__Hbigdata                           bigdata      000000
__Hbigram                            bigram       000000
__Hbss                               bss          000000
__HbssBANK0                          bssBANK0     000000
__HbssBANK1                          bssBANK1     000000
__HbssBANK2                          bssBANK2     000000
__HbssCOMRAM                         bssCOMRAM    000000
__Hcinit                             cinit        000000
__Hclrtext                           clrtext      000000
__Hcomram                            comram       000000
__Hconfig                            config       30000E
__Hconst                             const        000000
__HcstackBANK0                       cstackBANK0  000000
__HcstackBANK1                       cstackBANK1  000000
__HcstackBANK2                       cstackBANK2  000000
__HcstackCOMRAM                      cstackCOMRAM 000000
__Hdata                              data         000000
__HdataBANK0                         dataBANK0    000000
__Heeprom_data                       eeprom_data  000000
__Hend_init                          end_init     0000B0
__Hfarbss                            farbss       000000
__Hfardata                           fardata      000000
__Hibigdata                          ibigdata     000000
__Hidata                             idata        000000
__HidataBANK0                        idataBANK0   000000
__Hidloc                             idloc        200008
__Hifardata                          ifardata     000000
__Hinit                              init         0000AC
__Hintcode                           intcode      0000AC
__Hintcode_body                      intcode_body 000000
__Hintcodelo                         intcodelo    0000AC
__Hintentry                          intentry     000000
__Hintret                            intret       000000
__Hintsave_regs                      intsave_regs 000000
__Hirdata                            irdata       000000
__Hmediumconst                       mediumconst  008000
__HnvBANK0                           nvBANK0      000000
__HnvCOMRAM                          nvCOMRAM     000000
__HnvFARRAM                          nvFARRAM     000000
__Hnvbit                             nvbit        000000
__Hnvrram                            nvrram       000000
__Hparam                             rparam       000000
__Hpowerup                           powerup      0000AC
__Hram                               ram          000000
__Hramtop                            ramtop       000600
__Hrbit                              rbit         000000
__Hrbss                              rbss         000000
__Hrdata                             rdata        000000
__Hreset_vec                         reset_vec    000004
__Hrparam                            rparam       000000
__Hsfr                               sfr          000000
__Hsmallconst                        smallconst   000000
__Hspace_0                           (abs)        30000E
__Hspace_1                           (abs)        0002A9
__Hspace_2                           (abs)        000000
__Hstack                             stack        000000
__Hstruct                            struct       000000
__Htemp                              temp         000052
__Htext                              text         000000
__Htext0                             text0        000000
__Htext1                             text1        000000
__Htext10                            text10       000000
__Htext11                            text11       000000
__Htext12                            text12       000000
__Htext13                            text13       000000
__Htext14                            text14       000000
__Htext15                            text15       000000
__Htext16                            text16       000000
__Htext17                            text17       000000
__Htext18                            text18       000000
__Htext19                            text19       000000
__Htext2                             text2        000000
__Htext20                            text20       000000
__Htext21                            text21       000000
__Htext22                            text22       000000
__Htext23                            text23       000000
__Htext24                            text24       000000
__Htext25                            text25       000000
__Htext26                            text26       000000
__Htext27                            text27       000000
__Htext28                            text28       000000
__Htext29                            text29       000000
__Htext3                             text3        000000
__Htext30                            text30       000000
__Htext31                            text31       000000
__Htext32                            text32       000000
__Htext33                            text33       000000
__Htext34                            text34       000000
__Htext35                            text35       000000
__Htext36                            text36       000000
__Htext37                            text37       000000
__Htext38                            text38       000000
__Htext4                             text4        000000
__Htext40                            text40       000000
__Htext41                            text41       000000
__Htext42                            text42       000000
__Htext43                            text43       000000
__Htext44                            text44       000000
__Htext5                             text5        000000
__Htext6                             text6        000000
__Htext7                             text7        000000
__Htext8                             text8        000000
__Htext9                             text9        000000
__LRAM                               (abs)        000001
__Labs1                              abs1         000000
__Lbank0                             bank0        000000
__Lbank1                             bank1        000000
__Lbank2                             bank2        000000
__Lbank3                             bank3        000000
__Lbank4                             bank4        000000
__Lbank5                             bank5        000000
__Lbigbss                            bigbss       000000
__Lbigdata                           bigdata      000000
__Lbigram                            bigram       000000
__Lbss                               bss          000000
__LbssBANK0                          bssBANK0     000000
__LbssBANK1                          bssBANK1     000000
__LbssBANK2                          bssBANK2     000000
__LbssCOMRAM                         bssCOMRAM    000000
__Lcinit                             cinit        000000
__Lclrtext                           clrtext      000000
__Lcomram                            comram       000000
__Lconfig                            config       300000
__Lconst                             const        000000
__LcstackBANK0                       cstackBANK0  000000
__LcstackBANK1                       cstackBANK1  000000
__LcstackBANK2                       cstackBANK2  000000
__LcstackCOMRAM                      cstackCOMRAM 000000
__Ldata                              data         000000
__LdataBANK0                         dataBANK0    000000
__Leeprom_data                       eeprom_data  000000
__Lend_init                          end_init     0000AC
__Lfarbss                            farbss       000000
__Lfardata                           fardata      000000
__Libigdata                          ibigdata     000000
__Lidata                             idata        000000
__LidataBANK0                        idataBANK0   000000
__Lidloc                             idloc        200000
__Lifardata                          ifardata     000000
__Linit                              init         0000AC
__Lintcode                           intcode      000008
__Lintcode_body                      intcode_body 000000
__Lintcodelo                         intcodelo    0000AC
__Lintentry                          intentry     000000
__Lintret                            intret       000000
__Lintsave_regs                      intsave_regs 000000
__Lirdata                            irdata       000000
__Lmediumconst                       mediumconst  007BA8
__LnvBANK0                           nvBANK0      000000
__LnvCOMRAM                          nvCOMRAM     000000
__LnvFARRAM                          nvFARRAM     000000
__Lnvbit                             nvbit        000000
__Lnvrram                            nvrram       000000
__Lparam                             rparam       000000
__Lpowerup                           powerup      0000AC
__Lram                               ram          000000
__Lramtop                            ramtop       000600
__Lrbit                              rbit         000000
__Lrbss                              rbss         000000
__Lrdata                             rdata        000000
__Lreset_vec                         reset_vec    000000
__Lrparam                            rparam       000000
__Lsfr                               sfr          000000
__Lsmallconst                        smallconst   000000
__Lspace_0                           (abs)        000000
__Lspace_1                           (abs)        000000
__Lspace_2                           (abs)        000000
__Lstack                             stack        000000
__Lstruct                            struct       000000
__Ltemp                              temp         000051
__Ltext                              text         000000
__Ltext0                             text0        000000
__Ltext1                             text1        000000
__Ltext10                            text10       000000
__Ltext11                            text11       000000
__Ltext12                            text12       000000
__Ltext13                            text13       000000
__Ltext14                            text14       000000
__Ltext15                            text15       000000
__Ltext16                            text16       000000
__Ltext17                            text17       000000
__Ltext18                            text18       000000
__Ltext19                            text19       000000
__Ltext2                             text2        000000
__Ltext20                            text20       000000
__Ltext21                            text21       000000
__Ltext22                            text22       000000
__Ltext23                            text23       000000
__Ltext24                            text24       000000
__Ltext25                            text25       000000
__Ltext26                            text26       000000
__Ltext27                            text27       000000
__Ltext28                            text28       000000
__Ltext29                            text29       000000
__Ltext3                             text3        000000
__Ltext30                            text30       000000
__Ltext31                            text31       000000
__Ltext32                            text32       000000
__Ltext33                            text33       000000
__Ltext34                            text34       000000
__Ltext35                            text35       000000
__Ltext36                            text36       000000
__Ltext37                            text37       000000
__Ltext38                            text38       000000
__Ltext4                             text4        000000
__Ltext40                            text40       000000
__Ltext41                            text41       000000
__Ltext42                            text42       000000
__Ltext43                            text43       000000
__Ltext44                            text44       000000
__Ltext5                             text5        000000
__Ltext6                             text6        000000
__Ltext7                             text7        000000
__Ltext8                             text8        000000
__Ltext9                             text9        000000
__S0                                 (abs)        30000E
__S1                                 (abs)        0002A9
__S2                                 (abs)        000000
___inthi_sp                          stack        000000
___intlo_sp                          stack        000000
___lwdiv                             text25       00116C
___lwdiv@counter                     cstackCOMRAM 000015
___lwdiv@dividend                    cstackCOMRAM 00000F
___lwdiv@divisor                     cstackCOMRAM 000011
___lwdiv@quotient                    cstackCOMRAM 000013
___lwmod                             text24       0012E2
___lwmod@counter                     cstackCOMRAM 00001A
___lwmod@dividend                    cstackCOMRAM 000016
___lwmod@divisor                     cstackCOMRAM 000018
___param_bank                        (abs)        000010
___rparam_used                       (abs)        000001
___sp                                stack        000000
___wmul                              text29       00155A
___wmul@multiplicand                 cstackCOMRAM 000011
___wmul@multiplier                   cstackCOMRAM 00000F
___wmul@product                      cstackCOMRAM 000013
__accesstop                          (abs)        000060
__activetblptr                       (abs)        000002
__end_ofLT6804@crc15Table            mediumconst  007DA9
__end_of_ADC_ISR                     text44       001648
__end_of_ADC_Initialize              text19       0015BC
__end_of_Delay                       text38       001480
__end_of_DelayMicro                  text32       001534
__end_of_EUSART1_Initialize          text18       00144C
__end_of_EUSART1_Receive_ISR         text43       0014E0
__end_of_EUSART1_Transmit_ISR        text42       0014B2
__end_of_EUSART1_Write               text23       001362
__end_of_INTERRUPT_Initialize        text17       00162A
__end_of_INTERRUPT_InterruptManager  intcode      0000AC
__end_of_Initalize_LT6804b           text2        000F50
__end_of_LTC6804_adcv                text34       0010BC
__end_of_LTC6804_rdcv                text28       000534
__end_of_LTC6804_rdcv_reg            text30       000C26
__end_of_LTC6804_wrcfg               text5        000B06
__end_of_OSCILLATOR_Initialize       text16       001610
__end_of_PIN_MANAGER_Initialize      text15       00116C
__end_of_Read_Battery                text26       00089C
__end_of_Run_Mode                    text20       001414
__end_of_SPI2_Exchange8bit           text36       00161E
__end_of_SPI2_Initialize             text14       001602
__end_of_SYSTEM_Initialize           text11       0015A4
__end_of_SetTempEnable               text10       00129C
__end_of_Set_ADC_Mode                text9        001252
__end_of_Set_DCC_Mode_OFF            text8        001052
__end_of_Set_DCTO_Mode_OFF           text7        0012E2
__end_of_Set_REFON_Pin               text6        001208
__end_of_Start_BMS                   text1        001640
__end_of_TMR0_CallBack               text41       00164A
__end_of_TMR0_ISR                    text40       0015F4
__end_of_TMR0_Initialize             text12       00150C
__end_of_TMR0_StartTimer             text13       001644
__end_of_UpdateLT6804                text4        0015D2
__end_of___lwdiv                     text25       0011BE
__end_of___lwmod                     text24       001324
__end_of___wmul                      text29       001580
__end_of__initialization             cinit        00110C
__end_of_crc15Table                  mediumconst  007FA9
__end_of_dpowers                     mediumconst  007FB3
__end_of_main                        text0        00139E
__end_of_pec15_calc                  text37       000EC4
__end_of_printf                      text21       000D44
__end_of_putch                       text22       001634
__end_of_set_adc                     text27       000E20
__end_of_spi_write_array             text35       0013DA
__end_of_spi_write_read              text33       000FD2
__end_of_wakeup_idle                 text31       0015E4
__end_of_wakeup_sleep                text3        00155A
__end_ofexp@coeff                    mediumconst  007FD1
__end_oflog@coeff                    mediumconst  007FEC
__initialization                     cinit        0010BC
__mediumconst                        mediumconst  007BA8
__pbssBANK0                          bssBANK0     000060
__pbssBANK1                          bssBANK1     0001F0
__pbssBANK2                          bssBANK2     000200
__pbssCOMRAM                         bssCOMRAM    000042
__pcinit                             cinit        0010BC
__pcstackBANK0                       cstackBANK0  0000DD
__pcstackBANK1                       cstackBANK1  000100
__pcstackBANK2                       cstackBANK2  0002A2
__pcstackCOMRAM                      cstackCOMRAM 000001
__pdataBANK0                         dataBANK0    0000F9
__pidataBANK0                        idataBANK0   001634
__pintcode                           intcode      000008
__pmediumconst                       mediumconst  007BA8
__pnvBANK0                           nvBANK0      0000FF
__pnvCOMRAM                          nvCOMRAM     00004F
__ptext0                             text0        001362
__ptext1                             text1        00163A
__ptext10                            text10       001252
__ptext11                            text11       001580
__ptext12                            text12       0014E0
__ptext13                            text13       001640
__ptext14                            text14       0015F4
__ptext15                            text15       00111A
__ptext16                            text16       001602
__ptext17                            text17       00161E
__ptext18                            text18       001414
__ptext19                            text19       0015A4
__ptext2                             text2        000EC4
__ptext20                            text20       0013DA
__ptext21                            text21       000C26
__ptext22                            text22       00162A
__ptext23                            text23       001324
__ptext24                            text24       0012E2
__ptext25                            text25       00116C
__ptext26                            text26       000534
__ptext27                            text27       000D44
__ptext28                            text28       0000B0
__ptext29                            text29       00155A
__ptext3                             text3        001534
__ptext30                            text30       000B06
__ptext31                            text31       0015D2
__ptext32                            text32       00150C
__ptext33                            text33       000F50
__ptext34                            text34       001052
__ptext35                            text35       00139E
__ptext36                            text36       001610
__ptext37                            text37       000E20
__ptext38                            text38       00144C
__ptext4                             text4        0015BC
__ptext40                            text40       0015E4
__ptext41                            text41       001648
__ptext42                            text42       001480
__ptext43                            text43       0014B2
__ptext44                            text44       001644
__ptext5                             text5        00089C
__ptext6                             text6        0011BE
__ptext7                             text7        00129C
__ptext8                             text8        000FD2
__ptext9                             text9        001208
__ramtop                             ramtop       000600
__size_of_ADC_ISR                    (abs)        000000
__size_of_ADC_Initialize             (abs)        000000
__size_of_Delay                      (abs)        000000
__size_of_DelayMicro                 (abs)        000000
__size_of_EUSART1_Initialize         (abs)        000000
__size_of_EUSART1_Receive_ISR        (abs)        000000
__size_of_EUSART1_Transmit_ISR       (abs)        000000
__size_of_EUSART1_Write              (abs)        000000
__size_of_INTERRUPT_Initialize       (abs)        000000
__size_of_INTERRUPT_InterruptManager (abs)        000000
__size_of_Initalize_LT6804b          (abs)        000000
__size_of_LTC6804_adcv               (abs)        000000
__size_of_LTC6804_rdcv               (abs)        000000
__size_of_LTC6804_rdcv_reg           (abs)        000000
__size_of_LTC6804_wrcfg              (abs)        000000
__size_of_OSCILLATOR_Initialize      (abs)        000000
__size_of_PIN_MANAGER_Initialize     (abs)        000000
__size_of_Read_Battery               (abs)        000000
__size_of_Run_Mode                   (abs)        000000
__size_of_SPI2_Exchange8bit          (abs)        000000
__size_of_SPI2_Initialize            (abs)        000000
__size_of_SYSTEM_Initialize          (abs)        000000
__size_of_SetTempEnable              (abs)        000000
__size_of_Set_ADC_Mode               (abs)        000000
__size_of_Set_DCC_Mode_OFF           (abs)        000000
__size_of_Set_DCTO_Mode_OFF          (abs)        000000
__size_of_Set_REFON_Pin              (abs)        000000
__size_of_Start_BMS                  (abs)        000000
__size_of_TMR0_CallBack              (abs)        000000
__size_of_TMR0_ISR                   (abs)        000000
__size_of_TMR0_Initialize            (abs)        000000
__size_of_TMR0_StartTimer            (abs)        000000
__size_of_UpdateLT6804               (abs)        000000
__size_of___lwdiv                    (abs)        000000
__size_of___lwmod                    (abs)        000000
__size_of___wmul                     (abs)        000000
__size_of_main                       (abs)        000000
__size_of_pec15_calc                 (abs)        000000
__size_of_printf                     (abs)        000000
__size_of_putch                      (abs)        000000
__size_of_set_adc                    (abs)        000000
__size_of_spi_write_array            (abs)        000000
__size_of_spi_write_read             (abs)        000000
__size_of_wakeup_idle                (abs)        000000
__size_of_wakeup_sleep               (abs)        000000
__smallconst                         smallconst   000000
_aux_codes_Bank1                     bssBANK2     00025A
_aux_codes_Bank2                     bssBANK2     000266
_cell_codes_Bank                     bssBANK2     00028A
_current_byte                        bssCOMRAM    000042
_current_ic                          bssCOMRAM    00004D
_dpowers                             mediumconst  007FA9
_errno                               bssBANK0     0000C6
_eusart1RxBuffer                     bssBANK0     0000A2
_eusart1RxCount                      bssBANK0     0000CE
_eusart1RxHead                       bssCOMRAM    000049
_eusart1RxTail                       bssCOMRAM    00004A
_eusart1TxBuffer                     bssBANK0     0000AA
_eusart1TxBufferRemaining            nvBANK0      0000FF
_eusart1TxHead                       bssCOMRAM    00004B
_eusart1TxTail                       bssCOMRAM    00004C
_fault                               bssBANK0     0000C1
_fault_flag                          bssBANK0     0000CF
_faultvalue                          bssBANK0     0000C8
_i                                   bssCOMRAM    000044
_infault                             bssBANK0     0000D0
_j                                   bssBANK0     0000CA
_k                                   bssBANK0     0000CC
_main                                text0        001362
_pec15_calc                          text37       000E20
_printf                              text21       000C26
_putch                               text22       00162A
_set_adc                             text27       000D44
_spi_write_array                     text35       00139E
_spi_write_read                      text33       000F50
_timer0ReloadVal16bit                nvCOMRAM     00004F
_wakeup_idle                         text31       0015D2
_wakeup_sleep                        text3        001534
btemp                                temp         000051
end_of_initialization                cinit        00110C
exp@coeff                            mediumconst  007FB3
int$flags                            temp         000051
intlevel0                            text         000000
intlevel1                            text         000000
intlevel2                            text         000000
intlevel3                            text         000000
log@coeff                            mediumconst  007FD1
pec15_calc@addr                      cstackCOMRAM 00001E
pec15_calc@data                      cstackCOMRAM 000017
pec15_calc@len                       cstackCOMRAM 000015
pec15_calc@remainder                 cstackCOMRAM 000020
printf@ap                            cstackCOMRAM 000020
printf@c                             cstackCOMRAM 000026
printf@f                             cstackCOMRAM 00001B
printf@flag                          cstackCOMRAM 000022
printf@prec                          cstackCOMRAM 000023
printf@val                           cstackCOMRAM 000024
putch@txData                         cstackCOMRAM 000010
set_adc@CH                           cstackCOMRAM 000013
set_adc@CHG                          cstackCOMRAM 000015
set_adc@DCP                          cstackCOMRAM 000011
set_adc@MD                           cstackCOMRAM 00000F
set_adc@md_bits                      cstackCOMRAM 000019
spi_write_array@data                 cstackCOMRAM 000012
spi_write_array@len                  cstackCOMRAM 000010
spi_write_read@i                     cstackCOMRAM 00001A
spi_write_read@rx_data               cstackCOMRAM 000014
spi_write_read@rx_len                cstackCOMRAM 000016
spi_write_read@tx_Data               cstackCOMRAM 000010
spi_write_read@tx_len                cstackCOMRAM 000012
stackhi                              (abs)        0005FF
stacklo                              (abs)        0002A9
start                                init         0000AC
start_initialization                 cinit        0010BC


FUNCTION INFORMATION:

 *************** function _main *****************
 Defined at:
		line 33 in file "Main.c"
 Parameters:    Size  Location     Type
  argc            2    2[BANK2 ] int 
  argv            3    4[BANK2 ] PTR PTR unsigned char 
 Auto vars:     Size  Location     Type
		None
 Return value:  Size  Location     Type
                  2    2[BANK2 ] int 
 Registers used:
		wreg, fsr1l, fsr1h, fsr2l, fsr2h, status,2, status,0, tblptrl, tblptrh, tblptru, prodl, prodh, cstack
 Tracked objects:
		On entry : 
		On exit  : 
		Unchanged: 
 Data sizes:     COMRAM   BANK0   BANK1   BANK2   BANK3   BANK4   BANK5
      Params:         0       0       0       5       0       0       0
      Locals:         0       0       0       0       0       0       0
      Temps:          0       0       0       0       0       0       0
      Totals:         0       0       0       5       0       0       0
Total ram usage:        5 bytes
 Hardware stack levels required when called:    9
 This function calls:
		_Delay
		_Run_Mode
		_SYSTEM_Initialize
		_Start_BMS
		_printf
 This function is called by:
		Startup code after reset
 This function uses a non-reentrant model


 *************** function _Start_BMS *****************
 Defined at:
		line 31 in file "BatteryManagment.c"
 Parameters:    Size  Location     Type
		None
 Auto vars:     Size  Location     Type
		None
 Return value:  Size  Location     Type
		None               void
 Registers used:
		wreg, fsr1l, fsr1h, fsr2l, fsr2h, status,2, status,0, tblptrl, tblptrh, tblptru, prodl, prodh, cstack
 Tracked objects:
		On entry : 
		On exit  : 
		Unchanged: 
 Data sizes:     COMRAM   BANK0   BANK1   BANK2   BANK3   BANK4   BANK5
      Params:         0       0       0       0       0       0       0
      Locals:         0       0       0       0       0       0       0
      Temps:          0       0       0       0       0       0       0
      Totals:         0       0       0       0       0       0       0
Total ram usage:        0 bytes
 Hardware stack levels used:    1
 Hardware stack levels required when called:    8
 This function calls:
		_Initalize_LT6804b
 This function is called by:
		_main
 This function uses a non-reentrant model


 *************** function _Initalize_LT6804b *****************
 Defined at:
		line 54 in file "BatteryManagment.c"
 Parameters:    Size  Location     Type
		None
 Auto vars:     Size  Location     Type
  IC              2   39[COMRAM] int 
 Return value:  Size  Location     Type
		None               void
 Registers used:
		wreg, fsr1l, fsr1h, fsr2l, fsr2h, status,2, status,0, tblptrl, tblptrh, tblptru, prodl, prodh, cstack
 Tracked objects:
		On entry : 
		On exit  : 
		Unchanged: 
 Data sizes:     COMRAM   BANK0   BANK1   BANK2   BANK3   BANK4   BANK5
      Params:         0       0       0       0       0       0       0
      Locals:         2       0       0       0       0       0       0
      Temps:          0       0       0       0       0       0       0
      Totals:         2       0       0       0       0       0       0
Total ram usage:        2 bytes
 Hardware stack levels used:    1
 Hardware stack levels required when called:    7
 This function calls:
		_SetTempEnable
		_Set_ADC_Mode
		_Set_DCC_Mode_OFF
		_Set_DCTO_Mode_OFF
		_Set_REFON_Pin
		_UpdateLT6804
		_wakeup_sleep
 This function is called by:
		_Start_BMS
 This function uses a non-reentrant model


 *************** function _wakeup_sleep *****************
 Defined at:
		line 1159 in file "LT6804.c"
 Parameters:    Size  Location     Type
		None
 Auto vars:     Size  Location     Type
		None
 Return value:  Size  Location     Type
		None               void
 Registers used:
		wreg, fsr2l, fsr2h, status,2, status,0, cstack
 Tracked objects:
		On entry : 
		On exit  : 
		Unchanged: 
 Data sizes:     COMRAM   BANK0   BANK1   BANK2   BANK3   BANK4   BANK5
      Params:         0       0       0       0       0       0       0
      Locals:         0       0       0       0       0       0       0
      Temps:          0       0       0       0       0       0       0
      Totals:         0       0       0       0       0       0       0
Total ram usage:        0 bytes
 Hardware stack levels used:    1
 Hardware stack levels required when called:    5
 This function calls:
		_Delay
		_spi_write_array
 This function is called by:
		_Initalize_LT6804b
 This function uses a non-reentrant model


 *************** function _UpdateLT6804 *****************
 Defined at:
		line 713 in file "BatteryManagment.c"
 Parameters:    Size  Location     Type
		None
 Auto vars:     Size  Location     Type
		None
 Return value:  Size  Location     Type
		None               void
 Registers used:
		wreg, fsr1l, fsr1h, fsr2l, fsr2h, status,2, status,0, tblptrl, tblptrh, tblptru, prodl, prodh, cstack
 Tracked objects:
		On entry : 
		On exit  : 
		Unchanged: 
 Data sizes:     COMRAM   BANK0   BANK1   BANK2   BANK3   BANK4   BANK5
      Params:         0       0       0       0       0       0       0
      Locals:         0       0       0       0       0       0       0
      Temps:          0       0       0       0       0       0       0
      Totals:         0       0       0       0       0       0       0
Total ram usage:        0 bytes
 Hardware stack levels used:    1
 Hardware stack levels required when called:    6
 This function calls:
		_LTC6804_wrcfg
 This function is called by:
		_Initalize_LT6804b
		_RunBypass_Set
 This function uses a non-reentrant model


 *************** function _LTC6804_wrcfg *****************
 Defined at:
		line 1001 in file "LT6804.c"
 Parameters:    Size  Location     Type
  total_ic        2   33[COMRAM] int 
  config          2   35[COMRAM] PTR int [6]
		 -> LTC6804_DATA_ConfigBank(12), 
 Auto vars:     Size  Location     Type
  cmd           200    0[BANK1 ] int [100]
  cmd_index       2  204[BANK1 ] int 
  temp_pec        2  202[BANK1 ] int 
  BYTES_IN_REG    2  200[BANK1 ] const int 
 Return value:  Size  Location     Type
		None               void
 Registers used:
		wreg, fsr1l, fsr1h, fsr2l, fsr2h, status,2, status,0, tblptrl, tblptrh, tblptru, prodl, prodh, cstack
 Tracked objects:
		On entry : 
		On exit  : 
		Unchanged: 
 Data sizes:     COMRAM   BANK0   BANK1   BANK2   BANK3   BANK4   BANK5
      Params:         4       0       0       0       0       0       0
      Locals:         0       0     206       0       0       0       0
      Temps:          2       0       0       0       0       0       0
      Totals:         6       0     206       0       0       0       0
Total ram usage:      212 bytes
 Hardware stack levels used:    1
 Hardware stack levels required when called:    5
 This function calls:
		___wmul
		_pec15_calc
		_spi_write_array
		_wakeup_idle
 This function is called by:
		_UpdateLT6804
 This function uses a non-reentrant model


 *************** function _Set_REFON_Pin *****************
 Defined at:
		line 701 in file "BatteryManagment.c"
 Parameters:    Size  Location     Type
  ic              2   20[COMRAM] int 
  REFON_Mode      1   22[COMRAM] unsigned char 
 Auto vars:     Size  Location     Type
  fault_value     2   25[COMRAM] int 
 Return value:  Size  Location     Type
                  2   20[COMRAM] int 
 Registers used:
		wreg, fsr2l, fsr2h, status,2, status,0, prodl, prodh, cstack
 Tracked objects:
		On entry : 
		On exit  : 
		Unchanged: 
 Data sizes:     COMRAM   BANK0   BANK1   BANK2   BANK3   BANK4   BANK5
      Params:         3       0       0       0       0       0       0
      Locals:         2       0       0       0       0       0       0
      Temps:          2       0       0       0       0       0       0
      Totals:         7       0       0       0       0       0       0
Total ram usage:        7 bytes
 Hardware stack levels used:    1
 Hardware stack levels required when called:    4
 This function calls:
		___wmul
 This function is called by:
		_Initalize_LT6804b
 This function uses a non-reentrant model


 *************** function _Set_DCTO_Mode_OFF *****************
 Defined at:
		line 692 in file "BatteryManagment.c"
 Parameters:    Size  Location     Type
  ic              2   20[COMRAM] int 
 Auto vars:     Size  Location     Type
  fault_value     2   24[COMRAM] int 
 Return value:  Size  Location     Type
                  2   20[COMRAM] int 
 Registers used:
		wreg, fsr2l, fsr2h, status,2, status,0, prodl, prodh, cstack
 Tracked objects:
		On entry : 
		On exit  : 
		Unchanged: 
 Data sizes:     COMRAM   BANK0   BANK1   BANK2   BANK3   BANK4   BANK5
      Params:         2       0       0       0       0       0       0
      Locals:         2       0       0       0       0       0       0
      Temps:          2       0       0       0       0       0       0
      Totals:         6       0       0       0       0       0       0
Total ram usage:        6 bytes
 Hardware stack levels used:    1
 Hardware stack levels required when called:    4
 This function calls:
		___wmul
 This function is called by:
		_Initalize_LT6804b
 This function uses a non-reentrant model


 *************** function _Set_DCC_Mode_OFF *****************
 Defined at:
		line 682 in file "BatteryManagment.c"
 Parameters:    Size  Location     Type
  ic              2   20[COMRAM] int 
 Auto vars:     Size  Location     Type
  fault_value     2   24[COMRAM] int 
 Return value:  Size  Location     Type
		None               void
 Registers used:
		wreg, fsr2l, fsr2h, status,2, status,0, prodl, prodh, cstack
 Tracked objects:
		On entry : 
		On exit  : 
		Unchanged: 
 Data sizes:     COMRAM   BANK0   BANK1   BANK2   BANK3   BANK4   BANK5
      Params:         2       0       0       0       0       0       0
      Locals:         2       0       0       0       0       0       0
      Temps:          2       0       0       0       0       0       0
      Totals:         6       0       0       0       0       0       0
Total ram usage:        6 bytes
 Hardware stack levels used:    1
 Hardware stack levels required when called:    4
 This function calls:
		___wmul
 This function is called by:
		_Initalize_LT6804b
 This function uses a non-reentrant model


 *************** function _Set_ADC_Mode *****************
 Defined at:
		line 669 in file "BatteryManagment.c"
 Parameters:    Size  Location     Type
  ic              2   20[COMRAM] int 
  ADCOPT_Mode     1   22[COMRAM] unsigned char 
 Auto vars:     Size  Location     Type
  fault_value     2   25[COMRAM] int 
 Return value:  Size  Location     Type
                  2   20[COMRAM] int 
 Registers used:
		wreg, fsr2l, fsr2h, status,2, status,0, prodl, prodh, cstack
 Tracked objects:
		On entry : 
		On exit  : 
		Unchanged: 
 Data sizes:     COMRAM   BANK0   BANK1   BANK2   BANK3   BANK4   BANK5
      Params:         3       0       0       0       0       0       0
      Locals:         2       0       0       0       0       0       0
      Temps:          2       0       0       0       0       0       0
      Totals:         7       0       0       0       0       0       0
Total ram usage:        7 bytes
 Hardware stack levels used:    1
 Hardware stack levels required when called:    4
 This function calls:
		___wmul
 This function is called by:
		_Initalize_LT6804b
 This function uses a non-reentrant model


 *************** function _SetTempEnable *****************
 Defined at:
		line 609 in file "BatteryManagment.c"
 Parameters:    Size  Location     Type
  ic              2   20[COMRAM] int 
  value           1   22[COMRAM] unsigned char 
 Auto vars:     Size  Location     Type
  fault_value     2   25[COMRAM] int 
 Return value:  Size  Location     Type
                  2   20[COMRAM] int 
 Registers used:
		wreg, fsr2l, fsr2h, status,2, status,0, prodl, prodh, cstack
 Tracked objects:
		On entry : 
		On exit  : 
		Unchanged: 
 Data sizes:     COMRAM   BANK0   BANK1   BANK2   BANK3   BANK4   BANK5
      Params:         3       0       0       0       0       0       0
      Locals:         2       0       0       0       0       0       0
      Temps:          2       0       0       0       0       0       0
      Totals:         7       0       0       0       0       0       0
Total ram usage:        7 bytes
 Hardware stack levels used:    1
 Hardware stack levels required when called:    4
 This function calls:
		___wmul
 This function is called by:
		_Initalize_LT6804b
 This function uses a non-reentrant model


 *************** function _SYSTEM_Initialize *****************
 Defined at:
		line 112 in file "mcc_generated_files/mcc.c"
 Parameters:    Size  Location     Type
		None
 Auto vars:     Size  Location     Type
		None
 Return value:  Size  Location     Type
		None               void
 Registers used:
		wreg, status,2, status,0, cstack
 Tracked objects:
		On entry : 
		On exit  : 
		Unchanged: 
 Data sizes:     COMRAM   BANK0   BANK1   BANK2   BANK3   BANK4   BANK5
      Params:         0       0       0       0       0       0       0
      Locals:         0       0       0       0       0       0       0
      Temps:          0       0       0       0       0       0       0
      Totals:         0       0       0       0       0       0       0
Total ram usage:        0 bytes
 Hardware stack levels used:    1
 Hardware stack levels required when called:    5
 This function calls:
		_ADC_Initialize
		_EUSART1_Initialize
		_INTERRUPT_Initialize
		_OSCILLATOR_Initialize
		_PIN_MANAGER_Initialize
		_SPI2_Initialize
		_TMR0_Initialize
 This function is called by:
		_main
 This function uses a non-reentrant model


 *************** function _TMR0_Initialize *****************
 Defined at:
		line 64 in file "mcc_generated_files/tmr0.c"
 Parameters:    Size  Location     Type
		None
 Auto vars:     Size  Location     Type
		None
 Return value:  Size  Location     Type
		None               void
 Registers used:
		wreg, status,2, status,0, cstack
 Tracked objects:
		On entry : 
		On exit  : 
		Unchanged: 
 Data sizes:     COMRAM   BANK0   BANK1   BANK2   BANK3   BANK4   BANK5
      Params:         0       0       0       0       0       0       0
      Locals:         0       0       0       0       0       0       0
      Temps:          2       0       0       0       0       0       0
      Totals:         2       0       0       0       0       0       0
Total ram usage:        2 bytes
 Hardware stack levels used:    1
 Hardware stack levels required when called:    4
 This function calls:
		_TMR0_StartTimer
 This function is called by:
		_SYSTEM_Initialize
 This function uses a non-reentrant model


 *************** function _TMR0_StartTimer *****************
 Defined at:
		line 90 in file "mcc_generated_files/tmr0.c"
 Parameters:    Size  Location     Type
		None
 Auto vars:     Size  Location     Type
		None
 Return value:  Size  Location     Type
		None               void
 Registers used:
		None
 Tracked objects:
		On entry : 
		On exit  : 
		Unchanged: 
 Data sizes:     COMRAM   BANK0   BANK1   BANK2   BANK3   BANK4   BANK5
      Params:         0       0       0       0       0       0       0
      Locals:         0       0       0       0       0       0       0
      Temps:          0       0       0       0       0       0       0
      Totals:         0       0       0       0       0       0       0
Total ram usage:        0 bytes
 Hardware stack levels used:    1
 Hardware stack levels required when called:    3
 This function calls:
		Nothing
 This function is called by:
		_TMR0_Initialize
 This function uses a non-reentrant model


 *************** function _SPI2_Initialize *****************
 Defined at:
		line 64 in file "mcc_generated_files/spi2.c"
 Parameters:    Size  Location     Type
		None
 Auto vars:     Size  Location     Type
		None
 Return value:  Size  Location     Type
		None               void
 Registers used:
		wreg, status,2
 Tracked objects:
		On entry : 
		On exit  : 
		Unchanged: 
 Data sizes:     COMRAM   BANK0   BANK1   BANK2   BANK3   BANK4   BANK5
      Params:         0       0       0       0       0       0       0
      Locals:         0       0       0       0       0       0       0
      Temps:          0       0       0       0       0       0       0
      Totals:         0       0       0       0       0       0       0
Total ram usage:        0 bytes
 Hardware stack levels used:    1
 Hardware stack levels required when called:    3
 This function calls:
		Nothing
 This function is called by:
		_SYSTEM_Initialize
		_LTC6804_initialize
 This function uses a non-reentrant model


 *************** function _PIN_MANAGER_Initialize *****************
 Defined at:
		line 49 in file "mcc_generated_files/pin_manager.c"
 Parameters:    Size  Location     Type
		None
 Auto vars:     Size  Location     Type
		None
 Return value:  Size  Location     Type
		None               void
 Registers used:
		wreg, status,2
 Tracked objects:
		On entry : 
		On exit  : 
		Unchanged: 
 Data sizes:     COMRAM   BANK0   BANK1   BANK2   BANK3   BANK4   BANK5
      Params:         0       0       0       0       0       0       0
      Locals:         0       0       0       0       0       0       0
      Temps:          0       0       0       0       0       0       0
      Totals:         0       0       0       0       0       0       0
Total ram usage:        0 bytes
 Hardware stack levels used:    1
 Hardware stack levels required when called:    3
 This function calls:
		Nothing
 This function is called by:
		_SYSTEM_Initialize
 This function uses a non-reentrant model


 *************** function _OSCILLATOR_Initialize *****************
 Defined at:
		line 129 in file "mcc_generated_files/mcc.c"
 Parameters:    Size  Location     Type
		None
 Auto vars:     Size  Location     Type
		None
 Return value:  Size  Location     Type
		None               void
 Registers used:
		wreg, status,2
 Tracked objects:
		On entry : 
		On exit  : 
		Unchanged: 
 Data sizes:     COMRAM   BANK0   BANK1   BANK2   BANK3   BANK4   BANK5
      Params:         0       0       0       0       0       0       0
      Locals:         0       0       0       0       0       0       0
      Temps:          0       0       0       0       0       0       0
      Totals:         0       0       0       0       0       0       0
Total ram usage:        0 bytes
 Hardware stack levels used:    1
 Hardware stack levels required when called:    3
 This function calls:
		Nothing
 This function is called by:
		_SYSTEM_Initialize
 This function uses a non-reentrant model


 *************** function _INTERRUPT_Initialize *****************
 Defined at:
		line 52 in file "mcc_generated_files/interrupt_manager.c"
 Parameters:    Size  Location     Type
		None
 Auto vars:     Size  Location     Type
		None
 Return value:  Size  Location     Type
		None               void
 Registers used:
		None
 Tracked objects:
		On entry : 
		On exit  : 
		Unchanged: 
 Data sizes:     COMRAM   BANK0   BANK1   BANK2   BANK3   BANK4   BANK5
      Params:         0       0       0       0       0       0       0
      Locals:         0       0       0       0       0       0       0
      Temps:          0       0       0       0       0       0       0
      Totals:         0       0       0       0       0       0       0
Total ram usage:        0 bytes
 Hardware stack levels used:    1
 Hardware stack levels required when called:    3
 This function calls:
		Nothing
 This function is called by:
		_SYSTEM_Initialize
 This function uses a non-reentrant model


 *************** function _EUSART1_Initialize *****************
 Defined at:
		line 76 in file "mcc_generated_files/eusart1.c"
 Parameters:    Size  Location     Type
		None
 Auto vars:     Size  Location     Type
		None
 Return value:  Size  Location     Type
		None               void
 Registers used:
		wreg, status,2
 Tracked objects:
		On entry : 
		On exit  : 
		Unchanged: 
 Data sizes:     COMRAM   BANK0   BANK1   BANK2   BANK3   BANK4   BANK5
      Params:         0       0       0       0       0       0       0
      Locals:         0       0       0       0       0       0       0
      Temps:          0       0       0       0       0       0       0
      Totals:         0       0       0       0       0       0       0
Total ram usage:        0 bytes
 Hardware stack levels used:    1
 Hardware stack levels required when called:    3
 This function calls:
		Nothing
 This function is called by:
		_SYSTEM_Initialize
 This function uses a non-reentrant model


 *************** function _ADC_Initialize *****************
 Defined at:
		line 59 in file "mcc_generated_files/adc.c"
 Parameters:    Size  Location     Type
		None
 Auto vars:     Size  Location     Type
		None
 Return value:  Size  Location     Type
		None               void
 Registers used:
		wreg, status,2
 Tracked objects:
		On entry : 
		On exit  : 
		Unchanged: 
 Data sizes:     COMRAM   BANK0   BANK1   BANK2   BANK3   BANK4   BANK5
      Params:         0       0       0       0       0       0       0
      Locals:         0       0       0       0       0       0       0
      Temps:          0       0       0       0       0       0       0
      Totals:         0       0       0       0       0       0       0
Total ram usage:        0 bytes
 Hardware stack levels used:    1
 Hardware stack levels required when called:    3
 This function calls:
		Nothing
 This function is called by:
		_SYSTEM_Initialize
 This function uses a non-reentrant model


 *************** function _Run_Mode *****************
 Defined at:
		line 44 in file "BatteryManagment.c"
 Parameters:    Size  Location     Type
		None
 Auto vars:     Size  Location     Type
		None
 Return value:  Size  Location     Type
                  2  362[None  ] int 
 Registers used:
		wreg, fsr2l, fsr2h, status,2, status,0, tblptrl, tblptrh, tblptru, prodl, prodh, cstack
 Tracked objects:
		On entry : 
		On exit  : 
		Unchanged: 
 Data sizes:     COMRAM   BANK0   BANK1   BANK2   BANK3   BANK4   BANK5
      Params:         0       0       0       0       0       0       0
      Locals:         0       0       0       0       0       0       0
      Temps:          0       0       0       0       0       0       0
      Totals:         0       0       0       0       0       0       0
Total ram usage:        0 bytes
 Hardware stack levels used:    1
 Hardware stack levels required when called:    8
 This function calls:
		_Read_Battery
		_printf
 This function is called by:
		_main
 This function uses a non-reentrant model


 *************** function _printf *****************
 Defined at:
		line 464 in file "C:\Program Files (x86)\Microchip\xc8\v1.35\sources\common\doprnt.c"
 Parameters:    Size  Location     Type
  f               2   26[COMRAM] PTR const unsigned char 
		 -> STR_2(14), STR_1(5), 
 Auto vars:     Size  Location     Type
  tmpval          4    0        struct .
  cp              3    0        PTR const unsigned char 
  val             2   35[COMRAM] unsigned int 
  ap              2   31[COMRAM] PTR void [1]
		 -> ?_printf(2), 
  len             2    0        unsigned int 
  c               1   37[COMRAM] char 
  prec            1   34[COMRAM] char 
[...]
      Params:         0       0       0       0       0       0       0
      Locals:         0       0       0       0       0       0       0
      Temps:          0       0       0       0       0       0       0
      Totals:         0       0       0       0       0       0       0
Total ram usage:        0 bytes
 Hardware stack levels used:    1
 Hardware stack levels required when called:    4
 This function calls:
		_DelayMicro
 This function is called by:
		_LTC6804_rdcv_reg
		_LTC6804_wrcfg
		_LTC6804_adax
		_LTC6804_ADSTAT
		_LTC6804_rdaux_reg
		_LTC6804_rdStat_reg
		_LTC6804_clrcell
		_LTC6804_clraux
		_LTC6804_rdcfg
 This function uses a non-reentrant model


 *************** function _DelayMicro *****************
 Defined at:
		line 17 in file "Functions.c"
 Parameters:    Size  Location     Type
  wait            2   14[COMRAM] int 
 Auto vars:     Size  Location     Type
  x               2   17[COMRAM] int 
 Return value:  Size  Location     Type
		None               void
 Registers used:
		wreg, status,2, status,0
 Tracked objects:
		On entry : 
		On exit  : 
		Unchanged: 
 Data sizes:     COMRAM   BANK0   BANK1   BANK2   BANK3   BANK4   BANK5
      Params:         2       0       0       0       0       0       0
      Locals:         2       0       0       0       0       0       0
      Temps:          1       0       0       0       0       0       0
      Totals:         5       0       0       0       0       0       0
Total ram usage:        5 bytes
 Hardware stack levels used:    1
 Hardware stack levels required when called:    3
 This function calls:
		Nothing
 This function is called by:
		_wakeup_idle
 This function uses a non-reentrant model


 *************** function _spi_write_read *****************
 Defined at:
		line 1219 in file "LT6804.c"
 Parameters:    Size  Location     Type
  tx_Data         2   15[COMRAM] PTR int 
		 -> LTC6804_rdcfg@cmd(8), LTC6804_clrcell@cmd(8), LTC6804_rdStat_reg@cmd(8), LTC6804_rdaux_reg@cmd(8), 
		 -> LTC6804_rdcv_reg@cmd(8), 
  tx_len          2   17[COMRAM] int 
  rx_data         2   19[COMRAM] PTR int 
		 -> RAM(1535), LTC6804_rdStat@data(150), LTC6804_rdcv@cell_data(240), NULL(0), 
  rx_len          2   21[COMRAM] int 
 Auto vars:     Size  Location     Type
  i               2   25[COMRAM] int 
 Return value:  Size  Location     Type
		None               void
 Registers used:
		wreg, fsr2l, fsr2h, status,2, status,0, cstack
 Tracked objects:
		On entry : 
		On exit  : 
		Unchanged: 
 Data sizes:     COMRAM   BANK0   BANK1   BANK2   BANK3   BANK4   BANK5
      Params:         8       0       0       0       0       0       0
      Locals:         2       0       0       0       0       0       0
      Temps:          2       0       0       0       0       0       0
      Totals:        12       0       0       0       0       0       0
Total ram usage:       12 bytes
 Hardware stack levels used:    1
 Hardware stack levels required when called:    4
 This function calls:
		_SPI2_Exchange8bit
 This function is called by:
		_LTC6804_rdcv_reg
		_LTC6804_rdaux_reg
		_LTC6804_rdStat_reg
		_LTC6804_clrcell
		_LTC6804_rdcfg
 This function uses a non-reentrant model


 *************** function _LTC6804_adcv *****************
 Defined at:
		line 177 in file "LT6804.c"
 Parameters:    Size  Location     Type
		None
 Auto vars:     Size  Location     Type
  cmd             8   35[COMRAM] int [4]
  temp_pec        2   43[COMRAM] int 
 Return value:  Size  Location     Type
		None               void
 Registers used:
		wreg, fsr2l, fsr2h, status,2, status,0, tblptrl, tblptrh, tblptru, cstack
 Tracked objects:
		On entry : 
		On exit  : 
		Unchanged: 
 Data sizes:     COMRAM   BANK0   BANK1   BANK2   BANK3   BANK4   BANK5
      Params:         0       0       0       0       0       0       0
      Locals:        10       0       0       0       0       0       0
      Temps:          2       0       0       0       0       0       0
      Totals:        12       0       0       0       0       0       0
Total ram usage:       12 bytes
 Hardware stack levels used:    1
 Hardware stack levels required when called:    5
 This function calls:
		_SPI2_Exchange8bit
		_pec15_calc
		_spi_write_array
 This function is called by:
		_Read_Battery
 This function uses a non-reentrant model


 *************** function _spi_write_array *****************
 Defined at:
		line 1200 in file "LT6804.c"
 Parameters:    Size  Location     Type
  len             2   15[COMRAM] int 
  data            2   17[COMRAM] PTR int 
		 -> LTC6804_wrcfg@cmd(200), LTC6804_ADSTAT@cmd(8), LTC6804_adax@cmd(8), LTC6804_adcv@cmd(8), 
		 -> NULL(0), 
 Auto vars:     Size  Location     Type
		None
 Return value:  Size  Location     Type
		None               void
 Registers used:
		wreg, fsr2l, fsr2h, status,2, status,0, cstack
 Tracked objects:
		On entry : 
		On exit  : 
		Unchanged: 
 Data sizes:     COMRAM   BANK0   BANK1   BANK2   BANK3   BANK4   BANK5
      Params:         4       0       0       0       0       0       0
      Locals:         0       0       0       0       0       0       0
      Temps:          1       0       0       0       0       0       0
      Totals:         5       0       0       0       0       0       0
Total ram usage:        5 bytes
 Hardware stack levels used:    1
 Hardware stack levels required when called:    4
 This function calls:
		_SPI2_Exchange8bit
 This function is called by:
		_LTC6804_adcv
		_LTC6804_wrcfg
		_wakeup_sleep
		_LTC6804_adax
		_LTC6804_ADSTAT
 This function uses a non-reentrant model


 *************** function _SPI2_Exchange8bit *****************
 Defined at:
		line 78 in file "mcc_generated_files/spi2.c"
 Parameters:    Size  Location     Type
  stuff           1    wreg     unsigned char 
 Auto vars:     Size  Location     Type
  stuff           1   14[COMRAM] unsigned char 
 Return value:  Size  Location     Type
                  1    wreg      unsigned char 
 Registers used:
		wreg, status,2
 Tracked objects:
		On entry : 
		On exit  : 
		Unchanged: 
 Data sizes:     COMRAM   BANK0   BANK1   BANK2   BANK3   BANK4   BANK5
      Params:         0       0       0       0       0       0       0
      Locals:         1       0       0       0       0       0       0
      Temps:          0       0       0       0       0       0       0
      Totals:         1       0       0       0       0       0       0
Total ram usage:        1 bytes
 Hardware stack levels used:    1
 Hardware stack levels required when called:    3
 This function calls:
		Nothing
 This function is called by:
		_LTC6804_adcv
		_LTC6804_rdcv
		_spi_write_array
		_spi_write_read
		_SPI2_Exchange8bitBuffer
 This function uses a non-reentrant model


 *************** function _pec15_calc *****************
 Defined at:
		line 1179 in file "LT6804.c"
 Parameters:    Size  Location     Type
  len             2   20[COMRAM] int 
  data            2   22[COMRAM] PTR int 
		 -> RAM(1535), LTC6804_rdcfg@cmd(8), LTC6804_wrcfg@cmd(200), LTC6804_clraux@cmd(8), 
		 -> LTC6804_clrcell@cmd(8), LTC6804_rdStat_reg@cmd(8), LTC6804_rdStat@data(150), LTC6804_rdaux_reg@cmd(8), 
		 -> LTC6804_rdcv_reg@cmd(8), LTC6804_rdcv@cell_data(240), ADSTAT(4), ADAX(4), 
		 -> ADCV(4), LTC6804_DATA_ConfigBank(12), 
 Auto vars:     Size  Location     Type
  remainder       2   31[COMRAM] int 
  addr            2   29[COMRAM] int 
 Return value:  Size  Location     Type
                  2   20[COMRAM] int 
 Registers used:
		wreg, fsr2l, fsr2h, status,2, status,0, tblptrl, tblptrh, tblptru
 Tracked objects:
		On entry : 
		On exit  : 
		Unchanged: 
 Data sizes:     COMRAM   BANK0   BANK1   BANK2   BANK3   BANK4   BANK5
      Params:         4       0       0       0       0       0       0
      Locals:         4       0       0       0       0       0       0
      Temps:          5       0       0       0       0       0       0
      Totals:        13       0       0       0       0       0       0
Total ram usage:       13 bytes
 Hardware stack levels used:    1
 Hardware stack levels required when called:    3
 This function calls:
		Nothing
 This function is called by:
		_LTC6804_adcv
		_LTC6804_rdcv
		_LTC6804_rdcv_reg
		_LTC6804_wrcfg
		_LTC6804_adax
		_LTC6804_ADSTAT
		_LTC6804_rdaux
		_LTC6804_rdaux_reg
		_LTC6804_rdStat
		_LTC6804_rdStat_reg
		_LTC6804_clrcell
		_LTC6804_clraux
		_LTC6804_rdcfg
 This function uses a non-reentrant model


 *************** function _Delay *****************
 Defined at:
		line 9 in file "Functions.c"
 Parameters:    Size  Location     Type
  wait            2   14[COMRAM] int 
 Auto vars:     Size  Location     Type
  x               2   17[COMRAM] int 
 Return value:  Size  Location     Type
		None               void
 Registers used:
		wreg, status,2, status,0
 Tracked objects:
		On entry : 
		On exit  : 
		Unchanged: 
 Data sizes:     COMRAM   BANK0   BANK1   BANK2   BANK3   BANK4   BANK5
      Params:         2       0       0       0       0       0       0
      Locals:         2       0       0       0       0       0       0
      Temps:          1       0       0       0       0       0       0
      Totals:         5       0       0       0       0       0       0
Total ram usage:        5 bytes
 Hardware stack levels used:    1
 Hardware stack levels required when called:    3
 This function calls:
		Nothing
 This function is called by:
		_main
		_Read_Battery
		_wakeup_sleep
		_addressFault
 This function uses a non-reentrant model


 *************** function _INTERRUPT_InterruptManager *****************
 Defined at:
		line 69 in file "mcc_generated_files/interrupt_manager.c"
 Parameters:    Size  Location     Type
		None
 Auto vars:     Size  Location     Type
		None
 Return value:  Size  Location     Type
		None               void
 Registers used:
		wreg, fsr2l, fsr2h, status,2, status,0, prodl, prodh, cstack
 Tracked objects:
		On entry : 
		On exit  : 
		Unchanged: 
 Data sizes:     COMRAM   BANK0   BANK1   BANK2   BANK3   BANK4   BANK5
      Params:         0       0       0       0       0       0       0
      Locals:         0       0       0       0       0       0       0
      Temps:         14       0       0       0       0       0       0
      Totals:        14       0       0       0       0       0       0
Total ram usage:       14 bytes
 Hardware stack levels used:    1
 Hardware stack levels required when called:    2
 This function calls:
		_ADC_ISR
		_EUSART1_Receive_ISR
		_EUSART1_Transmit_ISR
		_TMR0_ISR
 This function is called by:
		Interrupt level 2
 This function uses a non-reentrant model


 *************** function _TMR0_ISR *****************
 Defined at:
		line 131 in file "mcc_generated_files/tmr0.c"
 Parameters:    Size  Location     Type
		None
 Auto vars:     Size  Location     Type
		None
 Return value:  Size  Location     Type
		None               void
 Registers used:
		wreg, status,2, cstack
 Tracked objects:
		On entry : 
		On exit  : 
		Unchanged: 
 Data sizes:     COMRAM   BANK0   BANK1   BANK2   BANK3   BANK4   BANK5
      Params:         0       0       0       0       0       0       0
      Locals:         0       0       0       0       0       0       0
      Temps:          0       0       0       0       0       0       0
      Totals:         0       0       0       0       0       0       0
Total ram usage:        0 bytes
 Hardware stack levels used:    1
 Hardware stack levels required when called:    1
 This function calls:
		_TMR0_CallBack
 This function is called by:
		_INTERRUPT_InterruptManager
 This function uses a non-reentrant model


 *************** function _TMR0_CallBack *****************
 Defined at:
		line 149 in file "mcc_generated_files/tmr0.c"
 Parameters:    Size  Location     Type
		None
 Auto vars:     Size  Location     Type
		None
 Return value:  Size  Location     Type
		None               void
 Registers used:
		None
 Tracked objects:
		On entry : 
		On exit  : 
		Unchanged: 
 Data sizes:     COMRAM   BANK0   BANK1   BANK2   BANK3   BANK4   BANK5
      Params:         0       0       0       0       0       0       0
      Locals:         0       0       0       0       0       0       0
      Temps:          0       0       0       0       0       0       0
      Totals:         0       0       0       0       0       0       0
Total ram usage:        0 bytes
 Hardware stack levels used:    1
 This function calls:
		Nothing
 This function is called by:
		_TMR0_ISR
 This function uses a non-reentrant model


 *************** function _EUSART1_Transmit_ISR *****************
 Defined at:
		line 167 in file "mcc_generated_files/eusart1.c"
 Parameters:    Size  Location     Type
		None
 Auto vars:     Size  Location     Type
		None
 Return value:  Size  Location     Type
		None               void
 Registers used:
		wreg, fsr2l, fsr2h, status,2, status,0, prodl, prodh
 Tracked objects:
		On entry : 
		On exit  : 
		Unchanged: 
 Data sizes:     COMRAM   BANK0   BANK1   BANK2   BANK3   BANK4   BANK5
      Params:         0       0       0       0       0       0       0
      Locals:         0       0       0       0       0       0       0
      Temps:          0       0       0       0       0       0       0
      Totals:         0       0       0       0       0       0       0
Total ram usage:        0 bytes
 Hardware stack levels used:    1
 This function calls:
		Nothing
 This function is called by:
		_INTERRUPT_InterruptManager
 This function uses a non-reentrant model


 *************** function _EUSART1_Receive_ISR *****************
 Defined at:
		line 186 in file "mcc_generated_files/eusart1.c"
 Parameters:    Size  Location     Type
		None
 Auto vars:     Size  Location     Type
		None
 Return value:  Size  Location     Type
		None               void
 Registers used:
		wreg, fsr2l, fsr2h, status,2, status,0, prodl, prodh
 Tracked objects:
		On entry : 
		On exit  : 
		Unchanged: 
 Data sizes:     COMRAM   BANK0   BANK1   BANK2   BANK3   BANK4   BANK5
      Params:         0       0       0       0       0       0       0
      Locals:         0       0       0       0       0       0       0
      Temps:          0       0       0       0       0       0       0
      Totals:         0       0       0       0       0       0       0
Total ram usage:        0 bytes
 Hardware stack levels used:    1
 This function calls:
		Nothing
 This function is called by:
		_INTERRUPT_InterruptManager
 This function uses a non-reentrant model


 *************** function _ADC_ISR *****************
 Defined at:
		line 128 in file "mcc_generated_files/adc.c"
 Parameters:    Size  Location     Type
		None
 Auto vars:     Size  Location     Type
		None
 Return value:  Size  Location     Type
		None               void
 Registers used:
		None
 Tracked objects:
		On entry : 
		On exit  : 
		Unchanged: 
 Data sizes:     COMRAM   BANK0   BANK1   BANK2   BANK3   BANK4   BANK5
      Params:         0       0       0       0       0       0       0
      Locals:         0       0       0       0       0       0       0
      Temps:          0       0       0       0       0       0       0
      Totals:         0       0       0       0       0       0       0
Total ram usage:        0 bytes
 Hardware stack levels used:    1
 This function calls:
		Nothing
 This function is called by:
		_INTERRUPT_InterruptManager
 This function uses a non-reentrant model



MODULE INFORMATION

Module		Function		Class		Link	Load	Size
LT6804.c
		_LTC6804_adcv  		CODE           	1052	0000	107
		_LTC6804_rdcv  		CODE           	00B0	0000	1157
		_LTC6804_rdcv_reg		CODE           	0B06	0000	289
		_LTC6804_wrcfg 		CODE           	089C	0000	619
		_spi_write_read		CODE           	0F50	0000	131
		_wakeup_idle   		CODE           	15D2	0000	19
		_wakeup_sleep  		CODE           	1534	0000	39
		_set_adc       		CODE           	0D44	0000	221
		_pec15_calc    		CODE           	0E20	0000	165
		_spi_write_array		CODE           	139E	0000	61

LT6804.c estimated size: 2808

mcc_generated_files/interrupt_manager.c
		_INTERRUPT_Initialize		CODE           	161E	0000	13
		_INTERRUPT_InterruptManager		CODE           	0008	0000	165

mcc_generated_files/interrupt_manager.c estimated size: 178

mcc_generated_files/tmr0.c
		_TMR0_CallBack 		CODE           	1648	0000	3
		_TMR0_StartTimer		CODE           	1640	0000	5
		_TMR0_ISR      		CODE           	15E4	0000	17
		_TMR0_Initialize		CODE           	14E0	0000	45

mcc_generated_files/tmr0.c estimated size: 70

mcc_generated_files/pin_manager.c
		_PIN_MANAGER_Initialize		CODE           	111A	0000	83

mcc_generated_files/pin_manager.c estimated size: 83

mcc_generated_files/adc.c
		_ADC_Initialize		CODE           	15A4	0000	25
		_ADC_ISR       		CODE           	1644	0000	5

mcc_generated_files/adc.c estimated size: 30

C:\Program Files (x86)\Microchip\xc8\v1.35\sources\common\lwmod.c
		___lwmod       		CODE           	12E2	0000	67

C:\Program Files (x86)\Microchip\xc8\v1.35\sources\common\lwmod.c estimated size: 67

BatteryManagment.c
		_Set_ADC_Mode  		CODE           	1208	0000	75
		_UpdateLT6804  		CODE           	15BC	0000	23
		_SetTempEnable 		CODE           	1252	0000	75
		_Initalize_LT6804b		CODE           	0EC4	0000	141
		_Set_REFON_Pin 		CODE           	11BE	0000	75
		_Set_DCTO_Mode_OFF		CODE           	129C	0000	71
		_Start_BMS     		CODE           	163A	0000	7
		_Run_Mode      		CODE           	13DA	0000	59
		_Read_Battery  		CODE           	0534	0000	873
		_Set_DCC_Mode_OFF		CODE           	0FD2	0000	129

BatteryManagment.c estimated size: 1528

C:\Program Files (x86)\Microchip\xc8\v1.35\sources\common\doprnt.c
		_printf        		CODE           	0C26	0000	287

C:\Program Files (x86)\Microchip\xc8\v1.35\sources\common\doprnt.c estimated size: 287

Functions.c
		_DelayMicro    		CODE           	150C	0000	41
		_Delay         		CODE           	144C	0000	53

Functions.c estimated size: 94

Main.c
		_main          		CODE           	1362	0000	61

Main.c estimated size: 61

shared
		exp@coeff      		MEDIUMCONST    	7FB3	0000	31
		_dpowers       		MEDIUMCONST    	7FA9	0000	11
		__initialization		CODE           	10BC	0000	81
		LT6804@crc15Table		MEDIUMCONST    	7BA9	0000	513
		_crc15Table    		MEDIUMCONST    	0000	0000	0
		log@coeff      		MEDIUMCONST    	7FD1	0000	28

shared estimated size: 664

mcc_generated_files/eusart1.c
		_EUSART1_Initialize		CODE           	1414	0000	57
		_putch         		CODE           	162A	0000	11
		_EUSART1_Write 		CODE           	1324	0000	63
		_EUSART1_Receive_ISR		CODE           	14B2	0000	47
		_EUSART1_Transmit_ISR		CODE           	1480	0000	51

mcc_generated_files/eusart1.c estimated size: 229

mcc_generated_files/mcc.c
		_OSCILLATOR_Initialize		CODE           	1602	0000	15
		_SYSTEM_Initialize		CODE           	1580	0000	37

mcc_generated_files/mcc.c estimated size: 52

C:\Program Files (x86)\Microchip\xc8\v1.35\sources\common\lwdiv.c
		___lwdiv       		CODE           	116C	0000	83

C:\Program Files (x86)\Microchip\xc8\v1.35\sources\common\lwdiv.c estimated size: 83

mcc_generated_files/spi2.c
		_SPI2_Exchange8bit		CODE           	1610	0000	15
		_SPI2_Initialize		CODE           	15F4	0000	15

mcc_generated_files/spi2.c estimated size: 30

C:\Program Files (x86)\Microchip\xc8\v1.35\sources\common\Umul16.c
		___wmul        		CODE           	155A	0000	39

C:\Program Files (x86)\Microchip\xc8\v1.35\sources\common\Umul16.c estimated size: 39

