Microchip MPLAB XC8 Compiler V1.35 ()

Linker command line:

--edf=C:\Program Files (x86)\Microchip\xc8\v1.35\dat\en_msgs.txt -cs \
  -h+dist/default/production\BMS-LV.X.production.sym \
  --cmf=dist/default/production\BMS-LV.X.production.cmf -z -Q18F45K22 \
  -oC:\Users\richc\AppData\Local\Temp\s5h4.2 \
  -Mdist/default/production/BMS-LV.X.production.map -E1 -ver=XC8 \
  -ASTACK=02BEh-05ffh -pstack=STACK -ACODE=00h-07FFFh -ACONST=00h-07FFFh \
  -ASMALLCONST=0600h-06FFhx122 -AMEDIUMCONST=0600h-07FFFh -ACOMRAM=01h-05Fh \
  -AABS1=00h-05FFh -ABIGRAM=01h-05FFh -ARAM=060h-0FFh,0100h-01FFhx5 \
  -ABANK0=060h-0FFh -ABANK1=0100h-01FFh -ABANK2=0200h-02FFh \
  -ABANK3=0300h-03FFh -ABANK4=0400h-04FFh -ABANK5=0500h-05FFh \
  -ASFR=0F38h-0F5Fh,0F60h-0FFFh \
  -preset_vec=00h,intcode=08h,intcodelo,powerup,init,end_init \
  -pramtop=0600h -psmallconst=SMALLCONST -pmediumconst=MEDIUMCONST \
  -pconst=CONST -AFARRAM=00h-00h -ACONFIG=0300000h-030000Dh -pconfig=CONFIG \
  -AIDLOC=0200000h-0200007h -pidloc=IDLOC -AEEDATA=0F00000h-0F000FFh \
  -peeprom_data=EEDATA \
  -prdata=COMRAM,nvrram=COMRAM,nvbit=COMRAM,rbss=COMRAM,rbit=COMRAM \
  -pfarbss=FARRAM,fardata=FARRAM,nvFARRAM=FARRAM \
  -pintsave_regs=BIGRAM,bigbss=BIGRAM,bigdata=BIGRAM -pbss=RAM \
  -pidata=CODE,irdata=CODE,ibigdata=CODE,ifardata=CODE -prparam=COMRAM \
  C:\Users\richc\AppData\Local\Temp\s5h4.obj \
  dist/default/production\BMS-LV.X.production.obj 

Object code version is 3.11

Machine type is 18F45K22

Call graph: (short form)




                Name                               Link     Load   Length Selector   Space Scale
C:\Users\richc\AppData\Local\Temp\s5h4.obj
                end_init                             AC       AC        4        4       0
                reset_vec                             0        0        4        0       0
                idloc                            200000   200000        8   200000       0
                config                           300000   300000        E   300000       0
dist/default/production\BMS-LV.X.production.obj
                intcode                               8        8       A4        4       0
                temp                                 51       51        1        1       1
                mediumconst                        7B30     7B30      4D0     3D98       0
                text59                             321A     321A        4        4       0
                text58                             304E     304E       2E        4       0
                text57                             301C     301C       32        4       0
                text56                             321E     321E        2        4       0
                text55                             31C8     31C8       10        4       0
                text53                             2FE8     2FE8       34        4       0
                text52                             2700     2700       A4        4       0
                text51                             315C     315C       1C        4       0
                text50                             2F3C     2F3C       3C        4       0
                text49                             2C22     2C22       6A        4       0
                text48                             29C2     29C2       82        4       0
                text47                             30A8     30A8       28        4       0
                text46                             31A6     31A6       12        4       0
                text45                             2194     2194      120        4       0
                text44                             30D0     30D0       26        4       0
                text43                              B92      B92      556        4       0
                text42                             24C4     24C4       DC        4       0
                text41                             14D8     14D8      39C        4       0
                text40                             2652     2652       AE        4       0
                text39                             2FB0     2FB0       38        4       0
                text38                             27A4     27A4       90        4       0
                text37                             311A     311A       24        4       0
                text36                             1D24     1D24      216        4       0
                text35                             2D4E     2D4E       4C        4       0
                text34                             22B4     22B4      11C        4       0
                text33                             2940     2940       82        4       0
                text32                             2C8C     2C8C       66        4       0
                text31                             2CF2     2CF2       5C        4       0
                text30                             206C     206C      128        4       0
                text29                             1F3A     1F3A      132        4       0
                text28                             28BC     28BC       84        4       0
                text27                             2BB2     2BB2       70        4       0
                text26                             23D0     23D0       F4        4       0
                text25                             1ADE     1ADE      246        4       0
                text24                             313E     313E       1E        4       0
                text23                             2EFE     2EFE       3E        4       0
                text22                             3200     3200        A        4       0
                text21                             10E8     10E8      3F0        4       0
                text20                               B0       B0      AE2        4       0
                text19                             25A0     25A0       B2        4       0
                text18                             3178     3178       18        4       0
                text17                             2F78     2F78       38        4       0
                text16                             31F4     31F4        C        4       0
                text15                             31E6     31E6        E        4       0
                text14                             2B42     2B42       70        4       0
                text13                             31D8     31D8        E        4       0
                text12                             3216     3216        4        4       0
                text11                             307C     307C       2C        4       0
                text10                             30F6     30F6       24        4       0
                text9                              2E2E     2E2E       4A        4       0
                text8                              2DE4     2DE4       4A        4       0
                text7                              2A44     2A44       80        4       0
                text6                              2E78     2E78       46        4       0
                text5                              2D9A     2D9A       4A        4       0
                text4                              1874     1874      26A        4       0
                text3                              3190     3190       16        4       0
                text2                              2834     2834       88        4       0
                text1                              3210     3210        6        4       0
                text0                              2EBE     2EBE       40        4       0
                cstackCOMRAM                          1        1       41        1       1
                cstackBANK0                          B9       B9       40       60       1
                cstackBANK1                         100      100       D3      100       1
                dataBANK2                           2AE      2AE       10      200       1
                bssBANK2                            200      200       AE      200       1
                bssBANK1                            1D3      1D3       27      100       1
                dataBANK0                            F9       F9        6       60       1
                bssBANK0                             60       60       59       60       1
                bssCOMRAM                            42       42        D        1       1
                cinit                              2AC4     2AC4       7E        4       0
                nvBANK0                              FF       FF        1       60       1
                nvCOMRAM                             4F       4F        2        1       1
                idataBANK2                         31B8     31B8       10        4       0
                idataBANK0                         320A     320A        6        4       0

TOTAL           Name                               Link     Load   Length     Space
        CLASS   STACK          

        CLASS   CODE           
                end_init                             AC       AC        4         0
                intcode                               8        8       A4         0
                reset_vec                             0        0        4         0
                text59                             321A     321A        4         0
                text58                             304E     304E       2E         0
                text57                             301C     301C       32         0
                text56                             321E     321E        2         0
                text55                             31C8     31C8       10         0
                text53                             2FE8     2FE8       34         0
                text52                             2700     2700       A4         0
                text51                             315C     315C       1C         0
                text50                             2F3C     2F3C       3C         0
                text49                             2C22     2C22       6A         0
                text48                             29C2     29C2       82         0
                text47                             30A8     30A8       28         0
                text46                             31A6     31A6       12         0
                text45                             2194     2194      120         0
                text44                             30D0     30D0       26         0
                text43                              B92      B92      556         0
                text42                             24C4     24C4       DC         0
                text41                             14D8     14D8      39C         0
                text40                             2652     2652       AE         0
                text39                             2FB0     2FB0       38         0
                text38                             27A4     27A4       90         0
                text37                             311A     311A       24         0
                text36                             1D24     1D24      216         0
                text35                             2D4E     2D4E       4C         0
                text34                             22B4     22B4      11C         0
                text33                             2940     2940       82         0
                text32                             2C8C     2C8C       66         0
                text31                             2CF2     2CF2       5C         0
                text30                             206C     206C      128         0
                text29                             1F3A     1F3A      132         0
                text28                             28BC     28BC       84         0
                text27                             2BB2     2BB2       70         0
                text26                             23D0     23D0       F4         0
                text25                             1ADE     1ADE      246         0
                text24                             313E     313E       1E         0
                text23                             2EFE     2EFE       3E         0
                text22                             3200     3200        A         0
                text21                             10E8     10E8      3F0         0
                text20                               B0       B0      AE2         0
                text19                             25A0     25A0       B2         0
                text18                             3178     3178       18         0
                text17                             2F78     2F78       38         0
                text16                             31F4     31F4        C         0
                text15                             31E6     31E6        E         0
                text14                             2B42     2B42       70         0
                text13                             31D8     31D8        E         0
                text12                             3216     3216        4         0
                text11                             307C     307C       2C         0
                text10                             30F6     30F6       24         0
                text9                              2E2E     2E2E       4A         0
                text8                              2DE4     2DE4       4A         0
                text7                              2A44     2A44       80         0
                text6                              2E78     2E78       46         0
                text5                              2D9A     2D9A       4A         0
                text4                              1874     1874      26A         0
                text3                              3190     3190       16         0
                text2                              2834     2834       88         0
                text1                              3210     3210        6         0
                text0                              2EBE     2EBE       40         0
                cinit                              2AC4     2AC4       7E         0
                idataBANK2                         31B8     31B8       10         0
                idataBANK0                         320A     320A        6         0

        CLASS   CONST          

        CLASS   SMALLCONST     

        CLASS   MEDIUMCONST    
                mediumconst                        7B30     7B30      4D0         0

        CLASS   COMRAM         
                temp                                 51       51        1         1
                cstackCOMRAM                          1        1       41         1
                bssCOMRAM                            42       42        D         1
                nvCOMRAM                             4F       4F        2         1

        CLASS   ABS1           

        CLASS   BIGRAM         

        CLASS   RAM            

        CLASS   BANK0          
                cstackBANK0                          B9       B9       40         1
                dataBANK0                            F9       F9        6         1
                bssBANK0                             60       60       59         1
                nvBANK0                              FF       FF        1         1

        CLASS   BANK1          
                cstackBANK1                         100      100       D3         1
                bssBANK1                            1D3      1D3       27         1

        CLASS   BANK2          
                dataBANK2                           2AE      2AE       10         1
                bssBANK2                            200      200       AE         1

        CLASS   BANK3          

        CLASS   BANK4          

        CLASS   BANK5          

        CLASS   SFR            

        CLASS   FARRAM         

        CLASS   CONFIG         
                config                           300000   300000        E         0

        CLASS   IDLOC          
                idloc                            200000   200000        8         0

        CLASS   EEDATA         



SEGMENTS        Name                           Load    Length   Top    Selector   Space  Class

                reset_vec                      000000  000004  000004         0       0  CODE    
                cstackCOMRAM                   000001  000051  000052         1       1  COMRAM  
                intcode                        000008  003218  003220         4       0  CODE    
                bssBANK0                       000060  0000A0  000100        60       1  BANK0   
                cstackBANK1                    000100  0000FA  0001FA       100       1  BANK1   
                bssBANK2                       000200  0000BE  0002BE       200       1  BANK2   
                mediumconst                    007B30  0004D0  008000      3D98       0  MEDIUMCO
                idloc                          200000  000008  200008    200000       0  IDLOC   
                config                         300000  00000E  30000E    300000       0  CONFIG  


UNUSED ADDRESS RANGES

        Name                Unused          Largest block    Delta
        BANK1            0001FA-0001FF                6
        BANK2            0002BE-0002FF               42
        BANK3            000300-0003FF              100
        BANK4            000400-0004FF              100
        BANK5            000500-0005FF              100
        BIGRAM           000052-00005F                E
                         0001FA-0001FF                6
                         0002BE-0005FF              342
        CODE             000004-000007                4
                         003220-007B2F             4910
        COMRAM           000052-00005F                E
        CONST            000004-000007                4
                         003220-007B2F             4910
        EEDATA           F00000-F000FF              100
        MEDIUMCONST      003220-007B2F             4910
        RAM              0001FA-0001FF                6
                         0002BE-0005FF              100
        SFR              000F38-000FFF               28
        SMALLCONST       003220-007B2F              100
        STACK            0002BE-0005FF              342

                                  Symbol Table

?_LTC6804_rdcv                       cstackBANK0  0000B9
?_Read_Battery                       cstackBANK0  0000F1
?___awdiv                            cstackCOMRAM 000015
?___awmod                            cstackCOMRAM 00000F
?___awtoft                           cstackCOMRAM 000017
?___ftadd                            cstackCOMRAM 00003C
?___ftmul                            cstackCOMRAM 000023
?___ftneg                            cstackCOMRAM 00000F
?___ftpack                           cstackCOMRAM 00000F
?___ftsub                            cstackBANK0  0000BF
?___fttol                            cstackCOMRAM 000039
?___lldiv                            cstackCOMRAM 00000F
?___llmod                            cstackCOMRAM 00001C
?___lltoft                           cstackCOMRAM 000017
?___wmul                             cstackCOMRAM 00001D
?__div_to_l_                         cstackCOMRAM 00000F
?__tdiv_to_l_                        cstackCOMRAM 00000F
?_fround                             cstackCOMRAM 000032
?_pec15_calc                         cstackCOMRAM 000023
?_printf                             cstackBANK0  0000C5
?_scale                              cstackCOMRAM 000032
Delay@wait                           cstackCOMRAM 00000F
Delay@x                              cstackCOMRAM 000012
DelayMicro@wait                      cstackCOMRAM 00000F
DelayMicro@x                         cstackCOMRAM 000012
EUSART1_Write@txData                 cstackCOMRAM 00000F
Initalize_LT6804b@IC                 cstackCOMRAM 000036
LT6804@crc15Table                    mediumconst  007B31
LTC6804_adcv@cmd                     cstackCOMRAM 000032
LTC6804_adcv@temp_pec                cstackCOMRAM 00003A
LTC6804_rdcv@BYT_IN_REG              cstackBANK0  0000E1
LTC6804_rdcv@CELL_IN_REG             cstackBANK0  0000EB
LTC6804_rdcv@NUM_RX_BYT              cstackBANK0  0000DF
LTC6804_rdcv@cell_codes              cstackBANK0  0000BD
LTC6804_rdcv@cell_data               cstackBANK0  0000C9
LTC6804_rdcv@cell_reg                cstackBANK0  0000E9
LTC6804_rdcv@current_cell            cstackBANK0  0000ED
LTC6804_rdcv@data_counter            cstackBANK0  0000EF
LTC6804_rdcv@data_pec                cstackBANK0  0000E7
LTC6804_rdcv@hi                      cstackBANK0  0000C5
LTC6804_rdcv@parsed_cell             cstackBANK0  0000E3
LTC6804_rdcv@pec_error               cstackBANK0  0000DD
LTC6804_rdcv@received_pec            cstackBANK0  0000E5
LTC6804_rdcv@reg                     cstackBANK0  0000B9
LTC6804_rdcv@total_ic                cstackBANK0  0000BB
LTC6804_rdcv_reg@cmd                 cstackCOMRAM 00003A
LTC6804_rdcv_reg@data                cstackCOMRAM 000034
LTC6804_rdcv_reg@reg                 cstackCOMRAM 000030
LTC6804_rdcv_reg@temp_pec            cstackCOMRAM 000038
LTC6804_rdcv_reg@total_ic            cstackCOMRAM 000032
LTC6804_wrcfg@BYTES_IN_REG           cstackBANK1  0001C8
LTC6804_wrcfg@cmd                    cstackBANK1  000100
LTC6804_wrcfg@cmd_index              cstackBANK1  0001CC
LTC6804_wrcfg@config                 cstackCOMRAM 000032
LTC6804_wrcfg@temp_pec               cstackBANK1  0001CA
LTC6804_wrcfg@total_ic               cstackCOMRAM 000030
Read_Battery@BatteryPlacement        cstackBANK0  0000F1
Read_Battery@Read_Status             cstackBANK0  0000F7
Read_Battery@cell_codes              cstackBANK0  0000F3
Run_Mode@k                           cstackBANK1  000103
SPI2_Exchange8bit@data               cstackCOMRAM 000010
SPI2_Exchange8bit@stuff              cstackCOMRAM 00000F
SetTempEnable@fault_value            cstackCOMRAM 000028
SetTempEnable@ic                     cstackCOMRAM 000023
SetTempEnable@value                  cstackCOMRAM 000025
Set_ADC_Mode@ADCOPT_Mode             cstackCOMRAM 000025
Set_ADC_Mode@fault_value             cstackCOMRAM 000028
Set_ADC_Mode@ic                      cstackCOMRAM 000023
Set_DCC_Mode_OFF@fault_value         cstackCOMRAM 000027
Set_DCC_Mode_OFF@ic                  cstackCOMRAM 000023
Set_DCTO_Mode_OFF@fault_value        cstackCOMRAM 000027
Set_DCTO_Mode_OFF@ic                 cstackCOMRAM 000023
Set_REFON_Pin@REFON_Mode             cstackCOMRAM 000025
Set_REFON_Pin@fault_value            cstackCOMRAM 000028
Set_REFON_Pin@ic                     cstackCOMRAM 000023
_ADAX                                bssBANK0     0000AD
_ADCON0                              (abs)        000FC2
_ADCON0bits                          (abs)        000FC2
_ADCON1                              (abs)        000FC1
_ADCON2                              (abs)        000FC0
_ADCV                                bssBANK0     0000B1
_ADC_ISR                             text59       00321A
_ADC_Initialize                      text18       003178
_ADRESH                              (abs)        000FC4
_ADRESL                              (abs)        000FC3
_ADSTAT                              bssBANK0     0000B5
_ANSELA                              (abs)        000F38
_ANSELB                              (abs)        000F39
_ANSELC                              (abs)        000F3A
_ANSELD                              (abs)        000F3B
_ANSELE                              (abs)        000F3C
_Aux_codes_Bank                      bssBANK2     000242
_Aux_data                            bssBANK2     00024E
_BAUDCON1                            (abs)        000FB8
_CC1                                 bssBANK0     00008E
_CC2                                 bssBANK0     000091
_CC3                                 bssBANK0     000094
_CFGR0                               bssCOMRAM    000046
_CFGR1                               bssBANK1     0001EB
_CFGR2                               bssBANK1     0001EC
_CFGR3                               bssBANK1     0001ED
_CFGR4                               bssCOMRAM    000047
_CFGR5                               bssCOMRAM    000048
_CVolt                               bssBANK0     000060
_CarOn                               dataBANK0    0000FD
_Current                             bssBANK0     000072
_CurrentDir                          dataBANK0    0000FE
_CurrentOffset                       bssBANK2     000230
_Delay                               text53       002FE8
_DelayMicro                          text47       0030A8
_EUSART1_Initialize                  text17       002F78
_EUSART1_Receive_ISR                 text58       00304E
_EUSART1_Transmit_ISR                text57       00301C
_EUSART1_Write                       text23       002EFE
_INTCON2bits                         (abs)        000FF1
_INTCONbits                          (abs)        000FF2
_INTERRUPT_Initialize                text16       0031F4
_INTERRUPT_InterruptManager          intcode      000008
_IPR1bits                            (abs)        000F9F
_Initalize_LT6804b                   text2        002834
_LATA                                (abs)        000F89
_LATB                                (abs)        000F8A
_LATC                                (abs)        000F8B
_LATCbits                            (abs)        000F8B
_LATD                                (abs)        000F8C
_LATD3                               (abs)        007C63
_LATD6                               (abs)        007C66
_LATE                                (abs)        000F8D
_LTC6804_DATA_ConfigBank             bssBANK1     0001EE
_LTC6804_adcv                        text49       002C22
_LTC6804_rdcv                        text43       000B92
_LTC6804_rdcv$2831                   cstackBANK0  0000C7
_LTC6804_rdcv_reg                    text45       002194
_LTC6804_wrcfg                       text4        001874
_OSCCON                              (abs)        000FD3
_OSCCON2                             (abs)        000FD2
_OSCILLATOR_Initialize               text15       0031E6
_OSCTUNE                             (abs)        000F9B
_Over_Voltage_Value                  dataBANK0    0000F9
_PIE1bits                            (abs)        000F9D
_PIN_MANAGER_Initialize              text14       002B42
_PIR1bits                            (abs)        000F9E
_PrevTemp_DegF                       bssBANK2     000200
_RCONbits                            (abs)        000FD0
_RCREG1                              (abs)        000FAE
_RCSTA1                              (abs)        000FAB
_RCSTA1bits                          (abs)        000FAB
_Read_Battery                        text41       0014D8
_Read_Status_INC                     bssBANK0     0000A0
_Run_Mode                            text19       0025A0
_Run_Mode$2826                       cstackBANK1  000100
_SLRCON                              (abs)        000F60
_SPBRG1                              (abs)        000FAF
_SPBRGH1                             (abs)        000FB0
_SPI2_Exchange8bit                   text51       00315C
_SPI2_Initialize                     text13       0031D8
_SSP2ADD                             (abs)        000F6E
_SSP2BUF                             (abs)        000F6F
_SSP2CON1                            (abs)        000F6C
_SSP2CON1bits                        (abs)        000F6C
_SSP2STAT                            (abs)        000F6D
_SSP2STATbits                        (abs)        000F6D
_SYSTEM_Initialize                   text10       0030F6
_SetTempEnable                       text9        002E2E
_Set_ADC_Mode                        text8        002DE4
_Set_DCC_Mode_OFF                    text7        002A44
_Set_DCTO_Mode_OFF                   text6        002E78
_Set_REFON_Pin                       text5        002D9A
_Start_BMS                           text1        003210
_Stat_codes_Bank                     bssBANK2     00025A
_T0CON                               (abs)        000FD5
_T0CONbits                           (abs)        000FD5
_TMR0H                               (abs)        000FD7
_TMR0L                               (abs)        000FD6
_TMR0_CallBack                       text56       00321E
_TMR0_ISR                            text55       0031C8
_TMR0_Initialize                     text11       00307C
_TMR0_StartTimer                     text12       003216
_TRISA                               (abs)        000F92
_TRISB                               (abs)        000F93
_TRISC                               (abs)        000F94
_TRISD                               (abs)        000F95
_TRISD3                              (abs)        007CAB
_TRISDbits                           (abs)        000F95
_TRISE                               (abs)        000F96
_TXREG1                              (abs)        000FAD
_TXSTA1                              (abs)        000FAC
_Temp_DegF                           bssBANK1     0001D3
_TmpTemp_DegF                        bssBANK2     00027E
_Under_Voltage_Value                 dataBANK0    0000FB
_UpdateLT6804                        text3        003190
_Volt1                               bssBANK0     000097
_Volt2                               bssBANK0     00009A
_Voltage_data                        bssBANK2     000218
_WPUB                                (abs)        000F61
__CFG_BOREN$SBORDIS                  (abs)        000000
__CFG_BORV$190                       (abs)        000000
__CFG_CCP2MX$PORTC1                  (abs)        000000
__CFG_CCP3MX$PORTB5                  (abs)        000000
__CFG_CP0$OFF                        (abs)        000000
__CFG_CP1$OFF                        (abs)        000000
__CFG_CP2$OFF                        (abs)        000000
__CFG_CP3$OFF                        (abs)        000000
__CFG_CPB$OFF                        (abs)        000000
__CFG_CPD$OFF                        (abs)        000000
__CFG_DEBUG$OFF                      (abs)        000000
__CFG_EBTR0$OFF                      (abs)        000000
__CFG_EBTR1$OFF                      (abs)        000000
__CFG_EBTR2$OFF                      (abs)        000000
__CFG_EBTR3$OFF                      (abs)        000000
__CFG_EBTRB$OFF                      (abs)        000000
__CFG_FCMEN$OFF                      (abs)        000000
__CFG_FOSC$INTIO67                   (abs)        000000
__CFG_HFOFST$ON                      (abs)        000000
__CFG_IESO$OFF                       (abs)        000000
__CFG_LVP$ON                         (abs)        000000
__CFG_MCLRE$EXTMCLR                  (abs)        000000
__CFG_P2BMX$PORTD2                   (abs)        000000
__CFG_PBADEN$ON                      (abs)        000000
__CFG_PLLCFG$OFF                     (abs)        000000
__CFG_PRICLKEN$ON                    (abs)        000000
__CFG_PWRTEN$OFF                     (abs)        000000
__CFG_STVREN$ON                      (abs)        000000
__CFG_T3CMX$PORTC0                   (abs)        000000
__CFG_WDTEN$OFF                      (abs)        000000
__CFG_WDTPS$32768                    (abs)        000000
__CFG_WRT0$OFF                       (abs)        000000
__CFG_WRT1$OFF                       (abs)        000000
__CFG_WRT2$OFF                       (abs)        000000
__CFG_WRT3$OFF                       (abs)        000000
__CFG_WRTB$OFF                       (abs)        000000
__CFG_WRTC$OFF                       (abs)        000000
__CFG_WRTD$OFF                       (abs)        000000
__CFG_XINST$OFF                      (abs)        000000
__HRAM                               (abs)        000000
__Habs1                              abs1         000000
__Hbank0                             bank0        000000
__Hbank1                             bank1        000000
__Hbank2                             bank2        000000
__Hbank3                             bank3        000000
__Hbank4                             bank4        000000
__Hbank5                             bank5        000000
__Hbigbss                            bigbss       000000
__Hbigdata                           bigdata      000000
__Hbigram                            bigram       000000
__Hbss                               bss          000000
__HbssBANK0                          bssBANK0     000000
__HbssBANK1                          bssBANK1     000000
__HbssBANK2                          bssBANK2     000000
__HbssCOMRAM                         bssCOMRAM    000000
__Hcinit                             cinit        000000
__Hclrtext                           clrtext      000000
__Hcomram                            comram       000000
__Hconfig                            config       30000E
__Hconst                             const        000000
__HcstackBANK0                       cstackBANK0  000000
__HcstackBANK1                       cstackBANK1  000000
__HcstackCOMRAM                      cstackCOMRAM 000000
__Hdata                              data         000000
__HdataBANK0                         dataBANK0    000000
__HdataBANK2                         dataBANK2    000000
__Heeprom_data                       eeprom_data  000000
__Hend_init                          end_init     0000B0
__Hfarbss                            farbss       000000
__Hfardata                           fardata      000000
__Hibigdata                          ibigdata     000000
__Hidata                             idata        000000
__HidataBANK0                        idataBANK0   000000
__HidataBANK2                        idataBANK2   000000
__Hidloc                             idloc        200008
__Hifardata                          ifardata     000000
__Hinit                              init         0000AC
__Hintcode                           intcode      0000AC
__Hintcode_body                      intcode_body 000000
__Hintcodelo                         intcodelo    0000AC
__Hintentry                          intentry     000000
__Hintret                            intret       000000
__Hintsave_regs                      intsave_regs 000000
__Hirdata                            irdata       000000
__Hmediumconst                       mediumconst  008000
__HnvBANK0                           nvBANK0      000000
__HnvCOMRAM                          nvCOMRAM     000000
__HnvFARRAM                          nvFARRAM     000000
__Hnvbit                             nvbit        000000
__Hnvrram                            nvrram       000000
__Hparam                             rparam       000000
__Hpowerup                           powerup      0000AC
__Hram                               ram          000000
__Hramtop                            ramtop       000600
__Hrbit                              rbit         000000
__Hrbss                              rbss         000000
__Hrdata                             rdata        000000
__Hreset_vec                         reset_vec    000004
__Hrparam                            rparam       000000
__Hsfr                               sfr          000000
__Hsmallconst                        smallconst   000000
__Hspace_0                           (abs)        30000E
__Hspace_1                           (abs)        0002BE
__Hspace_2                           (abs)        000000
__Hstack                             stack        000000
__Hstruct                            struct       000000
__Htemp                              temp         000052
__Htext                              text         000000
__Htext0                             text0        000000
__Htext1                             text1        000000
__Htext10                            text10       000000
__Htext11                            text11       000000
__Htext12                            text12       000000
__Htext13                            text13       000000
__Htext14                            text14       000000
__Htext15                            text15       000000
__Htext16                            text16       000000
__Htext17                            text17       000000
__Htext18                            text18       000000
__Htext19                            text19       000000
__Htext2                             text2        000000
__Htext20                            text20       000000
__Htext21                            text21       000000
__Htext22                            text22       000000
__Htext23                            text23       000000
__Htext24                            text24       000000
__Htext25                            text25       000000
__Htext26                            text26       000000
__Htext27                            text27       000000
__Htext28                            text28       000000
__Htext29                            text29       000000
__Htext3                             text3        000000
__Htext30                            text30       000000
__Htext31                            text31       000000
__Htext32                            text32       000000
__Htext33                            text33       000000
__Htext34                            text34       000000
__Htext35                            text35       000000
__Htext36                            text36       000000
__Htext37                            text37       000000
__Htext38                            text38       000000
__Htext39                            text39       000000
__Htext4                             text4        000000
__Htext40                            text40       000000
__Htext41                            text41       000000
__Htext42                            text42       000000
__Htext43                            text43       000000
__Htext44                            text44       000000
__Htext45                            text45       000000
__Htext46                            text46       000000
__Htext47                            text47       000000
__Htext48                            text48       000000
__Htext49                            text49       000000
__Htext5                             text5        000000
__Htext50                            text50       000000
__Htext51                            text51       000000
__Htext52                            text52       000000
__Htext53                            text53       000000
__Htext55                            text55       000000
__Htext56                            text56       000000
__Htext57                            text57       000000
__Htext58                            text58       000000
__Htext59                            text59       000000
__Htext6                             text6        000000
__Htext7                             text7        000000
__Htext8                             text8        000000
__Htext9                             text9        000000
__LRAM                               (abs)        000001
__Labs1                              abs1         000000
__Lbank0                             bank0        000000
__Lbank1                             bank1        000000
__Lbank2                             bank2        000000
__Lbank3                             bank3        000000
__Lbank4                             bank4        000000
__Lbank5                             bank5        000000
__Lbigbss                            bigbss       000000
__Lbigdata                           bigdata      000000
__Lbigram                            bigram       000000
__Lbss                               bss          000000
__LbssBANK0                          bssBANK0     000000
__LbssBANK1                          bssBANK1     000000
__LbssBANK2                          bssBANK2     000000
__LbssCOMRAM                         bssCOMRAM    000000
__Lcinit                             cinit        000000
__Lclrtext                           clrtext      000000
__Lcomram                            comram       000000
__Lconfig                            config       300000
__Lconst                             const        000000
__LcstackBANK0                       cstackBANK0  000000
__LcstackBANK1                       cstackBANK1  000000
__LcstackCOMRAM                      cstackCOMRAM 000000
__Ldata                              data         000000
__LdataBANK0                         dataBANK0    000000
__LdataBANK2                         dataBANK2    000000
__Leeprom_data                       eeprom_data  000000
__Lend_init                          end_init     0000AC
__Lfarbss                            farbss       000000
__Lfardata                           fardata      000000
__Libigdata                          ibigdata     000000
__Lidata                             idata        000000
__LidataBANK0                        idataBANK0   000000
__LidataBANK2                        idataBANK2   000000
__Lidloc                             idloc        200000
__Lifardata                          ifardata     000000
__Linit                              init         0000AC
__Lintcode                           intcode      000008
__Lintcode_body                      intcode_body 000000
__Lintcodelo                         intcodelo    0000AC
__Lintentry                          intentry     000000
__Lintret                            intret       000000
__Lintsave_regs                      intsave_regs 000000
__Lirdata                            irdata       000000
__Lmediumconst                       mediumconst  007B30
__LnvBANK0                           nvBANK0      000000
__LnvCOMRAM                          nvCOMRAM     000000
__LnvFARRAM                          nvFARRAM     000000
__Lnvbit                             nvbit        000000
__Lnvrram                            nvrram       000000
__Lparam                             rparam       000000
__Lpowerup                           powerup      0000AC
__Lram                               ram          000000
__Lramtop                            ramtop       000600
__Lrbit                              rbit         000000
__Lrbss                              rbss         000000
__Lrdata                             rdata        000000
__Lreset_vec                         reset_vec    000000
__Lrparam                            rparam       000000
__Lsfr                               sfr          000000
__Lsmallconst                        smallconst   000000
__Lspace_0                           (abs)        000000
__Lspace_1                           (abs)        000000
__Lspace_2                           (abs)        000000
__Lstack                             stack        000000
__Lstruct                            struct       000000
__Ltemp                              temp         000051
__Ltext                              text         000000
__Ltext0                             text0        000000
__Ltext1                             text1        000000
__Ltext10                            text10       000000
__Ltext11                            text11       000000
__Ltext12                            text12       000000
__Ltext13                            text13       000000
__Ltext14                            text14       000000
__Ltext15                            text15       000000
__Ltext16                            text16       000000
__Ltext17                            text17       000000
__Ltext18                            text18       000000
__Ltext19                            text19       000000
__Ltext2                             text2        000000
__Ltext20                            text20       000000
__Ltext21                            text21       000000
__Ltext22                            text22       000000
__Ltext23                            text23       000000
__Ltext24                            text24       000000
__Ltext25                            text25       000000
__Ltext26                            text26       000000
__Ltext27                            text27       000000
__Ltext28                            text28       000000
__Ltext29                            text29       000000
__Ltext3                             text3        000000
__Ltext30                            text30       000000
__Ltext31                            text31       000000
__Ltext32                            text32       000000
__Ltext33                            text33       000000
__Ltext34                            text34       000000
__Ltext35                            text35       000000
__Ltext36                            text36       000000
__Ltext37                            text37       000000
__Ltext38                            text38       000000
__Ltext39                            text39       000000
__Ltext4                             text4        000000
__Ltext40                            text40       000000
__Ltext41                            text41       000000
__Ltext42                            text42       000000
__Ltext43                            text43       000000
__Ltext44                            text44       000000
__Ltext45                            text45       000000
__Ltext46                            text46       000000
__Ltext47                            text47       000000
__Ltext48                            text48       000000
__Ltext49                            text49       000000
__Ltext5                             text5        000000
__Ltext50                            text50       000000
__Ltext51                            text51       000000
__Ltext52                            text52       000000
__Ltext53                            text53       000000
__Ltext55                            text55       000000
__Ltext56                            text56       000000
__Ltext57                            text57       000000
__Ltext58                            text58       000000
__Ltext59                            text59       000000
__Ltext6                             text6        000000
__Ltext7                             text7        000000
__Ltext8                             text8        000000
__Ltext9                             text9        000000
__S0                                 (abs)        30000E
__S1                                 (abs)        0002BE
__S2                                 (abs)        000000
___awdiv                             text28       0028BC
___awdiv@counter                     cstackCOMRAM 000019
___awdiv@dividend                    cstackCOMRAM 000015
___awdiv@divisor                     cstackCOMRAM 000017
___awdiv@quotient                    cstackCOMRAM 00001B
___awdiv@sign                        cstackCOMRAM 00001A
___awmod                             text27       002BB2
___awmod@counter                     cstackCOMRAM 000013
___awmod@dividend                    cstackCOMRAM 00000F
___awmod@divisor                     cstackCOMRAM 000011
___awmod@sign                        cstackCOMRAM 000014
___awtoft                            text39       002FB0
___awtoft@c                          cstackCOMRAM 000017
___awtoft@sign                       cstackCOMRAM 00001A
___ftadd                             text36       001D24
___ftadd@exp1                        cstackBANK0  0000BE
___ftadd@exp2                        cstackBANK0  0000BD
___ftadd@f1                          cstackCOMRAM 00003C
___ftadd@f2                          cstackCOMRAM 00003F
___ftadd@sign                        cstackBANK0  0000BC
___ftge                              text38       0027A4
___ftge@ff1                          cstackCOMRAM 00000F
___ftge@ff2                          cstackCOMRAM 000012
___ftmul                             text26       0023D0
___ftmul@cntr                        cstackCOMRAM 000030
___ftmul@exp                         cstackCOMRAM 00002C
___ftmul@f1                          cstackCOMRAM 000023
___ftmul@f2                          cstackCOMRAM 000026
___ftmul@f3_as_product               cstackCOMRAM 00002D
___ftmul@sign                        cstackCOMRAM 000031
___ftneg                             text37       00311A
___ftneg@f1                          cstackCOMRAM 00000F
___ftpack                            text40       002652
___ftpack@arg                        cstackCOMRAM 00000F
___ftpack@exp                        cstackCOMRAM 000012
___ftpack@sign                       cstackCOMRAM 000013
___ftsub                             text35       002D4E
___ftsub@f1                          cstackBANK0  0000BF
___ftsub@f2                          cstackBANK0  0000C2
___fttol                             text34       0022B4
___fttol@exp1                        cstackBANK0  0000BE
___fttol@f1                          cstackCOMRAM 000039
___fttol@lval                        cstackBANK0  0000BA
___fttol@sign1                       cstackBANK0  0000B9
___inthi_sp                          stack        000000
___intlo_sp                          stack        000000
___lldiv                             text33       002940
___lldiv@counter                     cstackCOMRAM 00001B
___lldiv@dividend                    cstackCOMRAM 00000F
___lldiv@divisor                     cstackCOMRAM 000013
___lldiv@quotient                    cstackCOMRAM 000017
___llmod                             text32       002C8C
___llmod@counter                     cstackCOMRAM 000024
___llmod@dividend                    cstackCOMRAM 00001C
___llmod@divisor                     cstackCOMRAM 000020
___lltoft                            text31       002CF2
___lltoft@c                          cstackCOMRAM 000017
___lltoft@exp                        cstackCOMRAM 00001F
___param_bank                        (abs)        000010
___rparam_used                       (abs)        000001
___sp                                stack        000000
___wmul                              text44       0030D0
___wmul@multiplicand                 cstackCOMRAM 00001F
___wmul@multiplier                   cstackCOMRAM 00001D
___wmul@product                      cstackCOMRAM 000021
__accesstop                          (abs)        000060
__activetblptr                       (abs)        000002
__div_to_l_                          text30       00206C
__div_to_l_@cntr                     cstackCOMRAM 000019
__div_to_l_@exp1                     cstackCOMRAM 00001A
__div_to_l_@f1                       cstackCOMRAM 00000F
__div_to_l_@f2                       cstackCOMRAM 000012
__div_to_l_@quot                     cstackCOMRAM 000015
__end_ofLT6804@crc15Table            mediumconst  007D31
__end_of_ADC_ISR                     text59       00321E
__end_of_ADC_Initialize              text18       003190
__end_of_Delay                       text53       00301C
__end_of_DelayMicro                  text47       0030D0
__end_of_EUSART1_Initialize          text17       002FB0
__end_of_EUSART1_Receive_ISR         text58       00307C
__end_of_EUSART1_Transmit_ISR        text57       00304E
__end_of_EUSART1_Write               text23       002F3C
__end_of_INTERRUPT_Initialize        text16       003200
__end_of_INTERRUPT_InterruptManager  intcode      0000AC
__end_of_Initalize_LT6804b           text2        0028BC
__end_of_LTC6804_adcv                text49       002C8C
__end_of_LTC6804_rdcv                text43       0010E8
__end_of_LTC6804_rdcv_reg            text45       0022B4
__end_of_LTC6804_wrcfg               text4        001ADE
__end_of_OSCILLATOR_Initialize       text15       0031F4
__end_of_PIN_MANAGER_Initialize      text14       002BB2
__end_of_Read_Battery                text41       001874
__end_of_Run_Mode                    text19       002652
__end_of_SPI2_Exchange8bit           text51       003178
__end_of_SPI2_Initialize             text13       0031E6
__end_of_SYSTEM_Initialize           text10       00311A
__end_of_SetTempEnable               text9        002E78
__end_of_Set_ADC_Mode                text8        002E2E
__end_of_Set_DCC_Mode_OFF            text7        002AC4
__end_of_Set_DCTO_Mode_OFF           text6        002EBE
__end_of_Set_REFON_Pin               text5        002DE4
__end_of_Start_BMS                   text1        003216
__end_of_TMR0_CallBack               text56       003220
__end_of_TMR0_ISR                    text55       0031D8
__end_of_TMR0_Initialize             text11       0030A8
__end_of_TMR0_StartTimer             text12       00321A
__end_of_UpdateLT6804                text3        0031A6
__end_of___awdiv                     text28       002940
__end_of___awmod                     text27       002C22
__end_of___awtoft                    text39       002FE8
__end_of___ftadd                     text36       001F3A
__end_of___ftge                      text38       002834
__end_of___ftmul                     text26       0024C4
__end_of___ftneg                     text37       00313E
__end_of___ftpack                    text40       002700
__end_of___ftsub                     text35       002D9A
__end_of___fttol                     text34       0023D0
__end_of___lldiv                     text33       0029C2
__end_of___llmod                     text32       002CF2
__end_of___lltoft                    text31       002D4E
__end_of___wmul                      text44       0030F6
__end_of__div_to_l_                  text30       002194
__end_of__initialization             cinit        002B34
__end_of__npowers_                   mediumconst  007F80
__end_of__powers_                    mediumconst  007FA7
__end_of__tdiv_to_l_                 text29       00206C
__end_of_crc15Table                  mediumconst  007F31
__end_of_dpowers                     mediumconst  007F59
__end_of_fround                      text25       001D24
__end_of_isdigit                     text24       00315C
__end_of_main                        text0        002EFE
__end_of_pec15_calc                  text52       0027A4
__end_of_printf                      text20       000B92
__end_of_putch                       text22       00320A
__end_of_scale                       text21       0014D8
__end_of_set_adc                     text42       0025A0
__end_of_spi_write_array             text50       002F78
__end_of_spi_write_read              text48       002A44
__end_of_wakeup_idle                 text46       0031B8
__end_ofexp@coeff                    mediumconst  007FC5
__end_oflog@coeff                    mediumconst  007FE0
__initialization                     cinit        002AC4
__mediumconst                        mediumconst  007B30
__npowers_                           mediumconst  007F59
__pbssBANK0                          bssBANK0     000060
__pbssBANK1                          bssBANK1     0001D3
__pbssBANK2                          bssBANK2     000200
__pbssCOMRAM                         bssCOMRAM    000042
__pcinit                             cinit        002AC4
__pcstackBANK0                       cstackBANK0  0000B9
__pcstackBANK1                       cstackBANK1  000100
__pcstackCOMRAM                      cstackCOMRAM 000001
__pdataBANK0                         dataBANK0    0000F9
__pdataBANK2                         dataBANK2    0002AE
__pidataBANK0                        idataBANK0   00320A
__pidataBANK2                        idataBANK2   0031B8
__pintcode                           intcode      000008
__pmediumconst                       mediumconst  007B30
__pnvBANK0                           nvBANK0      0000FF
__pnvCOMRAM                          nvCOMRAM     00004F
__powers_                            mediumconst  007F80
__ptext0                             text0        002EBE
__ptext1                             text1        003210
__ptext10                            text10       0030F6
__ptext11                            text11       00307C
__ptext12                            text12       003216
__ptext13                            text13       0031D8
__ptext14                            text14       002B42
__ptext15                            text15       0031E6
__ptext16                            text16       0031F4
__ptext17                            text17       002F78
__ptext18                            text18       003178
__ptext19                            text19       0025A0
__ptext2                             text2        002834
__ptext20                            text20       0000B0
__ptext21                            text21       0010E8
__ptext22                            text22       003200
__ptext23                            text23       002EFE
__ptext24                            text24       00313E
__ptext25                            text25       001ADE
__ptext26                            text26       0023D0
__ptext27                            text27       002BB2
__ptext28                            text28       0028BC
__ptext29                            text29       001F3A
__ptext3                             text3        003190
__ptext30                            text30       00206C
__ptext31                            text31       002CF2
__ptext32                            text32       002C8C
__ptext33                            text33       002940
__ptext34                            text34       0022B4
__ptext35                            text35       002D4E
__ptext36                            text36       001D24
__ptext37                            text37       00311A
__ptext38                            text38       0027A4
__ptext39                            text39       002FB0
__ptext4                             text4        001874
__ptext40                            text40       002652
__ptext41                            text41       0014D8
__ptext42                            text42       0024C4
__ptext43                            text43       000B92
__ptext44                            text44       0030D0
__ptext45                            text45       002194
__ptext46                            text46       0031A6
__ptext47                            text47       0030A8
__ptext48                            text48       0029C2
__ptext49                            text49       002C22
__ptext5                             text5        002D9A
__ptext50                            text50       002F3C
__ptext51                            text51       00315C
__ptext52                            text52       002700
__ptext53                            text53       002FE8
__ptext55                            text55       0031C8
__ptext56                            text56       00321E
__ptext57                            text57       00301C
__ptext58                            text58       00304E
__ptext59                            text59       00321A
__ptext6                             text6        002E78
__ptext7                             text7        002A44
__ptext8                             text8        002DE4
__ptext9                             text9        002E2E
__ramtop                             ramtop       000600
__size_of_ADC_ISR                    (abs)        000000
__size_of_ADC_Initialize             (abs)        000000
__size_of_Delay                      (abs)        000000
__size_of_DelayMicro                 (abs)        000000
__size_of_EUSART1_Initialize         (abs)        000000
__size_of_EUSART1_Receive_ISR        (abs)        000000
__size_of_EUSART1_Transmit_ISR       (abs)        000000
__size_of_EUSART1_Write              (abs)        000000
__size_of_INTERRUPT_Initialize       (abs)        000000
__size_of_INTERRUPT_InterruptManager (abs)        000000
__size_of_Initalize_LT6804b          (abs)        000000
__size_of_LTC6804_adcv               (abs)        000000
__size_of_LTC6804_rdcv               (abs)        000000
__size_of_LTC6804_rdcv_reg           (abs)        000000
__size_of_LTC6804_wrcfg              (abs)        000000
__size_of_OSCILLATOR_Initialize      (abs)        000000
__size_of_PIN_MANAGER_Initialize     (abs)        000000
__size_of_Read_Battery               (abs)        000000
__size_of_Run_Mode                   (abs)        000000
__size_of_SPI2_Exchange8bit          (abs)        000000
__size_of_SPI2_Initialize            (abs)        000000
__size_of_SYSTEM_Initialize          (abs)        000000
__size_of_SetTempEnable              (abs)        000000
__size_of_Set_ADC_Mode               (abs)        000000
__size_of_Set_DCC_Mode_OFF           (abs)        000000
__size_of_Set_DCTO_Mode_OFF          (abs)        000000
__size_of_Set_REFON_Pin              (abs)        000000
__size_of_Start_BMS                  (abs)        000000
__size_of_TMR0_CallBack              (abs)        000000
__size_of_TMR0_ISR                   (abs)        000000
__size_of_TMR0_Initialize            (abs)        000000
__size_of_TMR0_StartTimer            (abs)        000000
__size_of_UpdateLT6804               (abs)        000000
__size_of___awdiv                    (abs)        000000
__size_of___awmod                    (abs)        000000
__size_of___awtoft                   (abs)        000000
__size_of___ftadd                    (abs)        000000
__size_of___ftge                     (abs)        000000
__size_of___ftmul                    (abs)        000000
__size_of___ftneg                    (abs)        000000
__size_of___ftpack                   (abs)        000000
__size_of___ftsub                    (abs)        000000
__size_of___fttol                    (abs)        000000
__size_of___lldiv                    (abs)        000000
__size_of___llmod                    (abs)        000000
__size_of___lltoft                   (abs)        000000
__size_of___wmul                     (abs)        000000
__size_of__div_to_l_                 (abs)        000000
__size_of__tdiv_to_l_                (abs)        000000
__size_of_fround                     (abs)        000000
__size_of_isdigit                    (abs)        000000
__size_of_main                       (abs)        000000
__size_of_pec15_calc                 (abs)        000000
__size_of_printf                     (abs)        000000
__size_of_putch                      (abs)        000000
__size_of_scale                      (abs)        000000
__size_of_set_adc                    (abs)        000000
__size_of_spi_write_array            (abs)        000000
__size_of_spi_write_read             (abs)        000000
__size_of_wakeup_idle                (abs)        000000
__smallconst                         smallconst   000000
__tdiv_to_l_                         text29       001F3A
__tdiv_to_l_@cntr                    cstackCOMRAM 00001C
__tdiv_to_l_@exp1                    cstackCOMRAM 00001D
__tdiv_to_l_@f1                      cstackCOMRAM 00000F
__tdiv_to_l_@f2                      cstackCOMRAM 000012
__tdiv_to_l_@quot                    cstackCOMRAM 000018
_aux_codes_Bank1                     bssBANK2     000266
_aux_codes_Bank2                     bssBANK2     000272
_cell_codes_Bank                     bssBANK2     000296
_current_byte                        bssCOMRAM    000042
_current_ic                          bssCOMRAM    00004D
_dpowers                             mediumconst  007F31
_errno                               bssBANK0     0000A2
_eusart1RxBuffer                     bssBANK0     00007E
_eusart1RxCount                      bssBANK0     0000AA
_eusart1RxHead                       bssCOMRAM    000049
_eusart1RxTail                       bssCOMRAM    00004A
_eusart1TxBuffer                     bssBANK0     000086
_eusart1TxBufferRemaining            nvBANK0      0000FF
_eusart1TxHead                       bssCOMRAM    00004B
_eusart1TxTail                       bssCOMRAM    00004C
_fault                               bssBANK0     00009D
_fault_flag                          bssBANK0     0000AB
_faultvalue                          bssBANK0     0000A4
_fround                              text25       001ADE
_fround$2834                         cstackCOMRAM 000038
_fround$2835                         cstackCOMRAM 000035
_i                                   bssCOMRAM    000044
_infault                             bssBANK0     0000AC
_isdigit                             text24       00313E
_isdigit$2266                        cstackCOMRAM 000010
_j                                   bssBANK0     0000A6
_k                                   bssBANK0     0000A8
_main                                text0        002EBE
_pec15_calc                          text52       002700
_printf                              text20       0000B0
_printf$2837                         cstackBANK0  0000D2
_putch                               text22       003200
_retrn                               dataBANK2    0002AE
_scale                               text21       0010E8
_scale$2836                          cstackCOMRAM 000035
_set_adc                             text42       0024C4
_spi_write_array                     text50       002F3C
_spi_write_read                      text48       0029C2
_timer0ReloadVal16bit                nvCOMRAM     00004F
_wakeup_idle                         text46       0031A6
btemp                                temp         000051
end_of_initialization                cinit        002B34
exp@coeff                            mediumconst  007FA7
fround@prec                          cstackCOMRAM 00003B
int$flags                            temp         000051
intlevel0                            text         000000
intlevel1                            text         000000
intlevel2                            text         000000
intlevel3                            text         000000
isdigit@c                            cstackCOMRAM 000011
log@coeff                            mediumconst  007FC5
pec15_calc@addr                      cstackCOMRAM 00002C
pec15_calc@data                      cstackCOMRAM 000025
pec15_calc@len                       cstackCOMRAM 000023
pec15_calc@remainder                 cstackCOMRAM 00002E
printf@ap                            cstackBANK0  0000D5
printf@c                             cstackBANK0  0000EA
printf@exp                           cstackBANK0  0000E3
printf@f                             cstackBANK0  0000C5
printf@flag                          cstackBANK0  0000D7
printf@fval                          cstackBANK0  0000E5
printf@prec                          cstackBANK0  0000E8
printf@tmpval                        cstackBANK0  0000DB
printf@val                           cstackBANK0  0000DF
printf@width                         cstackBANK0  0000D9
putch@txData                         cstackCOMRAM 000010
scale@scl                            cstackCOMRAM 000038
set_adc@CH                           cstackCOMRAM 000013
set_adc@CHG                          cstackCOMRAM 000015
set_adc@DCP                          cstackCOMRAM 000011
set_adc@MD                           cstackCOMRAM 00000F
set_adc@md_bits                      cstackCOMRAM 000019
spi_write_array@data                 cstackCOMRAM 000013
spi_write_array@len                  cstackCOMRAM 000011
spi_write_read@i                     cstackCOMRAM 00001B
spi_write_read@rx_data               cstackCOMRAM 000015
spi_write_read@rx_len                cstackCOMRAM 000017
spi_write_read@tx_Data               cstackCOMRAM 000011
spi_write_read@tx_len                cstackCOMRAM 000013
stackhi                              (abs)        0005FF
stacklo                              (abs)        0002BE
start                                init         0000AC
start_initialization                 cinit        002AC4


FUNCTION INFORMATION:

 *************** function _main *****************
 Defined at:
		line 33 in file "Main.c"
 Parameters:    Size  Location     Type
  argc            2  206[BANK1 ] int 
  argv            3  208[BANK1 ] PTR PTR unsigned char 
 Auto vars:     Size  Location     Type
		None
 Return value:  Size  Location     Type
                  2  206[BANK1 ] int 
 Registers used:
		wreg, fsr1l, fsr1h, fsr2l, fsr2h, status,2, status,0, tblptrl, tblptrh, tblptru, prodl, prodh, cstack
 Tracked objects:
		On entry : 
		On exit  : 
		Unchanged: 
 Data sizes:     COMRAM   BANK0   BANK1   BANK2   BANK3   BANK4   BANK5
      Params:         0       0       5       0       0       0       0
      Locals:         0       0       0       0       0       0       0
      Temps:          0       0       0       0       0       0       0
      Totals:         0       0       5       0       0       0       0
Total ram usage:        5 bytes
 Hardware stack levels required when called:    9
 This function calls:
		_Delay
		_Run_Mode
		_SYSTEM_Initialize
		_Start_BMS
		_printf
 This function is called by:
		Startup code after reset
 This function uses a non-reentrant model


 *************** function _Start_BMS *****************
 Defined at:
		line 31 in file "BatteryManagment.c"
 Parameters:    Size  Location     Type
		None
 Auto vars:     Size  Location     Type
		None
 Return value:  Size  Location     Type
		None               void
 Registers used:
		wreg, fsr1l, fsr1h, fsr2l, fsr2h, status,2, status,0, tblptrl, tblptrh, tblptru, prodl, prodh, cstack
 Tracked objects:
		On entry : 
		On exit  : 
		Unchanged: 
 Data sizes:     COMRAM   BANK0   BANK1   BANK2   BANK3   BANK4   BANK5
      Params:         0       0       0       0       0       0       0
      Locals:         0       0       0       0       0       0       0
      Temps:          0       0       0       0       0       0       0
      Totals:         0       0       0       0       0       0       0
Total ram usage:        0 bytes
 Hardware stack levels used:    1
 Hardware stack levels required when called:    8
 This function calls:
		_Initalize_LT6804b
 This function is called by:
		_main
 This function uses a non-reentrant model


 *************** function _Initalize_LT6804b *****************
 Defined at:
		line 57 in file "BatteryManagment.c"
 Parameters:    Size  Location     Type
		None
 Auto vars:     Size  Location     Type
  IC              2   53[COMRAM] int 
 Return value:  Size  Location     Type
		None               void
 Registers used:
		wreg, fsr1l, fsr1h, fsr2l, fsr2h, status,2, status,0, tblptrl, tblptrh, tblptru, prodl, prodh, cstack
 Tracked objects:
		On entry : 
		On exit  : 
		Unchanged: 
 Data sizes:     COMRAM   BANK0   BANK1   BANK2   BANK3   BANK4   BANK5
      Params:         0       0       0       0       0       0       0
      Locals:         2       0       0       0       0       0       0
      Temps:          0       0       0       0       0       0       0
      Totals:         2       0       0       0       0       0       0
Total ram usage:        2 bytes
 Hardware stack levels used:    1
 Hardware stack levels required when called:    7
 This function calls:
		_SetTempEnable
		_Set_ADC_Mode
		_Set_DCC_Mode_OFF
		_Set_DCTO_Mode_OFF
		_Set_REFON_Pin
		_UpdateLT6804
 This function is called by:
		_Start_BMS
 This function uses a non-reentrant model


 *************** function _UpdateLT6804 *****************
 Defined at:
		line 716 in file "BatteryManagment.c"
 Parameters:    Size  Location     Type
		None
 Auto vars:     Size  Location     Type
		None
 Return value:  Size  Location     Type
		None               void
 Registers used:
		wreg, fsr1l, fsr1h, fsr2l, fsr2h, status,2, status,0, tblptrl, tblptrh, tblptru, prodl, prodh, cstack
 Tracked objects:
		On entry : 
		On exit  : 
		Unchanged: 
 Data sizes:     COMRAM   BANK0   BANK1   BANK2   BANK3   BANK4   BANK5
      Params:         0       0       0       0       0       0       0
      Locals:         0       0       0       0       0       0       0
      Temps:          0       0       0       0       0       0       0
      Totals:         0       0       0       0       0       0       0
Total ram usage:        0 bytes
 Hardware stack levels used:    1
 Hardware stack levels required when called:    6
 This function calls:
		_LTC6804_wrcfg
 This function is called by:
		_Initalize_LT6804b
		_RunBypass_Set
 This function uses a non-reentrant model


 *************** function _LTC6804_wrcfg *****************
 Defined at:
		line 1000 in file "LT6804.c"
 Parameters:    Size  Location     Type
  total_ic        2   47[COMRAM] int 
  config          2   49[COMRAM] PTR int [6]
		 -> LTC6804_DATA_ConfigBank(12), 
 Auto vars:     Size  Location     Type
  cmd           200    0[BANK1 ] int [100]
  cmd_index       2  204[BANK1 ] int 
  temp_pec        2  202[BANK1 ] int 
  BYTES_IN_REG    2  200[BANK1 ] const int 
 Return value:  Size  Location     Type
		None               void
 Registers used:
		wreg, fsr1l, fsr1h, fsr2l, fsr2h, status,2, status,0, tblptrl, tblptrh, tblptru, prodl, prodh, cstack
 Tracked objects:
		On entry : 
		On exit  : 
		Unchanged: 
 Data sizes:     COMRAM   BANK0   BANK1   BANK2   BANK3   BANK4   BANK5
      Params:         4       0       0       0       0       0       0
      Locals:         0       0     206       0       0       0       0
      Temps:          2       0       0       0       0       0       0
      Totals:         6       0     206       0       0       0       0
Total ram usage:      212 bytes
 Hardware stack levels used:    1
 Hardware stack levels required when called:    5
 This function calls:
		___wmul
		_pec15_calc
		_spi_write_array
		_wakeup_idle
 This function is called by:
		_UpdateLT6804
 This function uses a non-reentrant model


 *************** function _Set_REFON_Pin *****************
 Defined at:
		line 704 in file "BatteryManagment.c"
 Parameters:    Size  Location     Type
  ic              2   34[COMRAM] int 
  REFON_Mode      1   36[COMRAM] unsigned char 
 Auto vars:     Size  Location     Type
  fault_value     2   39[COMRAM] int 
 Return value:  Size  Location     Type
                  2   34[COMRAM] int 
 Registers used:
		wreg, fsr2l, fsr2h, status,2, status,0, prodl, prodh, cstack
 Tracked objects:
		On entry : 
		On exit  : 
		Unchanged: 
 Data sizes:     COMRAM   BANK0   BANK1   BANK2   BANK3   BANK4   BANK5
      Params:         3       0       0       0       0       0       0
      Locals:         2       0       0       0       0       0       0
      Temps:          2       0       0       0       0       0       0
      Totals:         7       0       0       0       0       0       0
Total ram usage:        7 bytes
 Hardware stack levels used:    1
 Hardware stack levels required when called:    4
 This function calls:
		___wmul
 This function is called by:
		_Initalize_LT6804b
 This function uses a non-reentrant model


 *************** function _Set_DCTO_Mode_OFF *****************
 Defined at:
		line 695 in file "BatteryManagment.c"
 Parameters:    Size  Location     Type
  ic              2   34[COMRAM] int 
 Auto vars:     Size  Location     Type
  fault_value     2   38[COMRAM] int 
 Return value:  Size  Location     Type
                  2   34[COMRAM] int 
 Registers used:
		wreg, fsr2l, fsr2h, status,2, status,0, prodl, prodh, cstack
 Tracked objects:
		On entry : 
		On exit  : 
		Unchanged: 
 Data sizes:     COMRAM   BANK0   BANK1   BANK2   BANK3   BANK4   BANK5
      Params:         2       0       0       0       0       0       0
      Locals:         2       0       0       0       0       0       0
      Temps:          2       0       0       0       0       0       0
      Totals:         6       0       0       0       0       0       0
Total ram usage:        6 bytes
 Hardware stack levels used:    1
 Hardware stack levels required when called:    4
 This function calls:
		___wmul
 This function is called by:
		_Initalize_LT6804b
 This function uses a non-reentrant model


 *************** function _Set_DCC_Mode_OFF *****************
 Defined at:
		line 685 in file "BatteryManagment.c"
 Parameters:    Size  Location     Type
  ic              2   34[COMRAM] int 
 Auto vars:     Size  Location     Type
  fault_value     2   38[COMRAM] int 
 Return value:  Size  Location     Type
		None               void
 Registers used:
		wreg, fsr2l, fsr2h, status,2, status,0, prodl, prodh, cstack
 Tracked objects:
		On entry : 
		On exit  : 
		Unchanged: 
 Data sizes:     COMRAM   BANK0   BANK1   BANK2   BANK3   BANK4   BANK5
      Params:         2       0       0       0       0       0       0
      Locals:         2       0       0       0       0       0       0
      Temps:          2       0       0       0       0       0       0
      Totals:         6       0       0       0       0       0       0
Total ram usage:        6 bytes
 Hardware stack levels used:    1
 Hardware stack levels required when called:    4
 This function calls:
		___wmul
 This function is called by:
		_Initalize_LT6804b
 This function uses a non-reentrant model


 *************** function _Set_ADC_Mode *****************
 Defined at:
		line 672 in file "BatteryManagment.c"
 Parameters:    Size  Location     Type
  ic              2   34[COMRAM] int 
  ADCOPT_Mode     1   36[COMRAM] unsigned char 
 Auto vars:     Size  Location     Type
  fault_value     2   39[COMRAM] int 
 Return value:  Size  Location     Type
                  2   34[COMRAM] int 
 Registers used:
		wreg, fsr2l, fsr2h, status,2, status,0, prodl, prodh, cstack
 Tracked objects:
		On entry : 
		On exit  : 
		Unchanged: 
 Data sizes:     COMRAM   BANK0   BANK1   BANK2   BANK3   BANK4   BANK5
      Params:         3       0       0       0       0       0       0
      Locals:         2       0       0       0       0       0       0
      Temps:          2       0       0       0       0       0       0
      Totals:         7       0       0       0       0       0       0
Total ram usage:        7 bytes
 Hardware stack levels used:    1
 Hardware stack levels required when called:    4
 This function calls:
		___wmul
 This function is called by:
		_Initalize_LT6804b
 This function uses a non-reentrant model


 *************** function _SetTempEnable *****************
 Defined at:
		line 612 in file "BatteryManagment.c"
 Parameters:    Size  Location     Type
  ic              2   34[COMRAM] int 
  value           1   36[COMRAM] unsigned char 
 Auto vars:     Size  Location     Type
  fault_value     2   39[COMRAM] int 
[...]
 This function calls:
		_SPI2_Exchange8bit
 This function is called by:
		_LTC6804_rdcv_reg
		_LTC6804_rdaux_reg
		_LTC6804_rdStat_reg
		_LTC6804_clrcell
		_LTC6804_rdcfg
 This function uses a non-reentrant model


 *************** function _LTC6804_adcv *****************
 Defined at:
		line 177 in file "LT6804.c"
 Parameters:    Size  Location     Type
		None
 Auto vars:     Size  Location     Type
  cmd             8   49[COMRAM] int [4]
  temp_pec        2   57[COMRAM] int 
 Return value:  Size  Location     Type
		None               void
 Registers used:
		wreg, fsr2l, fsr2h, status,2, status,0, tblptrl, tblptrh, tblptru, cstack
 Tracked objects:
		On entry : 
		On exit  : 
		Unchanged: 
 Data sizes:     COMRAM   BANK0   BANK1   BANK2   BANK3   BANK4   BANK5
      Params:         0       0       0       0       0       0       0
      Locals:        10       0       0       0       0       0       0
      Temps:          2       0       0       0       0       0       0
      Totals:        12       0       0       0       0       0       0
Total ram usage:       12 bytes
 Hardware stack levels used:    1
 Hardware stack levels required when called:    5
 This function calls:
		_SPI2_Exchange8bit
		_pec15_calc
		_spi_write_array
 This function is called by:
		_Read_Battery
 This function uses a non-reentrant model


 *************** function _spi_write_array *****************
 Defined at:
		line 1199 in file "LT6804.c"
 Parameters:    Size  Location     Type
  len             2   16[COMRAM] int 
  data            2   18[COMRAM] PTR int 
		 -> LTC6804_wrcfg@cmd(200), LTC6804_ADSTAT@cmd(8), LTC6804_adax@cmd(8), LTC6804_adcv@cmd(8), 
 Auto vars:     Size  Location     Type
		None
 Return value:  Size  Location     Type
		None               void
 Registers used:
		wreg, fsr2l, fsr2h, status,2, status,0, cstack
 Tracked objects:
		On entry : 
		On exit  : 
		Unchanged: 
 Data sizes:     COMRAM   BANK0   BANK1   BANK2   BANK3   BANK4   BANK5
      Params:         4       0       0       0       0       0       0
      Locals:         0       0       0       0       0       0       0
      Temps:          1       0       0       0       0       0       0
      Totals:         5       0       0       0       0       0       0
Total ram usage:        5 bytes
 Hardware stack levels used:    1
 Hardware stack levels required when called:    4
 This function calls:
		_SPI2_Exchange8bit
 This function is called by:
		_LTC6804_adcv
		_LTC6804_wrcfg
		_LTC6804_adax
		_LTC6804_ADSTAT
 This function uses a non-reentrant model


 *************** function _SPI2_Exchange8bit *****************
 Defined at:
		line 78 in file "mcc_generated_files/spi2.c"
 Parameters:    Size  Location     Type
  stuff           1    wreg     unsigned char 
 Auto vars:     Size  Location     Type
  stuff           1   14[COMRAM] unsigned char 
  data            1   15[COMRAM] unsigned char 
 Return value:  Size  Location     Type
                  1    wreg      unsigned char 
 Registers used:
		wreg, status,2
 Tracked objects:
		On entry : 
		On exit  : 
		Unchanged: 
 Data sizes:     COMRAM   BANK0   BANK1   BANK2   BANK3   BANK4   BANK5
      Params:         0       0       0       0       0       0       0
      Locals:         2       0       0       0       0       0       0
      Temps:          0       0       0       0       0       0       0
      Totals:         2       0       0       0       0       0       0
Total ram usage:        2 bytes
 Hardware stack levels used:    1
 Hardware stack levels required when called:    3
 This function calls:
		Nothing
 This function is called by:
		_LTC6804_adcv
		_LTC6804_rdcv
		_spi_write_array
		_spi_write_read
		_SPI2_Exchange8bitBuffer
 This function uses a non-reentrant model


 *************** function _pec15_calc *****************
 Defined at:
		line 1178 in file "LT6804.c"
 Parameters:    Size  Location     Type
  len             2   34[COMRAM] int 
  data            2   36[COMRAM] PTR int 
		 -> RAM(1535), LTC6804_rdcfg@cmd(8), LTC6804_wrcfg@cmd(200), LTC6804_clraux@cmd(8), 
		 -> LTC6804_clrcell@cmd(8), LTC6804_rdStat_reg@cmd(8), LTC6804_rdStat@data(150), LTC6804_rdaux_reg@cmd(8), 
		 -> LTC6804_rdcv_reg@cmd(8), LTC6804_rdcv@cell_data(20), ADSTAT(4), ADAX(4), 
		 -> ADCV(4), LTC6804_DATA_ConfigBank(12), 
 Auto vars:     Size  Location     Type
  remainder       2   45[COMRAM] int 
  addr            2   43[COMRAM] int 
 Return value:  Size  Location     Type
                  2   34[COMRAM] int 
 Registers used:
		wreg, fsr2l, fsr2h, status,2, status,0, tblptrl, tblptrh, tblptru
 Tracked objects:
		On entry : 
		On exit  : 
		Unchanged: 
 Data sizes:     COMRAM   BANK0   BANK1   BANK2   BANK3   BANK4   BANK5
      Params:         4       0       0       0       0       0       0
      Locals:         4       0       0       0       0       0       0
      Temps:          5       0       0       0       0       0       0
      Totals:        13       0       0       0       0       0       0
Total ram usage:       13 bytes
 Hardware stack levels used:    1
 Hardware stack levels required when called:    3
 This function calls:
		Nothing
 This function is called by:
		_LTC6804_adcv
		_LTC6804_rdcv
		_LTC6804_rdcv_reg
		_LTC6804_wrcfg
		_LTC6804_adax
		_LTC6804_ADSTAT
		_LTC6804_rdaux
		_LTC6804_rdaux_reg
		_LTC6804_rdStat
		_LTC6804_rdStat_reg
		_LTC6804_clrcell
		_LTC6804_clraux
		_LTC6804_rdcfg
 This function uses a non-reentrant model


 *************** function _Delay *****************
 Defined at:
		line 9 in file "Functions.c"
 Parameters:    Size  Location     Type
  wait            2   14[COMRAM] int 
 Auto vars:     Size  Location     Type
  x               2   17[COMRAM] int 
 Return value:  Size  Location     Type
		None               void
 Registers used:
		wreg, status,2, status,0
 Tracked objects:
		On entry : 
		On exit  : 
		Unchanged: 
 Data sizes:     COMRAM   BANK0   BANK1   BANK2   BANK3   BANK4   BANK5
      Params:         2       0       0       0       0       0       0
      Locals:         2       0       0       0       0       0       0
      Temps:          1       0       0       0       0       0       0
      Totals:         5       0       0       0       0       0       0
Total ram usage:        5 bytes
 Hardware stack levels used:    1
 Hardware stack levels required when called:    3
 This function calls:
		Nothing
 This function is called by:
		_main
		_Read_Battery
		_addressFault
 This function uses a non-reentrant model


 *************** function _INTERRUPT_InterruptManager *****************
 Defined at:
		line 69 in file "mcc_generated_files/interrupt_manager.c"
 Parameters:    Size  Location     Type
		None
 Auto vars:     Size  Location     Type
		None
 Return value:  Size  Location     Type
		None               void
 Registers used:
		wreg, fsr2l, fsr2h, status,2, status,0, prodl, prodh, cstack
 Tracked objects:
		On entry : 
		On exit  : 
		Unchanged: 
 Data sizes:     COMRAM   BANK0   BANK1   BANK2   BANK3   BANK4   BANK5
      Params:         0       0       0       0       0       0       0
      Locals:         0       0       0       0       0       0       0
      Temps:         14       0       0       0       0       0       0
      Totals:        14       0       0       0       0       0       0
Total ram usage:       14 bytes
 Hardware stack levels used:    1
 Hardware stack levels required when called:    2
 This function calls:
		_ADC_ISR
		_EUSART1_Receive_ISR
		_EUSART1_Transmit_ISR
		_TMR0_ISR
 This function is called by:
		Interrupt level 2
 This function uses a non-reentrant model


 *************** function _TMR0_ISR *****************
 Defined at:
		line 131 in file "mcc_generated_files/tmr0.c"
 Parameters:    Size  Location     Type
		None
 Auto vars:     Size  Location     Type
		None
 Return value:  Size  Location     Type
		None               void
 Registers used:
		wreg, status,2, cstack
 Tracked objects:
		On entry : 
		On exit  : 
		Unchanged: 
 Data sizes:     COMRAM   BANK0   BANK1   BANK2   BANK3   BANK4   BANK5
      Params:         0       0       0       0       0       0       0
      Locals:         0       0       0       0       0       0       0
      Temps:          0       0       0       0       0       0       0
      Totals:         0       0       0       0       0       0       0
Total ram usage:        0 bytes
 Hardware stack levels used:    1
 Hardware stack levels required when called:    1
 This function calls:
		_TMR0_CallBack
 This function is called by:
		_INTERRUPT_InterruptManager
 This function uses a non-reentrant model


 *************** function _TMR0_CallBack *****************
 Defined at:
		line 149 in file "mcc_generated_files/tmr0.c"
 Parameters:    Size  Location     Type
		None
 Auto vars:     Size  Location     Type
		None
 Return value:  Size  Location     Type
		None               void
 Registers used:
		None
 Tracked objects:
		On entry : 
		On exit  : 
		Unchanged: 
 Data sizes:     COMRAM   BANK0   BANK1   BANK2   BANK3   BANK4   BANK5
      Params:         0       0       0       0       0       0       0
      Locals:         0       0       0       0       0       0       0
      Temps:          0       0       0       0       0       0       0
      Totals:         0       0       0       0       0       0       0
Total ram usage:        0 bytes
 Hardware stack levels used:    1
 This function calls:
		Nothing
 This function is called by:
		_TMR0_ISR
 This function uses a non-reentrant model


 *************** function _EUSART1_Transmit_ISR *****************
 Defined at:
		line 167 in file "mcc_generated_files/eusart1.c"
 Parameters:    Size  Location     Type
		None
 Auto vars:     Size  Location     Type
		None
 Return value:  Size  Location     Type
		None               void
 Registers used:
		wreg, fsr2l, fsr2h, status,2, status,0, prodl, prodh
 Tracked objects:
		On entry : 
		On exit  : 
		Unchanged: 
 Data sizes:     COMRAM   BANK0   BANK1   BANK2   BANK3   BANK4   BANK5
      Params:         0       0       0       0       0       0       0
      Locals:         0       0       0       0       0       0       0
      Temps:          0       0       0       0       0       0       0
      Totals:         0       0       0       0       0       0       0
Total ram usage:        0 bytes
 Hardware stack levels used:    1
 This function calls:
		Nothing
 This function is called by:
		_INTERRUPT_InterruptManager
 This function uses a non-reentrant model


 *************** function _EUSART1_Receive_ISR *****************
 Defined at:
		line 186 in file "mcc_generated_files/eusart1.c"
 Parameters:    Size  Location     Type
		None
 Auto vars:     Size  Location     Type
		None
 Return value:  Size  Location     Type
		None               void
 Registers used:
		wreg, fsr2l, fsr2h, status,2, status,0, prodl, prodh
 Tracked objects:
		On entry : 
		On exit  : 
		Unchanged: 
 Data sizes:     COMRAM   BANK0   BANK1   BANK2   BANK3   BANK4   BANK5
      Params:         0       0       0       0       0       0       0
      Locals:         0       0       0       0       0       0       0
      Temps:          0       0       0       0       0       0       0
      Totals:         0       0       0       0       0       0       0
Total ram usage:        0 bytes
 Hardware stack levels used:    1
 This function calls:
		Nothing
 This function is called by:
		_INTERRUPT_InterruptManager
 This function uses a non-reentrant model


 *************** function _ADC_ISR *****************
 Defined at:
		line 128 in file "mcc_generated_files/adc.c"
 Parameters:    Size  Location     Type
		None
 Auto vars:     Size  Location     Type
		None
 Return value:  Size  Location     Type
		None               void
 Registers used:
		None
 Tracked objects:
		On entry : 
		On exit  : 
		Unchanged: 
 Data sizes:     COMRAM   BANK0   BANK1   BANK2   BANK3   BANK4   BANK5
      Params:         0       0       0       0       0       0       0
      Locals:         0       0       0       0       0       0       0
      Temps:          0       0       0       0       0       0       0
      Totals:         0       0       0       0       0       0       0
Total ram usage:        0 bytes
 Hardware stack levels used:    1
 This function calls:
		Nothing
 This function is called by:
		_INTERRUPT_InterruptManager
 This function uses a non-reentrant model



MODULE INFORMATION

Module		Function		Class		Link	Load	Size
C:\Program Files (x86)\Microchip\xc8\v1.35\sources\common\awdiv.c
		___awdiv       		CODE           	28BC	0000	133

C:\Program Files (x86)\Microchip\xc8\v1.35\sources\common\awdiv.c estimated size: 133

C:\Program Files (x86)\Microchip\xc8\v1.35\sources\common\ftadd.c
		___ftadd       		CODE           	1D24	0000	535

C:\Program Files (x86)\Microchip\xc8\v1.35\sources\common\ftadd.c estimated size: 535

LT6804.c
		_LTC6804_adcv  		CODE           	2C22	0000	107
		_LTC6804_rdcv  		CODE           	0B92	0000	1367
		_LTC6804_rdcv_reg		CODE           	2194	0000	289
		_LTC6804_wrcfg 		CODE           	1874	0000	619
		_spi_write_read		CODE           	29C2	0000	131
		_wakeup_idle   		CODE           	31A6	0000	19
		_set_adc       		CODE           	24C4	0000	221
		_pec15_calc    		CODE           	2700	0000	165
		_spi_write_array		CODE           	2F3C	0000	61

LT6804.c estimated size: 2979

C:\Program Files (x86)\Microchip\xc8\v1.35\sources\common\isdigit.c
		_isdigit       		CODE           	313E	0000	31

C:\Program Files (x86)\Microchip\xc8\v1.35\sources\common\isdigit.c estimated size: 31

C:\Program Files (x86)\Microchip\xc8\v1.35\sources\common\ftge.c
		___ftge        		CODE           	27A4	0000	145

C:\Program Files (x86)\Microchip\xc8\v1.35\sources\common\ftge.c estimated size: 145

mcc_generated_files/interrupt_manager.c
		_INTERRUPT_Initialize		CODE           	31F4	0000	13
		_INTERRUPT_InterruptManager		CODE           	0008	0000	165

mcc_generated_files/interrupt_manager.c estimated size: 178

mcc_generated_files/tmr0.c
		_TMR0_CallBack 		CODE           	321E	0000	3
		_TMR0_StartTimer		CODE           	3216	0000	5
		_TMR0_ISR      		CODE           	31C8	0000	17
		_TMR0_Initialize		CODE           	307C	0000	45

mcc_generated_files/tmr0.c estimated size: 70

mcc_generated_files/pin_manager.c
		_PIN_MANAGER_Initialize		CODE           	2B42	0000	113

mcc_generated_files/pin_manager.c estimated size: 113

C:\Program Files (x86)\Microchip\xc8\v1.35\sources\common\ftneg.c
		___ftneg       		CODE           	311A	0000	37

C:\Program Files (x86)\Microchip\xc8\v1.35\sources\common\ftneg.c estimated size: 37

C:\Program Files (x86)\Microchip\xc8\v1.35\sources\common\awtoft.c
		___awtoft      		CODE           	2FB0	0000	57

C:\Program Files (x86)\Microchip\xc8\v1.35\sources\common\awtoft.c estimated size: 57

C:\Program Files (x86)\Microchip\xc8\v1.35\sources\common\ftsub.c
		___ftsub       		CODE           	2D4E	0000	77

C:\Program Files (x86)\Microchip\xc8\v1.35\sources\common\ftsub.c estimated size: 77

C:\Program Files (x86)\Microchip\xc8\v1.35\sources\common\float.c
		___ftpack      		CODE           	2652	0000	175

C:\Program Files (x86)\Microchip\xc8\v1.35\sources\common\float.c estimated size: 175

mcc_generated_files/adc.c
		_ADC_Initialize		CODE           	3178	0000	25
		_ADC_ISR       		CODE           	321A	0000	5

mcc_generated_files/adc.c estimated size: 30

BatteryManagment.c
		_Set_ADC_Mode  		CODE           	2DE4	0000	75
		_UpdateLT6804  		CODE           	3190	0000	23
		_SetTempEnable 		CODE           	2E2E	0000	75
		_Initalize_LT6804b		CODE           	2834	0000	137
		_Set_REFON_Pin 		CODE           	2D9A	0000	75
		_Set_DCTO_Mode_OFF		CODE           	2E78	0000	71
		_Start_BMS     		CODE           	3210	0000	7
		_Run_Mode      		CODE           	25A0	0000	179
		_Read_Battery  		CODE           	14D8	0000	925
		_Set_DCC_Mode_OFF		CODE           	2A44	0000	129

BatteryManagment.c estimated size: 1696

C:\Program Files (x86)\Microchip\xc8\v1.35\sources\common\doprnt.c
		_scale         		CODE           	10E8	0000	1009
		_printf        		CODE           	00B0	0000	2787
		_fround        		CODE           	1ADE	0000	583

C:\Program Files (x86)\Microchip\xc8\v1.35\sources\common\doprnt.c estimated size: 4379

C:\Program Files (x86)\Microchip\xc8\v1.35\sources\common\llmod.c
		___llmod       		CODE           	2C8C	0000	103

C:\Program Files (x86)\Microchip\xc8\v1.35\sources\common\llmod.c estimated size: 103

C:\Program Files (x86)\Microchip\xc8\v1.35\sources\common\lltoft.c
		___lltoft      		CODE           	2CF2	0000	93

C:\Program Files (x86)\Microchip\xc8\v1.35\sources\common\lltoft.c estimated size: 93

Functions.c
		_DelayMicro    		CODE           	30A8	0000	41
		_Delay         		CODE           	2FE8	0000	53

Functions.c estimated size: 94

Main.c
		_main          		CODE           	2EBE	0000	65

Main.c estimated size: 65

shared
		exp@coeff      		MEDIUMCONST    	7FA7	0000	31
		__powers_      		MEDIUMCONST    	7F80	0000	40
		_dpowers       		MEDIUMCONST    	7F31	0000	41
		__npowers_     		MEDIUMCONST    	7F59	0000	40
		__initialization		CODE           	2AC4	0000	113
		LT6804@crc15Table		MEDIUMCONST    	7B31	0000	513
		_crc15Table    		MEDIUMCONST    	0000	0000	0
		log@coeff      		MEDIUMCONST    	7FC5	0000	28

shared estimated size: 806

mcc_generated_files/eusart1.c
		_EUSART1_Initialize		CODE           	2F78	0000	57
		_putch         		CODE           	3200	0000	11
		_EUSART1_Write 		CODE           	2EFE	0000	63
		_EUSART1_Receive_ISR		CODE           	304E	0000	47
		_EUSART1_Transmit_ISR		CODE           	301C	0000	51

mcc_generated_files/eusart1.c estimated size: 229

mcc_generated_files/mcc.c
		_OSCILLATOR_Initialize		CODE           	31E6	0000	15
		_SYSTEM_Initialize		CODE           	30F6	0000	37

mcc_generated_files/mcc.c estimated size: 52

C:\Program Files (x86)\Microchip\xc8\v1.35\sources\common\ftmul.c
		___ftmul       		CODE           	23D0	0000	245

C:\Program Files (x86)\Microchip\xc8\v1.35\sources\common\ftmul.c estimated size: 245

C:\Program Files (x86)\Microchip\xc8\v1.35\sources\common\awmod.c
		___awmod       		CODE           	2BB2	0000	113

C:\Program Files (x86)\Microchip\xc8\v1.35\sources\common\awmod.c estimated size: 113

C:\Program Files (x86)\Microchip\xc8\v1.35\sources\common\ftdivl.c
		__tdiv_to_l_   		CODE           	1F3A	0000	307

C:\Program Files (x86)\Microchip\xc8\v1.35\sources\common\ftdivl.c estimated size: 307

mcc_generated_files/spi2.c
		_SPI2_Exchange8bit		CODE           	315C	0000	29
		_SPI2_Initialize		CODE           	31D8	0000	15

mcc_generated_files/spi2.c estimated size: 44

C:\Program Files (x86)\Microchip\xc8\v1.35\sources\common\Umul16.c
		___wmul        		CODE           	30D0	0000	39

C:\Program Files (x86)\Microchip\xc8\v1.35\sources\common\Umul16.c estimated size: 39

C:\Program Files (x86)\Microchip\xc8\v1.35\sources\common\lldiv.c
		___lldiv       		CODE           	2940	0000	131

C:\Program Files (x86)\Microchip\xc8\v1.35\sources\common\lldiv.c estimated size: 131

C:\Program Files (x86)\Microchip\xc8\v1.35\sources\common\fldivl.c
		__div_to_l_    		CODE           	206C	0000	297

C:\Program Files (x86)\Microchip\xc8\v1.35\sources\common\fldivl.c estimated size: 297

C:\Program Files (x86)\Microchip\xc8\v1.35\sources\common\fttol.c
		___fttol       		CODE           	22B4	0000	285

C:\Program Files (x86)\Microchip\xc8\v1.35\sources\common\fttol.c estimated size: 285

