Microchip MPLAB XC8 Compiler V1.40 ()

Linker command line:

--edf=C:\Program Files (x86)\Microchip\xc8\v1.40\dat\en_msgs.txt -cs \
  -h+dist/default/production\BMS-LV.X.production.sym \
  --cmf=dist/default/production\BMS-LV.X.production.cmf -z -Q18F45K22 \
  -oC:\Users\Rick\AppData\Local\Temp\s7tk.2 \
  -Mdist/default/production/BMS-LV.X.production.map -E1 -ver=XC8 \
  -ASTACK=02E8h-05ffh -pstack=STACK -ACODE=00h-07FFFh -ACONST=00h-07FFFh \
  -ASMALLCONST=0600h-06FFhx122 -AMEDIUMCONST=0600h-07FFFh -ACOMRAM=01h-05Fh \
  -AABS1=00h-05FFh -ABIGRAM=01h-05FFh -ARAM=060h-0FFh,0100h-01FFhx5 \
  -ABANK0=060h-0FFh -ABANK1=0100h-01FFh -ABANK2=0200h-02FFh \
  -ABANK3=0300h-03FFh -ABANK4=0400h-04FFh -ABANK5=0500h-05FFh \
  -ASFR=0F38h-0F5Fh,0F60h-0FFFh \
  -preset_vec=00h,intcode=08h,intcodelo,powerup,init -pramtop=0600h \
  -psmallconst=SMALLCONST -pmediumconst=MEDIUMCONST -pconst=CONST \
  -AFARRAM=00h-00h -ACONFIG=0300000h-030000Dh -pconfig=CONFIG \
  -AIDLOC=0200000h-0200007h -pidloc=IDLOC -AEEDATA=0F00000h-0F000FFh \
  -peeprom_data=EEDATA \
  -prdata=COMRAM,nvrram=COMRAM,nvbit=COMRAM,rbss=COMRAM,rbit=COMRAM \
  -pfarbss=FARRAM,fardata=FARRAM,nvFARRAM=FARRAM \
  -pintsave_regs=BIGRAM,bigbss=BIGRAM,bigdata=BIGRAM -pbss=RAM \
  -pidata=CODE,irdata=CODE,ibigdata=CODE,ifardata=CODE -prparam=COMRAM \
  C:\Users\Rick\AppData\Local\Temp\s7tk.obj \
  dist/default/production\BMS-LV.X.production.obj 

Object code version is 3.11

Machine type is 18F45K22

Call graph: (short form)




                Name                               Link     Load   Length Selector   Space Scale
C:\Users\Rick\AppData\Local\Temp\s7tk.obj
                init                                 AC       AC        4        4       0
                reset_vec                             0        0        4        0       0
                idloc                            200000   200000        8   200000       0
                config                           300000   300000        E   300000       0
dist/default/production\BMS-LV.X.production.obj
                intcode                               8        8       A4        4       0
                temp                                 51       51        1        1       1
                mediumconst                        7AF2     7AF2      50E     3D79       0
                text73                             3F2E     3F2E        4        4       0
                text72                             3D34     3D34       2E        4       0
                text71                             3CA4     3CA4       32        4       0
                text70                             3F32     3F32        2        4       0
                text69                             3ED2     3ED2       10        4       0
                text67                             3CD6     3CD6       30        4       0
                text66                             31D6     31D6       AE        4       0
                text65                             3C38     3C38       38        4       0
                text64                             1B7A     1B7A      268        4       0
                text63                             2DAA     2DAA       E6        4       0
                text62                             2CB6     2CB6       F4        4       0
                text61                             2580     2580      144        4       0
                text60                             3DB6     3DB6       26        4       0
                text59                             2268     2268      1D4        4       0
                text58                             3E24     3E24       24        4       0
                text57                             3044     3044       CA        4       0
                text56                             3C70     3C70       34        4       0
                text55                             3284     3284       A4        4       0
                text54                             3E66     3E66       1C        4       0
                text53                             3BC2     3BC2       3C        4       0
                text52                             38A8     38A8       6A        4       0
                text51                             35DC     35DC       82        4       0
                text50                             3D8E     3D8E       28        4       0
                text49                             3EB0     3EB0       12        4       0
                text48                             2B96     2B96      120        4       0
                text47                              C08      C08      556        4       0
                text46                             2E90     2E90       DC        4       0
                text45                             1574     1574      39C        4       0
                text44                             2804     2804      138        4       0
                text43                             39D4     39D4       4C        4       0
                text42                             2F6C     2F6C       D8        4       0
                text41                             33BE     33BE       90        4       0
                text40                             26C4     26C4      140        4       0
                text39                             2030     2030      238        4       0
                text38                             383C     383C       6C        4       0
                text37                             3F14     3F14        A        4       0
                text36                             310E     310E       C8        4       0
                text35                             3E00     3E00       24        4       0
                text34                             355A     355A       82        4       0
                text33                             3912     3912       66        4       0
                text32                             3978     3978       5C        4       0
                text31                             2A6E     2A6E      128        4       0
                text30                             293C     293C      132        4       0
                text29                             34D6     34D6       84        4       0
                text28                             37CC     37CC       70        4       0
                text27                             1DE2     1DE2      24E        4       0
                text26                             3E48     3E48       1E        4       0
                text25                             3B84     3B84       3E        4       0
                text24                             3F0A     3F0A        A        4       0
                text23                             115E     115E      416        4       0
                text22                               B0       B0      B58        4       0
                text21                             3328     3328       96        4       0
                text20                             3D06     3D06       2E        4       0
                text19                             243C     243C      144        4       0
                text18                             3E82     3E82       18        4       0
                text17                             3BFE     3BFE       3A        4       0
                text16                             3EFE     3EFE        C        4       0
                text15                             3EF0     3EF0        E        4       0
                text14                             375C     375C       70        4       0
                text13                             3EE2     3EE2        E        4       0
                text12                             3F2A     3F2A        4        4       0
                text11                             3D62     3D62       2C        4       0
                text10                             3DDC     3DDC       24        4       0
                text9                              3AB4     3AB4       4A        4       0
                text8                              3A6A     3A6A       4A        4       0
                text7                              365E     365E       80        4       0
                text6                              3AFE     3AFE       46        4       0
                text5                              3A20     3A20       4A        4       0
                text4                              1910     1910      26A        4       0
                text3                              3E9A     3E9A       16        4       0
                text2                              344E     344E       88        4       0
                text1                              3F24     3F24        6        4       0
                text0                              3B44     3B44       40        4       0
                cstackCOMRAM                          1        1       42        1       1
                cstackBANK0                          60       60       59       60       1
                cstackBANK1                         100      100       CE      100       1
                dataBANK2                           2D8      2D8       10      200       1
                bssBANK2                            200      200       D8      200       1
                bssBANK1                            1CE      1CE       32      100       1
                dataBANK0                            EE       EE        6       60       1
                bssBANK0                             B9       B9       35       60       1
                bssCOMRAM                            43       43        C        1       1
                cinit                              36DE     36DE       7E        4       0
                nvBANK0                              F4       F4        1       60       1
                nvCOMRAM                             4F       4F        2        1       1
                idataBANK2                         3EC2     3EC2       10        4       0
                idataBANK0                         3F1E     3F1E        6        4       0

TOTAL           Name                               Link     Load   Length     Space
        CLASS   STACK          

        CLASS   CODE           
                intcode                               8        8       A4         0
                init                                 AC       AC        4         0
                reset_vec                             0        0        4         0
                text73                             3F2E     3F2E        4         0
                text72                             3D34     3D34       2E         0
                text71                             3CA4     3CA4       32         0
                text70                             3F32     3F32        2         0
                text69                             3ED2     3ED2       10         0
                text67                             3CD6     3CD6       30         0
                text66                             31D6     31D6       AE         0
                text65                             3C38     3C38       38         0
                text64                             1B7A     1B7A      268         0
                text63                             2DAA     2DAA       E6         0
                text62                             2CB6     2CB6       F4         0
                text61                             2580     2580      144         0
                text60                             3DB6     3DB6       26         0
                text59                             2268     2268      1D4         0
                text58                             3E24     3E24       24         0
                text57                             3044     3044       CA         0
                text56                             3C70     3C70       34         0
                text55                             3284     3284       A4         0
                text54                             3E66     3E66       1C         0
                text53                             3BC2     3BC2       3C         0
                text52                             38A8     38A8       6A         0
                text51                             35DC     35DC       82         0
                text50                             3D8E     3D8E       28         0
                text49                             3EB0     3EB0       12         0
                text48                             2B96     2B96      120         0
                text47                              C08      C08      556         0
                text46                             2E90     2E90       DC         0
                text45                             1574     1574      39C         0
                text44                             2804     2804      138         0
                text43                             39D4     39D4       4C         0
                text42                             2F6C     2F6C       D8         0
                text41                             33BE     33BE       90         0
                text40                             26C4     26C4      140         0
                text39                             2030     2030      238         0
                text38                             383C     383C       6C         0
                text37                             3F14     3F14        A         0
                text36                             310E     310E       C8         0
                text35                             3E00     3E00       24         0
                text34                             355A     355A       82         0
                text33                             3912     3912       66         0
                text32                             3978     3978       5C         0
                text31                             2A6E     2A6E      128         0
                text30                             293C     293C      132         0
                text29                             34D6     34D6       84         0
                text28                             37CC     37CC       70         0
                text27                             1DE2     1DE2      24E         0
                text26                             3E48     3E48       1E         0
                text25                             3B84     3B84       3E         0
                text24                             3F0A     3F0A        A         0
                text23                             115E     115E      416         0
                text22                               B0       B0      B58         0
                text21                             3328     3328       96         0
                text20                             3D06     3D06       2E         0
                text19                             243C     243C      144         0
                text18                             3E82     3E82       18         0
                text17                             3BFE     3BFE       3A         0
                text16                             3EFE     3EFE        C         0
                text15                             3EF0     3EF0        E         0
                text14                             375C     375C       70         0
                text13                             3EE2     3EE2        E         0
                text12                             3F2A     3F2A        4         0
                text11                             3D62     3D62       2C         0
                text10                             3DDC     3DDC       24         0
                text9                              3AB4     3AB4       4A         0
                text8                              3A6A     3A6A       4A         0
                text7                              365E     365E       80         0
                text6                              3AFE     3AFE       46         0
                text5                              3A20     3A20       4A         0
                text4                              1910     1910      26A         0
                text3                              3E9A     3E9A       16         0
                text2                              344E     344E       88         0
                text1                              3F24     3F24        6         0
                text0                              3B44     3B44       40         0
                cinit                              36DE     36DE       7E         0
                idataBANK2                         3EC2     3EC2       10         0
                idataBANK0                         3F1E     3F1E        6         0

        CLASS   CONST          

        CLASS   SMALLCONST     

        CLASS   MEDIUMCONST    
                mediumconst                        7AF2     7AF2      50E         0

        CLASS   COMRAM         
                temp                                 51       51        1         1
                cstackCOMRAM                          1        1       42         1
                bssCOMRAM                            43       43        C         1
                nvCOMRAM                             4F       4F        2         1

        CLASS   ABS1           

        CLASS   BIGRAM         

        CLASS   RAM            

        CLASS   BANK0          
                cstackBANK0                          60       60       59         1
                dataBANK0                            EE       EE        6         1
                bssBANK0                             B9       B9       35         1
                nvBANK0                              F4       F4        1         1

        CLASS   BANK1          
                cstackBANK1                         100      100       CE         1
                bssBANK1                            1CE      1CE       32         1

        CLASS   BANK2          
                dataBANK2                           2D8      2D8       10         1
                bssBANK2                            200      200       D8         1

        CLASS   BANK3          

        CLASS   BANK4          

        CLASS   BANK5          

        CLASS   SFR            

        CLASS   FARRAM         

        CLASS   CONFIG         
                config                           300000   300000        E         0

        CLASS   IDLOC          
                idloc                            200000   200000        8         0

        CLASS   EEDATA         



SEGMENTS        Name                           Load    Length   Top    Selector   Space  Class

                reset_vec                      000000  000004  000004         0       0  CODE    
                cstackCOMRAM                   000001  000051  000052         1       1  COMRAM  
                intcode                        000008  003F2C  003F34         4       0  CODE    
                cstackBANK0                    000060  000095  0000F5        60       1  BANK0   
                cstackBANK1                    000100  000100  000200       100       1  BANK1   
                bssBANK2                       000200  0000E8  0002E8       200       1  BANK2   
                mediumconst                    007AF2  00050E  008000      3D79       0  MEDIUMCO
                idloc                          200000  000008  200008    200000       0  IDLOC   
                config                         300000  00000E  30000E    300000       0  CONFIG  


UNUSED ADDRESS RANGES

        Name                Unused          Largest block    Delta
        BANK0            0000F5-0000FF                B
        BANK2            0002E8-0002FF               18
        BANK3            000300-0003FF              100
        BANK4            000400-0004FF              100
        BANK5            000500-0005FF              100
        BIGRAM           000052-00005F                E
                         0000F5-0000FF                B
                         0002E8-0005FF              318
        CODE             000004-000007                4
                         003F34-007AF1             3BBE
        COMRAM           000052-00005F                E
        CONST            000004-000007                4
                         003F34-007AF1             3BBE
        EEDATA           F00000-F000FF              100
        MEDIUMCONST      003F34-007AF1             3BBE
        RAM              0000F5-0000FF                B
                         0002E8-0005FF              100
        SFR              000F38-000FFF               28
        SMALLCONST       003F34-007AF1              100
        STACK            0002E8-0005FF              318

                                  Symbol Table

?_ADC_GetConversion                  cstackCOMRAM 00000F
?_LTC6804_rdcv                       cstackBANK0  000060
?_ReadCurrent                        cstackBANK0  00008E
?_ReadVoltToCurrent                  cstackBANK0  000085
?_Read_Battery                       cstackBANK0  000098
?_Tempeture_Get                      cstackCOMRAM 000023
?___awdiv                            cstackCOMRAM 000015
?___awmod                            cstackCOMRAM 00000F
?___awtoft                           cstackCOMRAM 000017
?___ftadd                            cstackBANK0  00006A
?___ftdiv                            cstackCOMRAM 000023
?___ftmul                            cstackCOMRAM 000032
?___ftneg                            cstackCOMRAM 00000F
?___ftpack                           cstackCOMRAM 00000F
?___ftsub                            cstackBANK0  000076
?___fttol                            cstackBANK0  000076
?___lldiv                            cstackCOMRAM 00000F
?___llmod                            cstackCOMRAM 00001C
?___lltoft                           cstackCOMRAM 000017
?___lwtoft                           cstackCOMRAM 000017
?___wmul                             cstackCOMRAM 00001D
?__div_to_l_                         cstackCOMRAM 00000F
?__tdiv_to_l_                        cstackCOMRAM 00000F
?_eval_poly                          cstackBANK0  000076
?_frexp                              cstackCOMRAM 00000F
?_fround                             cstackBANK0  000060
?_log                                cstackBANK0  000080
?_pec15_calc                         cstackCOMRAM 000023
?_printf                             cstackBANK0  00009F
?_scale                              cstackBANK0  000060
ADC_GetConversion@channel            cstackCOMRAM 000013
Delay@wait                           cstackCOMRAM 00000F
Delay@x                              cstackCOMRAM 000012
DelayMicro@wait                      cstackCOMRAM 00000F
DelayMicro@x                         cstackCOMRAM 000012
EUSART1_Write@txData                 cstackCOMRAM 00000F
Initalize_LT6804b@IC                 cstackCOMRAM 000036
LT6804@crc15Table                    mediumconst  007AF3
LTC6804_adcv@cmd                     cstackCOMRAM 000032
LTC6804_adcv@temp_pec                cstackCOMRAM 00003A
LTC6804_rdcv@BYT_IN_REG              cstackBANK0  000088
LTC6804_rdcv@CELL_IN_REG             cstackBANK0  000092
LTC6804_rdcv@NUM_RX_BYT              cstackBANK0  000086
LTC6804_rdcv@cell_codes              cstackBANK0  000064
LTC6804_rdcv@cell_data               cstackBANK0  00006E
LTC6804_rdcv@cell_reg                cstackBANK0  000090
LTC6804_rdcv@current_cell            cstackBANK0  000094
LTC6804_rdcv@data_counter            cstackBANK0  000096
LTC6804_rdcv@data_pec                cstackBANK0  00008E
LTC6804_rdcv@hi                      cstackBANK0  00006C
LTC6804_rdcv@parsed_cell             cstackBANK0  00008A
LTC6804_rdcv@pec_error               cstackBANK0  000084
LTC6804_rdcv@received_pec            cstackBANK0  00008C
LTC6804_rdcv@reg                     cstackBANK0  000060
LTC6804_rdcv@total_ic                cstackBANK0  000062
LTC6804_rdcv_reg@cmd                 cstackCOMRAM 00003A
LTC6804_rdcv_reg@data                cstackCOMRAM 000034
LTC6804_rdcv_reg@reg                 cstackCOMRAM 000030
LTC6804_rdcv_reg@temp_pec            cstackCOMRAM 000038
LTC6804_rdcv_reg@total_ic            cstackCOMRAM 000032
LTC6804_wrcfg@BYTES_IN_REG           cstackBANK1  0001C8
LTC6804_wrcfg@cmd                    cstackBANK1  000100
LTC6804_wrcfg@cmd_index              cstackBANK1  0001CC
LTC6804_wrcfg@config                 cstackCOMRAM 000032
LTC6804_wrcfg@temp_pec               cstackBANK1  0001CA
LTC6804_wrcfg@total_ic               cstackCOMRAM 000030
ReadCurrent@Return                   cstackBANK0  000091
ReadCurrent@i                        cstackBANK0  000094
ReadVoltToCurrent@CurrentTotal       cstackBANK0  00008B
Read_Battery@BatteryPlacement        cstackBANK0  000098
Read_Battery@Read_Status             cstackBANK0  00009E
Read_Battery@cell_codes              cstackBANK0  00009A
Run_Mode@k                           cstackBANK0  0000B2
SPI2_Exchange8bit@data               cstackCOMRAM 000010
SPI2_Exchange8bit@stuff              cstackCOMRAM 00000F
SetTempEnable@fault_value            cstackCOMRAM 000028
SetTempEnable@ic                     cstackCOMRAM 000023
SetTempEnable@value                  cstackCOMRAM 000025
Set_ADC_Mode@ADCOPT_Mode             cstackCOMRAM 000025
Set_ADC_Mode@fault_value             cstackCOMRAM 000028
Set_ADC_Mode@ic                      cstackCOMRAM 000023
Set_DCC_Mode_OFF@fault_value         cstackCOMRAM 000027
Set_DCC_Mode_OFF@ic                  cstackCOMRAM 000023
Set_DCTO_Mode_OFF@fault_value        cstackCOMRAM 000027
Set_DCTO_Mode_OFF@ic                 cstackCOMRAM 000023
Set_REFON_Pin@REFON_Mode             cstackCOMRAM 000025
Set_REFON_Pin@fault_value            cstackCOMRAM 000028
Set_REFON_Pin@ic                     cstackCOMRAM 000023
Temp_Convert@steinhart               cstackBANK0  00008D
Temp_Convert@x                       cstackBANK0  00008B
Temp_Fault@fault                     cstackBANK0  0000AC
Temp_Fault@i                         cstackBANK0  0000AD
Temp_Filter@x                        cstackCOMRAM 000041
Tempeture_Get@channelnum             cstackCOMRAM 000023
_ADAX                                bssBANK0     0000E2
_ADCON0                              (abs)        000FC2
_ADCON0bits                          (abs)        000FC2
_ADCON1                              (abs)        000FC1
_ADCON2                              (abs)        000FC0
_ADCV                                bssBANK0     0000E6
_ADC_GetConversion                   text67       003CD6
_ADC_ISR                             text73       003F2E
_ADC_Initialize                      text18       003E82
_ADRESH                              (abs)        000FC4
_ADRESL                              (abs)        000FC3
_ADSTAT                              bssBANK0     0000EA
_ANSELA                              (abs)        000F38
_ANSELB                              (abs)        000F39
_ANSELC                              (abs)        000F3A
_ANSELD                              (abs)        000F3B
_ANSELE                              (abs)        000F3C
_Aux_codes_Bank                      bssBANK2     00026C
_Aux_data                            bssBANK2     000278
_BAUDCON1                            (abs)        000FB8
_CC1                                 bssBANK0     0000C5
_CC2                                 bssBANK0     0000C8
_CC3                                 bssBANK0     0000CB
_CFGR0                               bssCOMRAM    000047
_CFGR1                               bssBANK1     0001E1
_CFGR2                               bssBANK1     0001E2
_CFGR3                               bssBANK1     0001E3
_CFGR4                               bssCOMRAM    000048
_CFGR5                               bssCOMRAM    000049
_CVolt                               bssBANK2     000248
_CarOn                               dataBANK0    0000F2
_Current                             bssBANK0     0000B9
_CurrentDir                          dataBANK0    0000F3
_CurrentOffset                       bssBANK2     00025A
_Delay                               text56       003C70
_DelayMicro                          text50       003D8E
_EUSART1_Initialize                  text17       003BFE
_EUSART1_Receive_ISR                 text72       003D34
_EUSART1_Transmit_ISR                text71       003CA4
_EUSART1_Write                       text25       003B84
_INTCON2bits                         (abs)        000FF1
_INTCONbits                          (abs)        000FF2
_INTERRUPT_Initialize                text16       003EFE
_INTERRUPT_InterruptManager          intcode      000008
_IPR1bits                            (abs)        000F9F
_Initalize_LT6804b                   text2        00344E
_LATA                                (abs)        000F89
_LATAbits                            (abs)        000F89
_LATB                                (abs)        000F8A
_LATC                                (abs)        000F8B
_LATCbits                            (abs)        000F8B
_LATD                                (abs)        000F8C
_LATD3                               (abs)        007C63
_LATD6                               (abs)        007C66
_LATE                                (abs)        000F8D
_LTC6804_DATA_ConfigBank             bssBANK1     0001F4
_LTC6804_adcv                        text52       0038A8
_LTC6804_rdcv                        text47       000C08
_LTC6804_rdcv$2734                   cstackBANK0  000082
_LTC6804_rdcv_reg                    text48       002B96
_LTC6804_wrcfg                       text4        001910
_OSCCON                              (abs)        000FD3
_OSCCON2                             (abs)        000FD2
_OSCILLATOR_Initialize               text15       003EF0
_OSCTUNE                             (abs)        000F9B
_Over_Voltage_Value                  dataBANK0    0000EE
_PIE1bits                            (abs)        000F9D
_PIN_MANAGER_Initialize              text14       00375C
_PIR1bits                            (abs)        000F9E
_PrevTemp_DegF                       bssBANK2     000200
_RCONbits                            (abs)        000FD0
_RCREG1                              (abs)        000FAE
_RCSTA1                              (abs)        000FAB
_RCSTA1bits                          (abs)        000FAB
_ReadCurrent                         text57       003044
_ReadVoltToCurrent                   text59       002268
_ReadVoltToCurrent$2733              cstackBANK0  000088
_Read_Battery                        text45       001574
_Read_Status_INC                     bssBANK0     0000D4
_Run_Mode                            text19       00243C
_Run_Mode$2728                       cstackBANK0  0000AF
_SLRCON                              (abs)        000F60
_SPBRG1                              (abs)        000FAF
_SPBRGH1                             (abs)        000FB0
_SPI2_Exchange8bit                   text54       003E66
_SPI2_Initialize                     text13       003EE2
_SSP2ADD                             (abs)        000F6E
_SSP2BUF                             (abs)        000F6F
_SSP2CON1                            (abs)        000F6C
_SSP2CON1bits                        (abs)        000F6C
_SSP2STAT                            (abs)        000F6D
_SSP2STATbits                        (abs)        000F6D
_SYSTEM_Initialize                   text10       003DDC
_SetTempEnable                       text9        003AB4
_Set_ADC_Mode                        text8        003A6A
_Set_DCC_Mode_OFF                    text7        00365E
_Set_DCTO_Mode_OFF                   text6        003AFE
_Set_REFON_Pin                       text5        003A20
_Start_BMS                           text1        003F24
_Stat_codes_Bank                     bssBANK2     000284
_T0CON                               (abs)        000FD5
_T0CONbits                           (abs)        000FD5
_TMR0H                               (abs)        000FD7
_TMR0L                               (abs)        000FD6
_TMR0_CallBack                       text70       003F32
_TMR0_ISR                            text69       003ED2
_TMR0_Initialize                     text11       003D62
_TMR0_StartTimer                     text12       003F2A
_TRISA                               (abs)        000F92
_TRISB                               (abs)        000F93
_TRISC                               (abs)        000F94
_TRISD                               (abs)        000F95
_TRISD3                              (abs)        007CAB
_TRISDbits                           (abs)        000F95
_TRISE                               (abs)        000F96
_TXREG1                              (abs)        000FAD
_TXSTA1                              (abs)        000FAC
_TempRun                             text37       003F14
_Temp_Adc                            bssBANK1     0001E4
_Temp_Convert                        text39       002030
_Temp_Convert$2726                   cstackBANK0  000085
_Temp_Convert$2727                   cstackBANK0  000088
_Temp_DegF                           bssBANK2     000218
_Temp_Fault                          text21       003328
_Temp_Filter                         text44       002804
_Temp_Read                           text38       00383C
_Tempeture_Get                       text20       003D06
_TmpTemp_DegF                        bssBANK2     0002A8
_Under_Voltage_Value                 dataBANK0    0000F0
_UpdateLT6804                        text3        003E9A
_Volt1                               bssBANK0     0000CE
_Volt2                               bssBANK1     0001DE
_Voltage_data                        bssBANK2     000230
_WPUB                                (abs)        000F61
__CFG_BOREN$SBORDIS                  (abs)        000000
__CFG_BORV$190                       (abs)        000000
__CFG_CCP2MX$PORTC1                  (abs)        000000
__CFG_CCP3MX$PORTB5                  (abs)        000000
__CFG_CP0$OFF                        (abs)        000000
__CFG_CP1$OFF                        (abs)        000000
__CFG_CP2$OFF                        (abs)        000000
__CFG_CP3$OFF                        (abs)        000000
__CFG_CPB$OFF                        (abs)        000000
__CFG_CPD$OFF                        (abs)        000000
__CFG_DEBUG$OFF                      (abs)        000000
__CFG_EBTR0$OFF                      (abs)        000000
__CFG_EBTR1$OFF                      (abs)        000000
__CFG_EBTR2$OFF                      (abs)        000000
__CFG_EBTR3$OFF                      (abs)        000000
__CFG_EBTRB$OFF                      (abs)        000000
__CFG_FCMEN$OFF                      (abs)        000000
__CFG_FOSC$INTIO67                   (abs)        000000
__CFG_HFOFST$ON                      (abs)        000000
__CFG_IESO$OFF                       (abs)        000000
__CFG_LVP$ON                         (abs)        000000
__CFG_MCLRE$EXTMCLR                  (abs)        000000
__CFG_P2BMX$PORTD2                   (abs)        000000
__CFG_PBADEN$ON                      (abs)        000000
__CFG_PLLCFG$OFF                     (abs)        000000
__CFG_PRICLKEN$ON                    (abs)        000000
__CFG_PWRTEN$OFF                     (abs)        000000
__CFG_STVREN$ON                      (abs)        000000
__CFG_T3CMX$PORTC0                   (abs)        000000
__CFG_WDTEN$OFF                      (abs)        000000
__CFG_WDTPS$32768                    (abs)        000000
__CFG_WRT0$OFF                       (abs)        000000
__CFG_WRT1$OFF                       (abs)        000000
__CFG_WRT2$OFF                       (abs)        000000
__CFG_WRT3$OFF                       (abs)        000000
__CFG_WRTB$OFF                       (abs)        000000
__CFG_WRTC$OFF                       (abs)        000000
__CFG_WRTD$OFF                       (abs)        000000
__CFG_XINST$OFF                      (abs)        000000
__HRAM                               (abs)        000000
__Habs1                              abs1         000000
__Hbank0                             bank0        000000
__Hbank1                             bank1        000000
__Hbank2                             bank2        000000
__Hbank3                             bank3        000000
__Hbank4                             bank4        000000
__Hbank5                             bank5        000000
__Hbigbss                            bigbss       000000
__Hbigdata                           bigdata      000000
__Hbigram                            bigram       000000
__Hbss                               bss          000000
__HbssBANK0                          bssBANK0     000000
__HbssBANK1                          bssBANK1     000000
__HbssBANK2                          bssBANK2     000000
__HbssCOMRAM                         bssCOMRAM    000000
__Hcinit                             cinit        000000
__Hclrtext                           clrtext      000000
__Hcomram                            comram       000000
__Hconfig                            config       30000E
__Hconst                             const        000000
__HcstackBANK0                       cstackBANK0  000000
__HcstackBANK1                       cstackBANK1  000000
__HcstackCOMRAM                      cstackCOMRAM 000000
__Hdata                              data         000000
__HdataBANK0                         dataBANK0    000000
__HdataBANK2                         dataBANK2    000000
__Heeprom_data                       eeprom_data  000000
__Hfarbss                            farbss       000000
__Hfardata                           fardata      000000
__Hibigdata                          ibigdata     000000
__Hidata                             idata        000000
__HidataBANK0                        idataBANK0   000000
__HidataBANK2                        idataBANK2   000000
__Hidloc                             idloc        200008
__Hifardata                          ifardata     000000
__Hinit                              init         0000B0
__Hintcode                           intcode      0000AC
__Hintcode_body                      intcode_body 000000
__Hintcodelo                         intcodelo    0000AC
__Hintentry                          intentry     000000
__Hintret                            intret       000000
__Hintsave_regs                      intsave_regs 000000
__Hirdata                            irdata       000000
__Hmediumconst                       mediumconst  008000
__HnvBANK0                           nvBANK0      000000
__HnvCOMRAM                          nvCOMRAM     000000
__HnvFARRAM                          nvFARRAM     000000
__Hnvbit                             nvbit        000000
__Hnvrram                            nvrram       000000
__Hparam                             rparam       000000
__Hpowerup                           powerup      0000AC
__Hram                               ram          000000
__Hramtop                            ramtop       000600
__Hrbit                              rbit         000000
__Hrbss                              rbss         000000
__Hrdata                             rdata        000000
__Hreset_vec                         reset_vec    000004
__Hrparam                            rparam       000000
__Hsfr                               sfr          000000
__Hsmallconst                        smallconst   000000
__Hspace_0                           (abs)        30000E
__Hspace_1                           (abs)        0002E8
__Hspace_2                           (abs)        000000
__Hstack                             stack        000000
__Hstruct                            struct       000000
__Htemp                              temp         000052
__Htext                              text         000000
__Htext0                             text0        000000
__Htext1                             text1        000000
__Htext10                            text10       000000
__Htext11                            text11       000000
__Htext12                            text12       000000
__Htext13                            text13       000000
__Htext14                            text14       000000
__Htext15                            text15       000000
__Htext16                            text16       000000
__Htext17                            text17       000000
__Htext18                            text18       000000
__Htext19                            text19       000000
__Htext2                             text2        000000
__Htext20                            text20       000000
__Htext21                            text21       000000
__Htext22                            text22       000000
__Htext23                            text23       000000
__Htext24                            text24       000000
__Htext25                            text25       000000
__Htext26                            text26       000000
__Htext27                            text27       000000
__Htext28                            text28       000000
__Htext29                            text29       000000
__Htext3                             text3        000000
__Htext30                            text30       000000
__Htext31                            text31       000000
__Htext32                            text32       000000
__Htext33                            text33       000000
__Htext34                            text34       000000
__Htext35                            text35       000000
__Htext36                            text36       000000
__Htext37                            text37       000000
__Htext38                            text38       000000
__Htext39                            text39       000000
__Htext4                             text4        000000
__Htext40                            text40       000000
__Htext41                            text41       000000
__Htext42                            text42       000000
__Htext43                            text43       000000
__Htext44                            text44       000000
__Htext45                            text45       000000
__Htext46                            text46       000000
__Htext47                            text47       000000
__Htext48                            text48       000000
__Htext49                            text49       000000
__Htext5                             text5        000000
__Htext50                            text50       000000
__Htext51                            text51       000000
__Htext52                            text52       000000
__Htext53                            text53       000000
__Htext54                            text54       000000
__Htext55                            text55       000000
__Htext56                            text56       000000
__Htext57                            text57       000000
__Htext58                            text58       000000
__Htext59                            text59       000000
__Htext6                             text6        000000
__Htext60                            text60       000000
__Htext61                            text61       000000
__Htext62                            text62       000000
__Htext63                            text63       000000
__Htext64                            text64       000000
__Htext65                            text65       000000
__Htext66                            text66       000000
__Htext67                            text67       000000
__Htext69                            text69       000000
__Htext7                             text7        000000
__Htext70                            text70       000000
__Htext71                            text71       000000
__Htext72                            text72       000000
__Htext73                            text73       000000
__Htext8                             text8        000000
__Htext9                             text9        000000
__LRAM                               (abs)        000001
__Labs1                              abs1         000000
__Lbank0                             bank0        000000
__Lbank1                             bank1        000000
__Lbank2                             bank2        000000
__Lbank3                             bank3        000000
__Lbank4                             bank4        000000
__Lbank5                             bank5        000000
__Lbigbss                            bigbss       000000
__Lbigdata                           bigdata      000000
__Lbigram                            bigram       000000
__Lbss                               bss          000000
__LbssBANK0                          bssBANK0     000000
__LbssBANK1                          bssBANK1     000000
__LbssBANK2                          bssBANK2     000000
__LbssCOMRAM                         bssCOMRAM    000000
__Lcinit                             cinit        000000
__Lclrtext                           clrtext      000000
__Lcomram                            comram       000000
__Lconfig                            config       300000
__Lconst                             const        000000
__LcstackBANK0                       cstackBANK0  000000
__LcstackBANK1                       cstackBANK1  000000
__LcstackCOMRAM                      cstackCOMRAM 000000
__Ldata                              data         000000
__LdataBANK0                         dataBANK0    000000
__LdataBANK2                         dataBANK2    000000
__Leeprom_data                       eeprom_data  000000
__Lfarbss                            farbss       000000
__Lfardata                           fardata      000000
__Libigdata                          ibigdata     000000
__Lidata                             idata        000000
__LidataBANK0                        idataBANK0   000000
__LidataBANK2                        idataBANK2   000000
__Lidloc                             idloc        200000
__Lifardata                          ifardata     000000
__Linit                              init         0000AC
__Lintcode                           intcode      000008
__Lintcode_body                      intcode_body 000000
__Lintcodelo                         intcodelo    0000AC
__Lintentry                          intentry     000000
__Lintret                            intret       000000
__Lintsave_regs                      intsave_regs 000000
__Lirdata                            irdata       000000
__Lmediumconst                       mediumconst  007AF2
__LnvBANK0                           nvBANK0      000000
__LnvCOMRAM                          nvCOMRAM     000000
__LnvFARRAM                          nvFARRAM     000000
__Lnvbit                             nvbit        000000
__Lnvrram                            nvrram       000000
__Lparam                             rparam       000000
__Lpowerup                           powerup      0000AC
__Lram                               ram          000000
__Lramtop                            ramtop       000600
__Lrbit                              rbit         000000
__Lrbss                              rbss         000000
__Lrdata                             rdata        000000
__Lreset_vec                         reset_vec    000000
__Lrparam                            rparam       000000
__Lsfr                               sfr          000000
__Lsmallconst                        smallconst   000000
__Lspace_0                           (abs)        000000
__Lspace_1                           (abs)        000000
__Lspace_2                           (abs)        000000
__Lstack                             stack        000000
__Lstruct                            struct       000000
__Ltemp                              temp         000051
__Ltext                              text         000000
__Ltext0                             text0        000000
__Ltext1                             text1        000000
__Ltext10                            text10       000000
__Ltext11                            text11       000000
__Ltext12                            text12       000000
__Ltext13                            text13       000000
__Ltext14                            text14       000000
__Ltext15                            text15       000000
__Ltext16                            text16       000000
__Ltext17                            text17       000000
__Ltext18                            text18       000000
__Ltext19                            text19       000000
__Ltext2                             text2        000000
__Ltext20                            text20       000000
__Ltext21                            text21       000000
__Ltext22                            text22       000000
__Ltext23                            text23       000000
__Ltext24                            text24       000000
__Ltext25                            text25       000000
__Ltext26                            text26       000000
__Ltext27                            text27       000000
__Ltext28                            text28       000000
__Ltext29                            text29       000000
__Ltext3                             text3        000000
__Ltext30                            text30       000000
__Ltext31                            text31       000000
__Ltext32                            text32       000000
__Ltext33                            text33       000000
__Ltext34                            text34       000000
__Ltext35                            text35       000000
__Ltext36                            text36       000000
__Ltext37                            text37       000000
__Ltext38                            text38       000000
__Ltext39                            text39       000000
__Ltext4                             text4        000000
__Ltext40                            text40       000000
__Ltext41                            text41       000000
__Ltext42                            text42       000000
__Ltext43                            text43       000000
__Ltext44                            text44       000000
__Ltext45                            text45       000000
__Ltext46                            text46       000000
__Ltext47                            text47       000000
__Ltext48                            text48       000000
__Ltext49                            text49       000000
__Ltext5                             text5        000000
__Ltext50                            text50       000000
__Ltext51                            text51       000000
__Ltext52                            text52       000000
__Ltext53                            text53       000000
__Ltext54                            text54       000000
__Ltext55                            text55       000000
__Ltext56                            text56       000000
__Ltext57                            text57       000000
__Ltext58                            text58       000000
__Ltext59                            text59       000000
__Ltext6                             text6        000000
__Ltext60                            text60       000000
__Ltext61                            text61       000000
__Ltext62                            text62       000000
__Ltext63                            text63       000000
__Ltext64                            text64       000000
__Ltext65                            text65       000000
__Ltext66                            text66       000000
__Ltext67                            text67       000000
__Ltext69                            text69       000000
__Ltext7                             text7        000000
__Ltext70                            text70       000000
__Ltext71                            text71       000000
__Ltext72                            text72       000000
__Ltext73                            text73       000000
__Ltext8                             text8        000000
__Ltext9                             text9        000000
__S0                                 (abs)        30000E
__S1                                 (abs)        0002E8
__S2                                 (abs)        000000
___awdiv                             text29       0034D6
___awdiv@counter                     cstackCOMRAM 000019
___awdiv@dividend                    cstackCOMRAM 000015
___awdiv@divisor                     cstackCOMRAM 000017
___awdiv@quotient                    cstackCOMRAM 00001B
___awdiv@sign                        cstackCOMRAM 00001A
___awmod                             text28       0037CC
___awmod@counter                     cstackCOMRAM 000013
___awmod@dividend                    cstackCOMRAM 00000F
___awmod@divisor                     cstackCOMRAM 000011
___awmod@sign                        cstackCOMRAM 000014
___awtoft                            text65       003C38
___awtoft@c                          cstackCOMRAM 000017
___awtoft@sign                       cstackCOMRAM 00001A
___ftadd                             text64       001B7A
___ftadd@exp1                        cstackBANK0  000075
___ftadd@exp2                        cstackBANK0  000074
___ftadd@f1                          cstackBANK0  00006A
___ftadd@f2                          cstackBANK0  00006D
___ftadd@sign                        cstackBANK0  000073
___ftdiv                             text63       002DAA
___ftdiv@cntr                        cstackCOMRAM 00002C
___ftdiv@exp                         cstackCOMRAM 000030
___ftdiv@f1                          cstackCOMRAM 000023
___ftdiv@f2                          cstackCOMRAM 000026
___ftdiv@f3                          cstackCOMRAM 00002D
___ftdiv@sign                        cstackCOMRAM 000031
___ftge                              text36       00310E
___ftge@ff1                          cstackBANK0  000096
___ftge@ff2                          cstackBANK0  000099
___ftmul                             text62       002CB6
___ftmul@cntr                        cstackCOMRAM 00003F
___ftmul@exp                         cstackCOMRAM 00003B
___ftmul@f1                          cstackCOMRAM 000032
___ftmul@f2                          cstackCOMRAM 000035
___ftmul@f3_as_product               cstackCOMRAM 00003C
___ftmul@sign                        cstackCOMRAM 000040
___ftneg                             text35       003E00
___ftneg@f1                          cstackCOMRAM 00000F
___ftpack                            text66       0031D6
___ftpack@arg                        cstackCOMRAM 00000F
___ftpack@exp                        cstackCOMRAM 000012
___ftpack@sign                       cstackCOMRAM 000013
___ftsub                             text43       0039D4
___ftsub@f1                          cstackBANK0  000076
___ftsub@f2                          cstackBANK0  000079
___fttol                             text61       002580
___fttol@exp1                        cstackBANK0  000084
___fttol@f1                          cstackBANK0  000076
___fttol@lval                        cstackBANK0  000080
___fttol@sign1                       cstackBANK0  00007F
___inthi_sp                          stack        000000
___intlo_sp                          stack        000000
___lldiv                             text34       00355A
___lldiv@counter                     cstackCOMRAM 00001B
___lldiv@dividend                    cstackCOMRAM 00000F
___lldiv@divisor                     cstackCOMRAM 000013
___lldiv@quotient                    cstackCOMRAM 000017
___llmod                             text33       003912
___llmod@counter                     cstackCOMRAM 000024
___llmod@dividend                    cstackCOMRAM 00001C
___llmod@divisor                     cstackCOMRAM 000020
___lltoft                            text32       003978
___lltoft@c                          cstackCOMRAM 000017
___lltoft@exp                        cstackCOMRAM 00001F
___lwtoft                            text58       003E24
___lwtoft@c                          cstackCOMRAM 000017
___param_bank                        (abs)        000000
___rparam_used                       (abs)        000001
___sp                                stack        000000
___wmul                              text60       003DB6
___wmul@multiplicand                 cstackCOMRAM 00001F
___wmul@multiplier                   cstackCOMRAM 00001D
___wmul@product                      cstackCOMRAM 000021
__accesstop                          (abs)        000060
__activetblptr                       (abs)        000002
__div_to_l_                          text31       002A6E
__div_to_l_@cntr                     cstackCOMRAM 000019
__div_to_l_@exp1                     cstackCOMRAM 00001A
__div_to_l_@f1                       cstackCOMRAM 00000F
__div_to_l_@f2                       cstackCOMRAM 000012
__div_to_l_@quot                     cstackCOMRAM 000015
__end_ofLT6804@crc15Table            mediumconst  007CF3
__end_of_ADC_GetConversion           text67       003D06
__end_of_ADC_ISR                     text73       003F32
__end_of_ADC_Initialize              text18       003E9A
__end_of_Delay                       text56       003CA4
__end_of_DelayMicro                  text50       003DB6
__end_of_EUSART1_Initialize          text17       003C38
__end_of_EUSART1_Receive_ISR         text72       003D62
__end_of_EUSART1_Transmit_ISR        text71       003CD6
__end_of_EUSART1_Write               text25       003BC2
__end_of_INTERRUPT_Initialize        text16       003F0A
__end_of_INTERRUPT_InterruptManager  intcode      0000AC
__end_of_Initalize_LT6804b           text2        0034D6
__end_of_LTC6804_adcv                text52       003912
__end_of_LTC6804_rdcv                text47       00115E
__end_of_LTC6804_rdcv_reg            text48       002CB6
__end_of_LTC6804_wrcfg               text4        001B7A
__end_of_OSCILLATOR_Initialize       text15       003EFE
__end_of_PIN_MANAGER_Initialize      text14       0037CC
__end_of_ReadCurrent                 text57       00310E
__end_of_ReadVoltToCurrent           text59       00243C
__end_of_Read_Battery                text45       001910
__end_of_Run_Mode                    text19       002580
__end_of_SPI2_Exchange8bit           text54       003E82
__end_of_SPI2_Initialize             text13       003EF0
__end_of_SYSTEM_Initialize           text10       003E00
__end_of_SetTempEnable               text9        003AFE
__end_of_Set_ADC_Mode                text8        003AB4
__end_of_Set_DCC_Mode_OFF            text7        0036DE
__end_of_Set_DCTO_Mode_OFF           text6        003B44
__end_of_Set_REFON_Pin               text5        003A6A
__end_of_Start_BMS                   text1        003F2A
__end_of_TMR0_CallBack               text70       003F34
__end_of_TMR0_ISR                    text69       003EE2
__end_of_TMR0_Initialize             text11       003D8E
__end_of_TMR0_StartTimer             text12       003F2E
__end_of_TempRun                     text37       003F1E
__end_of_Temp_Convert                text39       002268
__end_of_Temp_Fault                  text21       0033BE
__end_of_Temp_Filter                 text44       00293C
__end_of_Temp_Read                   text38       0038A8
__end_of_Tempeture_Get               text20       003D34
__end_of_UpdateLT6804                text3        003EB0
__end_of___awdiv                     text29       00355A
__end_of___awmod                     text28       00383C
__end_of___awtoft                    text65       003C70
__end_of___ftadd                     text64       001DE2
__end_of___ftdiv                     text63       002E90
__end_of___ftge                      text36       0031D6
__end_of___ftmul                     text62       002DAA
__end_of___ftneg                     text35       003E24
__end_of___ftpack                    text66       003284
__end_of___ftsub                     text43       003A20
__end_of___fttol                     text61       0026C4
__end_of___lldiv                     text34       0035DC
__end_of___llmod                     text33       003978
__end_of___lltoft                    text32       0039D4
__end_of___lwtoft                    text58       003E48
__end_of___wmul                      text60       003DDC
__end_of__div_to_l_                  text31       002B96
__end_of__initialization             cinit        00374E
__end_of__npowers_                   mediumconst  007F42
__end_of__powers_                    mediumconst  007F69
__end_of__tdiv_to_l_                 text30       002A6E
__end_of_crc15Table                  mediumconst  007EF3
__end_of_dpowers                     mediumconst  007F1B
__end_of_eval_poly                   text42       003044
__end_of_frexp                       text41       00344E
__end_of_fround                      text27       002030
__end_of_isdigit                     text26       003E66
__end_of_log                         text40       002804
__end_of_main                        text0        003B84
__end_of_pec15_calc                  text55       003328
__end_of_printf                      text22       000C08
__end_of_putch                       text24       003F14
__end_of_scale                       text23       001574
__end_of_set_adc                     text46       002F6C
__end_of_spi_write_array             text53       003BFE
__end_of_spi_write_read              text51       00365E
__end_of_wakeup_idle                 text49       003EC2
__end_ofexp@coeff                    mediumconst  007F87
__end_oflog@coeff                    mediumconst  007FA2
__initialization                     cinit        0036DE
__mediumconst                        mediumconst  007AF2
__npowers_                           mediumconst  007F1B
__pbssBANK0                          bssBANK0     0000B9
__pbssBANK1                          bssBANK1     0001CE
__pbssBANK2                          bssBANK2     000200
__pbssCOMRAM                         bssCOMRAM    000043
__pcinit                             cinit        0036DE
__pcstackBANK0                       cstackBANK0  000060
__pcstackBANK1                       cstackBANK1  000100
__pcstackCOMRAM                      cstackCOMRAM 000001
__pdataBANK0                         dataBANK0    0000EE
__pdataBANK2                         dataBANK2    0002D8
__pidataBANK0                        idataBANK0   003F1E
__pidataBANK2                        idataBANK2   003EC2
__pintcode                           intcode      000008
__pmediumconst                       mediumconst  007AF2
__pnvBANK0                           nvBANK0      0000F4
__pnvCOMRAM                          nvCOMRAM     00004F
__powers_                            mediumconst  007F42
__ptext0                             text0        003B44
__ptext1                             text1        003F24
__ptext10                            text10       003DDC
__ptext11                            text11       003D62
__ptext12                            text12       003F2A
__ptext13                            text13       003EE2
__ptext14                            text14       00375C
__ptext15                            text15       003EF0
__ptext16                            text16       003EFE
__ptext17                            text17       003BFE
__ptext18                            text18       003E82
__ptext19                            text19       00243C
__ptext2                             text2        00344E
__ptext20                            text20       003D06
__ptext21                            text21       003328
__ptext22                            text22       0000B0
__ptext23                            text23       00115E
__ptext24                            text24       003F0A
__ptext25                            text25       003B84
__ptext26                            text26       003E48
__ptext27                            text27       001DE2
__ptext28                            text28       0037CC
__ptext29                            text29       0034D6
__ptext3                             text3        003E9A
__ptext30                            text30       00293C
__ptext31                            text31       002A6E
__ptext32                            text32       003978
__ptext33                            text33       003912
__ptext34                            text34       00355A
__ptext35                            text35       003E00
__ptext36                            text36       00310E
__ptext37                            text37       003F14
__ptext38                            text38       00383C
__ptext39                            text39       002030
__ptext4                             text4        001910
__ptext40                            text40       0026C4
__ptext41                            text41       0033BE
__ptext42                            text42       002F6C
__ptext43                            text43       0039D4
__ptext44                            text44       002804
__ptext45                            text45       001574
__ptext46                            text46       002E90
__ptext47                            text47       000C08
__ptext48                            text48       002B96
__ptext49                            text49       003EB0
__ptext5                             text5        003A20
__ptext50                            text50       003D8E
__ptext51                            text51       0035DC
__ptext52                            text52       0038A8
__ptext53                            text53       003BC2
__ptext54                            text54       003E66
__ptext55                            text55       003284
__ptext56                            text56       003C70
__ptext57                            text57       003044
__ptext58                            text58       003E24
__ptext59                            text59       002268
__ptext6                             text6        003AFE
__ptext60                            text60       003DB6
__ptext61                            text61       002580
__ptext62                            text62       002CB6
__ptext63                            text63       002DAA
__ptext64                            text64       001B7A
__ptext65                            text65       003C38
__ptext66                            text66       0031D6
__ptext67                            text67       003CD6
__ptext69                            text69       003ED2
__ptext7                             text7        00365E
__ptext70                            text70       003F32
__ptext71                            text71       003CA4
__ptext72                            text72       003D34
__ptext73                            text73       003F2E
__ptext8                             text8        003A6A
__ptext9                             text9        003AB4
__ramtop                             ramtop       000600
__size_of_ADC_GetConversion          (abs)        000000
__size_of_ADC_ISR                    (abs)        000000
__size_of_ADC_Initialize             (abs)        000000
__size_of_Delay                      (abs)        000000
__size_of_DelayMicro                 (abs)        000000
__size_of_EUSART1_Initialize         (abs)        000000
__size_of_EUSART1_Receive_ISR        (abs)        000000
__size_of_EUSART1_Transmit_ISR       (abs)        000000
__size_of_EUSART1_Write              (abs)        000000
__size_of_INTERRUPT_Initialize       (abs)        000000
__size_of_INTERRUPT_InterruptManager (abs)        000000
__size_of_Initalize_LT6804b          (abs)        000000
__size_of_LTC6804_adcv               (abs)        000000
__size_of_LTC6804_rdcv               (abs)        000000
__size_of_LTC6804_rdcv_reg           (abs)        000000
__size_of_LTC6804_wrcfg              (abs)        000000
__size_of_OSCILLATOR_Initialize      (abs)        000000
__size_of_PIN_MANAGER_Initialize     (abs)        000000
__size_of_ReadCurrent                (abs)        000000
__size_of_ReadVoltToCurrent          (abs)        000000
__size_of_Read_Battery               (abs)        000000
__size_of_Run_Mode                   (abs)        000000
__size_of_SPI2_Exchange8bit          (abs)        000000
__size_of_SPI2_Initialize            (abs)        000000
__size_of_SYSTEM_Initialize          (abs)        000000
__size_of_SetTempEnable              (abs)        000000
__size_of_Set_ADC_Mode               (abs)        000000
__size_of_Set_DCC_Mode_OFF           (abs)        000000
__size_of_Set_DCTO_Mode_OFF          (abs)        000000
__size_of_Set_REFON_Pin              (abs)        000000
__size_of_Start_BMS                  (abs)        000000
__size_of_TMR0_CallBack              (abs)        000000
__size_of_TMR0_ISR                   (abs)        000000
__size_of_TMR0_Initialize            (abs)        000000
__size_of_TMR0_StartTimer            (abs)        000000
__size_of_TempRun                    (abs)        000000
__size_of_Temp_Convert               (abs)        000000
__size_of_Temp_Fault                 (abs)        000000
__size_of_Temp_Filter                (abs)        000000
__size_of_Temp_Read                  (abs)        000000
__size_of_Tempeture_Get              (abs)        000000
__size_of_UpdateLT6804               (abs)        000000
__size_of___awdiv                    (abs)        000000
__size_of___awmod                    (abs)        000000
__size_of___awtoft                   (abs)        000000
__size_of___ftadd                    (abs)        000000
__size_of___ftdiv                    (abs)        000000
__size_of___ftge                     (abs)        000000
__size_of___ftmul                    (abs)        000000
__size_of___ftneg                    (abs)        000000
__size_of___ftpack                   (abs)        000000
__size_of___ftsub                    (abs)        000000
__size_of___fttol                    (abs)        000000
__size_of___lldiv                    (abs)        000000
__size_of___llmod                    (abs)        000000
__size_of___lltoft                   (abs)        000000
__size_of___lwtoft                   (abs)        000000
__size_of___wmul                     (abs)        000000
__size_of__div_to_l_                 (abs)        000000
__size_of__tdiv_to_l_                (abs)        000000
__size_of_eval_poly                  (abs)        000000
__size_of_frexp                      (abs)        000000
__size_of_fround                     (abs)        000000
__size_of_isdigit                    (abs)        000000
__size_of_log                        (abs)        000000
__size_of_main                       (abs)        000000
__size_of_pec15_calc                 (abs)        000000
__size_of_printf                     (abs)        000000
__size_of_putch                      (abs)        000000
__size_of_scale                      (abs)        000000
__size_of_set_adc                    (abs)        000000
__size_of_spi_write_array            (abs)        000000
__size_of_spi_write_read             (abs)        000000
__size_of_wakeup_idle                (abs)        000000
__smallconst                         smallconst   000000
__tdiv_to_l_                         text30       00293C
__tdiv_to_l_@cntr                    cstackCOMRAM 00001C
__tdiv_to_l_@exp1                    cstackCOMRAM 00001D
__tdiv_to_l_@f1                      cstackCOMRAM 00000F
__tdiv_to_l_@f2                      cstackCOMRAM 000012
__tdiv_to_l_@quot                    cstackCOMRAM 000018
_aux_codes_Bank1                     bssBANK2     000290
_aux_codes_Bank2                     bssBANK2     00029C
_cell_codes_Bank                     bssBANK2     0002C0
_current_byte                        bssCOMRAM    000043
_current_ic                          bssCOMRAM    00004D
_dpowers                             mediumconst  007EF3
_errno                               bssBANK0     0000D6
_eusart1RxBuffer                     bssBANK1     0001CE
_eusart1RxCount                      bssBANK0     0000DE
_eusart1RxHead                       bssCOMRAM    00004A
_eusart1RxTail                       bssBANK0     0000DF
_eusart1TxBuffer                     bssBANK1     0001D6
_eusart1TxBufferRemaining            nvBANK0      0000F4
_eusart1TxHead                       bssCOMRAM    00004B
_eusart1TxTail                       bssCOMRAM    00004C
_eval_poly                           text42       002F6C
_fault                               bssBANK0     0000D1
_fault_flag                          bssBANK0     0000E0
_faultvalue                          bssBANK0     0000D8
_frexp                               text41       0033BE
_fround                              text27       001DE2
_fround$2737                         cstackBANK0  000066
_fround$2738                         cstackBANK0  000063
_i                                   bssCOMRAM    000045
_infault                             bssBANK0     0000E1
_isdigit                             text26       003E48
_isdigit$2175                        cstackCOMRAM 000010
_j                                   bssBANK0     0000DA
_k                                   bssBANK0     0000DC
_log                                 text40       0026C4
_main                                text0        003B44
_pec15_calc                          text55       003284
_printf                              text22       0000B0
_printf$1949                         cstackBANK1  000103
_printf$2740                         cstackBANK1  000100
_putch                               text24       003F0A
_retrn                               dataBANK2    0002D8
_scale                               text23       00115E
_scale$2739                          cstackBANK0  000063
_set_adc                             text46       002E90
_spi_write_array                     text53       003BC2
_spi_write_read                      text51       0035DC
_timer0ReloadVal16bit                nvCOMRAM     00004F
_wakeup_idle                         text49       003EB0
btemp                                temp         000051
end_of_initialization                cinit        00374E
eval_poly@d                          cstackBANK0  000079
eval_poly@n                          cstackBANK0  00007B
eval_poly@res                        cstackBANK0  00007D
eval_poly@x                          cstackBANK0  000076
exp@coeff                            mediumconst  007F69
frexp@eptr                           cstackCOMRAM 000012
frexp@value                          cstackCOMRAM 00000F
fround@prec                          cstackBANK0  000069
int$flags                            temp         000051
intlevel0                            text         000000
intlevel1                            text         000000
intlevel2                            text         000000
intlevel3                            text         000000
isdigit@c                            cstackCOMRAM 000011
log@coeff                            mediumconst  007F87
log@exponent                         cstackBANK0  000083
log@x                                cstackBANK0  000080
pec15_calc@addr                      cstackCOMRAM 00002C
pec15_calc@data                      cstackCOMRAM 000025
pec15_calc@len                       cstackCOMRAM 000023
pec15_calc@remainder                 cstackCOMRAM 00002E
printf@ap                            cstackBANK1  000105
printf@c                             cstackBANK1  00011A
printf@exp                           cstackBANK1  000113
printf@f                             cstackBANK0  00009F
printf@flag                          cstackBANK1  000111
printf@fval                          cstackBANK1  000115
printf@prec                          cstackBANK1  000118
printf@tmpval                        cstackBANK1  000109
printf@val                           cstackBANK1  00010D
printf@width                         cstackBANK1  000107
putch@txData                         cstackCOMRAM 000010
scale@scl                            cstackBANK0  000066
set_adc@CH                           cstackCOMRAM 000013
set_adc@CHG                          cstackCOMRAM 000015
set_adc@DCP                          cstackCOMRAM 000011
set_adc@MD                           cstackCOMRAM 00000F
set_adc@md_bits                      cstackCOMRAM 000019
spi_write_array@data                 cstackCOMRAM 000013
spi_write_array@len                  cstackCOMRAM 000011
spi_write_read@i                     cstackCOMRAM 00001B
spi_write_read@rx_data               cstackCOMRAM 000015
spi_write_read@rx_len                cstackCOMRAM 000017
spi_write_read@tx_Data               cstackCOMRAM 000011
spi_write_read@tx_len                cstackCOMRAM 000013
stackhi                              (abs)        0005FF
stacklo                              (abs)        0002E8
start                                init         0000AC
start_initialization                 cinit        0036DE


FUNCTION INFORMATION:

 *************** function _main *****************
 Defined at:
		line 33 in file "Main.c"
 Parameters:    Size  Location     Type
  argc            2   84[BANK0 ] int 
  argv            3   86[BANK0 ] PTR PTR unsigned char 
 Auto vars:     Size  Location     Type
		None
 Return value:  Size  Location     Type
                  2   84[BANK0 ] int 
 Registers used:
		wreg, fsr1l, fsr1h, fsr2l, fsr2h, status,2, status,0, tblptrl, tblptrh, tblptru, prodl, prodh, cstack
 Tracked objects:
		On entry : 
		On exit  : 
		Unchanged: 
 Data sizes:     COMRAM   BANK0   BANK1   BANK2   BANK3   BANK4   BANK5
      Params:         0       5       0       0       0       0       0
      Locals:         0       0       0       0       0       0       0
      Temps:          0       0       0       0       0       0       0
      Totals:         0       5       0       0       0       0       0
Total ram usage:        5 bytes
 Hardware stack levels required when called:   10
 This function calls:
		_Delay
		_Run_Mode
		_SYSTEM_Initialize
		_Start_BMS
		_printf
 This function is called by:
		Startup code after reset
 This function uses a non-reentrant model


 *************** function _Start_BMS *****************
 Defined at:
		line 32 in file "BatteryManagment.c"
 Parameters:    Size  Location     Type
		None
[...]
		_ReadVoltToCurrent
		_CheckTestReading
 This function uses a non-reentrant model


 *************** function ___ftadd *****************
 Defined at:
		line 86 in file "C:\Program Files (x86)\Microchip\xc8\v1.40\sources\common\ftadd.c"
 Parameters:    Size  Location     Type
  f1              3   10[BANK0 ] float 
  f2              3   13[BANK0 ] float 
 Auto vars:     Size  Location     Type
  exp1            1   21[BANK0 ] unsigned char 
  exp2            1   20[BANK0 ] unsigned char 
  sign            1   19[BANK0 ] unsigned char 
 Return value:  Size  Location     Type
                  3   10[BANK0 ] float 
 Registers used:
		wreg, status,2, status,0, cstack
 Tracked objects:
		On entry : 
		On exit  : 
		Unchanged: 
 Data sizes:     COMRAM   BANK0   BANK1   BANK2   BANK3   BANK4   BANK5
      Params:         0       6       0       0       0       0       0
      Locals:         0       3       0       0       0       0       0
      Temps:          0       3       0       0       0       0       0
      Totals:         0      12       0       0       0       0       0
Total ram usage:       12 bytes
 Hardware stack levels used:    1
 Hardware stack levels required when called:    4
 This function calls:
		___ftpack
 This function is called by:
		_Temp_Filter
		_Temp_Convert
		_ReadVoltToCurrent
		_printf
		___ftsub
		_log
		_eval_poly
		_CheckTestReading
		_CurrentCoulombCount
 This function uses a non-reentrant model


 *************** function ___awtoft *****************
 Defined at:
		line 32 in file "C:\Program Files (x86)\Microchip\xc8\v1.40\sources\common\awtoft.c"
 Parameters:    Size  Location     Type
  c               2   22[COMRAM] int 
 Auto vars:     Size  Location     Type
  sign            1   25[COMRAM] unsigned char 
 Return value:  Size  Location     Type
                  3   22[COMRAM] float 
 Registers used:
		wreg, status,2, status,0, cstack
 Tracked objects:
		On entry : 
		On exit  : 
		Unchanged: 
 Data sizes:     COMRAM   BANK0   BANK1   BANK2   BANK3   BANK4   BANK5
      Params:         3       0       0       0       0       0       0
      Locals:         1       0       0       0       0       0       0
      Temps:          0       0       0       0       0       0       0
      Totals:         4       0       0       0       0       0       0
Total ram usage:        4 bytes
 Hardware stack levels used:    1
 Hardware stack levels required when called:    4
 This function calls:
		___ftpack
 This function is called by:
		_Temp_Convert
		_Run_Mode
		_ReadVoltToCurrent
		_log
		_CheckTestReading
		_CurrentCoulombCount
 This function uses a non-reentrant model


 *************** function ___ftpack *****************
 Defined at:
		line 62 in file "C:\Program Files (x86)\Microchip\xc8\v1.40\sources\common\float.c"
 Parameters:    Size  Location     Type
  arg             3   14[COMRAM] unsigned um
  exp             1   17[COMRAM] unsigned char 
  sign            1   18[COMRAM] unsigned char 
 Auto vars:     Size  Location     Type
		None
 Return value:  Size  Location     Type
                  3   14[COMRAM] float 
 Registers used:
		wreg, status,2, status,0
 Tracked objects:
		On entry : 
		On exit  : 
		Unchanged: 
 Data sizes:     COMRAM   BANK0   BANK1   BANK2   BANK3   BANK4   BANK5
      Params:         5       0       0       0       0       0       0
      Locals:         0       0       0       0       0       0       0
      Temps:          3       0       0       0       0       0       0
      Totals:         8       0       0       0       0       0       0
Total ram usage:        8 bytes
 Hardware stack levels used:    1
 Hardware stack levels required when called:    3
 This function calls:
		Nothing
 This function is called by:
		___awtoft
		___ftadd
		___ftdiv
		___ftmul
		___lltoft
		___lwtoft
 This function uses a non-reentrant model


 *************** function _ADC_GetConversion *****************
 Defined at:
		line 107 in file "mcc_generated_files/adc.c"
 Parameters:    Size  Location     Type
  channel         1    wreg     enum E6958
 Auto vars:     Size  Location     Type
  channel         1   18[COMRAM] enum E6958
 Return value:  Size  Location     Type
                  2   14[COMRAM] unsigned int 
 Registers used:
		wreg, status,2, status,0
 Tracked objects:
		On entry : 
		On exit  : 
		Unchanged: 
 Data sizes:     COMRAM   BANK0   BANK1   BANK2   BANK3   BANK4   BANK5
      Params:         2       0       0       0       0       0       0
      Locals:         1       0       0       0       0       0       0
      Temps:          2       0       0       0       0       0       0
      Totals:         5       0       0       0       0       0       0
Total ram usage:        5 bytes
 Hardware stack levels used:    1
 Hardware stack levels required when called:    3
 This function calls:
		Nothing
 This function is called by:
		_Temp_Read
		_ReadCurrent
		_ReadVolt
 This function uses a non-reentrant model


 *************** function _INTERRUPT_InterruptManager *****************
 Defined at:
		line 69 in file "mcc_generated_files/interrupt_manager.c"
 Parameters:    Size  Location     Type
		None
 Auto vars:     Size  Location     Type
		None
 Return value:  Size  Location     Type
                  1    wreg      void 
 Registers used:
		wreg, fsr2l, fsr2h, status,2, status,0, prodl, prodh, cstack
 Tracked objects:
		On entry : 
		On exit  : 
		Unchanged: 
 Data sizes:     COMRAM   BANK0   BANK1   BANK2   BANK3   BANK4   BANK5
      Params:         0       0       0       0       0       0       0
      Locals:         0       0       0       0       0       0       0
      Temps:         14       0       0       0       0       0       0
      Totals:        14       0       0       0       0       0       0
Total ram usage:       14 bytes
 Hardware stack levels used:    1
 Hardware stack levels required when called:    2
 This function calls:
		_ADC_ISR
		_EUSART1_Receive_ISR
		_EUSART1_Transmit_ISR
		_TMR0_ISR
 This function is called by:
		Interrupt level 2
 This function uses a non-reentrant model


 *************** function _TMR0_ISR *****************
 Defined at:
		line 131 in file "mcc_generated_files/tmr0.c"
 Parameters:    Size  Location     Type
		None
 Auto vars:     Size  Location     Type
		None
 Return value:  Size  Location     Type
                  1    wreg      void 
 Registers used:
		wreg, status,2, cstack
 Tracked objects:
		On entry : 
		On exit  : 
		Unchanged: 
 Data sizes:     COMRAM   BANK0   BANK1   BANK2   BANK3   BANK4   BANK5
      Params:         0       0       0       0       0       0       0
      Locals:         0       0       0       0       0       0       0
      Temps:          0       0       0       0       0       0       0
      Totals:         0       0       0       0       0       0       0
Total ram usage:        0 bytes
 Hardware stack levels used:    1
 Hardware stack levels required when called:    1
 This function calls:
		_TMR0_CallBack
 This function is called by:
		_INTERRUPT_InterruptManager
 This function uses a non-reentrant model


 *************** function _TMR0_CallBack *****************
 Defined at:
		line 149 in file "mcc_generated_files/tmr0.c"
 Parameters:    Size  Location     Type
		None
 Auto vars:     Size  Location     Type
		None
 Return value:  Size  Location     Type
                  1    wreg      void 
 Registers used:
		None
 Tracked objects:
		On entry : 
		On exit  : 
		Unchanged: 
 Data sizes:     COMRAM   BANK0   BANK1   BANK2   BANK3   BANK4   BANK5
      Params:         0       0       0       0       0       0       0
      Locals:         0       0       0       0       0       0       0
      Temps:          0       0       0       0       0       0       0
      Totals:         0       0       0       0       0       0       0
Total ram usage:        0 bytes
 Hardware stack levels used:    1
 This function calls:
		Nothing
 This function is called by:
		_TMR0_ISR
 This function uses a non-reentrant model


 *************** function _EUSART1_Transmit_ISR *****************
 Defined at:
		line 167 in file "mcc_generated_files/eusart1.c"
 Parameters:    Size  Location     Type
		None
 Auto vars:     Size  Location     Type
		None
 Return value:  Size  Location     Type
                  1    wreg      void 
 Registers used:
		wreg, fsr2l, fsr2h, status,2, status,0, prodl, prodh
 Tracked objects:
		On entry : 
		On exit  : 
		Unchanged: 
 Data sizes:     COMRAM   BANK0   BANK1   BANK2   BANK3   BANK4   BANK5
      Params:         0       0       0       0       0       0       0
      Locals:         0       0       0       0       0       0       0
      Temps:          0       0       0       0       0       0       0
      Totals:         0       0       0       0       0       0       0
Total ram usage:        0 bytes
 Hardware stack levels used:    1
 This function calls:
		Nothing
 This function is called by:
		_INTERRUPT_InterruptManager
 This function uses a non-reentrant model


 *************** function _EUSART1_Receive_ISR *****************
 Defined at:
		line 186 in file "mcc_generated_files/eusart1.c"
 Parameters:    Size  Location     Type
		None
 Auto vars:     Size  Location     Type
		None
 Return value:  Size  Location     Type
                  1    wreg      void 
 Registers used:
		wreg, fsr2l, fsr2h, status,2, status,0, prodl, prodh
 Tracked objects:
		On entry : 
		On exit  : 
		Unchanged: 
 Data sizes:     COMRAM   BANK0   BANK1   BANK2   BANK3   BANK4   BANK5
      Params:         0       0       0       0       0       0       0
      Locals:         0       0       0       0       0       0       0
      Temps:          0       0       0       0       0       0       0
      Totals:         0       0       0       0       0       0       0
Total ram usage:        0 bytes
 Hardware stack levels used:    1
 This function calls:
		Nothing
 This function is called by:
		_INTERRUPT_InterruptManager
 This function uses a non-reentrant model


 *************** function _ADC_ISR *****************
 Defined at:
		line 128 in file "mcc_generated_files/adc.c"
 Parameters:    Size  Location     Type
		None
 Auto vars:     Size  Location     Type
		None
 Return value:  Size  Location     Type
                  1    wreg      void 
 Registers used:
		None
 Tracked objects:
		On entry : 
		On exit  : 
		Unchanged: 
 Data sizes:     COMRAM   BANK0   BANK1   BANK2   BANK3   BANK4   BANK5
      Params:         0       0       0       0       0       0       0
      Locals:         0       0       0       0       0       0       0
      Temps:          0       0       0       0       0       0       0
      Totals:         0       0       0       0       0       0       0
Total ram usage:        0 bytes
 Hardware stack levels used:    1
 This function calls:
		Nothing
 This function is called by:
		_INTERRUPT_InterruptManager
 This function uses a non-reentrant model



MODULE INFORMATION

Module		Function		Class		Link	Load	Size
C:\Program Files (x86)\Microchip\xc8\v1.40\sources\common\awtoft.c
		___awtoft      		CODE           	3C38	0000	57

C:\Program Files (x86)\Microchip\xc8\v1.40\sources\common\awtoft.c estimated size: 57

C:\Program Files (x86)\Microchip\xc8\v1.40\sources\common\evalpoly.c
		_eval_poly     		CODE           	2F6C	0000	217

C:\Program Files (x86)\Microchip\xc8\v1.40\sources\common\evalpoly.c estimated size: 217

C:\Program Files (x86)\Microchip\xc8\v1.40\sources\common\ftneg.c
		___ftneg       		CODE           	3E00	0000	37

C:\Program Files (x86)\Microchip\xc8\v1.40\sources\common\ftneg.c estimated size: 37

LT6804.c
		_LTC6804_adcv  		CODE           	38A8	0000	107
		_LTC6804_rdcv  		CODE           	0C08	0000	1367
		_LTC6804_rdcv_reg		CODE           	2B96	0000	289
		_LTC6804_wrcfg 		CODE           	1910	0000	619
		_spi_write_read		CODE           	35DC	0000	131
		_wakeup_idle   		CODE           	3EB0	0000	19
		_set_adc       		CODE           	2E90	0000	221
		_pec15_calc    		CODE           	3284	0000	165
		_spi_write_array		CODE           	3BC2	0000	61

LT6804.c estimated size: 2979

C:\Program Files (x86)\Microchip\xc8\v1.40\sources\common\doprnt.c
		_scale         		CODE           	115E	0000	1047
		_printf        		CODE           	00B0	0000	2905
		_fround        		CODE           	1DE2	0000	591

C:\Program Files (x86)\Microchip\xc8\v1.40\sources\common\doprnt.c estimated size: 4543

C:\Program Files (x86)\Microchip\xc8\v1.40\sources\common\lwtoft.c
		___lwtoft      		CODE           	3E24	0000	37

C:\Program Files (x86)\Microchip\xc8\v1.40\sources\common\lwtoft.c estimated size: 37

C:\Program Files (x86)\Microchip\xc8\v1.40\sources\common\lltoft.c
		___lltoft      		CODE           	3978	0000	93

C:\Program Files (x86)\Microchip\xc8\v1.40\sources\common\lltoft.c estimated size: 93

C:\Program Files (x86)\Microchip\xc8\v1.40\sources\common\ftsub.c
		___ftsub       		CODE           	39D4	0000	77

C:\Program Files (x86)\Microchip\xc8\v1.40\sources\common\ftsub.c estimated size: 77

C:\Program Files (x86)\Microchip\xc8\v1.40\sources\common\float.c
		___ftpack      		CODE           	31D6	0000	175

C:\Program Files (x86)\Microchip\xc8\v1.40\sources\common\float.c estimated size: 175

mcc_generated_files/interrupt_manager.c
		_INTERRUPT_Initialize		CODE           	3EFE	0000	13
		_INTERRUPT_InterruptManager		CODE           	0008	0000	165

mcc_generated_files/interrupt_manager.c estimated size: 178

mcc_generated_files/tmr0.c
		_TMR0_CallBack 		CODE           	3F32	0000	3
		_TMR0_StartTimer		CODE           	3F2A	0000	5
		_TMR0_ISR      		CODE           	3ED2	0000	17
		_TMR0_Initialize		CODE           	3D62	0000	45

mcc_generated_files/tmr0.c estimated size: 70

mcc_generated_files/pin_manager.c
		_PIN_MANAGER_Initialize		CODE           	375C	0000	113

mcc_generated_files/pin_manager.c estimated size: 113

Tempeture.c
		_Temp_Filter   		CODE           	2804	0000	313
		_Temp_Convert  		CODE           	2030	0000	569
		_Tempeture_Get 		CODE           	3D06	0000	47
		_TempRun       		CODE           	3F14	0000	11
		_Temp_Read     		CODE           	383C	0000	109
		_Temp_Fault    		CODE           	3328	0000	151

Tempeture.c estimated size: 1200

C:\Program Files (x86)\Microchip\xc8\v1.40\sources\common\frexp.c
		_frexp         		CODE           	33BE	0000	145

C:\Program Files (x86)\Microchip\xc8\v1.40\sources\common\frexp.c estimated size: 145

C:\Program Files (x86)\Microchip\xc8\v1.40\sources\common\ftdivl.c
		__tdiv_to_l_   		CODE           	293C	0000	307

C:\Program Files (x86)\Microchip\xc8\v1.40\sources\common\ftdivl.c estimated size: 307

mcc_generated_files/adc.c
		_ADC_Initialize		CODE           	3E82	0000	25
		_ADC_GetConversion		CODE           	3CD6	0000	49
		_ADC_ISR       		CODE           	3F2E	0000	5

mcc_generated_files/adc.c estimated size: 79

C:\Program Files (x86)\Microchip\xc8\v1.40\sources\common\log.c
		_log           		CODE           	26C4	0000	321

C:\Program Files (x86)\Microchip\xc8\v1.40\sources\common\log.c estimated size: 321

C:\Program Files (x86)\Microchip\xc8\v1.40\sources\common\ftge.c
		___ftge        		CODE           	310E	0000	201

C:\Program Files (x86)\Microchip\xc8\v1.40\sources\common\ftge.c estimated size: 201

C:\Program Files (x86)\Microchip\xc8\v1.40\sources\common\Umul16.c
		___wmul        		CODE           	3DB6	0000	39

C:\Program Files (x86)\Microchip\xc8\v1.40\sources\common\Umul16.c estimated size: 39

BatteryManagment.c
		_Set_ADC_Mode  		CODE           	3A6A	0000	75
		_UpdateLT6804  		CODE           	3E9A	0000	23
		_ReadCurrent   		CODE           	3044	0000	203
		_SetTempEnable 		CODE           	3AB4	0000	75
		_Initalize_LT6804b		CODE           	344E	0000	137
		_Set_REFON_Pin 		CODE           	3A20	0000	75
		_Set_DCTO_Mode_OFF		CODE           	3AFE	0000	71
		_Start_BMS     		CODE           	3F24	0000	7
		_ReadVoltToCurrent		CODE           	2268	0000	469
		_Run_Mode      		CODE           	243C	0000	325
		_Read_Battery  		CODE           	1574	0000	925
		_Set_DCC_Mode_OFF		CODE           	365E	0000	129

BatteryManagment.c estimated size: 2514

C:\Program Files (x86)\Microchip\xc8\v1.40\sources\common\ftmul.c
		___ftmul       		CODE           	2CB6	0000	245

C:\Program Files (x86)\Microchip\xc8\v1.40\sources\common\ftmul.c estimated size: 245

C:\Program Files (x86)\Microchip\xc8\v1.40\sources\common\awmod.c
		___awmod       		CODE           	37CC	0000	113

C:\Program Files (x86)\Microchip\xc8\v1.40\sources\common\awmod.c estimated size: 113

C:\Program Files (x86)\Microchip\xc8\v1.40\sources\common\ftdiv.c
		___ftdiv       		CODE           	2DAA	0000	231

C:\Program Files (x86)\Microchip\xc8\v1.40\sources\common\ftdiv.c estimated size: 231

Functions.c
		_DelayMicro    		CODE           	3D8E	0000	41
		_Delay         		CODE           	3C70	0000	53

Functions.c estimated size: 94

C:\Program Files (x86)\Microchip\xc8\v1.40\sources\common\llmod.c
		___llmod       		CODE           	3912	0000	103

C:\Program Files (x86)\Microchip\xc8\v1.40\sources\common\llmod.c estimated size: 103

Main.c
		_main          		CODE           	3B44	0000	65

Main.c estimated size: 65

C:\Program Files (x86)\Microchip\xc8\v1.40\sources\common\isdigit.c
		_isdigit       		CODE           	3E48	0000	31

C:\Program Files (x86)\Microchip\xc8\v1.40\sources\common\isdigit.c estimated size: 31

shared
		exp@coeff      		MEDIUMCONST    	7F69	0000	31
		__powers_      		MEDIUMCONST    	7F42	0000	40
		_dpowers       		MEDIUMCONST    	7EF3	0000	41
		__npowers_     		MEDIUMCONST    	7F1B	0000	40
		__initialization		CODE           	36DE	0000	113
		LT6804@crc15Table		MEDIUMCONST    	7AF3	0000	513
		_crc15Table    		MEDIUMCONST    	0000	0000	0
		log@coeff      		MEDIUMCONST    	7F87	0000	28

shared estimated size: 806

mcc_generated_files/eusart1.c
		_EUSART1_Initialize		CODE           	3BFE	0000	59
		_putch         		CODE           	3F0A	0000	11
		_EUSART1_Write 		CODE           	3B84	0000	63
		_EUSART1_Receive_ISR		CODE           	3D34	0000	47
		_EUSART1_Transmit_ISR		CODE           	3CA4	0000	51

mcc_generated_files/eusart1.c estimated size: 231

mcc_generated_files/mcc.c
		_OSCILLATOR_Initialize		CODE           	3EF0	0000	15
		_SYSTEM_Initialize		CODE           	3DDC	0000	37

mcc_generated_files/mcc.c estimated size: 52

C:\Program Files (x86)\Microchip\xc8\v1.40\sources\common\fttol.c
		___fttol       		CODE           	2580	0000	325

C:\Program Files (x86)\Microchip\xc8\v1.40\sources\common\fttol.c estimated size: 325

C:\Program Files (x86)\Microchip\xc8\v1.40\sources\common\fldivl.c
		__div_to_l_    		CODE           	2A6E	0000	297

C:\Program Files (x86)\Microchip\xc8\v1.40\sources\common\fldivl.c estimated size: 297

mcc_generated_files/spi2.c
		_SPI2_Exchange8bit		CODE           	3E66	0000	29
		_SPI2_Initialize		CODE           	3EE2	0000	15

mcc_generated_files/spi2.c estimated size: 44

C:\Program Files (x86)\Microchip\xc8\v1.40\sources\common\awdiv.c
		___awdiv       		CODE           	34D6	0000	133

C:\Program Files (x86)\Microchip\xc8\v1.40\sources\common\awdiv.c estimated size: 133

C:\Program Files (x86)\Microchip\xc8\v1.40\sources\common\ftadd.c
		___ftadd       		CODE           	1B7A	0000	617

C:\Program Files (x86)\Microchip\xc8\v1.40\sources\common\ftadd.c estimated size: 617

C:\Program Files (x86)\Microchip\xc8\v1.40\sources\common\lldiv.c
		___lldiv       		CODE           	355A	0000	131

C:\Program Files (x86)\Microchip\xc8\v1.40\sources\common\lldiv.c estimated size: 131

