Microchip MPLAB XC8 Compiler V1.35 ()

Linker command line:

-W-3 --edf=C:\Program Files (x86)\Microchip\xc8\v1.35\dat\en_msgs.txt -cs \
  -h+dist/default/production\PDU.X.production.sym \
  --cmf=dist/default/production\PDU.X.production.cmf -z -Q18F45K22 \
  -oC:\Users\richc\AppData\Local\Temp\s25g.2 \
  -Mdist/default/production/PDU.X.production.map -E1 -ver=XC8 \
  -ASTACK=04CEh-05ffh -pstack=STACK -ACODE=00h-07FFFh -ACONST=00h-07FFFh \
  -ASMALLCONST=0600h-06FFhx122 -AMEDIUMCONST=0600h-07FFFh -ACOMRAM=01h-05Fh \
  -AABS1=00h-05FFh -ABIGRAM=01h-05FFh -ARAM=060h-0FFh,0100h-01FFhx5 \
  -ABANK0=060h-0FFh -ABANK1=0100h-01FFh -ABANK2=0200h-02FFh \
  -ABANK3=0300h-03FFh -ABANK4=0400h-04FFh -ABANK5=0500h-05FFh \
  -ASFR=0F38h-0F5Fh,0F60h-0FFFh \
  -preset_vec=00h,intcode=08h,intcodelo,powerup,init,end_init \
  -pramtop=0600h -psmallconst=SMALLCONST -pmediumconst=MEDIUMCONST \
  -pconst=CONST -AFARRAM=00h-00h -ACONFIG=0300000h-030000Dh -pconfig=CONFIG \
  -AIDLOC=0200000h-0200007h -pidloc=IDLOC -AEEDATA=0F00000h-0F000FFh \
  -peeprom_data=EEDATA \
  -prdata=COMRAM,nvrram=COMRAM,nvbit=COMRAM,rbss=COMRAM,rbit=COMRAM \
  -pfarbss=FARRAM,fardata=FARRAM,nvFARRAM=FARRAM \
  -pintsave_regs=BIGRAM,bigbss=BIGRAM,bigdata=BIGRAM -pbss=RAM \
  -pidata=CODE,irdata=CODE,ibigdata=CODE,ifardata=CODE -prparam=COMRAM \
  C:\Users\richc\AppData\Local\Temp\s25g.obj \
  dist/default/production\PDU.X.production.obj 

Object code version is 3.11

Machine type is 18F45K22

Call graph: (short form)




                Name                               Link     Load   Length Selector   Space Scale
C:\Users\richc\AppData\Local\Temp\s25g.obj
                end_init                             A0       A0        4        4       0
                reset_vec                             0        0        4        0       0
                idloc                            200000   200000        8   200000       0
                config                           300000   300000        E   300000       0
dist/default/production\PDU.X.production.obj
                intcode                               8        8       98        4       0
                temp                                 45       45        1        1       1
                text51                             1BE0     1BE0        4        4       0
                text50                             1A7C     1A7C       2A        4       0
                text49                              C86      C86      11A        4       0
                text48                             1B06     1B06       1E        4       0
                text47                             13EE     13EE       92        4       0
                text46                             1B68     1B68       16        4       0
                text45                             199A     199A       32        4       0
                text43                             1B92     1B92       14        4       0
                text42                              F72      F72       DC        4       0
                text41                             1812     1812       4E        4       0
                text40                              E92      E92       E0        4       0
                text39                             18AA     18AA       4A        4       0
                text38                             135C     135C       92        4       0
                text37                             1966     1966       34        4       0
                text36                             16A6     16A6       62        4       0
                text35                             1BDA     1BDA        6        4       0
                text34                             1708     1708       5E        4       0
                text33                             1B24     1B24       18        4       0
                text32                             19FC     19FC       2C        4       0
                text31                             1AE8     1AE8       1E        4       0
                text30                             18F4     18F4       3C        4       0
                text29                             1BD0     1BD0        A        4       0
                text28                             1BC2     1BC2        E        4       0
                text27                             1640     1640       66        4       0
                text26                             1480     1480       84        4       0
                text25                             1766     1766       58        4       0
                text24                             15D8     15D8       68        4       0
                text23                             11FC     11FC       CE        4       0
                text22                             1860     1860       4A        4       0
                text21                             1B52     1B52       16        4       0
                text20                             1B3C     1B3C       16        4       0
                text19                             1A52     1A52       2A        4       0
                text18                             12CA     12CA       92        4       0
                text17                             1BB4     1BB4        E        4       0
                text16                              DA0      DA0       F2        4       0
                text15                             1126     1126       D6        4       0
                text14                              8C4      8C4      15E        4       0
                text13                             1AA6     1AA6       24        4       0
                text12                             1BA6     1BA6        E        4       0
                text11                              B6C      B6C      11A        4       0
                text10                             19CC     19CC       30        4       0
                text9                                A4       A4      6AC        4       0
                text8                              1A28     1A28       2A        4       0
                text7                               750      750      174        4       0
                text6                              1ACA     1ACA       1E        4       0
                text5                              1504     1504       6C        4       0
                text4                              104E     104E       D8        4       0
                text3                               A22      A22      14A        4       0
                text2                              17BE     17BE       54        4       0
                text1                              1930     1930       36        4       0
                text0                              1B7E     1B7E       14        4       0
                cstackCOMRAM                          1        1       25        1       1
                cstackBANK0                          FF       FF        1       60       1
                cstackBANK1                         1CE      1CE       1B      100       1
                bssBANK4                            400      400       CE      400       1
                bssBANK3                            300      300       CE      300       1
                bssBANK2                            200      200       C8      200       1
                bssBANK1                            100      100       CE      100       1
                bssBANK0                             60       60       9F       60       1
                dataCOMRAM                           44       44        1        1       1
                bssCOMRAM                            26       26       1E        1       1
                cinit                              1570     1570       68        4       0
                idataCOMRAM                        1BE4     1BE4        1        4       0

TOTAL           Name                               Link     Load   Length     Space
        CLASS   STACK          

        CLASS   CODE           
                end_init                             A0       A0        4         0
                intcode                               8        8       98         0
                reset_vec                             0        0        4         0
                text51                             1BE0     1BE0        4         0
                text50                             1A7C     1A7C       2A         0
                text49                              C86      C86      11A         0
                text48                             1B06     1B06       1E         0
                text47                             13EE     13EE       92         0
                text46                             1B68     1B68       16         0
                text45                             199A     199A       32         0
                text43                             1B92     1B92       14         0
                text42                              F72      F72       DC         0
                text41                             1812     1812       4E         0
                text40                              E92      E92       E0         0
                text39                             18AA     18AA       4A         0
                text38                             135C     135C       92         0
                text37                             1966     1966       34         0
                text36                             16A6     16A6       62         0
                text35                             1BDA     1BDA        6         0
                text34                             1708     1708       5E         0
                text33                             1B24     1B24       18         0
                text32                             19FC     19FC       2C         0
                text31                             1AE8     1AE8       1E         0
                text30                             18F4     18F4       3C         0
                text29                             1BD0     1BD0        A         0
                text28                             1BC2     1BC2        E         0
                text27                             1640     1640       66         0
                text26                             1480     1480       84         0
                text25                             1766     1766       58         0
                text24                             15D8     15D8       68         0
                text23                             11FC     11FC       CE         0
                text22                             1860     1860       4A         0
                text21                             1B52     1B52       16         0
                text20                             1B3C     1B3C       16         0
                text19                             1A52     1A52       2A         0
                text18                             12CA     12CA       92         0
                text17                             1BB4     1BB4        E         0
                text16                              DA0      DA0       F2         0
                text15                             1126     1126       D6         0
                text14                              8C4      8C4      15E         0
                text13                             1AA6     1AA6       24         0
                text12                             1BA6     1BA6        E         0
                text11                              B6C      B6C      11A         0
                text10                             19CC     19CC       30         0
                text9                                A4       A4      6AC         0
                text8                              1A28     1A28       2A         0
                text7                               750      750      174         0
                text6                              1ACA     1ACA       1E         0
                text5                              1504     1504       6C         0
                text4                              104E     104E       D8         0
                text3                               A22      A22      14A         0
                text2                              17BE     17BE       54         0
                text1                              1930     1930       36         0
                text0                              1B7E     1B7E       14         0
                cinit                              1570     1570       68         0
                idataCOMRAM                        1BE4     1BE4        1         0

        CLASS   CONST          

        CLASS   SMALLCONST     

        CLASS   MEDIUMCONST    

        CLASS   COMRAM         
                temp                                 45       45        1         1
                cstackCOMRAM                          1        1       25         1
                dataCOMRAM                           44       44        1         1
                bssCOMRAM                            26       26       1E         1

        CLASS   ABS1           

        CLASS   BIGRAM         

        CLASS   RAM            

        CLASS   BANK0          
                cstackBANK0                          FF       FF        1         1
                bssBANK0                             60       60       9F         1

        CLASS   BANK1          
                cstackBANK1                         1CE      1CE       1B         1
                bssBANK1                            100      100       CE         1

        CLASS   BANK2          
                bssBANK2                            200      200       C8         1

        CLASS   BANK3          
                bssBANK3                            300      300       CE         1

        CLASS   BANK4          
                bssBANK4                            400      400       CE         1

        CLASS   BANK5          

        CLASS   SFR            

        CLASS   FARRAM         

        CLASS   CONFIG         
                config                           300000   300000        E         0

        CLASS   IDLOC          
                idloc                            200000   200000        8         0

        CLASS   EEDATA         



SEGMENTS        Name                           Load    Length   Top    Selector   Space  Class

                reset_vec                      000000  000004  000004         0       0  CODE    
                cstackCOMRAM                   000001  000045  000046         1       1  COMRAM  
                intcode                        000008  001BDD  001BE5         4       0  CODE    
                bssBANK0                       000060  0000A0  000100        60       1  BANK0   
                bssBANK1                       000100  0000E9  0001E9       100       1  BANK1   
                bssBANK2                       000200  0000C8  0002C8       200       1  BANK2   
                bssBANK3                       000300  0000CE  0003CE       300       1  BANK3   
                bssBANK4                       000400  0000CE  0004CE       400       1  BANK4   
                idloc                          200000  000008  200008    200000       0  IDLOC   
                config                         300000  00000E  30000E    300000       0  CONFIG  


UNUSED ADDRESS RANGES

        Name                Unused          Largest block    Delta
        BANK1            0001E9-0001FF               17
        BANK2            0002C8-0002FF               38
        BANK3            0003CE-0003FF               32
        BANK4            0004CE-0004FF               32
        BANK5            000500-0005FF              100
        BIGRAM           000046-00005F               1A
                         0001E9-0001FF               17
                         0002C8-0002FF               38
                         0003CE-0003FF               32
                         0004CE-0005FF              132
        CODE             000004-000007                4
                         001BE5-007FFF             641B
        COMRAM           000046-00005F               1A
        CONST            000004-000007                4
                         001BE5-007FFF             641B
        EEDATA           F00000-F000FF              100
        MEDIUMCONST      001BE5-007FFF             641B
        RAM              0001E9-0001FF               17
                         0002C8-0002FF               38
                         0003CE-0003FF               32
                         0004CE-0005FF               32
        SFR              000F38-000FFF               28
        SMALLCONST       001BE5-007FFF              100
        STACK            0004CE-0005FF              132

                                  Symbol Table

?_FastTransfer_buffer_modulo_inc         cstackCOMRAM 00001B
?_Receive_available                      cstackCOMRAM 00001D
?_UART_buff_modulo_inc                   cstackCOMRAM 00001B
?_UART_buff_size                         cstackCOMRAM 00001B
?___awdiv                                cstackCOMRAM 00001B
?i2_UART_buff_modulo_inc                 cstackCOMRAM 000001
?i2_UART_buff_size                       cstackCOMRAM 000001
CRC8@crc                                 cstackCOMRAM 000021
CRC8@data                                cstackCOMRAM 00001B
CRC8@extract                             cstackCOMRAM 00001F
CRC8@len                                 cstackCOMRAM 00001D
CRC8@sum                                 cstackCOMRAM 00001E
CRC8@tempI                               cstackCOMRAM 000020
CRCcheck@SentCRC                         cstackBANK1  0001D0
CRCcheck@arrayHolder                     cstackBANK1  0001D2
CRCcheck@calculatedCRC                   cstackBANK1  0001D1
CRCcheck@rt                              cstackBANK1  0001D5
Clear595@i                               cstackCOMRAM 000024
ComputeStorageData@i                     cstackCOMRAM 00001E
DATAEE_ReadByte@bAdd                     cstackCOMRAM 00001B
Delay@i                                  cstackCOMRAM 000020
Delay@wait                               cstackCOMRAM 00001B
EUSART1_Receive_ISR@data                 cstackCOMRAM 00000C
EnableSlavePower@onof                    cstackBANK1  0001CE
EnableSlavePower@slave                   cstackCOMRAM 000025
FastTransfer_buffer_flush@_this          cstackBANK1  0001CE
FastTransfer_buffer_flush@clearBuffer    cstackBANK1  0001D0
FastTransfer_buffer_modulo_inc@modulus   cstackCOMRAM 00001D
FastTransfer_buffer_modulo_inc@my_value  cstackCOMRAM 00001F
FastTransfer_buffer_modulo_inc@value     cstackCOMRAM 00001B
FastTransfer_buffer_put@_this            cstackCOMRAM 000021
FastTransfer_buffer_put@towhat           cstackCOMRAM 000024
FastTransfer_buffer_put@towhere          cstackCOMRAM 000023
Send_put@_data                           cstackBANK0  0000FF
SetPin595@Reg                            cstackCOMRAM 00001B
SetPin595@pin                            cstackCOMRAM 00001D
SetPin595@value                          cstackCOMRAM 00001F
ToSend@what                              cstackBANK1  0001D0
ToSend@where                             cstackBANK0  0000FF
UART_buff_get@_this                      cstackCOMRAM 000021
UART_buff_get@c                          cstackCOMRAM 000025
UART_buff_init@_this                     cstackCOMRAM 000023
UART_buff_modulo_inc@modulus             cstackCOMRAM 00001D
UART_buff_modulo_inc@my_value            cstackCOMRAM 00001F
UART_buff_modulo_inc@value               cstackCOMRAM 00001B
UART_buff_peek@_this                     cstackCOMRAM 00001B
UART_buff_put@_this                      cstackCOMRAM 000021
UART_buff_put@c                          cstackCOMRAM 000023
UART_buff_size@_this                     cstackCOMRAM 00001B
_ADCON0                                  (abs)        000FC2
_ADCON0bits                              (abs)        000FC2
_ADCON1                                  (abs)        000FC1
_ADCON2                                  (abs)        000FC0
_ADC_ISR                                 text51       001BE0
_ADC_Initialize                          text33       001B24
_ADRESH                                  (abs)        000FC4
_ADRESL                                  (abs)        000FC3
_AKNAKsend                               bssCOMRAM    00003C
_ANSELA                                  (abs)        000F38
_ANSELB                                  (abs)        000F39
_ANSELC                                  (abs)        000F3A
_ANSELCbits                              (abs)        000F3A
_ANSELD                                  (abs)        000F3B
_ANSELE                                  (abs)        000F3C
_BAUD1CON                                (abs)        000FB8
_CRC8                                    text22       001860
_CRCcheck                                text14       0008C4
_Clear595                                text37       001966
_ComputeStorageData                      text42       000F72
_Current                                 bssBANK0     000090
_CurrentADC                              bssBANK0     00009C
_Currentcomp                             bssBANK0     0000A8
_DATAEE_ReadByte                         text43       001B92
_Delay                                   text39       0018AA
_EEADR                                   (abs)        000FA9
_EECON1bits                              (abs)        000FA6
_EECON2                                  (abs)        000FA7
_EEDATA                                  (abs)        000FA8
_EUSART1_Initialize                      text30       0018F4
_EUSART1_Receive_ISR                     text48       001B06
_EUSART1_Transmit_ISR                    text45       00199A
_EnableSlavePower                        text40       000E92
_FastTransfer_buffer_flush               text5        001504
_FastTransfer_buffer_modulo_inc          text8        001A28
_FastTransfer_buffer_put                 text7        000750
_INTCON2bits                             (abs)        000FF1
_INTCONbits                              (abs)        000FF2
_INTERRUPT_Initialize                    text29       001BD0
_INTERRUPT_InterruptManager              intcode      000008
_IPR1bits                                (abs)        000F9F
_LATA                                    (abs)        000F89
_LATA3                                   (abs)        007C4B
_LATB                                    (abs)        000F8A
_LATB0                                   (abs)        007C50
_LATC                                    (abs)        000F8B
_LATCbits                                (abs)        000F8B
_LATD                                    (abs)        000F8C
_LATD4                                   (abs)        007C64
_LATD5                                   (abs)        007C65
_LATD6                                   (abs)        007C66
_LATD7                                   (abs)        007C67
_LATE                                    (abs)        000F8D
_OSCCON                                  (abs)        000FD3
_OSCCON2                                 (abs)        000FD2
_OSCILLATOR_Initialize                   text28       001BC2
_OSCTUNE                                 (abs)        000F9B
_PDUStartup                              text34       001708
_PIE1bits                                (abs)        000F9D
_PIN_MANAGER_Initialize                  text27       001640
_PIR1bits                                (abs)        000F9E
_RC1STA                                  (abs)        000FAB
_RC1STAbits                              (abs)        000FAB
_RCONbits                                (abs)        000FD0
_RCREG1                                  (abs)        000FAE
_Receive_available                       text20       001B3C
_Receive_get                             text17       001BB4
_Receive_peek                            text12       001BA6
_SPBRG1                                  (abs)        000FAF
_SPBRGH1                                 (abs)        000FB0
_SYSTEM_Initialize                       text24       0015D8
_Send_put                                text10       0019CC
_SetPin595                               text41       001812
_StartUp595                              text36       0016A6
_T1CON                                   (abs)        000FCD
_T1CONbits                               (abs)        000FCD
_T1GCON                                  (abs)        000FCC
_T1GCONbits                              (abs)        000FCC
_TABLAT                                  (abs)        000FF5
_TBLPTRH                                 (abs)        000FF7
_TBLPTRL                                 (abs)        000FF6
_TBLPTRU                                 (abs)        000FF8
_TMR1                                    (abs)        000FCE
_TMR1H                                   (abs)        000FCF
_TMR1L                                   (abs)        000FCE
_TRISA                                   (abs)        000F92
_TRISB                                   (abs)        000F93
_TRISC                                   (abs)        000F94
_TRISCbits                               (abs)        000F94
_TRISD                                   (abs)        000F95
_TRISE                                   (abs)        000F96
_TX1STA                                  (abs)        000FAC
_TXREG1                                  (abs)        000FAD
_ToSend                                  text6        001ACA
_Transmit_stall                          dataCOMRAM   000044
_UART_buff_get                           text18       0012CA
_UART_buff_init                          text31       001AE8
_UART_buff_modulo_inc                    text19       001A52
_UART_buff_peek                          text13       001AA6
_UART_buff_put                           text11       000B6C
_UART_buff_size                          text21       001B52
_Update                                  text35       001BDA
_WPUB                                    (abs)        000F61
__CFG_BOREN$SBORDIS                      (abs)        000000
__CFG_BORV$190                           (abs)        000000
__CFG_CCP2MX$PORTC1                      (abs)        000000
__CFG_CCP3MX$PORTB5                      (abs)        000000
__CFG_CP0$OFF                            (abs)        000000
__CFG_CP1$OFF                            (abs)        000000
__CFG_CP2$OFF                            (abs)        000000
__CFG_CP3$OFF                            (abs)        000000
__CFG_CPB$OFF                            (abs)        000000
__CFG_CPD$OFF                            (abs)        000000
__CFG_DEBUG$OFF                          (abs)        000000
__CFG_EBTR0$OFF                          (abs)        000000
__CFG_EBTR1$OFF                          (abs)        000000
__CFG_EBTR2$OFF                          (abs)        000000
__CFG_EBTR3$OFF                          (abs)        000000
__CFG_EBTRB$OFF                          (abs)        000000
__CFG_FCMEN$OFF                          (abs)        000000
__CFG_FOSC$INTIO67                       (abs)        000000
__CFG_HFOFST$ON                          (abs)        000000
__CFG_IESO$OFF                           (abs)        000000
__CFG_LVP$OFF                            (abs)        000000
__CFG_MCLRE$EXTMCLR                      (abs)        000000
__CFG_P2BMX$PORTD2                       (abs)        000000
__CFG_PBADEN$ON                          (abs)        000000
__CFG_PLLCFG$OFF                         (abs)        000000
__CFG_PRICLKEN$OFF                       (abs)        000000
__CFG_PWRTEN$OFF                         (abs)        000000
__CFG_STVREN$ON                          (abs)        000000
__CFG_T3CMX$PORTC0                       (abs)        000000
__CFG_WDTEN$OFF                          (abs)        000000
__CFG_WDTPS$32768                        (abs)        000000
__CFG_WRT0$OFF                           (abs)        000000
__CFG_WRT1$OFF                           (abs)        000000
__CFG_WRT2$OFF                           (abs)        000000
__CFG_WRT3$OFF                           (abs)        000000
__CFG_WRTB$OFF                           (abs)        000000
__CFG_WRTC$OFF                           (abs)        000000
__CFG_WRTD$OFF                           (abs)        000000
__CFG_XINST$OFF                          (abs)        000000
__HRAM                                   (abs)        000000
__Habs1                                  abs1         000000
__Hbank0                                 bank0        000000
__Hbank1                                 bank1        000000
__Hbank2                                 bank2        000000
__Hbank3                                 bank3        000000
__Hbank4                                 bank4        000000
__Hbank5                                 bank5        000000
__Hbigbss                                bigbss       000000
__Hbigdata                               bigdata      000000
__Hbigram                                bigram       000000
__Hbss                                   bss          000000
__HbssBANK0                              bssBANK0     000000
__HbssBANK1                              bssBANK1     000000
__HbssBANK2                              bssBANK2     000000
__HbssBANK3                              bssBANK3     000000
__HbssBANK4                              bssBANK4     000000
__HbssCOMRAM                             bssCOMRAM    000000
__Hcinit                                 cinit        000000
__Hclrtext                               clrtext      000000
__Hcomram                                comram       000000
__Hconfig                                config       30000E
__Hconst                                 const        000000
__HcstackBANK0                           cstackBANK0  000000
__HcstackBANK1                           cstackBANK1  000000
__HcstackCOMRAM                          cstackCOMRAM 000000
__Hdata                                  data         000000
__HdataCOMRAM                            dataCOMRAM   000000
__Heeprom_data                           eeprom_data  000000
__Hend_init                              end_init     0000A4
__Hfarbss                                farbss       000000
__Hfardata                               fardata      000000
__Hibigdata                              ibigdata     000000
__Hidata                                 idata        000000
__HidataCOMRAM                           idataCOMRAM  000000
__Hidloc                                 idloc        200008
__Hifardata                              ifardata     000000
__Hinit                                  init         0000A0
__Hintcode                               intcode      0000A0
__Hintcode_body                          intcode_body 000000
__Hintcodelo                             intcodelo    0000A0
__Hintentry                              intentry     000000
__Hintret                                intret       000000
__Hintsave_regs                          intsave_regs 000000
__Hirdata                                irdata       000000
__Hmediumconst                           mediumconst  000000
__HnvFARRAM                              nvFARRAM     000000
__Hnvbit                                 nvbit        000000
__Hnvrram                                nvrram       000000
__Hparam                                 rparam       000000
__Hpowerup                               powerup      0000A0
__Hram                                   ram          000000
__Hramtop                                ramtop       000600
__Hrbit                                  rbit         000000
__Hrbss                                  rbss         000000
__Hrdata                                 rdata        000000
__Hreset_vec                             reset_vec    000004
__Hrparam                                rparam       000000
__Hsfr                                   sfr          000000
__Hsmallconst                            smallconst   000000
__Hspace_0                               (abs)        30000E
__Hspace_1                               (abs)        0004CE
__Hspace_2                               (abs)        000000
__Hstack                                 stack        000000
__Hstruct                                struct       000000
__Htemp                                  temp         000046
__Htext                                  text         000000
__Htext0                                 text0        000000
__Htext1                                 text1        000000
__Htext10                                text10       000000
__Htext11                                text11       000000
__Htext12                                text12       000000
__Htext13                                text13       000000
__Htext14                                text14       000000
__Htext15                                text15       000000
__Htext16                                text16       000000
__Htext17                                text17       000000
__Htext18                                text18       000000
__Htext19                                text19       000000
__Htext2                                 text2        000000
__Htext20                                text20       000000
__Htext21                                text21       000000
__Htext22                                text22       000000
__Htext23                                text23       000000
__Htext24                                text24       000000
__Htext25                                text25       000000
__Htext26                                text26       000000
__Htext27                                text27       000000
__Htext28                                text28       000000
__Htext29                                text29       000000
__Htext3                                 text3        000000
__Htext30                                text30       000000
__Htext31                                text31       000000
__Htext32                                text32       000000
__Htext33                                text33       000000
__Htext34                                text34       000000
__Htext35                                text35       000000
__Htext36                                text36       000000
__Htext37                                text37       000000
__Htext38                                text38       000000
__Htext39                                text39       000000
__Htext4                                 text4        000000
__Htext40                                text40       000000
__Htext41                                text41       000000
__Htext42                                text42       000000
__Htext43                                text43       000000
__Htext45                                text45       000000
__Htext46                                text46       000000
__Htext47                                text47       000000
__Htext48                                text48       000000
__Htext49                                text49       000000
__Htext5                                 text5        000000
__Htext50                                text50       000000
__Htext51                                text51       000000
__Htext52                                text52       000000
__Htext6                                 text6        000000
__Htext7                                 text7        000000
__Htext8                                 text8        000000
__Htext9                                 text9        000000
__LRAM                                   (abs)        000001
__Labs1                                  abs1         000000
__Lbank0                                 bank0        000000
__Lbank1                                 bank1        000000
__Lbank2                                 bank2        000000
__Lbank3                                 bank3        000000
__Lbank4                                 bank4        000000
__Lbank5                                 bank5        000000
__Lbigbss                                bigbss       000000
__Lbigdata                               bigdata      000000
__Lbigram                                bigram       000000
__Lbss                                   bss          000000
__LbssBANK0                              bssBANK0     000000
__LbssBANK1                              bssBANK1     000000
__LbssBANK2                              bssBANK2     000000
__LbssBANK3                              bssBANK3     000000
__LbssBANK4                              bssBANK4     000000
__LbssCOMRAM                             bssCOMRAM    000000
__Lcinit                                 cinit        000000
__Lclrtext                               clrtext      000000
__Lcomram                                comram       000000
__Lconfig                                config       300000
__Lconst                                 const        000000
__LcstackBANK0                           cstackBANK0  000000
__LcstackBANK1                           cstackBANK1  000000
__LcstackCOMRAM                          cstackCOMRAM 000000
__Ldata                                  data         000000
__LdataCOMRAM                            dataCOMRAM   000000
__Leeprom_data                           eeprom_data  000000
__Lend_init                              end_init     0000A0
__Lfarbss                                farbss       000000
__Lfardata                               fardata      000000
__Libigdata                              ibigdata     000000
__Lidata                                 idata        000000
__LidataCOMRAM                           idataCOMRAM  000000
__Lidloc                                 idloc        200000
__Lifardata                              ifardata     000000
__Linit                                  init         0000A0
__Lintcode                               intcode      000008
__Lintcode_body                          intcode_body 000000
__Lintcodelo                             intcodelo    0000A0
__Lintentry                              intentry     000000
__Lintret                                intret       000000
__Lintsave_regs                          intsave_regs 000000
__Lirdata                                irdata       000000
__Lmediumconst                           mediumconst  000000
__LnvFARRAM                              nvFARRAM     000000
__Lnvbit                                 nvbit        000000
__Lnvrram                                nvrram       000000
__Lparam                                 rparam       000000
__Lpowerup                               powerup      0000A0
__Lram                                   ram          000000
__Lramtop                                ramtop       000600
__Lrbit                                  rbit         000000
__Lrbss                                  rbss         000000
__Lrdata                                 rdata        000000
__Lreset_vec                             reset_vec    000000
__Lrparam                                rparam       000000
__Lsfr                                   sfr          000000
__Lsmallconst                            smallconst   000000
__Lspace_0                               (abs)        000000
__Lspace_1                               (abs)        000000
__Lspace_2                               (abs)        000000
__Lstack                                 stack        000000
__Lstruct                                struct       000000
__Ltemp                                  temp         000045
__Ltext                                  text         000000
__Ltext0                                 text0        000000
__Ltext1                                 text1        000000
__Ltext10                                text10       000000
__Ltext11                                text11       000000
__Ltext12                                text12       000000
__Ltext13                                text13       000000
__Ltext14                                text14       000000
__Ltext15                                text15       000000
__Ltext16                                text16       000000
__Ltext17                                text17       000000
__Ltext18                                text18       000000
__Ltext19                                text19       000000
__Ltext2                                 text2        000000
__Ltext20                                text20       000000
__Ltext21                                text21       000000
__Ltext22                                text22       000000
__Ltext23                                text23       000000
__Ltext24                                text24       000000
__Ltext25                                text25       000000
__Ltext26                                text26       000000
__Ltext27                                text27       000000
__Ltext28                                text28       000000
__Ltext29                                text29       000000
__Ltext3                                 text3        000000
__Ltext30                                text30       000000
__Ltext31                                text31       000000
__Ltext32                                text32       000000
__Ltext33                                text33       000000
__Ltext34                                text34       000000
__Ltext35                                text35       000000
__Ltext36                                text36       000000
__Ltext37                                text37       000000
__Ltext38                                text38       000000
__Ltext39                                text39       000000
__Ltext4                                 text4        000000
__Ltext40                                text40       000000
__Ltext41                                text41       000000
__Ltext42                                text42       000000
__Ltext43                                text43       000000
__Ltext45                                text45       000000
__Ltext46                                text46       000000
__Ltext47                                text47       000000
__Ltext48                                text48       000000
__Ltext49                                text49       000000
__Ltext5                                 text5        000000
__Ltext50                                text50       000000
__Ltext51                                text51       000000
__Ltext52                                text52       000000
__Ltext6                                 text6        000000
__Ltext7                                 text7        000000
__Ltext8                                 text8        000000
__Ltext9                                 text9        000000
__S0                                     (abs)        30000E
__S1                                     (abs)        0004CE
__S2                                     (abs)        000000
___awdiv                                 text26       001480
___awdiv@counter                         cstackCOMRAM 00001F
___awdiv@dividend                        cstackCOMRAM 00001B
___awdiv@divisor                         cstackCOMRAM 00001D
___awdiv@quotient                        cstackCOMRAM 000021
___awdiv@sign                            cstackCOMRAM 000020
___inthi_sp                              stack        000000
___intlo_sp                              stack        000000
___param_bank                            (abs)        000010
___rparam_used                           (abs)        000001
___sp                                    stack        000000
__accesstop                              (abs)        000060
__activetblptr                           (abs)        000002
__end_of_ADC_ISR                         text51       001BE4
__end_of_ADC_Initialize                  text33       001B3C
__end_of_CRC8                            text22       0018AA
__end_of_CRCcheck                        text14       000A22
__end_of_Clear595                        text37       00199A
__end_of_ComputeStorageData              text42       00104E
__end_of_DATAEE_ReadByte                 text43       001BA6
__end_of_Delay                           text39       0018F4
__end_of_EUSART1_Initialize              text30       001930
__end_of_EUSART1_Receive_ISR             text48       001B24
__end_of_EUSART1_Transmit_ISR            text45       0019CC
__end_of_EnableSlavePower                text40       000F72
__end_of_FastTransfer_buffer_flush       text5        001570
__end_of_FastTransfer_buffer_modulo_inc  text8        001A52
__end_of_FastTransfer_buffer_put         text7        0008C4
__end_of_INTERRUPT_Initialize            text29       001BDA
__end_of_INTERRUPT_InterruptManager      intcode      0000A0
__end_of_OSCILLATOR_Initialize           text28       001BD0
__end_of_PDUStartup                      text34       001766
__end_of_PIN_MANAGER_Initialize          text27       0016A6
__end_of_Receive_available               text20       001B52
__end_of_Receive_get                     text17       001BC2
__end_of_Receive_peek                    text12       001BB4
__end_of_SYSTEM_Initialize               text24       001640
__end_of_Send_put                        text10       0019FC
__end_of_SetPin595                       text41       001860
__end_of_StartUp595                      text36       001708
__end_of_ToSend                          text6        001AE8
__end_of_UART_buff_get                   text18       00135C
__end_of_UART_buff_init                  text31       001B06
__end_of_UART_buff_modulo_inc            text19       001A7C
__end_of_UART_buff_peek                  text13       001ACA
__end_of_UART_buff_put                   text11       000C86
__end_of_UART_buff_size                  text21       001B68
__end_of_Update                          text35       001BE0
__end_of___awdiv                         text26       001504
__end_of__initialization                 cinit        0015CA
__end_of_begin                           text25       0017BE
__end_of_crcBufS_get                     text16       000E92
__end_of_crcBufS_put                     text4        001126
__end_of_crcBufS_status_put              text15       0011FC
__end_of_main                            text0        001B92
__end_of_memset                          text32       001A28
__end_of_processPowerRequest             text23       0012CA
__end_of_receiveData                     text9        000750
__end_of_respondECU                      text2        001812
__end_of_sendData                        text3        000B6C
__end_of_updateComms                     text1        001966
__end_of_writeRegisters                  text38       0013EE
__end_ofi2_UART_buff_get                 text47       001480
__end_ofi2_UART_buff_modulo_inc          text50       001AA6
__end_ofi2_UART_buff_put                 text49       000DA0
__end_ofi2_UART_buff_size                text46       001B7E
__initialization                         cinit        001570
__mediumconst                            mediumconst  000000
__pbssBANK0                              bssBANK0     000060
__pbssBANK1                              bssBANK1     000100
__pbssBANK2                              bssBANK2     000200
__pbssBANK3                              bssBANK3     000300
__pbssBANK4                              bssBANK4     000400
__pbssCOMRAM                             bssCOMRAM    000026
__pcinit                                 cinit        001570
__pcstackBANK0                           cstackBANK0  0000FF
__pcstackBANK1                           cstackBANK1  0001CE
__pcstackCOMRAM                          cstackCOMRAM 000001
__pdataCOMRAM                            dataCOMRAM   000044
__pidataCOMRAM                           idataCOMRAM  001BE4
__pintcode                               intcode      000008
__ptext0                                 text0        001B7E
__ptext1                                 text1        001930
__ptext10                                text10       0019CC
__ptext11                                text11       000B6C
__ptext12                                text12       001BA6
__ptext13                                text13       001AA6
__ptext14                                text14       0008C4
__ptext15                                text15       001126
__ptext16                                text16       000DA0
__ptext17                                text17       001BB4
__ptext18                                text18       0012CA
__ptext19                                text19       001A52
__ptext2                                 text2        0017BE
__ptext20                                text20       001B3C
__ptext21                                text21       001B52
__ptext22                                text22       001860
__ptext23                                text23       0011FC
__ptext24                                text24       0015D8
__ptext25                                text25       001766
__ptext26                                text26       001480
__ptext27                                text27       001640
__ptext28                                text28       001BC2
__ptext29                                text29       001BD0
__ptext3                                 text3        000A22
__ptext30                                text30       0018F4
__ptext31                                text31       001AE8
__ptext32                                text32       0019FC
__ptext33                                text33       001B24
__ptext34                                text34       001708
__ptext35                                text35       001BDA
__ptext36                                text36       0016A6
__ptext37                                text37       001966
__ptext38                                text38       00135C
__ptext39                                text39       0018AA
__ptext4                                 text4        00104E
__ptext40                                text40       000E92
__ptext41                                text41       001812
__ptext42                                text42       000F72
__ptext43                                text43       001B92
__ptext45                                text45       00199A
__ptext46                                text46       001B68
__ptext47                                text47       0013EE
__ptext48                                text48       001B06
__ptext49                                text49       000C86
__ptext5                                 text5        001504
__ptext50                                text50       001A7C
__ptext51                                text51       001BE0
__ptext52                                text52       000000
__ptext6                                 text6        001ACA
__ptext7                                 text7        000750
__ptext8                                 text8        001A28
__ptext9                                 text9        0000A4
__ramtop                                 ramtop       000600
__size_of_ADC_ISR                        (abs)        000000
__size_of_ADC_Initialize                 (abs)        000000
__size_of_CRC8                           (abs)        000000
__size_of_CRCcheck                       (abs)        000000
__size_of_Clear595                       (abs)        000000
__size_of_ComputeStorageData             (abs)        000000
__size_of_DATAEE_ReadByte                (abs)        000000
__size_of_Delay                          (abs)        000000
__size_of_EUSART1_Initialize             (abs)        000000
__size_of_EUSART1_Receive_ISR            (abs)        000000
__size_of_EUSART1_Transmit_ISR           (abs)        000000
__size_of_EnableSlavePower               (abs)        000000
__size_of_FastTransfer_buffer_flush      (abs)        000000
__size_of_FastTransfer_buffer_modulo_inc (abs)        000000
__size_of_FastTransfer_buffer_put        (abs)        000000
__size_of_INTERRUPT_Initialize           (abs)        000000
__size_of_INTERRUPT_InterruptManager     (abs)        000000
__size_of_OSCILLATOR_Initialize          (abs)        000000
__size_of_PDUStartup                     (abs)        000000
__size_of_PIN_MANAGER_Initialize         (abs)        000000
__size_of_Receive_available              (abs)        000000
__size_of_Receive_get                    (abs)        000000
__size_of_Receive_peek                   (abs)        000000
__size_of_SYSTEM_Initialize              (abs)        000000
__size_of_Send_put                       (abs)        000000
__size_of_SetPin595                      (abs)        000000
__size_of_StartUp595                     (abs)        000000
__size_of_ToSend                         (abs)        000000
__size_of_UART_buff_get                  (abs)        000000
__size_of_UART_buff_init                 (abs)        000000
__size_of_UART_buff_modulo_inc           (abs)        000000
__size_of_UART_buff_peek                 (abs)        000000
__size_of_UART_buff_put                  (abs)        000000
__size_of_UART_buff_size                 (abs)        000000
__size_of_Update                         (abs)        000000
__size_of___awdiv                        (abs)        000000
__size_of_begin                          (abs)        000000
__size_of_crcBufS_get                    (abs)        000000
__size_of_crcBufS_put                    (abs)        000000
__size_of_crcBufS_status_put             (abs)        000000
__size_of_main                           (abs)        000000
__size_of_memset                         (abs)        000000
__size_of_processPowerRequest            (abs)        000000
__size_of_receiveData                    (abs)        000000
__size_of_respondECU                     (abs)        000000
__size_of_sendData                       (abs)        000000
__size_of_updateComms                    (abs)        000000
__size_of_writeRegisters                 (abs)        000000
__size_ofi2_UART_buff_get                (abs)        000000
__size_ofi2_UART_buff_modulo_inc         (abs)        000000
__size_ofi2_UART_buff_put                (abs)        000000
__size_ofi2_UART_buff_size               (abs)        000000
__smallconst                             smallconst   000000
_addressErrorCounter                     bssBANK0     0000C0
_alignErrorCounter                       bssCOMRAM    000026
_begin                                   text25       001766
_calc_CS                                 bssCOMRAM    00003D
_crcBufS_get                             text16       000DA0
_crcBufS_put                             text4        00104E
_crcBufS_status_put                      text15       001126
_crcErrorCounter                         bssBANK0     0000C2
_crc_buffer                              bssBANK0     0000EE
_data                                    bssBANK0     0000B4
_dataAdressErrorCounter                  bssBANK0     0000C4
_group                                   bssCOMRAM    000028
_input_buffer                            bssBANK3     000300
_main                                    text0        001B7E
_maxDataAddress                          bssCOMRAM    00003E
_memset                                  text32       0019FC
_moduleAddress                           bssCOMRAM    00003F
_output_buffer                           bssBANK4     000400
_processPowerRequest                     text23       0011FC
_readwhat                                bssCOMRAM    00002A
_receiveArray                            bssBANK0     0000C6
_receiveArrayAddress                     bssCOMRAM    00002C
_receiveData                             text9        0000A4
_registers                               bssBANK0     000060
_respondECU                              text2        0017BE
_returnAddress                           bssCOMRAM    000040
_ring_buffer                             bssBANK1     000100
_rx_address                              bssCOMRAM    000041
_rx_array_inx                            bssCOMRAM    000042
_rx_buffer                               bssBANK2     000200
_rx_len                                  bssCOMRAM    000043
_sendData                                text3        000A22
_sendStructAddress                       bssCOMRAM    00002E
_serial_available                        bssCOMRAM    000030
_serial_peek                             bssCOMRAM    000032
_serial_read                             bssCOMRAM    000034
_serial_write                            bssCOMRAM    000036
_timer1ReloadVal                         bssCOMRAM    000038
_updateComms                             text1        001930
_writeRegisters                          text38       00135C
begin@error                              cstackBANK1  0001D2
begin@givenAddress                       cstackBANK1  0001D1
begin@maxSize                            cstackBANK1  0001D0
begin@ptr                                cstackBANK1  0001CE
begin@stuffavailable                     cstackBANK1  0001D7
begin@stuffpeek                          cstackBANK1  0001D9
begin@stufftoreceive                     cstackBANK1  0001D5
begin@stufftosend                        cstackBANK1  0001D3
btemp                                    temp         000045
crcBufS_get@_this                        cstackCOMRAM 00001B
crcBufS_get@space                        cstackCOMRAM 00001E
crcBufS_get@time                         cstackCOMRAM 00001D
crcBufS_get@wantedTime                   cstackBANK1  0001CE
crcBufS_put@_this                        cstackCOMRAM 00001B
crcBufS_put@address                      cstackCOMRAM 00001D
crcBufS_put@oldCRC                       cstackCOMRAM 00001E
crcBufS_put@status                       cstackCOMRAM 00001F
crcBufS_status_put@_this                 cstackCOMRAM 00001B
crcBufS_status_put@status                cstackCOMRAM 00001E
crcBufS_status_put@time                  cstackCOMRAM 00001D
crcBufS_status_put@wantedTime            cstackCOMRAM 000023
end_of_initialization                    cinit        0015CA
i2UART_buff_get@_this                    cstackCOMRAM 000007
i2UART_buff_get@c                        cstackCOMRAM 00000B
i2UART_buff_modulo_inc@modulus           cstackCOMRAM 000003
i2UART_buff_modulo_inc@my_value          cstackCOMRAM 000005
i2UART_buff_modulo_inc@value             cstackCOMRAM 000001
i2UART_buff_put@_this                    cstackCOMRAM 000007
i2UART_buff_put@c                        cstackCOMRAM 000009
i2UART_buff_size@_this                   cstackCOMRAM 000001
i2_UART_buff_get                         text47       0013EE
i2_UART_buff_modulo_inc                  text50       001A7C
i2_UART_buff_put                         text49       000C86
i2_UART_buff_size                        text46       001B68
int$flags                                temp         000045
intlevel0                                text         000000
intlevel1                                text         000000
intlevel2                                text         000000
intlevel3                                text         000000
memset@c                                 cstackCOMRAM 00001D
memset@n                                 cstackCOMRAM 00001F
memset@p                                 cstackCOMRAM 000021
memset@p1                                cstackCOMRAM 00001B
processPowerRequest@powerSet             cstackBANK1  0001D2
receiveData@crcHolder                    cstackBANK1  0001E3
receiveData@crcHolder_1239               cstackBANK1  0001E4
receiveData@holder                       cstackBANK1  0001DD
receiveData@holder_1238                  cstackBANK1  0001E0
receiveData@r                            cstackBANK1  0001E7
receiveData@u                            cstackBANK1  0001E5
sendData@CS                              cstackBANK1  0001D4
sendData@i                               cstackBANK1  0001D5
sendData@whereToSend                     cstackBANK1  0001D3
stackhi                                  (abs)        0005FF
stacklo                                  (abs)        0004CE
start                                    init         0000A0
start_initialization                     cinit        001570
updateComms@previousPowerState           bssCOMRAM    00003A
writeRegisters@i                         cstackBANK1  0001D0
writeRegisters@val                       cstackBANK1  0001CE


FUNCTION INFORMATION:

 *************** function _main *****************
 Defined at:
		line 9 in file "main.c"
 Parameters:    Size  Location     Type
		None
 Auto vars:     Size  Location     Type
		None
 Return value:  Size  Location     Type
		None               void
 Registers used:
		wreg, fsr2l, fsr2h, status,2, status,0, pclat, tosl, prodl, prodh, cstack
 Tracked objects:
		On entry : 
		On exit  : 
		Unchanged: 
 Data sizes:     COMRAM   BANK0   BANK1   BANK2   BANK3   BANK4   BANK5
      Params:         0       0       0       0       0       0       0
      Locals:         0       0       0       0       0       0       0
      Temps:          0       0       0       0       0       0       0
      Totals:         0       0       0       0       0       0       0
Total ram usage:        0 bytes
 Hardware stack levels required when called:   10
 This function calls:
		_PDUStartup
		_SYSTEM_Initialize
		_updateComms
 This function is called by:
		Startup code after reset
 This function uses a non-reentrant model


 *************** function _updateComms *****************
 Defined at:
		line 21 in file "Communications.c"
 Parameters:    Size  Location     Type
		None
 Auto vars:     Size  Location     Type
		None
 Return value:  Size  Location     Type
		None               void
 Registers used:
		wreg, fsr2l, fsr2h, status,2, status,0, pclat, tosl, prodl, prodh, cstack
 Tracked objects:
		On entry : 
		On exit  : 
		Unchanged: 
 Data sizes:     COMRAM   BANK0   BANK1   BANK2   BANK3   BANK4   BANK5
      Params:         0       0       0       0       0       0       0
      Locals:         0       0       0       0       0       0       0
      Temps:          0       0       0       0       0       0       0
      Totals:         0       0       0       0       0       0       0
Total ram usage:        0 bytes
 Hardware stack levels used:    1
 Hardware stack levels required when called:    9
 This function calls:
		_processPowerRequest
		_receiveData
		_respondECU
 This function is called by:
		_main
 This function uses a non-reentrant model


 *************** function _respondECU *****************
 Defined at:
		line 48 in file "Communications.c"
 Parameters:    Size  Location     Type
		None
 Auto vars:     Size  Location     Type
		None
 Return value:  Size  Location     Type
		None               void
 Registers used:
		wreg, fsr2l, fsr2h, status,2, status,0, pclat, tosl, cstack
 Tracked objects:
		On entry : 
		On exit  : 
		Unchanged: 
 Data sizes:     COMRAM   BANK0   BANK1   BANK2   BANK3   BANK4   BANK5
      Params:         0       0       0       0       0       0       0
      Locals:         0       0       0       0       0       0       0
      Temps:          0       0       0       0       0       0       0
      Totals:         0       0       0       0       0       0       0
Total ram usage:        0 bytes
 Hardware stack levels used:    1
 Hardware stack levels required when called:    8
 This function calls:
		_Delay
		_ToSend
		_sendData
 This function is called by:
		_updateComms
 This function uses a non-reentrant model


 *************** function _sendData *****************
 Defined at:
		line 53 in file "FastTransfer.c"
 Parameters:    Size  Location     Type
  whereToSend     1    wreg     unsigned char 
 Auto vars:     Size  Location     Type
  whereToSend     1    5[BANK1 ] unsigned char 
  i               2    7[BANK1 ] int 
  CS              1    6[BANK1 ] unsigned char 
 Return value:  Size  Location     Type
		None               void
 Registers used:
		wreg, fsr2l, fsr2h, status,2, status,0, pclat, tosl, cstack
 Tracked objects:
		On entry : 
		On exit  : 
		Unchanged: 
 Data sizes:     COMRAM   BANK0   BANK1   BANK2   BANK3   BANK4   BANK5
      Params:         0       0       0       0       0       0       0
      Locals:         0       0       4       0       0       0       0
      Temps:          0       0       1       0       0       0       0
      Totals:         0       0       5       0       0       0       0
Total ram usage:        5 bytes
 Hardware stack levels used:    1
 Hardware stack levels required when called:    7
 This function calls:
		Absolute function
		_CRC8
		_FastTransfer_buffer_flush
		_Send_put
		_crcBufS_put
 This function is called by:
		_respondECU
 This function uses a non-reentrant model


 *************** function _crcBufS_put *****************
 Defined at:
		line 321 in file "FastTransfer.c"
 Parameters:    Size  Location     Type
  _this           2   26[COMRAM] PTR struct crcBufS
		 -> crc_buffer(17), 
  address         1   28[COMRAM] unsigned char 
  oldCRC          1   29[COMRAM] unsigned char 
  status          1   30[COMRAM] unsigned char 
 Auto vars:     Size  Location     Type
		None
 Return value:  Size  Location     Type
		None               void
 Registers used:
		wreg, fsr2l, fsr2h, status,2, status,0
 Tracked objects:
		On entry : 
		On exit  : 
		Unchanged: 
 Data sizes:     COMRAM   BANK0   BANK1   BANK2   BANK3   BANK4   BANK5
      Params:         5       0       0       0       0       0       0
      Locals:         0       0       0       0       0       0       0
      Temps:          2       0       0       0       0       0       0
      Totals:         7       0       0       0       0       0       0
Total ram usage:        7 bytes
 Hardware stack levels used:    1
 Hardware stack levels required when called:    4
 This function calls:
		Nothing
 This function is called by:
		_sendData
 This function uses a non-reentrant model


 *************** function _FastTransfer_buffer_flush *****************
 Defined at:
		line 261 in file "FastTransfer.c"
 Parameters:    Size  Location     Type
  _this           2    0[BANK1 ] PTR struct ringBufS
		 -> ring_buffer(206), 
  clearBuffer     2    2[BANK1 ] const int 
 Auto vars:     Size  Location     Type
		None
 Return value:  Size  Location     Type
		None               void
 Registers used:
		wreg, fsr2l, fsr2h, status,2, status,0, cstack
 Tracked objects:
		On entry : 
		On exit  : 
		Unchanged: 
 Data sizes:     COMRAM   BANK0   BANK1   BANK2   BANK3   BANK4   BANK5
      Params:         0       0       4       0       0       0       0
      Locals:         0       0       0       0       0       0       0
      Temps:          0       0       0       0       0       0       0
      Totals:         0       0       4       0       0       0       0
Total ram usage:        4 bytes
 Hardware stack levels used:    1
 Hardware stack levels required when called:    5
 This function calls:
		_memset
 This function is called by:
		_sendData
 This function uses a non-reentrant model


 *************** function _ToSend *****************
 Defined at:
		line 216 in file "FastTransfer.c"
 Parameters:    Size  Location     Type
  where           1    wreg     unsigned char 
  what            2    2[BANK1 ] unsigned int 
 Auto vars:     Size  Location     Type
  where           1    0[BANK0 ] unsigned char 
 Return value:  Size  Location     Type
		None               void
 Registers used:
		wreg, fsr2l, fsr2h, status,2, status,0, cstack
 Tracked objects:
		On entry : 
		On exit  : 
		Unchanged: 
 Data sizes:     COMRAM   BANK0   BANK1   BANK2   BANK3   BANK4   BANK5
      Params:         0       0       2       0       0       0       0
      Locals:         0       1       0       0       0       0       0
      Temps:          0       0       0       0       0       0       0
      Totals:         0       1       2       0       0       0       0
Total ram usage:        3 bytes
 Hardware stack levels used:    1
 Hardware stack levels required when called:    6
 This function calls:
		_FastTransfer_buffer_put
 This function is called by:
		_respondECU
 This function uses a non-reentrant model


 *************** function _FastTransfer_buffer_put *****************
 Defined at:
		line 223 in file "FastTransfer.c"
 Parameters:    Size  Location     Type
  _this           2   32[COMRAM] PTR struct ringBufS
		 -> ring_buffer(206), 
  towhere         1   34[COMRAM] unsigned char 
  towhat          2   35[COMRAM] unsigned int 
 Auto vars:     Size  Location     Type
		None
 Return value:  Size  Location     Type
		None               void
 Registers used:
		wreg, fsr2l, fsr2h, status,2, status,0, cstack
 Tracked objects:
		On entry : 
		On exit  : 
		Unchanged: 
 Data sizes:     COMRAM   BANK0   BANK1   BANK2   BANK3   BANK4   BANK5
      Params:         5       0       0       0       0       0       0
      Locals:         0       0       0       0       0       0       0
      Temps:          0       0       2       0       0       0       0
      Totals:         5       0       2       0       0       0       0
Total ram usage:        7 bytes
 Hardware stack levels used:    1
 Hardware stack levels required when called:    5
 This function calls:
		_FastTransfer_buffer_modulo_inc
 This function is called by:
		_ToSend
 This function uses a non-reentrant model


 *************** function _FastTransfer_buffer_modulo_inc *****************
 Defined at:
		line 273 in file "FastTransfer.c"
 Parameters:    Size  Location     Type
  value           2   26[COMRAM] const unsigned int 
  modulus         2   28[COMRAM] const unsigned int 
 Auto vars:     Size  Location     Type
  my_value        2   30[COMRAM] unsigned int 
 Return value:  Size  Location     Type
                  2   26[COMRAM] unsigned int 
 Registers used:
		wreg, status,2, status,0
 Tracked objects:
		On entry : 
		On exit  : 
		Unchanged: 
 Data sizes:     COMRAM   BANK0   BANK1   BANK2   BANK3   BANK4   BANK5
      Params:         4       0       0       0       0       0       0
      Locals:         2       0       0       0       0       0       0
      Temps:          0       0       0       0       0       0       0
      Totals:         6       0       0       0       0       0       0
Total ram usage:        6 bytes
 Hardware stack levels used:    1
 Hardware stack levels required when called:    4
 This function calls:
		Nothing
 This function is called by:
		_FastTransfer_buffer_put
		_FastTransfer_buffer_get
 This function uses a non-reentrant model


 *************** function _receiveData *****************
 Defined at:
		line 82 in file "FastTransfer.c"
 Parameters:    Size  Location     Type
		None
 Auto vars:     Size  Location     Type
  holder          3   18[BANK1 ] unsigned char [3]
  crcHolder       1   22[BANK1 ] unsigned char 
  holder          3   15[BANK1 ] unsigned char [3]
  crcHolder       1   21[BANK1 ] unsigned char 
  u               2   23[BANK1 ] int 
  r               2   25[BANK1 ] int 
 Return value:  Size  Location     Type
                  1    wreg      unsigned char 
 Registers used:
		wreg, fsr2l, fsr2h, status,2, status,0, pclat, tosl, prodl, prodh, cstack
 Tracked objects:
		On entry : 
		On exit  : 
		Unchanged: 
 Data sizes:     COMRAM   BANK0   BANK1   BANK2   BANK3   BANK4   BANK5
      Params:         0       0       0       0       0       0       0
      Locals:         0       0      12       0       0       0       0
      Temps:          0       0       6       0       0       0       0
      Totals:         0       0      18       0       0       0       0
Total ram usage:       18 bytes
 Hardware stack levels used:    1
 Hardware stack levels required when called:    8
 This function calls:
		Absolute function
		_CRC8
		_CRCcheck
		_Receive_available
		_Receive_get
		_Receive_peek
		_Send_put
 This function is called by:
		_updateComms
 This function uses a non-reentrant model


 *************** function _Send_put *****************
 Defined at:
		line 130 in file "UART.c"
 Parameters:    Size  Location     Type
  _data           1    wreg     unsigned char 
 Auto vars:     Size  Location     Type
  _data           1    0[BANK0 ] unsigned char 
 Return value:  Size  Location     Type
		None               void
 Registers used:
		wreg, fsr2l, fsr2h, status,2, status,0, cstack
 Tracked objects:
		On entry : 
		On exit  : 
		Unchanged: 
 Data sizes:     COMRAM   BANK0   BANK1   BANK2   BANK3   BANK4   BANK5
      Params:         0       0       0       0       0       0       0
      Locals:         0       1       0       0       0       0       0
      Temps:          0       0       0       0       0       0       0
      Totals:         0       1       0       0       0       0       0
Total ram usage:        1 bytes
 Hardware stack levels used:    1
 Hardware stack levels required when called:    6
 This function calls:
		_UART_buff_get
		_UART_buff_put
 This function is called by:
		_SYSTEM_Initialize
		_putch
		_sendData
		_receiveData
 This function uses a non-reentrant model


 *************** function _UART_buff_put *****************
 Defined at:
		line 68 in file "UART.c"
 Parameters:    Size  Location     Type
  _this           2   32[COMRAM] PTR struct UART_ring_buf
		 -> output_buffer(206), input_buffer(206), 
  c               1   34[COMRAM] const unsigned char 
 Auto vars:     Size  Location     Type
		None
 Return value:  Size  Location     Type
		None               void
 Registers used:
		wreg, fsr2l, fsr2h, status,2, status,0, cstack
 Tracked objects:
		On entry : 
		On exit  : 
		Unchanged: 
 Data sizes:     COMRAM   BANK0   BANK1   BANK2   BANK3   BANK4   BANK5
      Params:         3       0       0       0       0       0       0
      Locals:         0       0       0       0       0       0       0
      Temps:          2       0       0       0       0       0       0
      Totals:         5       0       0       0       0       0       0
Total ram usage:        5 bytes
 Hardware stack levels used:    1
 Hardware stack levels required when called:    5
 This function calls:
		_UART_buff_modulo_inc
 This function is called by:
		_Send_put
 This function uses a non-reentrant model


 *************** function _Receive_peek *****************
 Defined at:
		line 118 in file "UART.c"
 Parameters:    Size  Location     Type
		None
 Auto vars:     Size  Location     Type
		None
 Return value:  Size  Location     Type
                  1    wreg      unsigned char 
 Registers used:
		wreg, fsr2l, fsr2h, status,2, status,0, cstack
 Tracked objects:
		On entry : 
		On exit  : 
		Unchanged: 
 Data sizes:     COMRAM   BANK0   BANK1   BANK2   BANK3   BANK4   BANK5
      Params:         0       0       0       0       0       0       0
      Locals:         0       0       0       0       0       0       0
      Temps:          0       0       0       0       0       0       0
      Totals:         0       0       0       0       0       0       0
Total ram usage:        0 bytes
 Hardware stack levels used:    1
 Hardware stack levels required when called:    5
 This function calls:
		_UART_buff_peek
 This function is called by:
		_SYSTEM_Initialize
		_receiveData
 This function uses a non-reentrant model


 *************** function _UART_buff_peek *****************
 Defined at:
		line 114 in file "UART.c"
 Parameters:    Size  Location     Type
  _this           2   26[COMRAM] PTR struct UART_ring_buf
		 -> input_buffer(206), 
 Auto vars:     Size  Location     Type
		None
 Return value:  Size  Location     Type
                  1    wreg      unsigned char 
 Registers used:
		wreg, fsr2l, fsr2h, status,2, status,0
 Tracked objects:
		On entry : 
		On exit  : 
		Unchanged: 
 Data sizes:     COMRAM   BANK0   BANK1   BANK2   BANK3   BANK4   BANK5
      Params:         2       0       0       0       0       0       0
      Locals:         0       0       0       0       0       0       0
      Temps:          2       0       0       0       0       0       0
      Totals:         4       0       0       0       0       0       0
Total ram usage:        4 bytes
 Hardware stack levels used:    1
 Hardware stack levels required when called:    4
 This function calls:
		Nothing
 This function is called by:
		_Receive_peek
 This function uses a non-reentrant model


 *************** function _CRCcheck *****************
 Defined at:
		line 373 in file "FastTransfer.c"
 Parameters:    Size  Location     Type
		None
 Auto vars:     Size  Location     Type
  rt              2    7[BANK1 ] int 
  arrayHolder     3    4[BANK1 ] unsigned char [3]
  calculatedCR    1    3[BANK1 ] unsigned char 
  SentCRC         1    2[BANK1 ] unsigned char 
 Return value:  Size  Location     Type
		None               void
 Registers used:
		wreg, fsr2l, fsr2h, status,2, status,0, pclat, tosl, prodl, prodh, cstack
 Tracked objects:
		On entry : 
		On exit  : 
		Unchanged: 
 Data sizes:     COMRAM   BANK0   BANK1   BANK2   BANK3   BANK4   BANK5
      Params:         0       0       0       0       0       0       0
      Locals:         0       0       7       0       0       0       0
      Temps:          0       0       0       0       0       0       0
      Totals:         0       0       7       0       0       0       0
Total ram usage:        7 bytes
 Hardware stack levels used:    1
 Hardware stack levels required when called:    7
 This function calls:
		Absolute function
		_CRC8
		_Receive_available
		_Receive_get
		_crcBufS_get
		_crcBufS_status_put
 This function is called by:
		_receiveData
 This function uses a non-reentrant model


 *************** function _crcBufS_status_put *****************
 Defined at:
		line 336 in file "FastTransfer.c"
 Parameters:    Size  Location     Type
  _this           2   26[COMRAM] PTR struct crcBufS
		 -> crc_buffer(17), 
  time            1   28[COMRAM] unsigned char 
  status          1   29[COMRAM] unsigned char 
 Auto vars:     Size  Location     Type
[...]
 Data sizes:     COMRAM   BANK0   BANK1   BANK2   BANK3   BANK4   BANK5
      Params:         0       0       0       0       0       0       0
      Locals:         2       0       0       0       0       0       0
      Temps:          0       0       0       0       0       0       0
      Totals:         2       0       0       0       0       0       0
Total ram usage:        2 bytes
 Hardware stack levels used:    1
 Hardware stack levels required when called:    6
 This function calls:
		_writeRegisters
 This function is called by:
		_StartUp595
 This function uses a non-reentrant model


 *************** function _writeRegisters *****************
 Defined at:
		line 50 in file "Shift595.c"
 Parameters:    Size  Location     Type
		None
 Auto vars:     Size  Location     Type
  i               2    2[BANK1 ] int 
  val             2    0[BANK1 ] int 
 Return value:  Size  Location     Type
		None               void
 Registers used:
		wreg, fsr2l, fsr2h, status,2, status,0, cstack
 Tracked objects:
		On entry : 
		On exit  : 
		Unchanged: 
 Data sizes:     COMRAM   BANK0   BANK1   BANK2   BANK3   BANK4   BANK5
      Params:         0       0       0       0       0       0       0
      Locals:         0       0       4       0       0       0       0
      Temps:          0       0       0       0       0       0       0
      Totals:         0       0       4       0       0       0       0
Total ram usage:        4 bytes
 Hardware stack levels used:    1
 Hardware stack levels required when called:    5
 This function calls:
		_Delay
 This function is called by:
		_Update
		_Clear595
 This function uses a non-reentrant model


 *************** function _Delay *****************
 Defined at:
		line 9 in file "Functions.c"
 Parameters:    Size  Location     Type
  wait            4   26[COMRAM] long 
 Auto vars:     Size  Location     Type
  i               4   31[COMRAM] long 
 Return value:  Size  Location     Type
		None               void
 Registers used:
		wreg, status,2, status,0
 Tracked objects:
		On entry : 
		On exit  : 
		Unchanged: 
 Data sizes:     COMRAM   BANK0   BANK1   BANK2   BANK3   BANK4   BANK5
      Params:         4       0       0       0       0       0       0
      Locals:         4       0       0       0       0       0       0
      Temps:          1       0       0       0       0       0       0
      Totals:         9       0       0       0       0       0       0
Total ram usage:        9 bytes
 Hardware stack levels used:    1
 Hardware stack levels required when called:    4
 This function calls:
		Nothing
 This function is called by:
		_respondECU
		_StartUp595
		_writeRegisters
 This function uses a non-reentrant model


 *************** function _EnableSlavePower *****************
 Defined at:
		line 32 in file "PDU.c"
 Parameters:    Size  Location     Type
  slave           1    wreg     enum E5
  onof            2    0[BANK1 ] int 
 Auto vars:     Size  Location     Type
  slave           1   36[COMRAM] enum E5
 Return value:  Size  Location     Type
		None               void
 Registers used:
		wreg, fsr2l, fsr2h, status,2, status,0, cstack
 Tracked objects:
		On entry : 
		On exit  : 
		Unchanged: 
 Data sizes:     COMRAM   BANK0   BANK1   BANK2   BANK3   BANK4   BANK5
      Params:         0       0       2       0       0       0       0
      Locals:         1       0       0       0       0       0       0
      Temps:          0       0       0       0       0       0       0
      Totals:         1       0       2       0       0       0       0
Total ram usage:        3 bytes
 Hardware stack levels used:    1
 Hardware stack levels required when called:    5
 This function calls:
		_SetPin595
 This function is called by:
		_processPowerRequest
		_PDUStartup
		_FuseSystem
 This function uses a non-reentrant model


 *************** function _SetPin595 *****************
 Defined at:
		line 32 in file "Shift595.c"
 Parameters:    Size  Location     Type
  Reg             2   26[COMRAM] int 
  pin             2   28[COMRAM] int 
  value           2   30[COMRAM] int 
 Auto vars:     Size  Location     Type
		None
 Return value:  Size  Location     Type
		None               void
 Registers used:
		wreg, fsr2l, fsr2h, status,2, status,0
 Tracked objects:
		On entry : 
		On exit  : 
		Unchanged: 
 Data sizes:     COMRAM   BANK0   BANK1   BANK2   BANK3   BANK4   BANK5
      Params:         6       0       0       0       0       0       0
      Locals:         0       0       0       0       0       0       0
      Temps:          4       0       0       0       0       0       0
      Totals:        10       0       0       0       0       0       0
Total ram usage:       10 bytes
 Hardware stack levels used:    1
 Hardware stack levels required when called:    4
 This function calls:
		Nothing
 This function is called by:
		_EnableSlavePower
		_ReadCurrent
 This function uses a non-reentrant model


 *************** function _ComputeStorageData *****************
 Defined at:
		line 94 in file "PDU.c"
 Parameters:    Size  Location     Type
		None
 Auto vars:     Size  Location     Type
  i               2   29[COMRAM] int 
 Return value:  Size  Location     Type
		None               void
 Registers used:
		wreg, fsr2l, fsr2h, status,2, status,0, cstack
 Tracked objects:
		On entry : 
		On exit  : 
		Unchanged: 
 Data sizes:     COMRAM   BANK0   BANK1   BANK2   BANK3   BANK4   BANK5
      Params:         0       0       0       0       0       0       0
      Locals:         2       0       0       0       0       0       0
      Temps:          2       0       0       0       0       0       0
      Totals:         4       0       0       0       0       0       0
Total ram usage:        4 bytes
 Hardware stack levels used:    1
 Hardware stack levels required when called:    5
 This function calls:
		_DATAEE_ReadByte
 This function is called by:
		_PDUStartup
 This function uses a non-reentrant model


 *************** function _DATAEE_ReadByte *****************
 Defined at:
		line 143 in file "mcc_generated_files/memory.c"
 Parameters:    Size  Location     Type
  bAdd            1    wreg     unsigned char 
 Auto vars:     Size  Location     Type
  bAdd            1   26[COMRAM] unsigned char 
 Return value:  Size  Location     Type
                  1    wreg      unsigned char 
 Registers used:
		wreg, status,2
 Tracked objects:
		On entry : 
		On exit  : 
		Unchanged: 
 Data sizes:     COMRAM   BANK0   BANK1   BANK2   BANK3   BANK4   BANK5
      Params:         0       0       0       0       0       0       0
      Locals:         1       0       0       0       0       0       0
      Temps:          0       0       0       0       0       0       0
      Totals:         1       0       0       0       0       0       0
Total ram usage:        1 bytes
 Hardware stack levels used:    1
 Hardware stack levels required when called:    4
 This function calls:
		Nothing
 This function is called by:
		_ComputeStorageData
 This function uses a non-reentrant model


 *************** function _INTERRUPT_InterruptManager *****************
 Defined at:
		line 67 in file "mcc_generated_files/interrupt_manager.c"
 Parameters:    Size  Location     Type
		None
 Auto vars:     Size  Location     Type
		None
 Return value:  Size  Location     Type
		None               void
 Registers used:
		wreg, fsr2l, fsr2h, status,2, status,0, cstack
 Tracked objects:
		On entry : 
		On exit  : 
		Unchanged: 
 Data sizes:     COMRAM   BANK0   BANK1   BANK2   BANK3   BANK4   BANK5
      Params:         0       0       0       0       0       0       0
      Locals:         0       0       0       0       0       0       0
      Temps:         14       0       0       0       0       0       0
      Totals:        14       0       0       0       0       0       0
Total ram usage:       14 bytes
 Hardware stack levels used:    1
 Hardware stack levels required when called:    3
 This function calls:
		_ADC_ISR
		_EUSART1_Receive_ISR
		_EUSART1_Transmit_ISR
 This function is called by:
		Interrupt level 2
 This function uses a non-reentrant model


 *************** function _EUSART1_Transmit_ISR *****************
 Defined at:
		line 150 in file "UART.c"
 Parameters:    Size  Location     Type
		None
 Auto vars:     Size  Location     Type
		None
 Return value:  Size  Location     Type
		None               void
 Registers used:
		wreg, fsr2l, fsr2h, status,2, status,0, cstack
 Tracked objects:
		On entry : 
		On exit  : 
		Unchanged: 
 Data sizes:     COMRAM   BANK0   BANK1   BANK2   BANK3   BANK4   BANK5
      Params:         0       0       0       0       0       0       0
      Locals:         0       0       0       0       0       0       0
      Temps:          0       0       0       0       0       0       0
      Totals:         0       0       0       0       0       0       0
Total ram usage:        0 bytes
 Hardware stack levels used:    1
 Hardware stack levels required when called:    2
 This function calls:
		i2_UART_buff_get
		i2_UART_buff_size
 This function is called by:
		_INTERRUPT_InterruptManager
 This function uses a non-reentrant model


 *************** function i2_UART_buff_size *****************
 Defined at:
		line 102 in file "UART.c"
 Parameters:    Size  Location     Type
  _this           2    0[COMRAM] PTR struct UART_ring_buf
		 -> output_buffer(206), input_buffer(206), 
 Auto vars:     Size  Location     Type
		None
 Return value:  Size  Location     Type
                  2    0[COMRAM] int 
 Registers used:
		wreg, fsr2l, fsr2h, status,2, status,0
 Tracked objects:
		On entry : 
		On exit  : 
		Unchanged: 
 Data sizes:     COMRAM   BANK0   BANK1   BANK2   BANK3   BANK4   BANK5
      Params:         2       0       0       0       0       0       0
      Locals:         0       0       0       0       0       0       0
      Temps:          0       0       0       0       0       0       0
      Totals:         2       0       0       0       0       0       0
Total ram usage:        2 bytes
 Hardware stack levels used:    1
 This function calls:
		Nothing
 This function is called by:
		_EUSART1_Transmit_ISR
 This function uses a non-reentrant model


 *************** function i2_UART_buff_get *****************
 Defined at:
		line 81 in file "UART.c"
 Parameters:    Size  Location     Type
  _this           2    6[COMRAM] PTR struct UART_ring_buf
		 -> output_buffer(206), input_buffer(206), 
 Auto vars:     Size  Location     Type
  UART_buff_ge    1   10[COMRAM] unsigned char 
 Return value:  Size  Location     Type
                  1    wreg      unsigned char 
 Registers used:
		wreg, fsr2l, fsr2h, status,2, status,0, cstack
 Tracked objects:
		On entry : 
		On exit  : 
		Unchanged: 
 Data sizes:     COMRAM   BANK0   BANK1   BANK2   BANK3   BANK4   BANK5
      Params:         2       0       0       0       0       0       0
      Locals:         1       0       0       0       0       0       0
      Temps:          2       0       0       0       0       0       0
      Totals:         5       0       0       0       0       0       0
Total ram usage:        5 bytes
 Hardware stack levels used:    1
 Hardware stack levels required when called:    1
 This function calls:
		i2_UART_buff_modulo_inc
 This function is called by:
		_EUSART1_Transmit_ISR
 This function uses a non-reentrant model


 *************** function _EUSART1_Receive_ISR *****************
 Defined at:
		line 139 in file "UART.c"
 Parameters:    Size  Location     Type
		None
 Auto vars:     Size  Location     Type
  data            1   11[COMRAM] unsigned char 
 Return value:  Size  Location     Type
		None               void
 Registers used:
		wreg, fsr2l, fsr2h, status,2, status,0, cstack
 Tracked objects:
		On entry : 
		On exit  : 
		Unchanged: 
 Data sizes:     COMRAM   BANK0   BANK1   BANK2   BANK3   BANK4   BANK5
      Params:         0       0       0       0       0       0       0
      Locals:         1       0       0       0       0       0       0
      Temps:          0       0       0       0       0       0       0
      Totals:         1       0       0       0       0       0       0
Total ram usage:        1 bytes
 Hardware stack levels used:    1
 Hardware stack levels required when called:    2
 This function calls:
		i2_UART_buff_put
 This function is called by:
		_INTERRUPT_InterruptManager
 This function uses a non-reentrant model


 *************** function i2_UART_buff_put *****************
 Defined at:
		line 68 in file "UART.c"
 Parameters:    Size  Location     Type
  _this           2    6[COMRAM] PTR struct UART_ring_buf
		 -> output_buffer(206), input_buffer(206), 
  c               1    8[COMRAM] const unsigned char 
 Auto vars:     Size  Location     Type
		None
 Return value:  Size  Location     Type
		None               void
 Registers used:
		wreg, fsr2l, fsr2h, status,2, status,0, cstack
 Tracked objects:
		On entry : 
		On exit  : 
		Unchanged: 
 Data sizes:     COMRAM   BANK0   BANK1   BANK2   BANK3   BANK4   BANK5
      Params:         3       0       0       0       0       0       0
      Locals:         0       0       0       0       0       0       0
      Temps:          2       0       0       0       0       0       0
      Totals:         5       0       0       0       0       0       0
Total ram usage:        5 bytes
 Hardware stack levels used:    1
 Hardware stack levels required when called:    1
 This function calls:
		i2_UART_buff_modulo_inc
 This function is called by:
		_EUSART1_Receive_ISR
 This function uses a non-reentrant model


 *************** function i2_UART_buff_modulo_inc *****************
 Defined at:
		line 106 in file "UART.c"
 Parameters:    Size  Location     Type
  value           2    0[COMRAM] const unsigned int 
  modulus         2    2[COMRAM] const unsigned int 
 Auto vars:     Size  Location     Type
  UART_buff_mo    2    4[COMRAM] unsigned int 
 Return value:  Size  Location     Type
                  2    0[COMRAM] unsigned int 
 Registers used:
		wreg, status,2, status,0
 Tracked objects:
		On entry : 
		On exit  : 
		Unchanged: 
 Data sizes:     COMRAM   BANK0   BANK1   BANK2   BANK3   BANK4   BANK5
      Params:         4       0       0       0       0       0       0
      Locals:         2       0       0       0       0       0       0
      Temps:          0       0       0       0       0       0       0
      Totals:         6       0       0       0       0       0       0
Total ram usage:        6 bytes
 Hardware stack levels used:    1
 This function calls:
		Nothing
 This function is called by:
		i2_UART_buff_put
		i2_UART_buff_get
 This function uses a non-reentrant model


 *************** function _ADC_ISR *****************
 Defined at:
		line 128 in file "mcc_generated_files/adc.c"
 Parameters:    Size  Location     Type
		None
 Auto vars:     Size  Location     Type
		None
 Return value:  Size  Location     Type
		None               void
 Registers used:
		None
 Tracked objects:
		On entry : 
		On exit  : 
		Unchanged: 
 Data sizes:     COMRAM   BANK0   BANK1   BANK2   BANK3   BANK4   BANK5
      Params:         0       0       0       0       0       0       0
      Locals:         0       0       0       0       0       0       0
      Temps:          0       0       0       0       0       0       0
      Totals:         0       0       0       0       0       0       0
Total ram usage:        0 bytes
 Hardware stack levels used:    1
 This function calls:
		Nothing
 This function is called by:
		_INTERRUPT_InterruptManager
 This function uses a non-reentrant model



MODULE INFORMATION

Module		Function		Class		Link	Load	Size
Shift595.c
		_SetPin595     		CODE           	1812	0000	79
		_writeRegisters		CODE           	135C	0000	147
		_StartUp595    		CODE           	16A6	0000	99
		_Clear595      		CODE           	1966	0000	53

Shift595.c estimated size: 378

FastTransfer.c
		_FastTransfer_buffer_put		CODE           	0750	0000	373
		_CRC8          		CODE           	1860	0000	75
		_receiveData   		CODE           	00A4	0000	1709
		_begin         		CODE           	1766	0000	89
		_sendData      		CODE           	0A22	0000	331
		_CRCcheck      		CODE           	08C4	0000	351
		_FastTransfer_buffer_modulo_inc		CODE           	1A28	0000	43
		_crcBufS_status_put		CODE           	1126	0000	215
		_crcBufS_get   		CODE           	0DA0	0000	243
		_crcBufS_put   		CODE           	104E	0000	217
		_FastTransfer_buffer_flush		CODE           	1504	0000	109
		_ToSend        		CODE           	1ACA	0000	31

FastTransfer.c estimated size: 3786

C:\Program Files (x86)\Microchip\xc8\v1.35\sources\common\awdiv.c
		___awdiv       		CODE           	1480	0000	133

C:\Program Files (x86)\Microchip\xc8\v1.35\sources\common\awdiv.c estimated size: 133

UART.c
		_EUSART1_Initialize		CODE           	18F4	0000	61
		_Receive_get   		CODE           	1BB4	0000	15
		_Receive_peek  		CODE           	1BA6	0000	15
		_UART_buff_modulo_inc		CODE           	1A52	0000	43
		_Receive_available		CODE           	1B3C	0000	23
		_EUSART1_Receive_ISR		CODE           	1B06	0000	31
		_UART_buff_get 		CODE           	12CA	0000	147
		_UART_buff_put 		CODE           	0B6C	0000	283
		_Send_put      		CODE           	19CC	0000	49
		_EUSART1_Transmit_ISR		CODE           	199A	0000	51
		_UART_buff_peek		CODE           	1AA6	0000	37
		_UART_buff_size		CODE           	1B52	0000	23
		_UART_buff_init		CODE           	1AE8	0000	31

UART.c estimated size: 809

Communications.c
		_updateComms   		CODE           	1930	0000	55
		_respondECU    		CODE           	17BE	0000	85
		_processPowerRequest		CODE           	11FC	0000	207

Communications.c estimated size: 347

mcc_generated_files/interrupt_manager.c
		_INTERRUPT_Initialize		CODE           	1BD0	0000	11
		_INTERRUPT_InterruptManager		CODE           	0008	0000	153

mcc_generated_files/interrupt_manager.c estimated size: 164

PDU.c
		_ComputeStorageData		CODE           	0F72	0000	221
		_EnableSlavePower		CODE           	0E92	0000	225
		_Update        		CODE           	1BDA	0000	7
		_PDUStartup    		CODE           	1708	0000	95

PDU.c estimated size: 548

mcc_generated_files/pin_manager.c
		_PIN_MANAGER_Initialize		CODE           	1640	0000	103

mcc_generated_files/pin_manager.c estimated size: 103

C:\Program Files (x86)\Microchip\xc8\v1.35\sources\common\memset.c
		_memset        		CODE           	19FC	0000	45

C:\Program Files (x86)\Microchip\xc8\v1.35\sources\common\memset.c estimated size: 45

mcc_generated_files/adc.c
		_ADC_Initialize		CODE           	1B24	0000	25
		_ADC_ISR       		CODE           	1BE0	0000	5

mcc_generated_files/adc.c estimated size: 30

Functions.c
		_Delay         		CODE           	18AA	0000	75

Functions.c estimated size: 75

shared
		i2_UART_buff_modulo_inc		CODE           	1A7C	0000	43
		i2_UART_buff_size		CODE           	1B68	0000	23
		__initialization		CODE           	1570	0000	91
		i2_UART_buff_get		CODE           	13EE	0000	147
		i2_UART_buff_put		CODE           	0C86	0000	283

shared estimated size: 587

mcc_generated_files/mcc.c
		_OSCILLATOR_Initialize		CODE           	1BC2	0000	15
		_SYSTEM_Initialize		CODE           	15D8	0000	105

mcc_generated_files/mcc.c estimated size: 120

mcc_generated_files/memory.c
		_DATAEE_ReadByte		CODE           	1B92	0000	21

mcc_generated_files/memory.c estimated size: 21

main.c
		_main          		CODE           	1B7E	0000	21

main.c estimated size: 21

