Microchip MPLAB XC8 Compiler V1.35 ()

Linker command line:

--edf=C:\Program Files (x86)\Microchip\xc8\v1.35\dat\en_msgs.txt -cs \
  -h+dist/default/production\DDS.X.production.sym \
  --cmf=dist/default/production\DDS.X.production.cmf -z -Q18F45K22 \
  -oC:\Users\richc\AppData\Local\Temp\s8l8.2 \
  -Mdist/default/production/DDS.X.production.map -E1 -ver=XC8 \
  -ASTACK=0145h-01ffh -pstack=STACK -ACODE=00h-07FFFh -ACONST=00h-07FFFh \
  -ASMALLCONST=0600h-06FFhx122 -AMEDIUMCONST=0600h-07FFFh -ACOMRAM=01h-05Fh \
  -AABS1=00h-05FFh -ABIGRAM=01h-05FFh -ARAM=060h-0FFh,0100h-01FFhx5 \
  -ABANK0=060h-0FFh -ABANK1=0100h-01FFh -ABANK2=0200h-02FFh \
  -ABANK3=0300h-03FFh -ABANK4=0400h-04FFh -ABANK5=0500h-05FFh \
  -ASFR=0F38h-0F5Fh,0F60h-0FFFh \
  -preset_vec=00h,intcode=08h,intcodelo,powerup,init,end_init \
  -pramtop=0600h -psmallconst=SMALLCONST -pmediumconst=MEDIUMCONST \
  -pconst=CONST -AFARRAM=00h-00h -ACONFIG=0300000h-030000Dh -pconfig=CONFIG \
  -AIDLOC=0200000h-0200007h -pidloc=IDLOC -AEEDATA=0F00000h-0F000FFh \
  -peeprom_data=EEDATA \
  -prdata=COMRAM,nvrram=COMRAM,nvbit=COMRAM,rbss=COMRAM,rbit=COMRAM \
  -pfarbss=FARRAM,fardata=FARRAM,nvFARRAM=FARRAM \
  -pintsave_regs=BIGRAM,bigbss=BIGRAM,bigdata=BIGRAM -pbss=RAM \
  -pidata=CODE,irdata=CODE,ibigdata=CODE,ifardata=CODE -prparam=COMRAM \
  C:\Users\richc\AppData\Local\Temp\s8l8.obj \
  dist/default/production\DDS.X.production.obj 

Object code version is 3.11

Machine type is 18F45K22

Call graph: (short form)




                Name                               Link     Load   Length Selector   Space Scale
C:\Users\richc\AppData\Local\Temp\s8l8.obj
                end_init                             B6       B6        4        4       0
                reset_vec                             0        0        4        0       0
                idloc                            200000   200000        8   200000       0
                config                           300000   300000        E   300000       0
dist/default/production\DDS.X.production.obj
                intcode                               8        8       AE        4       0
                temp                                 45       45        1        1       1
                mediumconst                        7BD2     7BD2      42E     3DE9       0
                text57                             2034     2034       2A        4       0
                text56                             122A     122A      11A        4       0
                text55                             2148     2148       1E        4       0
                text54                             19A8     19A8       92        4       0
                text53                             21AA     21AA       16        4       0
                text52                             1F52     1F52       32        4       0
                text51                             221C     221C        2        4       0
                text50                             20CC     20CC       22        4       0
                text49                             1E2C     1E2C       3E        4       0
                text48                              778      778      2CE        4       0
                text47                             1344     1344      116        4       0
                text46                             1EE2     1EE2       3C        4       0
                text44                             220E     220E        A        4       0
                text43                             2166     2166       18        4       0
                text42                             1FB4     1FB4       2C        4       0
                text41                             212A     212A       1E        4       0
                text40                             1EA6     1EA6       3C        4       0
                text39                             1E6A     1E6A       3C        4       0
                text38                             21D2     21D2       12        4       0
                text37                             2200     2200        E        4       0
                text36                             1CF6     1CF6       56        4       0
                text35                             2218     2218        4        4       0
                text34                             210C     210C       1E        4       0
                text33                             1AC4     1AC4       84        4       0
                text32                             1C98     1C98       5E        4       0
                text31                             1BBC     1BBC       70        4       0
                text30                             21C0     21C0       12        4       0
                text29                             16FA     16FA       CA        4       0
                text28                             17C4     17C4       BE        4       0
                text27                              A46      A46      2AA        4       0
                text26                             1882     1882       94        4       0
                text25                             1D9C     1D9C       4A        4       0
                text24                             2194     2194       16        4       0
                text23                             217E     217E       16        4       0
                text22                             200A     200A       2A        4       0
                text21                             1916     1916       92        4       0
                text20                             21F2     21F2        E        4       0
                text19                             145A     145A       F2        4       0
                text18                             1624     1624       D6        4       0
                text17                              E64      E64      15E        4       0
                text16                             2086     2086       24        4       0
                text15                             21E4     21E4        E        4       0
                text14                             1110     1110      11A        4       0
                text13                             1F84     1F84       30        4       0
                text12                               BA       BA      6BE        4       0
                text11                             1F1E     1F1E       34        4       0
                text10                             1FE0     1FE0       2A        4       0
                text9                               CF0      CF0      174        4       0
                text8                              20EE     20EE       1E        4       0
                text7                              205E     205E       28        4       0
                text6                              1A3A     1A3A       8A        4       0
                text5                              1C2C     1C2C       6C        4       0
                text4                              154C     154C       D8        4       0
                text3                               FC2      FC2      14E        4       0
                text2                              1DE6     1DE6       46        4       0
                text1                              1D4C     1D4C       50        4       0
                text0                              20AA     20AA       22        4       0
                cstackCOMRAM                          1        1       25        1       1
                cstackBANK0                          F0       F0        F       60       1
                cstackBANK1                         139      139        C      100       1
                bssBANK5                            500      500       CE      500       1
                bssBANK4                            400      400       CE      400       1
                bssBANK3                            300      300       C8      300       1
                bssBANK2                            200      200       CE      200       1
                bssBANK1                            100      100       39      100       1
                bssBANK0                             60       60       90       60       1
                dataCOMRAM                           44       44        1        1       1
                bssCOMRAM                            26       26       1C        1       1
                cinit                              1B48     1B48       74        4       0
                nvCOMRAM                             42       42        2        1       1
                idataCOMRAM                        221E     221E        1        4       0

TOTAL           Name                               Link     Load   Length     Space
        CLASS   STACK          

        CLASS   CODE           
                end_init                             B6       B6        4         0
                intcode                               8        8       AE         0
                reset_vec                             0        0        4         0
                text57                             2034     2034       2A         0
                text56                             122A     122A      11A         0
                text55                             2148     2148       1E         0
                text54                             19A8     19A8       92         0
                text53                             21AA     21AA       16         0
                text52                             1F52     1F52       32         0
                text51                             221C     221C        2         0
                text50                             20CC     20CC       22         0
                text49                             1E2C     1E2C       3E         0
                text48                              778      778      2CE         0
                text47                             1344     1344      116         0
                text46                             1EE2     1EE2       3C         0
                text44                             220E     220E        A         0
                text43                             2166     2166       18         0
                text42                             1FB4     1FB4       2C         0
                text41                             212A     212A       1E         0
                text40                             1EA6     1EA6       3C         0
                text39                             1E6A     1E6A       3C         0
                text38                             21D2     21D2       12         0
                text37                             2200     2200        E         0
                text36                             1CF6     1CF6       56         0
                text35                             2218     2218        4         0
                text34                             210C     210C       1E         0
                text33                             1AC4     1AC4       84         0
                text32                             1C98     1C98       5E         0
                text31                             1BBC     1BBC       70         0
                text30                             21C0     21C0       12         0
                text29                             16FA     16FA       CA         0
                text28                             17C4     17C4       BE         0
                text27                              A46      A46      2AA         0
                text26                             1882     1882       94         0
                text25                             1D9C     1D9C       4A         0
                text24                             2194     2194       16         0
                text23                             217E     217E       16         0
                text22                             200A     200A       2A         0
                text21                             1916     1916       92         0
                text20                             21F2     21F2        E         0
                text19                             145A     145A       F2         0
                text18                             1624     1624       D6         0
                text17                              E64      E64      15E         0
                text16                             2086     2086       24         0
                text15                             21E4     21E4        E         0
                text14                             1110     1110      11A         0
                text13                             1F84     1F84       30         0
                text12                               BA       BA      6BE         0
                text11                             1F1E     1F1E       34         0
                text10                             1FE0     1FE0       2A         0
                text9                               CF0      CF0      174         0
                text8                              20EE     20EE       1E         0
                text7                              205E     205E       28         0
                text6                              1A3A     1A3A       8A         0
                text5                              1C2C     1C2C       6C         0
                text4                              154C     154C       D8         0
                text3                               FC2      FC2      14E         0
                text2                              1DE6     1DE6       46         0
                text1                              1D4C     1D4C       50         0
                text0                              20AA     20AA       22         0
                cinit                              1B48     1B48       74         0
                idataCOMRAM                        221E     221E        1         0

        CLASS   CONST          

        CLASS   SMALLCONST     

        CLASS   MEDIUMCONST    
                mediumconst                        7BD2     7BD2      42E         0

        CLASS   COMRAM         
                temp                                 45       45        1         1
                cstackCOMRAM                          1        1       25         1
                dataCOMRAM                           44       44        1         1
                bssCOMRAM                            26       26       1C         1
                nvCOMRAM                             42       42        2         1

        CLASS   ABS1           

        CLASS   BIGRAM         

        CLASS   RAM            

        CLASS   BANK0          
                cstackBANK0                          F0       F0        F         1
                bssBANK0                             60       60       90         1

        CLASS   BANK1          
                cstackBANK1                         139      139        C         1
                bssBANK1                            100      100       39         1

        CLASS   BANK2          
                bssBANK2                            200      200       CE         1

        CLASS   BANK3          
                bssBANK3                            300      300       C8         1

        CLASS   BANK4          
                bssBANK4                            400      400       CE         1

        CLASS   BANK5          
                bssBANK5                            500      500       CE         1

        CLASS   SFR            

        CLASS   FARRAM         

        CLASS   CONFIG         
                config                           300000   300000        E         0

        CLASS   IDLOC          
                idloc                            200000   200000        8         0

        CLASS   EEDATA         



SEGMENTS        Name                           Load    Length   Top    Selector   Space  Class

                reset_vec                      000000  000004  000004         0       0  CODE    
                cstackCOMRAM                   000001  000045  000046         1       1  COMRAM  
                intcode                        000008  002217  00221F         4       0  CODE    
                bssBANK0                       000060  00009F  0000FF        60       1  BANK0   
                bssBANK1                       000100  000045  000145       100       1  BANK1   
                bssBANK2                       000200  0000CE  0002CE       200       1  BANK2   
                bssBANK3                       000300  0000C8  0003C8       300       1  BANK3   
                bssBANK4                       000400  0000CE  0004CE       400       1  BANK4   
                bssBANK5                       000500  0000CE  0005CE       500       1  BANK5   
                mediumconst                    007BD2  00042E  008000      3DE9       0  MEDIUMCO
                idloc                          200000  000008  200008    200000       0  IDLOC   
                config                         300000  00000E  30000E    300000       0  CONFIG  


UNUSED ADDRESS RANGES

        Name                Unused          Largest block    Delta
        BANK0            0000FF-0000FF                1
        BANK1            000145-0001FF               BB
        BANK2            0002CE-0002FF               32
        BANK3            0003C8-0003FF               38
        BANK4            0004CE-0004FF               32
        BANK5            0005CE-0005FF               32
        BIGRAM           000046-00005F               1A
                         0000FF-0000FF                1
                         000145-0001FF               BB
                         0002CE-0002FF               32
                         0003C8-0003FF               38
                         0004CE-0004FF               32
                         0005CE-0005FF               32
        CODE             000004-000007                4
                         00221F-007BD1             59B3
        COMRAM           000046-00005F               1A
        CONST            000004-000007                4
                         00221F-007BD1             59B3
        EEDATA           F00000-F000FF              100
        MEDIUMCONST      00221F-007BD1             59B3
        RAM              0000FF-0000FF                1
                         000145-0001FF               BB
                         0002CE-0002FF               32
                         0003C8-0003FF               38
                         0004CE-0004FF               32
                         0005CE-0005FF               32
        SFR              000F38-000FFF               28
        SMALLCONST       00221F-007BD1              100
        STACK            000145-0001FF               BB

                                  Symbol Table

?_FastTransfer_buffer_modulo_inc         cstackCOMRAM 00001B
?_GetTime                                cstackCOMRAM 00001B
?_Receive_available                      cstackCOMRAM 00001D
?_UART_buff_modulo_inc                   cstackCOMRAM 00001B
?_UART_buff_size                         cstackCOMRAM 00001B
?___awdiv                                cstackCOMRAM 00001B
?_buttonsCollector                       cstackCOMRAM 000021
?i2_UART_buff_modulo_inc                 cstackCOMRAM 000001
?i2_UART_buff_size                       cstackCOMRAM 000001
CRC8@crc                                 cstackCOMRAM 000021
CRC8@data                                cstackCOMRAM 00001B
CRC8@extract                             cstackCOMRAM 00001F
CRC8@len                                 cstackCOMRAM 00001D
CRC8@sum                                 cstackCOMRAM 00001E
CRC8@tempI                               cstackCOMRAM 000020
CRCcheck@SentCRC                         cstackBANK0  0000F2
CRCcheck@arrayHolder                     cstackBANK0  0000F4
CRCcheck@calculatedCRC                   cstackBANK0  0000F3
CRCcheck@rt                              cstackBANK0  0000F7
Delay@wait                               cstackCOMRAM 00001B
Delay@x                                  cstackCOMRAM 00001E
EUSART1_Receive_ISR@data                 cstackCOMRAM 00000C
FastTransfer_buffer_flush@_this          cstackBANK0  0000F0
FastTransfer_buffer_flush@clearBuffer    cstackBANK0  0000F2
FastTransfer_buffer_modulo_inc@modulus   cstackCOMRAM 00001D
FastTransfer_buffer_modulo_inc@my_value  cstackCOMRAM 00001F
FastTransfer_buffer_modulo_inc@value     cstackCOMRAM 00001B
FastTransfer_buffer_put@_this            cstackCOMRAM 000021
FastTransfer_buffer_put@towhat           cstackCOMRAM 000024
FastTransfer_buffer_put@towhere          cstackCOMRAM 000023
GetButtonState@btnnum                    cstackCOMRAM 00001B
I2C1_ISR@i2c_10bit_address_restart       bssCOMRAM    000036
I2C1_ISR@i2c_address                     bssCOMRAM    000040
I2C1_ISR@i2c_bytes_left                  bssBANK0     0000BF
I2C1_ISR@pi2c_buf_ptr                    bssCOMRAM    000026
I2C1_MasterRead@trBlock                  bssBANK0     0000DF
I2C1_MasterWrite@trBlock                 bssBANK0     0000E4
I2C1_Stop@completion_code                cstackCOMRAM 000003
Off_Led@led                              cstackCOMRAM 00001B
ReadButtonState@btnnum                   cstackCOMRAM 000001
Send_put@_data                           cstackBANK0  0000F0
SetLEDOut@lednum                         cstackCOMRAM 00001F
SetLEDOut@state                          cstackCOMRAM 000021
TBbarGraphs@b                            cstackCOMRAM 00001D
TBbarGraphs@t                            cstackCOMRAM 00001B
TMR0_ISR@x                               cstackCOMRAM 000005
ToSend@what                              cstackBANK0  0000F4
ToSend@where                             cstackBANK0  0000F6
UART_buff_get@_this                      cstackCOMRAM 000021
UART_buff_get@c                          cstackCOMRAM 000025
UART_buff_init@_this                     cstackCOMRAM 000023
UART_buff_modulo_inc@modulus             cstackCOMRAM 00001D
UART_buff_modulo_inc@my_value            cstackCOMRAM 00001F
UART_buff_modulo_inc@value               cstackCOMRAM 00001B
UART_buff_peek@_this                     cstackCOMRAM 00001B
UART_buff_put@_this                      cstackCOMRAM 000021
UART_buff_put@c                          cstackCOMRAM 000023
UART_buff_size@_this                     cstackCOMRAM 00001B
_ADCON0                                  (abs)        000FC2
_ADCON0bits                              (abs)        000FC2
_ADCON1                                  (abs)        000FC1
_ADCON2                                  (abs)        000FC0
_ADC_Initialize                          text43       002166
_ADRESH                                  (abs)        000FC4
_ADRESL                                  (abs)        000FC3
_AKNAKsend                               bssCOMRAM    000037
_ANSELA                                  (abs)        000F38
_ANSELB                                  (abs)        000F39
_ANSELC                                  (abs)        000F3A
_ANSELD                                  (abs)        000F3B
_ANSELE                                  (abs)        000F3C
_BAUD1CON                                (abs)        000FB8
_Buff                                    bssBANK0     0000EE
_CRC8                                    text25       001D9C
_CRCcheck                                text17       000E64
_Delay                                   text11       001F1E
_EUSART1_Initialize                      text40       001EA6
_EUSART1_Receive_ISR                     text55       002148
_EUSART1_Transmit_ISR                    text52       001F52
_FastTransfer_buffer_flush               text5        001C2C
_FastTransfer_buffer_modulo_inc          text10       001FE0
_FastTransfer_buffer_put                 text9        000CF0
_GetButtonState                          text7        00205E
_GetTime                                 text44       00220E
_I2C1_BusCollisionISR                    text51       00221C
_I2C1_FunctionComplete                   text50       0020CC
_I2C1_ISR                                text48       000778
_I2C1_Initialize                         text39       001E6A
_I2C1_Stop                               text49       001E2C
_INTCON2bits                             (abs)        000FF1
_INTCONbits                              (abs)        000FF2
_INTERRUPT_Initialize                    text38       0021D2
_INTERRUPT_InterruptManager              intcode      000008
_IPR1bits                                (abs)        000F9F
_IPR2bits                                (abs)        000FA2
_LATA                                    (abs)        000F89
_LATA3                                   (abs)        007C4B
_LATA6                                   (abs)        007C4E
_LATA7                                   (abs)        007C4F
_LATB                                    (abs)        000F8A
_LATC                                    (abs)        000F8B
_LATC1                                   (abs)        007C59
_LATCbits                                (abs)        000F8B
_LATD                                    (abs)        000F8C
_LATE                                    (abs)        000F8D
_LATE0                                   (abs)        007C68
_LATE1                                   (abs)        007C69
_LATE2                                   (abs)        007C6A
_LEDNUM_ENAB                             bssBANK0     000098
_LEDState                                bssBANK0     0000A4
_LED_array                               bssBANK0     000088
_OSCCON                                  (abs)        000FD3
_OSCCON2                                 (abs)        000FD2
_OSCILLATOR_Initialize                   text37       002200
_OSCTUNE                                 (abs)        000F9B
_Off_Led                                 text29       0016FA
_OledFont                                mediumconst  007BD3
_PIE1bits                                (abs)        000F9D
_PIE2bits                                (abs)        000FA0
_PIN_MANAGER_Initialize                  text36       001CF6
_PIR1bits                                (abs)        000F9E
_PIR2bits                                (abs)        000FA1
_PORTAbits                               (abs)        000F80
_PORTBbits                               (abs)        000F81
_PORTDbits                               (abs)        000F83
_PR2                                     (abs)        000FBB
_RC1STA                                  (abs)        000FAB
_RC1STAbits                              (abs)        000FAB
_RCONbits                                (abs)        000FD0
_RCREG1                                  (abs)        000FAE
_ReadButtonState                         text47       001344
_Receive_available                       text23       00217E
_Receive_get                             text20       0021F2
_Receive_peek                            text15       0021E4
_SPBRG1                                  (abs)        000FAF
_SPBRGH1                                 (abs)        000FB0
_SSP1ADD                                 (abs)        000FC8
_SSP1BUF                                 (abs)        000FC9
_SSP1CON1                                (abs)        000FC6
_SSP1CON1bits                            (abs)        000FC6
_SSP1CON2bits                            (abs)        000FC5
_SSP1CON3                                (abs)        000FCB
_SSP1STAT                                (abs)        000FC7
_SYSTEM_Initialize                       text31       001BBC
_Send_put                                text13       001F84
_SetLEDOut                               text27       000A46
_T0CON                                   (abs)        000FD5
_T0CONbits                               (abs)        000FD5
_T2CON                                   (abs)        000FBA
_T2CONbits                               (abs)        000FBA
_TBbarGraphs                             text30       0021C0
_TMR0H                                   (abs)        000FD7
_TMR0L                                   (abs)        000FD6
_TMR0_ISR                                text46       001EE2
_TMR0_Initialize                         text34       00210C
_TMR0_StartTimer                         text35       002218
_TMR2                                    (abs)        000FBC
_TMR2_DefaultInterruptHandler            (abs)        000000
_TMR2_InterruptHandler                   bssBANK0     0000C1
_TRISA                                   (abs)        000F92
_TRISAbits                               (abs)        000F92
_TRISB                                   (abs)        000F93
_TRISC                                   (abs)        000F94
_TRISCbits                               (abs)        000F94
_TRISD                                   (abs)        000F95
_TRISE                                   (abs)        000F96
_TX1STA                                  (abs)        000FAC
_TXREG1                                  (abs)        000FAD
_ToSend                                  text8        0020EE
_Transmit_stall                          dataCOMRAM   000044
_UART_buff_get                           text21       001916
_UART_buff_init                          text41       00212A
_UART_buff_modulo_inc                    text22       00200A
_UART_buff_peek                          text16       002086
_UART_buff_put                           text14       001110
_UART_buff_size                          text24       002194
_WPUB                                    (abs)        000F61
__CFG_BOREN$SBORDIS                      (abs)        000000
__CFG_BORV$190                           (abs)        000000
__CFG_CCP2MX$PORTC1                      (abs)        000000
__CFG_CCP3MX$PORTB5                      (abs)        000000
__CFG_CP0$OFF                            (abs)        000000
__CFG_CP1$OFF                            (abs)        000000
__CFG_CP2$OFF                            (abs)        000000
__CFG_CP3$OFF                            (abs)        000000
__CFG_CPB$OFF                            (abs)        000000
__CFG_CPD$OFF                            (abs)        000000
__CFG_DEBUG$OFF                          (abs)        000000
__CFG_EBTR0$OFF                          (abs)        000000
__CFG_EBTR1$OFF                          (abs)        000000
__CFG_EBTR2$OFF                          (abs)        000000
__CFG_EBTR3$OFF                          (abs)        000000
__CFG_EBTRB$OFF                          (abs)        000000
__CFG_FCMEN$OFF                          (abs)        000000
__CFG_FOSC$INTIO67                       (abs)        000000
__CFG_HFOFST$ON                          (abs)        000000
__CFG_IESO$OFF                           (abs)        000000
__CFG_LVP$OFF                            (abs)        000000
__CFG_MCLRE$EXTMCLR                      (abs)        000000
__CFG_P2BMX$PORTD2                       (abs)        000000
__CFG_PBADEN$ON                          (abs)        000000
__CFG_PLLCFG$OFF                         (abs)        000000
__CFG_PRICLKEN$OFF                       (abs)        000000
__CFG_PWRTEN$OFF                         (abs)        000000
__CFG_STVREN$ON                          (abs)        000000
__CFG_T3CMX$PORTC0                       (abs)        000000
__CFG_WDTEN$OFF                          (abs)        000000
__CFG_WDTPS$32768                        (abs)        000000
__CFG_WRT0$OFF                           (abs)        000000
__CFG_WRT1$OFF                           (abs)        000000
__CFG_WRT2$OFF                           (abs)        000000
__CFG_WRT3$OFF                           (abs)        000000
__CFG_WRTB$OFF                           (abs)        000000
__CFG_WRTC$OFF                           (abs)        000000
__CFG_WRTD$OFF                           (abs)        000000
__CFG_XINST$OFF                          (abs)        000000
__HRAM                                   (abs)        000000
__Habs1                                  abs1         000000
__Hbank0                                 bank0        000000
__Hbank1                                 bank1        000000
__Hbank2                                 bank2        000000
__Hbank3                                 bank3        000000
__Hbank4                                 bank4        000000
__Hbank5                                 bank5        000000
__Hbigbss                                bigbss       000000
__Hbigdata                               bigdata      000000
__Hbigram                                bigram       000000
__Hbss                                   bss          000000
__HbssBANK0                              bssBANK0     000000
__HbssBANK1                              bssBANK1     000000
__HbssBANK2                              bssBANK2     000000
__HbssBANK3                              bssBANK3     000000
__HbssBANK4                              bssBANK4     000000
__HbssBANK5                              bssBANK5     000000
__HbssCOMRAM                             bssCOMRAM    000000
__Hcinit                                 cinit        000000
__Hclrtext                               clrtext      000000
__Hcomram                                comram       000000
__Hconfig                                config       30000E
__Hconst                                 const        000000
__HcstackBANK0                           cstackBANK0  000000
__HcstackBANK1                           cstackBANK1  000000
__HcstackCOMRAM                          cstackCOMRAM 000000
__Hdata                                  data         000000
__HdataCOMRAM                            dataCOMRAM   000000
__Heeprom_data                           eeprom_data  000000
__Hend_init                              end_init     0000BA
__Hfarbss                                farbss       000000
__Hfardata                               fardata      000000
__Hibigdata                              ibigdata     000000
__Hidata                                 idata        000000
__HidataCOMRAM                           idataCOMRAM  000000
__Hidloc                                 idloc        200008
__Hifardata                              ifardata     000000
__Hinit                                  init         0000B6
__Hintcode                               intcode      0000B6
__Hintcode_body                          intcode_body 000000
__Hintcodelo                             intcodelo    0000B6
__Hintentry                              intentry     000000
__Hintret                                intret       000000
__Hintsave_regs                          intsave_regs 000000
__Hirdata                                irdata       000000
__Hmediumconst                           mediumconst  008000
__HnvCOMRAM                              nvCOMRAM     000000
__HnvFARRAM                              nvFARRAM     000000
__Hnvbit                                 nvbit        000000
__Hnvrram                                nvrram       000000
__Hparam                                 rparam       000000
__Hpowerup                               powerup      0000B6
__Hram                                   ram          000000
__Hramtop                                ramtop       000600
__Hrbit                                  rbit         000000
__Hrbss                                  rbss         000000
__Hrdata                                 rdata        000000
__Hreset_vec                             reset_vec    000004
__Hrparam                                rparam       000000
__Hsfr                                   sfr          000000
__Hsmallconst                            smallconst   000000
__Hspace_0                               (abs)        30000E
__Hspace_1                               (abs)        0005CE
__Hspace_2                               (abs)        000000
__Hstack                                 stack        000000
__Hstruct                                struct       000000
__Htemp                                  temp         000046
__Htext                                  text         000000
__Htext0                                 text0        000000
__Htext1                                 text1        000000
__Htext10                                text10       000000
__Htext11                                text11       000000
__Htext12                                text12       000000
__Htext13                                text13       000000
__Htext14                                text14       000000
__Htext15                                text15       000000
__Htext16                                text16       000000
__Htext17                                text17       000000
__Htext18                                text18       000000
__Htext19                                text19       000000
__Htext2                                 text2        000000
__Htext20                                text20       000000
__Htext21                                text21       000000
__Htext22                                text22       000000
__Htext23                                text23       000000
__Htext24                                text24       000000
__Htext25                                text25       000000
__Htext26                                text26       000000
__Htext27                                text27       000000
__Htext28                                text28       000000
__Htext29                                text29       000000
__Htext3                                 text3        000000
__Htext30                                text30       000000
__Htext31                                text31       000000
__Htext32                                text32       000000
__Htext33                                text33       000000
__Htext34                                text34       000000
__Htext35                                text35       000000
__Htext36                                text36       000000
__Htext37                                text37       000000
__Htext38                                text38       000000
__Htext39                                text39       000000
__Htext4                                 text4        000000
__Htext40                                text40       000000
__Htext41                                text41       000000
__Htext42                                text42       000000
__Htext43                                text43       000000
__Htext44                                text44       000000
__Htext46                                text46       000000
__Htext47                                text47       000000
__Htext48                                text48       000000
__Htext49                                text49       000000
__Htext5                                 text5        000000
__Htext50                                text50       000000
__Htext51                                text51       000000
__Htext52                                text52       000000
__Htext53                                text53       000000
__Htext54                                text54       000000
__Htext55                                text55       000000
__Htext56                                text56       000000
__Htext57                                text57       000000
__Htext58                                text58       000000
__Htext6                                 text6        000000
__Htext7                                 text7        000000
__Htext8                                 text8        000000
__Htext9                                 text9        000000
__LRAM                                   (abs)        000001
__Labs1                                  abs1         000000
__Lbank0                                 bank0        000000
__Lbank1                                 bank1        000000
__Lbank2                                 bank2        000000
__Lbank3                                 bank3        000000
__Lbank4                                 bank4        000000
__Lbank5                                 bank5        000000
__Lbigbss                                bigbss       000000
__Lbigdata                               bigdata      000000
__Lbigram                                bigram       000000
__Lbss                                   bss          000000
__LbssBANK0                              bssBANK0     000000
__LbssBANK1                              bssBANK1     000000
__LbssBANK2                              bssBANK2     000000
__LbssBANK3                              bssBANK3     000000
__LbssBANK4                              bssBANK4     000000
__LbssBANK5                              bssBANK5     000000
__LbssCOMRAM                             bssCOMRAM    000000
__Lcinit                                 cinit        000000
__Lclrtext                               clrtext      000000
__Lcomram                                comram       000000
__Lconfig                                config       300000
__Lconst                                 const        000000
__LcstackBANK0                           cstackBANK0  000000
__LcstackBANK1                           cstackBANK1  000000
__LcstackCOMRAM                          cstackCOMRAM 000000
__Ldata                                  data         000000
__LdataCOMRAM                            dataCOMRAM   000000
__Leeprom_data                           eeprom_data  000000
__Lend_init                              end_init     0000B6
__Lfarbss                                farbss       000000
__Lfardata                               fardata      000000
__Libigdata                              ibigdata     000000
__Lidata                                 idata        000000
__LidataCOMRAM                           idataCOMRAM  000000
__Lidloc                                 idloc        200000
__Lifardata                              ifardata     000000
__Linit                                  init         0000B6
__Lintcode                               intcode      000008
__Lintcode_body                          intcode_body 000000
__Lintcodelo                             intcodelo    0000B6
__Lintentry                              intentry     000000
__Lintret                                intret       000000
__Lintsave_regs                          intsave_regs 000000
__Lirdata                                irdata       000000
__Lmediumconst                           mediumconst  007BD2
__LnvCOMRAM                              nvCOMRAM     000000
__LnvFARRAM                              nvFARRAM     000000
__Lnvbit                                 nvbit        000000
__Lnvrram                                nvrram       000000
__Lparam                                 rparam       000000
__Lpowerup                               powerup      0000B6
__Lram                                   ram          000000
__Lramtop                                ramtop       000600
__Lrbit                                  rbit         000000
__Lrbss                                  rbss         000000
__Lrdata                                 rdata        000000
__Lreset_vec                             reset_vec    000000
__Lrparam                                rparam       000000
__Lsfr                                   sfr          000000
__Lsmallconst                            smallconst   000000
__Lspace_0                               (abs)        000000
__Lspace_1                               (abs)        000000
__Lspace_2                               (abs)        000000
__Lstack                                 stack        000000
__Lstruct                                struct       000000
__Ltemp                                  temp         000045
__Ltext                                  text         000000
__Ltext0                                 text0        000000
__Ltext1                                 text1        000000
__Ltext10                                text10       000000
__Ltext11                                text11       000000
__Ltext12                                text12       000000
__Ltext13                                text13       000000
__Ltext14                                text14       000000
__Ltext15                                text15       000000
__Ltext16                                text16       000000
__Ltext17                                text17       000000
__Ltext18                                text18       000000
__Ltext19                                text19       000000
__Ltext2                                 text2        000000
__Ltext20                                text20       000000
__Ltext21                                text21       000000
__Ltext22                                text22       000000
__Ltext23                                text23       000000
__Ltext24                                text24       000000
__Ltext25                                text25       000000
__Ltext26                                text26       000000
__Ltext27                                text27       000000
__Ltext28                                text28       000000
__Ltext29                                text29       000000
__Ltext3                                 text3        000000
__Ltext30                                text30       000000
__Ltext31                                text31       000000
__Ltext32                                text32       000000
__Ltext33                                text33       000000
__Ltext34                                text34       000000
__Ltext35                                text35       000000
__Ltext36                                text36       000000
__Ltext37                                text37       000000
__Ltext38                                text38       000000
__Ltext39                                text39       000000
__Ltext4                                 text4        000000
__Ltext40                                text40       000000
__Ltext41                                text41       000000
__Ltext42                                text42       000000
__Ltext43                                text43       000000
__Ltext44                                text44       000000
__Ltext46                                text46       000000
__Ltext47                                text47       000000
__Ltext48                                text48       000000
__Ltext49                                text49       000000
__Ltext5                                 text5        000000
__Ltext50                                text50       000000
__Ltext51                                text51       000000
__Ltext52                                text52       000000
__Ltext53                                text53       000000
__Ltext54                                text54       000000
__Ltext55                                text55       000000
__Ltext56                                text56       000000
__Ltext57                                text57       000000
__Ltext58                                text58       000000
__Ltext6                                 text6        000000
__Ltext7                                 text7        000000
__Ltext8                                 text8        000000
__Ltext9                                 text9        000000
__S0                                     (abs)        30000E
__S1                                     (abs)        0005CE
__S2                                     (abs)        000000
___awdiv                                 text33       001AC4
___awdiv@counter                         cstackCOMRAM 00001F
___awdiv@dividend                        cstackCOMRAM 00001B
___awdiv@divisor                         cstackCOMRAM 00001D
___awdiv@quotient                        cstackCOMRAM 000021
___awdiv@sign                            cstackCOMRAM 000020
___inthi_sp                              stack        000000
___intlo_sp                              stack        000000
___param_bank                            (abs)        000010
___rparam_used                           (abs)        000001
___sp                                    stack        000000
__accesstop                              (abs)        000060
__activetblptr                           (abs)        000002
__end_of_ADC_Initialize                  text43       00217E
__end_of_CRC8                            text25       001DE6
__end_of_CRCcheck                        text17       000FC2
__end_of_Delay                           text11       001F52
__end_of_EUSART1_Initialize              text40       001EE2
__end_of_EUSART1_Receive_ISR             text55       002166
__end_of_EUSART1_Transmit_ISR            text52       001F84
__end_of_FastTransfer_buffer_flush       text5        001C98
__end_of_FastTransfer_buffer_modulo_inc  text10       00200A
__end_of_FastTransfer_buffer_put         text9        000E64
__end_of_GetButtonState                  text7        002086
__end_of_GetTime                         text44       002218
__end_of_I2C1_BusCollisionISR            text51       00221E
__end_of_I2C1_FunctionComplete           text50       0020EE
__end_of_I2C1_ISR                        text48       000A46
__end_of_I2C1_Initialize                 text39       001EA6
__end_of_I2C1_Stop                       text49       001E6A
__end_of_INTERRUPT_Initialize            text38       0021E4
__end_of_INTERRUPT_InterruptManager      intcode      0000B6
__end_of_OSCILLATOR_Initialize           text37       00220E
__end_of_Off_Led                         text29       0017C4
__end_of_OledFont                        mediumconst  007ED3
__end_of_PIN_MANAGER_Initialize          text36       001D4C
__end_of_ReadButtonState                 text47       00145A
__end_of_Receive_available               text23       002194
__end_of_Receive_get                     text20       002200
__end_of_Receive_peek                    text15       0021F2
__end_of_SYSTEM_Initialize               text31       001C2C
__end_of_Send_put                        text13       001FB4
__end_of_SetLEDOut                       text27       000CF0
__end_of_TBbarGraphs                     text30       0021D2
__end_of_TMR0_ISR                        text46       001F1E
__end_of_TMR0_Initialize                 text34       00212A
__end_of_TMR0_StartTimer                 text35       00221C
__end_of_ToSend                          text8        00210C
__end_of_UART_buff_get                   text21       0019A8
__end_of_UART_buff_init                  text41       002148
__end_of_UART_buff_modulo_inc            text22       002034
__end_of_UART_buff_peek                  text16       0020AA
__end_of_UART_buff_put                   text14       00122A
__end_of_UART_buff_size                  text24       0021AA
__end_of___awdiv                         text33       001B48
__end_of__initialization                 cinit        001BAE
__end_of_begin                           text32       001CF6
__end_of_buttonsCollector                text6        001AC4
__end_of_crcBufS_get                     text19       00154C
__end_of_crcBufS_put                     text4        001624
__end_of_crcBufS_status_put              text18       0016FA
__end_of_handleIndicators                text26       001916
__end_of_main                            text0        0020CC
__end_of_memset                          text42       001FE0
__end_of_picture                         mediumconst  007FE3
__end_of_receiveData                     text12       000778
__end_of_respondECU                      text2        001E2C
__end_of_sendData                        text3        001110
__end_of_setLED                          text28       001882
__end_of_updateComms                     text1        001D9C
__end_ofi2_UART_buff_get                 text54       001A3A
__end_ofi2_UART_buff_modulo_inc          text57       00205E
__end_ofi2_UART_buff_put                 text56       001344
__end_ofi2_UART_buff_size                text53       0021C0
__initialization                         cinit        001B48
__mediumconst                            mediumconst  007BD2
__pbssBANK0                              bssBANK0     000060
__pbssBANK1                              bssBANK1     000100
__pbssBANK2                              bssBANK2     000200
__pbssBANK3                              bssBANK3     000300
__pbssBANK4                              bssBANK4     000400
__pbssBANK5                              bssBANK5     000500
__pbssCOMRAM                             bssCOMRAM    000026
__pcinit                                 cinit        001B48
__pcstackBANK0                           cstackBANK0  0000F0
__pcstackBANK1                           cstackBANK1  000139
__pcstackCOMRAM                          cstackCOMRAM 000001
__pdataCOMRAM                            dataCOMRAM   000044
__pidataCOMRAM                           idataCOMRAM  00221E
__pintcode                               intcode      000008
__pmediumconst                           mediumconst  007BD2
__pnvCOMRAM                              nvCOMRAM     000042
__ptext0                                 text0        0020AA
__ptext1                                 text1        001D4C
__ptext10                                text10       001FE0
__ptext11                                text11       001F1E
__ptext12                                text12       0000BA
__ptext13                                text13       001F84
__ptext14                                text14       001110
__ptext15                                text15       0021E4
__ptext16                                text16       002086
__ptext17                                text17       000E64
__ptext18                                text18       001624
__ptext19                                text19       00145A
__ptext2                                 text2        001DE6
__ptext20                                text20       0021F2
__ptext21                                text21       001916
__ptext22                                text22       00200A
__ptext23                                text23       00217E
__ptext24                                text24       002194
__ptext25                                text25       001D9C
__ptext26                                text26       001882
__ptext27                                text27       000A46
__ptext28                                text28       0017C4
__ptext29                                text29       0016FA
__ptext3                                 text3        000FC2
__ptext30                                text30       0021C0
__ptext31                                text31       001BBC
__ptext32                                text32       001C98
__ptext33                                text33       001AC4
__ptext34                                text34       00210C
__ptext35                                text35       002218
__ptext36                                text36       001CF6
__ptext37                                text37       002200
__ptext38                                text38       0021D2
__ptext39                                text39       001E6A
__ptext4                                 text4        00154C
__ptext40                                text40       001EA6
__ptext41                                text41       00212A
__ptext42                                text42       001FB4
__ptext43                                text43       002166
__ptext44                                text44       00220E
__ptext46                                text46       001EE2
__ptext47                                text47       001344
__ptext48                                text48       000778
__ptext49                                text49       001E2C
__ptext5                                 text5        001C2C
__ptext50                                text50       0020CC
__ptext51                                text51       00221C
__ptext52                                text52       001F52
__ptext53                                text53       0021AA
__ptext54                                text54       0019A8
__ptext55                                text55       002148
__ptext56                                text56       00122A
__ptext57                                text57       002034
__ptext58                                text58       000000
__ptext6                                 text6        001A3A
__ptext7                                 text7        00205E
__ptext8                                 text8        0020EE
__ptext9                                 text9        000CF0
__ramtop                                 ramtop       000600
__size_of_ADC_Initialize                 (abs)        000000
__size_of_CRC8                           (abs)        000000
__size_of_CRCcheck                       (abs)        000000
__size_of_Delay                          (abs)        000000
__size_of_EUSART1_Initialize             (abs)        000000
__size_of_EUSART1_Receive_ISR            (abs)        000000
__size_of_EUSART1_Transmit_ISR           (abs)        000000
__size_of_FastTransfer_buffer_flush      (abs)        000000
__size_of_FastTransfer_buffer_modulo_inc (abs)        000000
__size_of_FastTransfer_buffer_put        (abs)        000000
__size_of_GetButtonState                 (abs)        000000
__size_of_GetTime                        (abs)        000000
__size_of_I2C1_BusCollisionISR           (abs)        000000
__size_of_I2C1_FunctionComplete          (abs)        000000
__size_of_I2C1_ISR                       (abs)        000000
__size_of_I2C1_Initialize                (abs)        000000
__size_of_I2C1_Stop                      (abs)        000000
__size_of_INTERRUPT_Initialize           (abs)        000000
__size_of_INTERRUPT_InterruptManager     (abs)        000000
__size_of_OSCILLATOR_Initialize          (abs)        000000
__size_of_Off_Led                        (abs)        000000
__size_of_PIN_MANAGER_Initialize         (abs)        000000
__size_of_ReadButtonState                (abs)        000000
__size_of_Receive_available              (abs)        000000
__size_of_Receive_get                    (abs)        000000
__size_of_Receive_peek                   (abs)        000000
__size_of_SYSTEM_Initialize              (abs)        000000
__size_of_Send_put                       (abs)        000000
__size_of_SetLEDOut                      (abs)        000000
__size_of_TBbarGraphs                    (abs)        000000
__size_of_TMR0_ISR                       (abs)        000000
__size_of_TMR0_Initialize                (abs)        000000
__size_of_TMR0_StartTimer                (abs)        000000
__size_of_ToSend                         (abs)        000000
__size_of_UART_buff_get                  (abs)        000000
__size_of_UART_buff_init                 (abs)        000000
__size_of_UART_buff_modulo_inc           (abs)        000000
__size_of_UART_buff_peek                 (abs)        000000
__size_of_UART_buff_put                  (abs)        000000
__size_of_UART_buff_size                 (abs)        000000
__size_of___awdiv                        (abs)        000000
__size_of_begin                          (abs)        000000
__size_of_buttonsCollector               (abs)        000000
__size_of_crcBufS_get                    (abs)        000000
__size_of_crcBufS_put                    (abs)        000000
__size_of_crcBufS_status_put             (abs)        000000
__size_of_handleIndicators               (abs)        000000
__size_of_main                           (abs)        000000
__size_of_memset                         (abs)        000000
__size_of_receiveData                    (abs)        000000
__size_of_respondECU                     (abs)        000000
__size_of_sendData                       (abs)        000000
__size_of_setLED                         (abs)        000000
__size_of_updateComms                    (abs)        000000
__size_ofi2_UART_buff_get                (abs)        000000
__size_ofi2_UART_buff_modulo_inc         (abs)        000000
__size_ofi2_UART_buff_put                (abs)        000000
__size_ofi2_UART_buff_size               (abs)        000000
__smallconst                             smallconst   000000
_addressErrorCounter                     bssBANK0     0000C3
_alignErrorCounter                       bssBANK0     0000C5
_begin                                   text32       001C98
_brake                                   bssBANK0     0000C7
_butnarray                               bssBANK0     0000B0
_buttonsCollector                        text6        001A3A
_calc_CS                                 bssCOMRAM    000038
_crcBufS_get                             text19       00145A
_crcBufS_put                             text4        00154C
_crcBufS_status_put                      text18       001624
_crcErrorCounter                         bssBANK0     0000C9
_crc_buffer                              bssBANK1     000128
_dataAdressErrorCounter                  bssBANK0     0000CB
_displaybuffer                           bssBANK0     000060
_group                                   bssCOMRAM    000028
_handleIndicators                        text26       001882
_i                                       bssBANK0     0000CD
_i2c1_object                             bssBANK0     0000B8
_i2c1_state                              bssCOMRAM    000039
_i2c1_tr_queue                           bssBANK0     0000E9
_i2c1_trb_count                          bssCOMRAM    00002A
_input_buffer                            bssBANK4     000400
_k                                       bssBANK0     0000CF
_main                                    text0        0020AA
_maxDataAddress                          bssCOMRAM    00003A
_memset                                  text42       001FB4
_moduleAddress                           bssCOMRAM    00003B
_output_buffer                           bssBANK5     000500
_p_i2c1_current                          bssCOMRAM    00002C
_p_i2c1_trb_current                      bssCOMRAM    00002E
_picture                                 mediumconst  007ED3
_receiveArray                            bssBANK1     000100
_receiveArrayAddress                     bssBANK0     0000D1
_receiveData                             text12       0000BA
_respondECU                              text2        001DE6
_returnAddress                           bssCOMRAM    00003C
_ring_buffer                             bssBANK2     000200
_rx_address                              bssCOMRAM    00003D
_rx_array_inx                            bssCOMRAM    00003E
_rx_buffer                               bssBANK3     000300
_rx_len                                  bssCOMRAM    00003F
_sendData                                text3        000FC2
_sendStructAddress                       bssBANK0     0000D3
_serial_available                        bssCOMRAM    000030
_serial_peek                             bssBANK0     0000D5
_serial_read                             bssCOMRAM    000032
_serial_write                            bssCOMRAM    000034
_setLED                                  text28       0017C4
_throttle                                bssBANK0     0000D7
_time                                    bssBANK0     0000D9
_timeOut                                 bssBANK0     0000DB
_timer0ReloadVal16bit                    nvCOMRAM     000042
_updateComms                             text1        001D4C
begin@error                              cstackBANK0  0000F4
begin@givenAddress                       cstackBANK0  0000F3
begin@maxSize                            cstackBANK0  0000F2
begin@ptr                                cstackBANK0  0000F0
begin@stuffavailable                     cstackBANK0  0000F9
begin@stuffpeek                          cstackBANK0  0000FB
begin@stufftoreceive                     cstackBANK0  0000F7
begin@stufftosend                        cstackBANK0  0000F5
btemp                                    temp         000045
buttonsCollector@i                       cstackBANK0  0000F2
buttonsCollector@sendVal                 cstackBANK0  0000F0
crcBufS_get@_this                        cstackCOMRAM 00001B
crcBufS_get@space                        cstackCOMRAM 00001E
crcBufS_get@time                         cstackCOMRAM 00001D
crcBufS_get@wantedTime                   cstackBANK0  0000F0
crcBufS_put@_this                        cstackCOMRAM 00001B
crcBufS_put@address                      cstackCOMRAM 00001D
crcBufS_put@oldCRC                       cstackCOMRAM 00001E
crcBufS_put@status                       cstackCOMRAM 00001F
crcBufS_status_put@_this                 cstackCOMRAM 00001B
crcBufS_status_put@status                cstackCOMRAM 00001E
crcBufS_status_put@time                  cstackCOMRAM 00001D
crcBufS_status_put@wantedTime            cstackCOMRAM 000023
end_of_initialization                    cinit        001BAE
handleIndicators@i                       cstackBANK0  0000F5
handleIndicators@oldIndicators           bssBANK0     0000DD
handleIndicators@receivedIndicators      cstackBANK0  0000F0
i2UART_buff_get@_this                    cstackCOMRAM 000007
i2UART_buff_get@c                        cstackCOMRAM 00000B
i2UART_buff_modulo_inc@modulus           cstackCOMRAM 000003
i2UART_buff_modulo_inc@my_value          cstackCOMRAM 000005
i2UART_buff_modulo_inc@value             cstackCOMRAM 000001
i2UART_buff_put@_this                    cstackCOMRAM 000007
i2UART_buff_put@c                        cstackCOMRAM 000009
i2UART_buff_size@_this                   cstackCOMRAM 000001
i2_UART_buff_get                         text54       0019A8
i2_UART_buff_modulo_inc                  text57       002034
i2_UART_buff_put                         text56       00122A
i2_UART_buff_size                        text53       0021AA
int$flags                                temp         000045
intlevel0                                text         000000
intlevel1                                text         000000
intlevel2                                text         000000
intlevel3                                text         000000
memset@c                                 cstackCOMRAM 00001D
memset@n                                 cstackCOMRAM 00001F
memset@p                                 cstackCOMRAM 000021
memset@p1                                cstackCOMRAM 00001B
receiveData@crcHolder                    cstackBANK1  00013F
receiveData@crcHolder_2493               cstackBANK1  000140
receiveData@holder                       cstackBANK1  000139
receiveData@holder_2492                  cstackBANK1  00013C
receiveData@r                            cstackBANK1  000143
receiveData@u                            cstackBANK1  000141
sendData@CS                              cstackBANK0  0000F6
sendData@i                               cstackBANK0  0000F7
sendData@whereToSend                     cstackBANK0  0000F5
setLED@led                               cstackCOMRAM 00001B
stackhi                                  (abs)        0001FF
stacklo                                  (abs)        000145
start                                    init         0000B6
start_initialization                     cinit        001B48


FUNCTION INFORMATION:

 *************** function _main *****************
 Defined at:
		line 36 in file "main.c"
 Parameters:    Size  Location     Type
		None
 Auto vars:     Size  Location     Type
		None
 Return value:  Size  Location     Type
		None               void
 Registers used:
		wreg, fsr2l, fsr2h, status,2, status,0, pclat, tosl, prodl, prodh, cstack
 Tracked objects:
		On entry : 
		On exit  : 
		Unchanged: 
 Data sizes:     COMRAM   BANK0   BANK1   BANK2   BANK3   BANK4   BANK5
      Params:         0       0       0       0       0       0       0
      Locals:         0       0       0       0       0       0       0
      Temps:          0       0       0       0       0       0       0
      Totals:         0       0       0       0       0       0       0
Total ram usage:        0 bytes
 Hardware stack levels required when called:   10
 This function calls:
		_GetButtonState
		_GetTime
		_SYSTEM_Initialize
		_updateComms
 This function is called by:
		Startup code after reset
 This function uses a non-reentrant model


 *************** function _updateComms *****************
 Defined at:
		line 8 in file "Communications.c"
 Parameters:    Size  Location     Type
		None
 Auto vars:     Size  Location     Type
		None
 Return value:  Size  Location     Type
		None               void
 Registers used:
		wreg, fsr2l, fsr2h, status,2, status,0, pclat, tosl, prodl, prodh, cstack
 Tracked objects:
		On entry : 
		On exit  : 
		Unchanged: 
 Data sizes:     COMRAM   BANK0   BANK1   BANK2   BANK3   BANK4   BANK5
      Params:         0       0       0       0       0       0       0
      Locals:         0       0       0       0       0       0       0
      Temps:          0       0       0       0       0       0       0
      Totals:         0       0       0       0       0       0       0
Total ram usage:        0 bytes
 Hardware stack levels used:    1
 Hardware stack levels required when called:    9
 This function calls:
		_TBbarGraphs
		_handleIndicators
		_receiveData
		_respondECU
 This function is called by:
		_main
 This function uses a non-reentrant model


 *************** function _respondECU *****************
 Defined at:
		line 22 in file "Communications.c"
 Parameters:    Size  Location     Type
		None
 Auto vars:     Size  Location     Type
		None
 Return value:  Size  Location     Type
		None               void
 Registers used:
		wreg, fsr2l, fsr2h, status,2, status,0, pclat, tosl, cstack
 Tracked objects:
		On entry : 
		On exit  : 
		Unchanged: 
 Data sizes:     COMRAM   BANK0   BANK1   BANK2   BANK3   BANK4   BANK5
      Params:         0       0       0       0       0       0       0
      Locals:         0       0       0       0       0       0       0
      Temps:          0       0       0       0       0       0       0
      Totals:         0       0       0       0       0       0       0
Total ram usage:        0 bytes
 Hardware stack levels used:    1
 Hardware stack levels required when called:    8
 This function calls:
		_Delay
		_ToSend
		_buttonsCollector
		_sendData
 This function is called by:
		_updateComms
 This function uses a non-reentrant model


 *************** function _sendData *****************
 Defined at:
		line 54 in file "FastTransfer.c"
 Parameters:    Size  Location     Type
  whereToSend     1    wreg     unsigned char 
 Auto vars:     Size  Location     Type
  whereToSend     1    5[BANK0 ] unsigned char 
  i               2    7[BANK0 ] int 
  CS              1    6[BANK0 ] unsigned char 
 Return value:  Size  Location     Type
		None               void
 Registers used:
		wreg, fsr2l, fsr2h, status,2, status,0, pclat, tosl, cstack
 Tracked objects:
		On entry : 
		On exit  : 
		Unchanged: 
 Data sizes:     COMRAM   BANK0   BANK1   BANK2   BANK3   BANK4   BANK5
      Params:         0       0       0       0       0       0       0
      Locals:         0       4       0       0       0       0       0
      Temps:          0       1       0       0       0       0       0
      Totals:         0       5       0       0       0       0       0
Total ram usage:        5 bytes
 Hardware stack levels used:    1
 Hardware stack levels required when called:    7
 This function calls:
		Absolute function
		_CRC8
		_FastTransfer_buffer_flush
		_Send_put
		_crcBufS_put
 This function is called by:
		_respondECU
 This function uses a non-reentrant model


 *************** function _crcBufS_put *****************
 Defined at:
		line 324 in file "FastTransfer.c"
 Parameters:    Size  Location     Type
  _this           2   26[COMRAM] PTR struct crcBufS
		 -> crc_buffer(17), 
  address         1   28[COMRAM] unsigned char 
  oldCRC          1   29[COMRAM] unsigned char 
  status          1   30[COMRAM] unsigned char 
 Auto vars:     Size  Location     Type
		None
 Return value:  Size  Location     Type
		None               void
 Registers used:
		wreg, fsr2l, fsr2h, status,2, status,0
 Tracked objects:
		On entry : 
		On exit  : 
		Unchanged: 
 Data sizes:     COMRAM   BANK0   BANK1   BANK2   BANK3   BANK4   BANK5
      Params:         5       0       0       0       0       0       0
      Locals:         0       0       0       0       0       0       0
      Temps:          2       0       0       0       0       0       0
      Totals:         7       0       0       0       0       0       0
Total ram usage:        7 bytes
 Hardware stack levels used:    1
 Hardware stack levels required when called:    4
 This function calls:
		Nothing
 This function is called by:
		_sendData
 This function uses a non-reentrant model


 *************** function _FastTransfer_buffer_flush *****************
 Defined at:
		line 264 in file "FastTransfer.c"
 Parameters:    Size  Location     Type
  _this           2    0[BANK0 ] PTR struct ringBufS
		 -> ring_buffer(206), 
  clearBuffer     2    2[BANK0 ] const int 
 Auto vars:     Size  Location     Type
		None
 Return value:  Size  Location     Type
		None               void
 Registers used:
		wreg, fsr2l, fsr2h, status,2, status,0, cstack
 Tracked objects:
		On entry : 
		On exit  : 
		Unchanged: 
 Data sizes:     COMRAM   BANK0   BANK1   BANK2   BANK3   BANK4   BANK5
      Params:         0       4       0       0       0       0       0
      Locals:         0       0       0       0       0       0       0
      Temps:          0       0       0       0       0       0       0
      Totals:         0       4       0       0       0       0       0
Total ram usage:        4 bytes
 Hardware stack levels used:    1
 Hardware stack levels required when called:    5
 This function calls:
		_memset
 This function is called by:
		_sendData
 This function uses a non-reentrant model


 *************** function _buttonsCollector *****************
 Defined at:
		line 56 in file "Communications.c"
 Parameters:    Size  Location     Type
		None
 Auto vars:     Size  Location     Type
  i               2    2[BANK0 ] int 
  sendVal         2    0[BANK0 ] unsigned int 
 Return value:  Size  Location     Type
                  2   32[COMRAM] unsigned int 
 Registers used:
		wreg, fsr2l, fsr2h, status,2, status,0, cstack
 Tracked objects:
		On entry : 
		On exit  : 
		Unchanged: 
 Data sizes:     COMRAM   BANK0   BANK1   BANK2   BANK3   BANK4   BANK5
      Params:         2       0       0       0       0       0       0
      Locals:         0       4       0       0       0       0       0
      Temps:          3       0       0       0       0       0       0
      Totals:         5       4       0       0       0       0       0
Total ram usage:        9 bytes
 Hardware stack levels used:    1
 Hardware stack levels required when called:    5
 This function calls:
		_GetButtonState
 This function is called by:
		_respondECU
 This function uses a non-reentrant model


 *************** function _GetButtonState *****************
 Defined at:
		line 184 in file "IO.c"
 Parameters:    Size  Location     Type
  btnnum          2   26[COMRAM] int 
 Auto vars:     Size  Location     Type
		None
 Return value:  Size  Location     Type
                  1    wreg      unsigned char 
 Registers used:
		wreg, fsr2l, fsr2h, status,2, status,0
 Tracked objects:
		On entry : 
		On exit  : 
		Unchanged: 
 Data sizes:     COMRAM   BANK0   BANK1   BANK2   BANK3   BANK4   BANK5
      Params:         2       0       0       0       0       0       0
      Locals:         0       0       0       0       0       0       0
      Temps:          4       0       0       0       0       0       0
      Totals:         6       0       0       0       0       0       0
Total ram usage:        6 bytes
 Hardware stack levels used:    1
 Hardware stack levels required when called:    4
 This function calls:
		Nothing
 This function is called by:
		_main
		_buttonsCollector
 This function uses a non-reentrant model


 *************** function _ToSend *****************
 Defined at:
		line 219 in file "FastTransfer.c"
 Parameters:    Size  Location     Type
  where           1    wreg     unsigned char 
  what            2    4[BANK0 ] unsigned int 
 Auto vars:     Size  Location     Type
  where           1    6[BANK0 ] unsigned char 
 Return value:  Size  Location     Type
		None               void
 Registers used:
		wreg, fsr2l, fsr2h, status,2, status,0, cstack
 Tracked objects:
		On entry : 
		On exit  : 
		Unchanged: 
 Data sizes:     COMRAM   BANK0   BANK1   BANK2   BANK3   BANK4   BANK5
      Params:         0       2       0       0       0       0       0
      Locals:         0       1       0       0       0       0       0
      Temps:          0       0       0       0       0       0       0
      Totals:         0       3       0       0       0       0       0
Total ram usage:        3 bytes
 Hardware stack levels used:    1
 Hardware stack levels required when called:    6
 This function calls:
		_FastTransfer_buffer_put
 This function is called by:
		_respondECU
 This function uses a non-reentrant model


 *************** function _FastTransfer_buffer_put *****************
 Defined at:
		line 226 in file "FastTransfer.c"
 Parameters:    Size  Location     Type
  _this           2   32[COMRAM] PTR struct ringBufS
		 -> ring_buffer(206), 
  towhere         1   34[COMRAM] unsigned char 
  towhat          2   35[COMRAM] unsigned int 
 Auto vars:     Size  Location     Type
		None
 Return value:  Size  Location     Type
		None               void
 Registers used:
		wreg, fsr2l, fsr2h, status,2, status,0, cstack
 Tracked objects:
		On entry : 
		On exit  : 
		Unchanged: 
 Data sizes:     COMRAM   BANK0   BANK1   BANK2   BANK3   BANK4   BANK5
      Params:         5       0       0       0       0       0       0
      Locals:         0       0       0       0       0       0       0
[...]
		On exit  : 
		Unchanged: 
 Data sizes:     COMRAM   BANK0   BANK1   BANK2   BANK3   BANK4   BANK5
      Params:         0       0       0       0       0       0       0
      Locals:         0       0       0       0       0       0       0
      Temps:          0       0       0       0       0       0       0
      Totals:         0       0       0       0       0       0       0
Total ram usage:        0 bytes
 Hardware stack levels used:    1
 Hardware stack levels required when called:    4
 This function calls:
		Nothing
 This function is called by:
		_SYSTEM_Initialize
 This function uses a non-reentrant model


 *************** function _GetTime *****************
 Defined at:
		line 97 in file "tmr0.c"
 Parameters:    Size  Location     Type
		None
 Auto vars:     Size  Location     Type
		None
 Return value:  Size  Location     Type
                  2   26[COMRAM] int 
 Registers used:
		None
 Tracked objects:
		On entry : 
		On exit  : 
		Unchanged: 
 Data sizes:     COMRAM   BANK0   BANK1   BANK2   BANK3   BANK4   BANK5
      Params:         2       0       0       0       0       0       0
      Locals:         0       0       0       0       0       0       0
      Temps:          0       0       0       0       0       0       0
      Totals:         2       0       0       0       0       0       0
Total ram usage:        2 bytes
 Hardware stack levels used:    1
 Hardware stack levels required when called:    4
 This function calls:
		Nothing
 This function is called by:
		_main
 This function uses a non-reentrant model


 *************** function _INTERRUPT_InterruptManager *****************
 Defined at:
		line 28 in file "mcc_generated_files/interrupt_manager.c"
 Parameters:    Size  Location     Type
		None
 Auto vars:     Size  Location     Type
		None
 Return value:  Size  Location     Type
		None               void
 Registers used:
		wreg, fsr0l, fsr0h, fsr2l, fsr2h, status,2, status,0, tblptrl, tblptrh, tblptru, cstack
 Tracked objects:
		On entry : 
		On exit  : 
		Unchanged: 
 Data sizes:     COMRAM   BANK0   BANK1   BANK2   BANK3   BANK4   BANK5
      Params:         0       0       0       0       0       0       0
      Locals:         0       0       0       0       0       0       0
      Temps:         14       0       0       0       0       0       0
      Totals:        14       0       0       0       0       0       0
Total ram usage:       14 bytes
 Hardware stack levels used:    1
 Hardware stack levels required when called:    3
 This function calls:
		_EUSART1_Receive_ISR
		_EUSART1_Transmit_ISR
		_I2C1_BusCollisionISR
		_I2C1_ISR
		_TMR0_ISR
 This function is called by:
		Interrupt level 2
 This function uses a non-reentrant model


 *************** function _TMR0_ISR *****************
 Defined at:
		line 82 in file "tmr0.c"
 Parameters:    Size  Location     Type
		None
 Auto vars:     Size  Location     Type
  x               2    4[COMRAM] int 
 Return value:  Size  Location     Type
		None               void
 Registers used:
		wreg, fsr2l, fsr2h, status,2, status,0, cstack
 Tracked objects:
		On entry : 
		On exit  : 
		Unchanged: 
 Data sizes:     COMRAM   BANK0   BANK1   BANK2   BANK3   BANK4   BANK5
      Params:         0       0       0       0       0       0       0
      Locals:         2       0       0       0       0       0       0
      Temps:          0       0       0       0       0       0       0
      Totals:         2       0       0       0       0       0       0
Total ram usage:        2 bytes
 Hardware stack levels used:    1
 Hardware stack levels required when called:    1
 This function calls:
		_ReadButtonState
 This function is called by:
		_INTERRUPT_InterruptManager
 This function uses a non-reentrant model


 *************** function _ReadButtonState *****************
 Defined at:
		line 154 in file "IO.c"
 Parameters:    Size  Location     Type
  btnnum          2    0[COMRAM] int 
 Auto vars:     Size  Location     Type
		None
 Return value:  Size  Location     Type
		None               void
 Registers used:
		wreg, fsr2l, fsr2h, status,2, status,0
 Tracked objects:
		On entry : 
		On exit  : 
		Unchanged: 
 Data sizes:     COMRAM   BANK0   BANK1   BANK2   BANK3   BANK4   BANK5
      Params:         2       0       0       0       0       0       0
      Locals:         0       0       0       0       0       0       0
      Temps:          2       0       0       0       0       0       0
      Totals:         4       0       0       0       0       0       0
Total ram usage:        4 bytes
 Hardware stack levels used:    1
 This function calls:
		Nothing
 This function is called by:
		_TMR0_ISR
 This function uses a non-reentrant model


 *************** function _I2C1_ISR *****************
 Defined at:
		line 186 in file "mcc_generated_files/i2c1.c"
 Parameters:    Size  Location     Type
		None
 Auto vars:     Size  Location     Type
		None
 Return value:  Size  Location     Type
		None               void
 Registers used:
		wreg, fsr0l, fsr0h, fsr2l, fsr2h, status,2, status,0, tblptrl, tblptrh, tblptru, cstack
 Tracked objects:
		On entry : 
		On exit  : 
		Unchanged: 
 Data sizes:     COMRAM   BANK0   BANK1   BANK2   BANK3   BANK4   BANK5
      Params:         0       0       0       0       0       0       0
      Locals:         0       0       0       0       0       0       0
      Temps:          2       0       0       0       0       0       0
      Totals:         2       0       0       0       0       0       0
Total ram usage:        2 bytes
 Hardware stack levels used:    1
 Hardware stack levels required when called:    1
 This function calls:
		_I2C1_FunctionComplete
		_I2C1_Stop
 This function is called by:
		_INTERRUPT_InterruptManager
 This function uses a non-reentrant model


 *************** function _I2C1_Stop *****************
 Defined at:
		line 534 in file "mcc_generated_files/i2c1.c"
 Parameters:    Size  Location     Type
  completion_c    1    wreg     enum E8795
 Auto vars:     Size  Location     Type
  completion_c    1    2[COMRAM] enum E8795
 Return value:  Size  Location     Type
		None               void
 Registers used:
		wreg, fsr2l, fsr2h, status,2, status,0
 Tracked objects:
		On entry : 
		On exit  : 
		Unchanged: 
 Data sizes:     COMRAM   BANK0   BANK1   BANK2   BANK3   BANK4   BANK5
      Params:         0       0       0       0       0       0       0
      Locals:         1       0       0       0       0       0       0
      Temps:          2       0       0       0       0       0       0
      Totals:         3       0       0       0       0       0       0
Total ram usage:        3 bytes
 Hardware stack levels used:    1
 This function calls:
		Nothing
 This function is called by:
		_I2C1_ISR
 This function uses a non-reentrant model


 *************** function _I2C1_FunctionComplete *****************
 Defined at:
		line 516 in file "mcc_generated_files/i2c1.c"
 Parameters:    Size  Location     Type
		None
 Auto vars:     Size  Location     Type
		None
 Return value:  Size  Location     Type
		None               void
 Registers used:
		wreg, status,2, status,0
 Tracked objects:
		On entry : 
		On exit  : 
		Unchanged: 
 Data sizes:     COMRAM   BANK0   BANK1   BANK2   BANK3   BANK4   BANK5
      Params:         0       0       0       0       0       0       0
      Locals:         0       0       0       0       0       0       0
      Temps:          0       0       0       0       0       0       0
      Totals:         0       0       0       0       0       0       0
Total ram usage:        0 bytes
 Hardware stack levels used:    1
 This function calls:
		Nothing
 This function is called by:
		_I2C1_ISR
 This function uses a non-reentrant model


 *************** function _I2C1_BusCollisionISR *****************
 Defined at:
		line 681 in file "mcc_generated_files/i2c1.c"
 Parameters:    Size  Location     Type
		None
 Auto vars:     Size  Location     Type
		None
 Return value:  Size  Location     Type
		None               void
 Registers used:
		None
 Tracked objects:
		On entry : 
		On exit  : 
		Unchanged: 
 Data sizes:     COMRAM   BANK0   BANK1   BANK2   BANK3   BANK4   BANK5
      Params:         0       0       0       0       0       0       0
      Locals:         0       0       0       0       0       0       0
      Temps:          0       0       0       0       0       0       0
      Totals:         0       0       0       0       0       0       0
Total ram usage:        0 bytes
 Hardware stack levels used:    1
 This function calls:
		Nothing
 This function is called by:
		_INTERRUPT_InterruptManager
 This function uses a non-reentrant model


 *************** function _EUSART1_Transmit_ISR *****************
 Defined at:
		line 150 in file "UART.c"
 Parameters:    Size  Location     Type
		None
 Auto vars:     Size  Location     Type
		None
 Return value:  Size  Location     Type
		None               void
 Registers used:
		wreg, fsr2l, fsr2h, status,2, status,0, cstack
 Tracked objects:
		On entry : 
		On exit  : 
		Unchanged: 
 Data sizes:     COMRAM   BANK0   BANK1   BANK2   BANK3   BANK4   BANK5
      Params:         0       0       0       0       0       0       0
      Locals:         0       0       0       0       0       0       0
      Temps:          0       0       0       0       0       0       0
      Totals:         0       0       0       0       0       0       0
Total ram usage:        0 bytes
 Hardware stack levels used:    1
 Hardware stack levels required when called:    2
 This function calls:
		i2_UART_buff_get
		i2_UART_buff_size
 This function is called by:
		_INTERRUPT_InterruptManager
 This function uses a non-reentrant model


 *************** function i2_UART_buff_size *****************
 Defined at:
		line 102 in file "UART.c"
 Parameters:    Size  Location     Type
  _this           2    0[COMRAM] PTR struct UART_ring_buf
		 -> output_buffer(206), input_buffer(206), 
 Auto vars:     Size  Location     Type
		None
 Return value:  Size  Location     Type
                  2    0[COMRAM] int 
 Registers used:
		wreg, fsr2l, fsr2h, status,2, status,0
 Tracked objects:
		On entry : 
		On exit  : 
		Unchanged: 
 Data sizes:     COMRAM   BANK0   BANK1   BANK2   BANK3   BANK4   BANK5
      Params:         2       0       0       0       0       0       0
      Locals:         0       0       0       0       0       0       0
      Temps:          0       0       0       0       0       0       0
      Totals:         2       0       0       0       0       0       0
Total ram usage:        2 bytes
 Hardware stack levels used:    1
 This function calls:
		Nothing
 This function is called by:
		_EUSART1_Transmit_ISR
 This function uses a non-reentrant model


 *************** function i2_UART_buff_get *****************
 Defined at:
		line 81 in file "UART.c"
 Parameters:    Size  Location     Type
  _this           2    6[COMRAM] PTR struct UART_ring_buf
		 -> output_buffer(206), input_buffer(206), 
 Auto vars:     Size  Location     Type
  UART_buff_ge    1   10[COMRAM] unsigned char 
 Return value:  Size  Location     Type
                  1    wreg      unsigned char 
 Registers used:
		wreg, fsr2l, fsr2h, status,2, status,0, cstack
 Tracked objects:
		On entry : 
		On exit  : 
		Unchanged: 
 Data sizes:     COMRAM   BANK0   BANK1   BANK2   BANK3   BANK4   BANK5
      Params:         2       0       0       0       0       0       0
      Locals:         1       0       0       0       0       0       0
      Temps:          2       0       0       0       0       0       0
      Totals:         5       0       0       0       0       0       0
Total ram usage:        5 bytes
 Hardware stack levels used:    1
 Hardware stack levels required when called:    1
 This function calls:
		i2_UART_buff_modulo_inc
 This function is called by:
		_EUSART1_Transmit_ISR
 This function uses a non-reentrant model


 *************** function _EUSART1_Receive_ISR *****************
 Defined at:
		line 139 in file "UART.c"
 Parameters:    Size  Location     Type
		None
 Auto vars:     Size  Location     Type
  data            1   11[COMRAM] unsigned char 
 Return value:  Size  Location     Type
		None               void
 Registers used:
		wreg, fsr2l, fsr2h, status,2, status,0, cstack
 Tracked objects:
		On entry : 
		On exit  : 
		Unchanged: 
 Data sizes:     COMRAM   BANK0   BANK1   BANK2   BANK3   BANK4   BANK5
      Params:         0       0       0       0       0       0       0
      Locals:         1       0       0       0       0       0       0
      Temps:          0       0       0       0       0       0       0
      Totals:         1       0       0       0       0       0       0
Total ram usage:        1 bytes
 Hardware stack levels used:    1
 Hardware stack levels required when called:    2
 This function calls:
		i2_UART_buff_put
 This function is called by:
		_INTERRUPT_InterruptManager
 This function uses a non-reentrant model


 *************** function i2_UART_buff_put *****************
 Defined at:
		line 68 in file "UART.c"
 Parameters:    Size  Location     Type
  _this           2    6[COMRAM] PTR struct UART_ring_buf
		 -> output_buffer(206), input_buffer(206), 
  c               1    8[COMRAM] const unsigned char 
 Auto vars:     Size  Location     Type
		None
 Return value:  Size  Location     Type
		None               void
 Registers used:
		wreg, fsr2l, fsr2h, status,2, status,0, cstack
 Tracked objects:
		On entry : 
		On exit  : 
		Unchanged: 
 Data sizes:     COMRAM   BANK0   BANK1   BANK2   BANK3   BANK4   BANK5
      Params:         3       0       0       0       0       0       0
      Locals:         0       0       0       0       0       0       0
      Temps:          2       0       0       0       0       0       0
      Totals:         5       0       0       0       0       0       0
Total ram usage:        5 bytes
 Hardware stack levels used:    1
 Hardware stack levels required when called:    1
 This function calls:
		i2_UART_buff_modulo_inc
 This function is called by:
		_EUSART1_Receive_ISR
 This function uses a non-reentrant model


 *************** function i2_UART_buff_modulo_inc *****************
 Defined at:
		line 106 in file "UART.c"
 Parameters:    Size  Location     Type
  value           2    0[COMRAM] const unsigned int 
  modulus         2    2[COMRAM] const unsigned int 
 Auto vars:     Size  Location     Type
  UART_buff_mo    2    4[COMRAM] unsigned int 
 Return value:  Size  Location     Type
                  2    0[COMRAM] unsigned int 
 Registers used:
		wreg, status,2, status,0
 Tracked objects:
		On entry : 
		On exit  : 
		Unchanged: 
 Data sizes:     COMRAM   BANK0   BANK1   BANK2   BANK3   BANK4   BANK5
      Params:         4       0       0       0       0       0       0
      Locals:         2       0       0       0       0       0       0
      Temps:          0       0       0       0       0       0       0
      Totals:         6       0       0       0       0       0       0
Total ram usage:        6 bytes
 Hardware stack levels used:    1
 This function calls:
		Nothing
 This function is called by:
		i2_UART_buff_put
		i2_UART_buff_get
 This function uses a non-reentrant model



MODULE INFORMATION

Module		Function		Class		Link	Load	Size
FastTransfer.c
		_FastTransfer_buffer_put		CODE           	0CF0	0000	373
		_CRC8          		CODE           	1D9C	0000	75
		_receiveData   		CODE           	00BA	0000	1727
		_begin         		CODE           	1C98	0000	95
		_sendData      		CODE           	0FC2	0000	335
		_CRCcheck      		CODE           	0E64	0000	351
		_FastTransfer_buffer_modulo_inc		CODE           	1FE0	0000	43
		_crcBufS_status_put		CODE           	1624	0000	215
		_crcBufS_get   		CODE           	145A	0000	243
		_crcBufS_put   		CODE           	154C	0000	217
		_FastTransfer_buffer_flush		CODE           	1C2C	0000	109
		_ToSend        		CODE           	20EE	0000	31

FastTransfer.c estimated size: 3814

C:\Program Files (x86)\Microchip\xc8\v1.35\sources\common\awdiv.c
		___awdiv       		CODE           	1AC4	0000	133

C:\Program Files (x86)\Microchip\xc8\v1.35\sources\common\awdiv.c estimated size: 133

UART.c
		_EUSART1_Initialize		CODE           	1EA6	0000	61
		_Receive_get   		CODE           	21F2	0000	15
		_Receive_peek  		CODE           	21E4	0000	15
		_UART_buff_modulo_inc		CODE           	200A	0000	43
		_Receive_available		CODE           	217E	0000	23
		_EUSART1_Receive_ISR		CODE           	2148	0000	31
		_UART_buff_get 		CODE           	1916	0000	147
		_UART_buff_put 		CODE           	1110	0000	283
		_Send_put      		CODE           	1F84	0000	49
		_EUSART1_Transmit_ISR		CODE           	1F52	0000	51
		_UART_buff_peek		CODE           	2086	0000	37
		_UART_buff_size		CODE           	2194	0000	23
		_UART_buff_init		CODE           	212A	0000	31

UART.c estimated size: 809

Communications.c
		_updateComms   		CODE           	1D4C	0000	81
		_handleIndicators		CODE           	1882	0000	149
		_TBbarGraphs   		CODE           	21C0	0000	19
		_respondECU    		CODE           	1DE6	0000	71
		_buttonsCollector		CODE           	1A3A	0000	139

Communications.c estimated size: 459

mcc_generated_files/interrupt_manager.c
		_INTERRUPT_Initialize		CODE           	21D2	0000	19
		_INTERRUPT_InterruptManager		CODE           	0008	0000	175

mcc_generated_files/interrupt_manager.c estimated size: 194

mcc_generated_files/i2c1.c
		_I2C1_BusCollisionISR		CODE           	221C	0000	3
		_I2C1_FunctionComplete		CODE           	20CC	0000	35
		_I2C1_ISR      		CODE           	0778	0000	719
		_I2C1_Initialize		CODE           	1E6A	0000	61
		_I2C1_Stop     		CODE           	1E2C	0000	63

mcc_generated_files/i2c1.c estimated size: 881

mcc_generated_files/pin_manager.c
		_PIN_MANAGER_Initialize		CODE           	1CF6	0000	87

mcc_generated_files/pin_manager.c estimated size: 87

IO.c
		_SetLEDOut     		CODE           	0A46	0000	683
		_GetButtonState		CODE           	205E	0000	41
		_ReadButtonState		CODE           	1344	0000	279

IO.c estimated size: 1003

C:\Program Files (x86)\Microchip\xc8\v1.35\sources\common\memset.c
		_memset        		CODE           	1FB4	0000	45

C:\Program Files (x86)\Microchip\xc8\v1.35\sources\common\memset.c estimated size: 45

mcc_generated_files/adc.c
		_ADC_Initialize		CODE           	2166	0000	25

mcc_generated_files/adc.c estimated size: 25

tmr2.c
		_setLED        		CODE           	17C4	0000	191
		_Off_Led       		CODE           	16FA	0000	203

tmr2.c estimated size: 394

tmr0.c
		_GetTime       		CODE           	220E	0000	11
		_TMR0_StartTimer		CODE           	2218	0000	5
		_TMR0_ISR      		CODE           	1EE2	0000	61
		_TMR0_Initialize		CODE           	210C	0000	31

tmr0.c estimated size: 108

shared
		_OledFont      		MEDIUMCONST    	7BD3	0000	769
		i2_UART_buff_modulo_inc		CODE           	2034	0000	43
		i2_UART_buff_size		CODE           	21AA	0000	23
		__initialization		CODE           	1B48	0000	103
		_picture       		MEDIUMCONST    	7ED3	0000	273
		i2_UART_buff_get		CODE           	19A8	0000	147
		i2_UART_buff_put		CODE           	122A	0000	283

shared estimated size: 1641

mcc_generated_files/mcc.c
		_OSCILLATOR_Initialize		CODE           	2200	0000	15
		_SYSTEM_Initialize		CODE           	1BBC	0000	113

mcc_generated_files/mcc.c estimated size: 128

main.c
		_main          		CODE           	20AA	0000	35
		_Delay         		CODE           	1F1E	0000	53

main.c estimated size: 88

